== consolidation on clinc150: 15250/3100/5500 messages (train/val/test), tasks: intent(151), domain(11), oos(2) | tasks ['intent', 'domain', 'oos'] | blocks@11+2 | device cuda
  cached depth 11: 9.0s (408 MB)
  [teacher intent] test acc 0.8713 macro-F1 0.8976 (62.0s)
  [teacher domain] test acc 0.8836 macro-F1 0.8964 (63.1s)
  [teacher oos] test acc 0.8673 macro-F1 0.6782 (59.9s)
    epoch 1/3 loss 1.3405
    epoch 2/3 loss 0.3041
    epoch 3/3 loss 0.2170
  [consolidated intent] test acc 0.8747 macro-F1 0.9002
  [consolidated domain] test acc 0.8762 macro-F1 0.8893
  [consolidated oos] test acc 0.8633 macro-F1 0.6620
    epoch 1/3 loss 2.4595
    epoch 2/3 loss 0.2568
    epoch 3/3 loss 0.0697
  [joint intent] test acc 0.8625 macro-F1 0.8940
  [joint domain] test acc 0.8678 macro-F1 0.8817
  [joint oos] test acc 0.8735 macro-F1 0.6996
    epoch 1/3 loss 1.2296
    epoch 2/3 loss 0.2205
    epoch 3/3 loss 0.1455
  [stage A intent] test acc 0.8787 macro-F1 0.9026
  [stage A domain] test acc 0.8787 macro-F1 0.8917
    epoch 1/3 loss 0.2836
    epoch 2/3 loss 0.2437
    epoch 3/3 loss 0.2143
  [stage B intent] test acc 0.8789 macro-F1 0.9044
  [stage B domain] test acc 0.8804 macro-F1 0.8935
  [stage B oos] test acc 0.8649 macro-F1 0.6682
  incremental: forgetting on old tasks {'intent': 0.0001818181818181719, 'domain': 0.001636363636363658}
== done in 465.2s; wrote results/tarski/explore_consolidate_clinc150.json
   mean acc: independent 0.8741 | consolidated (replay, no labels) 0.8714 | joint (labels) 0.8679
