== tap mixing | cuda / fits on cuda | taps [2, 4, 6, 8, 10, 12, 14, 16, 18, 20, 22] | lambdas [0.1, 0.3, 1.0, 3.0, 10.0] | steps 300
-- banking77 (1 tasks, 87s)
      single_best: acc 0.8986  mean trunk cut 4.0
        single@22: acc 0.8875  mean trunk cut 22.0
         prefix@2: acc 0.8995  mean trunk cut 2.0
         prefix@4: acc 0.8976  mean trunk cut 4.0
         prefix@6: acc 0.9031  mean trunk cut 6.0
         prefix@8: acc 0.9067  mean trunk cut 8.0
        prefix@10: acc 0.9077  mean trunk cut 10.0
        prefix@12: acc 0.9099  mean trunk cut 12.0
        prefix@14: acc 0.9099  mean trunk cut 14.0
        prefix@16: acc 0.9070  mean trunk cut 16.0
        prefix@18: acc 0.9070  mean trunk cut 18.0
        prefix@20: acc 0.9086  mean trunk cut 20.0
        prefix@22: acc 0.9093  mean trunk cut 22.0
      glasso(0.1): acc 0.9047  mean trunk cut 6.0
      glasso(0.3): acc 0.9034  mean trunk cut 4.0
      glasso(1.0): acc 0.9034  mean trunk cut 4.0
      glasso(3.0): acc 0.8995  mean trunk cut 2.0
     glasso(10.0): acc 0.8995  mean trunk cut 2.0
    select(0.005): acc 0.8976  mean trunk cut 4.0
     select(0.01): acc 0.8976  mean trunk cut 4.0
     select(0.02): acc 0.8976  mean trunk cut 4.0
     select(0.05): acc 0.8976  mean trunk cut 4.0
   share of the full multi-tap gain kept with the trunk cut at 12: 1.0606060606060541
-- clinc150 (3 tasks, 268s)
      single_best: acc 0.8407  mean trunk cut 22.0
        single@22: acc 0.8409  mean trunk cut 22.0
         prefix@2: acc 0.8372  mean trunk cut 2.0
         prefix@4: acc 0.8411  mean trunk cut 4.0
         prefix@6: acc 0.8461  mean trunk cut 6.0
         prefix@8: acc 0.8492  mean trunk cut 8.0
        prefix@10: acc 0.8499  mean trunk cut 10.0
        prefix@12: acc 0.8513  mean trunk cut 12.0
        prefix@14: acc 0.8512  mean trunk cut 14.0
        prefix@16: acc 0.8528  mean trunk cut 16.0
        prefix@18: acc 0.8505  mean trunk cut 18.0
        prefix@20: acc 0.8521  mean trunk cut 20.0
        prefix@22: acc 0.8596  mean trunk cut 22.0
      glasso(0.1): acc 0.8498  mean trunk cut 22.0
      glasso(0.3): acc 0.8416  mean trunk cut 6.0
      glasso(1.0): acc 0.8432  mean trunk cut 22.0
      glasso(3.0): acc 0.8445  mean trunk cut 22.0
     glasso(10.0): acc 0.8438  mean trunk cut 22.0
    select(0.005): acc 0.8522  mean trunk cut 22.0
     select(0.01): acc 0.8505  mean trunk cut 22.0
     select(0.02): acc 0.8424  mean trunk cut 6.0
     select(0.05): acc 0.8379  mean trunk cut 4.0
   share of the full multi-tap gain kept with the trunk cut at 12: 0.5627009646302211
-- typed-decisions (20 tasks, 179s)
      single_best: acc 0.6980  mean trunk cut 18.5
        single@22: acc 0.6890  mean trunk cut 22.0
         prefix@2: acc 0.6740  mean trunk cut 2.0
         prefix@4: acc 0.6795  mean trunk cut 4.0
         prefix@6: acc 0.6535  mean trunk cut 6.0
         prefix@8: acc 0.6560  mean trunk cut 8.0
        prefix@10: acc 0.6445  mean trunk cut 10.0
        prefix@12: acc 0.6240  mean trunk cut 12.0
        prefix@14: acc 0.6255  mean trunk cut 14.0
        prefix@16: acc 0.5935  mean trunk cut 16.0
        prefix@18: acc 0.6320  mean trunk cut 18.0
        prefix@20: acc 0.6070  mean trunk cut 20.0
        prefix@22: acc 0.6200  mean trunk cut 22.0
      glasso(0.1): acc 0.5515  mean trunk cut 22.0
      glasso(0.3): acc 0.6025  mean trunk cut 16.5
      glasso(1.0): acc 0.6550  mean trunk cut 10.0
      glasso(3.0): acc 0.6285  mean trunk cut 11.0
     glasso(10.0): acc 0.5755  mean trunk cut 22.0
    select(0.005): acc 0.6890  mean trunk cut 19.0
     select(0.01): acc 0.6890  mean trunk cut 19.0
     select(0.02): acc 0.6890  mean trunk cut 19.0
     select(0.05): acc 0.6880  mean trunk cut 19.0
   share of the full multi-tap gain kept with the trunk cut at 12: None
done -> results/tarski/explore_tapmix.json
