== clinc150: 15250/3100/5500 messages (train/val/test), tasks: intent(151), domain(11), oos(2) | depths [1, 2, 3, 4, 5, 6, 7, 8, 9, 10, 11, 12, 13, 14, 15, 16, 17, 18, 19, 20, 21, 22]
  trunk pass: 35.1s
  [intent] single-depth probe acc: 1:0.839 2:0.834 3:0.839 4:0.841 5:0.837 6:0.839 7:0.837 8:0.839 9:0.841 10:0.833 11:0.837 12:0.829 13:0.830 14:0.828 15:0.827 16:0.829 17:0.834 18:0.836 19:0.835 20:0.840 21:0.838 22:0.840
  [domain] single-depth probe acc: 1:0.830 2:0.822 3:0.821 4:0.820 5:0.825 6:0.827 7:0.820 8:0.825 9:0.821 10:0.816 11:0.820 12:0.810 13:0.812 14:0.811 15:0.813 16:0.812 17:0.821 18:0.829 19:0.825 20:0.830 21:0.832 22:0.835
  [oos] single-depth probe acc: 1:0.842 2:0.840 3:0.836 4:0.835 5:0.835 6:0.837 7:0.837 8:0.836 9:0.837 10:0.835 11:0.837 12:0.829 13:0.829 14:0.832 15:0.833 16:0.830 17:0.832 18:0.833 19:0.835 20:0.839 21:0.841 22:0.848
  [intent] fusion: fused(inv-NLL) >= single at 22/22 depths; fused@8 0.8496 vs single@8 0.8385 vs single@22 0.8396; fused@22 0.8576
  [domain] fusion: fused(inv-NLL) >= single at 22/22 depths; fused@8 0.8458 vs single@8 0.8251 vs single@22 0.8355; fused@22 0.8560
  [oos] fusion: fused(inv-NLL) >= single at 16/22 depths; fused@8 0.8373 vs single@8 0.8360 vs single@22 0.8482; fused@22 0.8338
  anytime bundle over ['intent', 'domain', 'oos']: fixed@22 mean acc 0.8411
    voi tau=0.01: mean depth 22.00  acc single 0.8411  fused 0.8492
    voi tau=0.02: mean depth 18.71  acc single 0.8418  fused 0.8492
    voi tau=0.05: mean depth  7.67  acc single 0.8522  fused 0.8494
    voi tau= 0.1: mean depth  5.49  acc single 0.8529  fused 0.8491
    voi tau= 0.2: mean depth  3.89  acc single 0.8539  fused 0.8469
    voi tau= 0.3: mean depth  3.01  acc single 0.8508  fused 0.8450
    voi tau= 0.5: mean depth  2.04  acc single 0.8478  fused 0.8428
    msp> 0.5: mean depth  1.85  acc 0.8477
    msp> 0.7: mean depth  3.45  acc 0.8553
    msp> 0.8: mean depth  4.96  acc 0.8538
    msp> 0.9: mean depth  7.26  acc 0.8519
    msp>0.95: mean depth  9.22  acc 0.8487
    msp>0.98: mean depth 12.29  acc 0.8453
    patience 1: mean depth  2.39  acc 0.8392
    patience 2: mean depth  4.15  acc 0.8431
    patience 3: mean depth  6.00  acc 0.8481
    patience 4: mean depth  7.68  acc 0.8471
== banking77: 8994/999/3076 messages (train/val/test), tasks: intent(77) | depths [1, 2, 3, 4, 5, 6, 7, 8, 9, 10, 11, 12, 13, 14, 15, 16, 17, 18, 19, 20, 21, 22]
  trunk pass: 18.6s
  [intent] single-depth probe acc: 1:0.897 2:0.897 3:0.891 4:0.889 5:0.892 6:0.891 7:0.891 8:0.891 9:0.886 10:0.886 11:0.885 12:0.876 13:0.875 14:0.872 15:0.867 16:0.865 17:0.872 18:0.871 19:0.872 20:0.875 21:0.876 22:0.888
  [intent] fusion: fused(inv-NLL) >= single at 22/22 depths; fused@8 0.9080 vs single@8 0.8914 vs single@22 0.8875; fused@22 0.9086
  anytime bundle over ['intent']: fixed@22 mean acc 0.8875
    voi tau=0.01: mean depth 21.47  acc single 0.8875  fused 0.9086
    voi tau=0.02: mean depth 11.06  acc single 0.8950  fused 0.9099
    voi tau=0.05: mean depth  3.88  acc single 0.9090  fused 0.9099
    voi tau= 0.1: mean depth  2.63  acc single 0.9083  fused 0.9099
    voi tau= 0.2: mean depth  1.85  acc single 0.9067  fused 0.9077
    voi tau= 0.3: mean depth  1.53  acc single 0.9031  fused 0.9057
    voi tau= 0.5: mean depth  1.24  acc single 0.9002  fused 0.9021
    msp> 0.5: mean depth  1.23  acc 0.8969
    msp> 0.7: mean depth  1.98  acc 0.9044
    msp> 0.8: mean depth  2.79  acc 0.9093
    msp> 0.9: mean depth  4.28  acc 0.9044
    msp>0.95: mean depth  5.95  acc 0.9018
    msp>0.98: mean depth  8.25  acc 0.8960
    patience 1: mean depth  2.11  acc 0.9038
    patience 2: mean depth  3.29  acc 0.9031
    patience 3: mean depth  4.54  acc 0.9054
    patience 4: mean depth  5.84  acc 0.9083
== done in 99.5s; wrote results/tarski/explore_anytime.json
