-- clinc151 @ depth 4 (22s): error rate cal 0.082 test 0.159
   q=0.01: fdr_search FDR 0.014 (over-q 0.78) auto 0.49 | conformal FDR 0.012 (over-q 0.59) auto 0.40 | weighted_em FDR 0.002 (over-q 0.09) auto 0.06 | weighted_true FDR 0.013 (over-q 0.14) auto 0.06 | batch_online FDR 0.007 (over-q 0.30) auto 0.09 | weighted_em_predw FDR 0.011 (over-q 0.53) auto 0.37
   q=0.02: fdr_search FDR 0.031 (over-q 0.88) auto 0.72 | conformal FDR 0.028 (over-q 0.77) auto 0.69 | weighted_em FDR 0.017 (over-q 0.35) auto 0.53 | weighted_true FDR 0.017 (over-q 0.25) auto 0.54 | batch_online FDR 0.021 (over-q 0.45) auto 0.55 | weighted_em_predw FDR 0.021 (over-q 0.47) auto 0.62
   q=0.05: fdr_search FDR 0.091 (over-q 1.00) auto 0.90 | conformal FDR 0.085 (over-q 0.99) auto 0.88 | weighted_em FDR 0.051 (over-q 0.37) auto 0.80 | weighted_true FDR 0.039 (over-q 0.10) auto 0.76 | batch_online FDR 0.056 (over-q 0.45) auto 0.81 | weighted_em_predw FDR 0.054 (over-q 0.41) auto 0.81
   q=0.10: fdr_search FDR 0.157 (over-q 1.00) auto 1.00 | conformal FDR 0.158 (over-q 1.00) auto 1.00 | weighted_em FDR 0.131 (over-q 1.00) auto 0.96 | weighted_true FDR 0.106 (over-q 0.69) auto 0.92 | batch_online FDR 0.133 (over-q 1.00) auto 0.96 | weighted_em_predw FDR 0.134 (over-q 1.00) auto 0.96
-- clinc150_no_oos_label @ depth 4 (22s): error rate cal 0.091 test 0.238
   q=0.01: fdr_search FDR 0.019 (over-q 0.82) auto 0.50 | conformal FDR 0.013 (over-q 0.56) auto 0.35 | weighted_em FDR 0.005 (over-q 0.16) auto 0.09 | weighted_true FDR 0.002 (over-q 0.07) auto 0.04 | batch_online FDR 0.007 (over-q 0.30) auto 0.08 | weighted_em_predw FDR 0.020 (over-q 0.69) auto 0.47
   q=0.02: fdr_search FDR 0.043 (over-q 0.99) auto 0.70 | conformal FDR 0.037 (over-q 0.97) auto 0.67 | weighted_em FDR 0.044 (over-q 0.90) auto 0.65 | weighted_true FDR 0.013 (over-q 0.23) auto 0.27 | batch_online FDR 0.043 (over-q 0.95) auto 0.62 | weighted_em_predw FDR 0.054 (over-q 0.99) auto 0.73
   q=0.05: fdr_search FDR 0.106 (over-q 1.00) auto 0.83 | conformal FDR 0.092 (over-q 1.00) auto 0.81 | weighted_em FDR 0.148 (over-q 1.00) auto 0.89 | weighted_true FDR 0.038 (over-q 0.08) auto 0.68 | batch_online FDR 0.132 (over-q 1.00) auto 0.87 | weighted_em_predw FDR 0.157 (over-q 1.00) auto 0.90
   q=0.10: fdr_search FDR 0.234 (over-q 1.00) auto 1.00 | conformal FDR 0.234 (over-q 1.00) auto 1.00 | weighted_em FDR 0.237 (over-q 1.00) auto 1.00 | weighted_true FDR 0.072 (over-q 0.00) auto 0.77 | batch_online FDR 0.238 (over-q 1.00) auto 1.00 | weighted_em_predw FDR 0.237 (over-q 1.00) auto 1.00
-- clinc151 @ depth 22 (23s): error rate cal 0.076 test 0.155
   q=0.01: fdr_search FDR 0.019 (over-q 0.84) auto 0.63 | conformal FDR 0.015 (over-q 0.71) auto 0.57 | weighted_em FDR 0.007 (over-q 0.39) auto 0.30 | weighted_true FDR 0.009 (over-q 0.38) auto 0.28 | batch_online FDR 0.011 (over-q 0.60) auto 0.35 | weighted_em_predw FDR 0.012 (over-q 0.65) auto 0.55
   q=0.02: fdr_search FDR 0.043 (over-q 0.97) auto 0.77 | conformal FDR 0.038 (over-q 0.94) auto 0.75 | weighted_em FDR 0.021 (over-q 0.48) auto 0.65 | weighted_true FDR 0.018 (over-q 0.29) auto 0.62 | batch_online FDR 0.024 (over-q 0.55) auto 0.65 | weighted_em_predw FDR 0.025 (over-q 0.62) auto 0.69
   q=0.05: fdr_search FDR 0.098 (over-q 1.00) auto 0.91 | conformal FDR 0.094 (over-q 1.00) auto 0.90 | weighted_em FDR 0.069 (over-q 0.85) auto 0.85 | weighted_true FDR 0.055 (over-q 0.57) auto 0.81 | batch_online FDR 0.076 (over-q 0.95) auto 0.86 | weighted_em_predw FDR 0.072 (over-q 0.89) auto 0.85
   q=0.10: fdr_search FDR 0.153 (over-q 1.00) auto 1.00 | conformal FDR 0.156 (over-q 1.00) auto 1.00 | weighted_em FDR 0.148 (over-q 1.00) auto 0.99 | weighted_true FDR 0.126 (over-q 0.92) auto 0.96 | batch_online FDR 0.147 (over-q 1.00) auto 0.99 | weighted_em_predw FDR 0.149 (over-q 1.00) auto 0.99
-- clinc150_no_oos_label @ depth 22 (23s): error rate cal 0.097 test 0.240
   q=0.01: fdr_search FDR 0.024 (over-q 0.99) auto 0.56 | conformal FDR 0.020 (over-q 0.95) auto 0.51 | weighted_em FDR 0.017 (over-q 0.57) auto 0.32 | weighted_true FDR 0.005 (over-q 0.26) auto 0.13 | batch_online FDR 0.020 (over-q 0.65) auto 0.24 | weighted_em_predw FDR 0.035 (over-q 0.99) auto 0.60
   q=0.02: fdr_search FDR 0.053 (over-q 1.00) auto 0.71 | conformal FDR 0.045 (over-q 0.99) auto 0.68 | weighted_em FDR 0.068 (over-q 0.99) auto 0.74 | weighted_true FDR 0.018 (over-q 0.29) auto 0.44 | batch_online FDR 0.063 (over-q 1.00) auto 0.70 | weighted_em_predw FDR 0.077 (over-q 1.00) auto 0.76
   q=0.05: fdr_search FDR 0.124 (over-q 1.00) auto 0.84 | conformal FDR 0.116 (over-q 1.00) auto 0.83 | weighted_em FDR 0.147 (over-q 1.00) auto 0.88 | weighted_true FDR 0.038 (over-q 0.14) auto 0.65 | batch_online FDR 0.139 (over-q 1.00) auto 0.87 | weighted_em_predw FDR 0.154 (over-q 1.00) auto 0.89
   q=0.10: fdr_search FDR 0.230 (over-q 1.00) auto 0.99 | conformal FDR 0.230 (over-q 1.00) auto 0.99 | weighted_em FDR 0.240 (over-q 1.00) auto 1.00 | weighted_true FDR 0.092 (over-q 0.30) auto 0.79 | batch_online FDR 0.240 (over-q 1.00) auto 1.00 | weighted_em_predw FDR 0.240 (over-q 1.00) auto 1.00
  trunk pass: 13069 messages at depths [4, 22] in 15.0s
-- banking77 @ depth 4 (5s): error rate cal 0.092 test 0.101
   q=0.01: fdr_search FDR 0.008 (over-q 0.23) auto 0.57 | conformal FDR 0.008 (over-q 0.17) auto 0.54 | weighted_em FDR 0.000 (over-q 0.00) auto 0.00 | weighted_true FDR 0.000 (over-q 0.00) auto 0.00 | batch_online FDR 0.005 (over-q 0.05) auto 0.00 | weighted_em_predw FDR 0.008 (over-q 0.15) auto 0.52
   q=0.02: fdr_search FDR 0.015 (over-q 0.29) auto 0.69 | conformal FDR 0.012 (over-q 0.13) auto 0.65 | weighted_em FDR 0.005 (over-q 0.02) auto 0.10 | weighted_true FDR 0.006 (over-q 0.03) auto 0.09 | batch_online FDR 0.006 (over-q 0.15) auto 0.08 | weighted_em_predw FDR 0.012 (over-q 0.14) auto 0.65
   q=0.05: fdr_search FDR 0.051 (over-q 0.53) auto 0.89 | conformal FDR 0.049 (over-q 0.49) auto 0.88 | weighted_em FDR 0.040 (over-q 0.24) auto 0.85 | weighted_true FDR 0.042 (over-q 0.21) auto 0.86 | batch_online FDR 0.035 (over-q 0.10) auto 0.82 | weighted_em_predw FDR 0.048 (over-q 0.37) auto 0.88
   q=0.10: fdr_search FDR 0.099 (over-q 0.49) auto 1.00 | conformal FDR 0.100 (over-q 0.55) auto 1.00 | weighted_em FDR 0.097 (over-q 0.40) auto 0.99 | weighted_true FDR 0.097 (over-q 0.40) auto 0.99 | batch_online FDR 0.093 (over-q 0.15) auto 0.99 | weighted_em_predw FDR 0.099 (over-q 0.47) auto 1.00
-- banking77 @ depth 22 (5s): error rate cal 0.108 test 0.108
   q=0.01: fdr_search FDR 0.007 (over-q 0.18) auto 0.55 | conformal FDR 0.006 (over-q 0.07) auto 0.51 | weighted_em FDR 0.000 (over-q 0.00) auto 0.00 | weighted_true FDR 0.000 (over-q 0.00) auto 0.00 | batch_online FDR 0.000 (over-q 0.00) auto 0.00 | weighted_em_predw FDR 0.005 (over-q 0.06) auto 0.48
   q=0.02: fdr_search FDR 0.016 (over-q 0.36) auto 0.68 | conformal FDR 0.013 (over-q 0.27) auto 0.64 | weighted_em FDR 0.002 (over-q 0.04) auto 0.07 | weighted_true FDR 0.001 (over-q 0.02) auto 0.05 | batch_online FDR 0.007 (over-q 0.10) auto 0.03 | weighted_em_predw FDR 0.013 (over-q 0.25) auto 0.63
   q=0.05: fdr_search FDR 0.045 (over-q 0.26) auto 0.86 | conformal FDR 0.044 (over-q 0.22) auto 0.86 | weighted_em FDR 0.037 (over-q 0.13) auto 0.82 | weighted_true FDR 0.037 (over-q 0.13) auto 0.82 | batch_online FDR 0.037 (over-q 0.10) auto 0.80 | weighted_em_predw FDR 0.044 (over-q 0.28) auto 0.85
   q=0.10: fdr_search FDR 0.092 (over-q 0.26) auto 0.97 | conformal FDR 0.093 (over-q 0.30) auto 0.98 | weighted_em FDR 0.085 (over-q 0.12) auto 0.96 | weighted_true FDR 0.085 (over-q 0.11) auto 0.96 | batch_online FDR 0.083 (over-q 0.10) auto 0.96 | weighted_em_predw FDR 0.089 (over-q 0.20) auto 0.97
done in 116.2s -> results/tarski/explore_lit_conformal_select.json
