== consolidation on typed-decisions: 269/31/100 messages (train/val/test), tasks: agent_trace_observability.action(4), agent_trace_observability.needs_review(2), agent_trace_observability.outcome(4), agent_trace_observability.risk(4), agent_trace_observability.urgency(4), customer_service.action(5), customer_service.category(5), customer_service.churn_risk(4), customer_service.needs_human(2), customer_service.urgency(4), invoice_processing.discrepancy_severity(4), invoice_processing.disposition(4), invoice_processing.duplicate(2), invoice_processing.matches_order(2), invoice_processing.urgency(4), security_incidents.credential_compromise(2), security_incidents.disposition(4), security_incidents.severity(5), security_incidents.true_positive(2), security_incidents.urgency(4) | tasks ['customer_service.action', 'customer_service.category', 'customer_service.churn_risk', 'customer_service.needs_human', 'customer_service.urgency'] | blocks@14+2 | device cuda
  cached depth 14: 2.7s (169 MB)
  [teacher customer_service.action] test acc 0.6100 macro-F1 0.3421 (45.6s)
  [teacher customer_service.category] test acc 0.8900 macro-F1 0.8937 (44.1s)
  [teacher customer_service.churn_risk] test acc 0.8000 macro-F1 0.6024 (44.0s)
  [teacher customer_service.needs_human] test acc 0.8400 macro-F1 0.8016 (45.0s)
  [teacher customer_service.urgency] test acc 0.7400 macro-F1 0.5269 (64.9s)
    epoch 1/34 loss 6.0494
    epoch 2/34 loss 5.8627
    epoch 3/34 loss 5.7147
    epoch 4/34 loss 5.4799
    epoch 5/34 loss 5.0326
    epoch 6/34 loss 4.7016
    epoch 7/34 loss 4.6061
    epoch 8/34 loss 4.4560
    epoch 9/34 loss 4.3919
    epoch 10/34 loss 4.3088
    epoch 11/34 loss 4.2543
    epoch 12/34 loss 4.1991
    epoch 13/34 loss 4.1411
    epoch 14/34 loss 4.0956
    epoch 15/34 loss 4.0838
    epoch 16/34 loss 4.0472
    epoch 17/34 loss 4.0288
    epoch 18/34 loss 4.0164
    epoch 19/34 loss 4.0195
    epoch 20/34 loss 3.9975
    epoch 21/34 loss 3.9886
    epoch 22/34 loss 3.9802
    epoch 23/34 loss 3.9823
    epoch 24/34 loss 3.9838
    epoch 25/34 loss 3.9776
    epoch 26/34 loss 3.9664
    epoch 27/34 loss 3.9593
    epoch 28/34 loss 3.9563
    epoch 29/34 loss 3.9548
    epoch 30/34 loss 3.9533
    epoch 31/34 loss 3.9523
    epoch 32/34 loss 3.9517
    epoch 33/34 loss 3.9515
    epoch 34/34 loss 3.9514
  [consolidated customer_service.action] test acc 0.6200 macro-F1 0.3417
  [consolidated customer_service.category] test acc 0.9000 macro-F1 0.9019
  [consolidated customer_service.churn_risk] test acc 0.7300 macro-F1 0.5535
  [consolidated customer_service.needs_human] test acc 0.8100 macro-F1 0.7716
  [consolidated customer_service.urgency] test acc 0.6400 macro-F1 0.4839
    epoch 1/34 loss 6.6327
    epoch 2/34 loss 6.1117
    epoch 3/34 loss 5.9476
    epoch 4/34 loss 5.8767
    epoch 5/34 loss 5.7377
    epoch 6/34 loss 5.5938
    epoch 7/34 loss 5.1303
    epoch 8/34 loss 4.6977
    epoch 9/34 loss 4.5137
    epoch 10/34 loss 4.2994
    epoch 11/34 loss 4.1772
    epoch 12/34 loss 4.0631
    epoch 13/34 loss 3.9717
    epoch 14/34 loss 3.9117
    epoch 15/34 loss 3.8736
    epoch 16/34 loss 3.8138
    epoch 17/34 loss 3.7806
    epoch 18/34 loss 3.7440
    epoch 19/34 loss 3.7206
    epoch 20/34 loss 3.6930
    epoch 21/34 loss 3.6803
    epoch 22/34 loss 3.6659
    epoch 23/34 loss 3.6519
    epoch 24/34 loss 3.6449
    epoch 25/34 loss 3.6349
    epoch 26/34 loss 3.6252
    epoch 27/34 loss 3.6196
    epoch 28/34 loss 3.6154
    epoch 29/34 loss 3.6121
    epoch 30/34 loss 3.6095
    epoch 31/34 loss 3.6083
    epoch 32/34 loss 3.6071
    epoch 33/34 loss 3.6067
    epoch 34/34 loss 3.6065
  [joint customer_service.action] test acc 0.6000 macro-F1 0.3353
  [joint customer_service.category] test acc 0.9000 macro-F1 0.9036
  [joint customer_service.churn_risk] test acc 0.7200 macro-F1 0.5355
  [joint customer_service.needs_human] test acc 0.7900 macro-F1 0.7305
  [joint customer_service.urgency] test acc 0.5900 macro-F1 0.4321
    epoch 1/34 loss 4.8277
    epoch 2/34 loss 4.6795
    epoch 3/34 loss 4.5580
    epoch 4/34 loss 4.2651
    epoch 5/34 loss 3.8554
    epoch 6/34 loss 3.6193
    epoch 7/34 loss 3.4972
    epoch 8/34 loss 3.4255
    epoch 9/34 loss 3.3636
    epoch 10/34 loss 3.3093
    epoch 11/34 loss 3.2763
    epoch 12/34 loss 3.2425
    epoch 13/34 loss 3.2148
    epoch 14/34 loss 3.2231
    epoch 15/34 loss 3.1801
    epoch 16/34 loss 3.1656
    epoch 17/34 loss 3.1540
    epoch 18/34 loss 3.1332
    epoch 19/34 loss 3.1328
    epoch 20/34 loss 3.1237
    epoch 21/34 loss 3.1119
    epoch 22/34 loss 3.1042
    epoch 23/34 loss 3.1000
    epoch 24/34 loss 3.0986
    epoch 25/34 loss 3.0935
    epoch 26/34 loss 3.0906
    epoch 27/34 loss 3.0889
    epoch 28/34 loss 3.0863
    epoch 29/34 loss 3.0849
    epoch 30/34 loss 3.0837
    epoch 31/34 loss 3.0832
    epoch 32/34 loss 3.0829
    epoch 33/34 loss 3.0827
    epoch 34/34 loss 3.0827
  [stage A customer_service.action] test acc 0.6500 macro-F1 0.3627
  [stage A customer_service.category] test acc 0.8800 macro-F1 0.8805
  [stage A customer_service.churn_risk] test acc 0.7100 macro-F1 0.5380
  [stage A customer_service.needs_human] test acc 0.8000 macro-F1 0.7619
    epoch 1/34 loss 4.1758
    epoch 2/34 loss 4.1520
    epoch 3/34 loss 4.1298
    epoch 4/34 loss 4.1336
    epoch 5/34 loss 4.0908
    epoch 6/34 loss 4.0901
    epoch 7/34 loss 4.0641
    epoch 8/34 loss 4.0313
    epoch 9/34 loss 4.0514
    epoch 10/34 loss 4.0333
    epoch 11/34 loss 4.0136
    epoch 12/34 loss 4.0060
    epoch 13/34 loss 4.0177
    epoch 14/34 loss 3.9867
    epoch 15/34 loss 3.9943
    epoch 16/34 loss 3.9781
    epoch 17/34 loss 3.9808
    epoch 18/34 loss 3.9739
    epoch 19/34 loss 3.9683
    epoch 20/34 loss 3.9651
    epoch 21/34 loss 3.9606
    epoch 22/34 loss 3.9599
    epoch 23/34 loss 3.9585
    epoch 24/34 loss 3.9603
    epoch 25/34 loss 3.9600
    epoch 26/34 loss 3.9589
    epoch 27/34 loss 3.9558
    epoch 28/34 loss 3.9561
    epoch 29/34 loss 3.9550
    epoch 30/34 loss 3.9547
    epoch 31/34 loss 3.9545
    epoch 32/34 loss 3.9544
    epoch 33/34 loss 3.9543
    epoch 34/34 loss 3.9543
  [stage B customer_service.action] test acc 0.6500 macro-F1 0.3542
  [stage B customer_service.category] test acc 0.8800 macro-F1 0.8805
  [stage B customer_service.churn_risk] test acc 0.7400 macro-F1 0.5610
  [stage B customer_service.needs_human] test acc 0.7700 macro-F1 0.7235
  [stage B customer_service.urgency] test acc 0.6500 macro-F1 0.4884
  incremental: forgetting on old tasks {'customer_service.action': 0.0, 'customer_service.category': 0.0, 'customer_service.churn_risk': 0.030000000000000027, 'customer_service.needs_human': -0.030000000000000027}
== done in 586.4s; wrote results/tarski/explore_consolidate_typed_cs.json
   mean acc: independent 0.7760 | consolidated (replay, no labels) 0.7400 | joint (labels) 0.7200
