== syndrome decoding on clinc150: 15250/3100/5500 train/val/test, depths [4, 8, 12, 16, 22], device cuda, smoke=False
  trunk pass over 23850 messages at 5 depths: 16.3s
-- depth 4 (3.0s)
   acc: int151 0.8405 | in-scope int150 0.9304 -> joint(lam=0.25) 0.9316 | dom10 0.9358 (implied by intent 0.9724) | oos2 binary 0.8353 (always in-scope 0.8182)
   151-way with gate: syndrome gate + joint 0.8142 vs supervised gate + argmax 0.7924
   OOS           stack_supervised: AUROC 0.9571  AUPR 0.8415  FPR@95 0.183  binary acc 0.8591 (recall 0.242)
   OOS    sum_syn_js+msp_int+maha: AUROC 0.9456  AUPR 0.7619  FPR@95 0.211  binary acc 0.8276 (recall 0.073)
   OOS           sum_msp_int+maha: AUROC 0.9420  AUPR 0.7544  FPR@95 0.220  binary acc 0.8425 (recall 0.160)
   OOS                    ent_int: AUROC 0.9371  AUPR 0.7858  FPR@95 0.287  binary acc 0.8720 (recall 0.352)
   OOS         sum_syn_js+msp_int: AUROC 0.9365  AUPR 0.7699  FPR@95 0.265  binary acc 0.8649 (recall 0.302)
   OOS                  syn_joint: AUROC 0.9294  AUPR 0.7222  FPR@95 0.263  binary acc 0.8375 (recall 0.135)
   OOS                    msp_int: AUROC 0.9286  AUPR 0.7566  FPR@95 0.289  binary acc 0.8589 (recall 0.272)
   OOS               ref_p_oos151: AUROC 0.9217  AUPR 0.8038  FPR@95 0.420  binary acc 0.8798 (recall 0.356)
   OOS                  syn_agree: AUROC 0.9192  AUPR 0.6612  FPR@95 0.289  binary acc 0.8178 (recall 0.001)
   OOS           sum_syn_js+knn10: AUROC 0.9140  AUPR 0.6251  FPR@95 0.285  binary acc 0.8189 (recall 0.013)
   OOS                       knn1: AUROC 0.9059  AUPR 0.7020  FPR@95 0.388  binary acc 0.8349 (recall 0.102)
   OOS            sum_syn_js+maha: AUROC 0.9027  AUPR 0.5822  FPR@95 0.321  binary acc 0.8182 (recall 0.001)
   OOS                     syn_js: AUROC 0.8924  AUPR 0.5496  FPR@95 0.322  binary acc 0.8178 (recall 0.001)
   OOS                      knn10: AUROC 0.8743  AUPR 0.6334  FPR@95 0.456  binary acc 0.8295 (recall 0.069)
   OOS                       maha: AUROC 0.8452  AUPR 0.4613  FPR@95 0.475  binary acc 0.8182 (recall 0.000)
   OOS                    msp_dom: AUROC 0.8390  AUPR 0.5307  FPR@95 0.593  binary acc 0.8184 (recall 0.002)
   OOS                 ref_p_oos2: AUROC 0.8210  AUPR 0.6526  FPR@95 0.798  binary acc 0.8491 (recall 0.177)
-- depth 8 (2.9s)
   acc: int151 0.8385 | in-scope int150 0.9289 -> joint(lam=0.25) 0.9302 | dom10 0.9331 (implied by intent 0.9738) | oos2 binary 0.8360 (always in-scope 0.8182)
   151-way with gate: syndrome gate + joint 0.7845 vs supervised gate + argmax 0.7985
   OOS           stack_supervised: AUROC 0.9534  AUPR 0.8243  FPR@95 0.205  binary acc 0.8664 (recall 0.301)
   OOS    sum_syn_js+msp_int+maha: AUROC 0.9412  AUPR 0.7520  FPR@95 0.236  binary acc 0.8327 (recall 0.104)
   OOS         sum_syn_js+msp_int: AUROC 0.9339  AUPR 0.7593  FPR@95 0.258  binary acc 0.8396 (recall 0.132)
   OOS                    ent_int: AUROC 0.9334  AUPR 0.7556  FPR@95 0.297  binary acc 0.8484 (recall 0.199)
   OOS           sum_msp_int+maha: AUROC 0.9303  AUPR 0.7179  FPR@95 0.259  binary acc 0.8245 (recall 0.048)
   OOS                  syn_joint: AUROC 0.9266  AUPR 0.7116  FPR@95 0.272  binary acc 0.8282 (recall 0.069)
   OOS               ref_p_oos151: AUROC 0.9231  AUPR 0.8011  FPR@95 0.392  binary acc 0.8544 (recall 0.205)
   OOS                    msp_int: AUROC 0.9219  AUPR 0.7098  FPR@95 0.302  binary acc 0.8407 (recall 0.160)
   OOS                  syn_agree: AUROC 0.9175  AUPR 0.6604  FPR@95 0.280  binary acc 0.8182 (recall 0.003)
   OOS            sum_syn_js+maha: AUROC 0.9043  AUPR 0.5894  FPR@95 0.309  binary acc 0.8182 (recall 0.000)
   OOS           sum_syn_js+knn10: AUROC 0.9027  AUPR 0.6268  FPR@95 0.360  binary acc 0.8185 (recall 0.002)
   OOS                     syn_js: AUROC 0.8957  AUPR 0.5632  FPR@95 0.326  binary acc 0.8182 (recall 0.004)
   OOS                       knn1: AUROC 0.8845  AUPR 0.6666  FPR@95 0.446  binary acc 0.8295 (recall 0.069)
   OOS                 ref_p_oos2: AUROC 0.8380  AUPR 0.6917  FPR@95 0.790  binary acc 0.8565 (recall 0.220)
   OOS                       maha: AUROC 0.8377  AUPR 0.4457  FPR@95 0.486  binary acc 0.8182 (recall 0.000)
   OOS                      knn10: AUROC 0.8303  AUPR 0.5743  FPR@95 0.627  binary acc 0.8311 (recall 0.079)
   OOS                    msp_dom: AUROC 0.8283  AUPR 0.5084  FPR@95 0.622  binary acc 0.8191 (recall 0.006)
-- depth 12 (2.7s)
   acc: int151 0.8289 | in-scope int150 0.9213 -> joint(lam=0.5) 0.9256 | dom10 0.9220 (implied by intent 0.9640) | oos2 binary 0.8289 (always in-scope 0.8182)
   151-way with gate: syndrome gate + joint 0.7744 vs supervised gate + argmax 0.7980
   OOS           stack_supervised: AUROC 0.9479  AUPR 0.7943  FPR@95 0.221  binary acc 0.8755 (recall 0.369)
   OOS    sum_syn_js+msp_int+maha: AUROC 0.9355  AUPR 0.7303  FPR@95 0.240  binary acc 0.8524 (recall 0.225)
   OOS         sum_syn_js+msp_int: AUROC 0.9281  AUPR 0.7379  FPR@95 0.286  binary acc 0.8347 (recall 0.097)
   OOS               ref_p_oos151: AUROC 0.9240  AUPR 0.8028  FPR@95 0.371  binary acc 0.8696 (recall 0.292)
   OOS           sum_msp_int+maha: AUROC 0.9232  AUPR 0.6847  FPR@95 0.291  binary acc 0.8182 (recall 0.000)
   OOS                  syn_joint: AUROC 0.9213  AUPR 0.6959  FPR@95 0.294  binary acc 0.8180 (recall 0.000)
   OOS                    ent_int: AUROC 0.9210  AUPR 0.7181  FPR@95 0.340  binary acc 0.8505 (recall 0.233)
   OOS                    msp_int: AUROC 0.9105  AUPR 0.6894  FPR@95 0.338  binary acc 0.8358 (recall 0.116)
   OOS                  syn_agree: AUROC 0.9097  AUPR 0.6412  FPR@95 0.295  binary acc 0.8182 (recall 0.000)
   OOS            sum_syn_js+maha: AUROC 0.8906  AUPR 0.5653  FPR@95 0.322  binary acc 0.8182 (recall 0.000)
   OOS                     syn_js: AUROC 0.8794  AUPR 0.5332  FPR@95 0.332  binary acc 0.8182 (recall 0.000)
   OOS                 ref_p_oos2: AUROC 0.8475  AUPR 0.6796  FPR@95 0.669  binary acc 0.8620 (recall 0.274)
   OOS                       maha: AUROC 0.8287  AUPR 0.4330  FPR@95 0.498  binary acc 0.8182 (recall 0.000)
   OOS           sum_syn_js+knn10: AUROC 0.8286  AUPR 0.5190  FPR@95 0.687  binary acc 0.8189 (recall 0.021)
   OOS                    msp_dom: AUROC 0.8121  AUPR 0.4840  FPR@95 0.628  binary acc 0.8184 (recall 0.001)
   OOS                       knn1: AUROC 0.7219  AUPR 0.4047  FPR@95 0.763  binary acc 0.8185 (recall 0.002)
   OOS                      knn10: AUROC 0.6285  AUPR 0.3185  FPR@95 0.869  binary acc 0.8191 (recall 0.005)
-- depth 16 (2.8s)
   acc: int151 0.8295 | in-scope int150 0.9149 -> joint(lam=0.25) 0.9187 | dom10 0.9222 (implied by intent 0.9607) | oos2 binary 0.8302 (always in-scope 0.8182)
   151-way with gate: syndrome gate + joint 0.7744 vs supervised gate + argmax 0.7853
   OOS           stack_supervised: AUROC 0.9390  AUPR 0.7601  FPR@95 0.250  binary acc 0.8580 (recall 0.257)
   OOS    sum_syn_js+msp_int+maha: AUROC 0.9243  AUPR 0.6848  FPR@95 0.279  binary acc 0.8315 (recall 0.095)
   OOS               ref_p_oos151: AUROC 0.9215  AUPR 0.7984  FPR@95 0.394  binary acc 0.8778 (recall 0.346)
   OOS         sum_syn_js+msp_int: AUROC 0.9185  AUPR 0.6922  FPR@95 0.296  binary acc 0.8365 (recall 0.137)
   OOS                    ent_int: AUROC 0.9160  AUPR 0.7085  FPR@95 0.343  binary acc 0.8315 (recall 0.091)
   OOS                  syn_joint: AUROC 0.9130  AUPR 0.6814  FPR@95 0.323  binary acc 0.8184 (recall 0.004)
   OOS           sum_msp_int+maha: AUROC 0.9117  AUPR 0.6393  FPR@95 0.330  binary acc 0.8180 (recall 0.000)
   OOS                    msp_int: AUROC 0.9041  AUPR 0.6669  FPR@95 0.337  binary acc 0.8349 (recall 0.115)
   OOS                  syn_agree: AUROC 0.9023  AUPR 0.6267  FPR@95 0.346  binary acc 0.8185 (recall 0.004)
   OOS            sum_syn_js+maha: AUROC 0.8737  AUPR 0.5274  FPR@95 0.385  binary acc 0.8182 (recall 0.000)
   OOS                     syn_js: AUROC 0.8709  AUPR 0.5156  FPR@95 0.362  binary acc 0.8182 (recall 0.002)
   OOS                 ref_p_oos2: AUROC 0.8351  AUPR 0.6586  FPR@95 0.754  binary acc 0.8547 (recall 0.219)
   OOS                    msp_dom: AUROC 0.8137  AUPR 0.4899  FPR@95 0.629  binary acc 0.8218 (recall 0.025)
   OOS                       maha: AUROC 0.8027  AUPR 0.3906  FPR@95 0.552  binary acc 0.8182 (recall 0.000)
   OOS           sum_syn_js+knn10: AUROC 0.7998  AUPR 0.4678  FPR@95 0.686  binary acc 0.8180 (recall 0.000)
   OOS                       knn1: AUROC 0.6723  AUPR 0.2969  FPR@95 0.816  binary acc 0.8191 (recall 0.006)
   OOS                      knn10: AUROC 0.5907  AUPR 0.2384  FPR@95 0.920  binary acc 0.8187 (recall 0.003)
-- depth 22 (2.8s)
   acc: int151 0.8396 | in-scope int150 0.9291 -> joint(lam=0.5) 0.9329 | dom10 0.9382 (implied by intent 0.9673) | oos2 binary 0.8482 (always in-scope 0.8182)
   151-way with gate: syndrome gate + joint 0.8235 vs supervised gate + argmax 0.8095
   OOS           stack_supervised: AUROC 0.9534  AUPR 0.8290  FPR@95 0.204  binary acc 0.8733 (recall 0.337)
   OOS    sum_syn_js+msp_int+maha: AUROC 0.9387  AUPR 0.7480  FPR@95 0.227  binary acc 0.8467 (recall 0.192)
   OOS         sum_syn_js+msp_int: AUROC 0.9297  AUPR 0.7564  FPR@95 0.262  binary acc 0.8720 (recall 0.361)
   OOS           sum_msp_int+maha: AUROC 0.9286  AUPR 0.7005  FPR@95 0.247  binary acc 0.8182 (recall 0.001)
   OOS                    ent_int: AUROC 0.9245  AUPR 0.7415  FPR@95 0.306  binary acc 0.8444 (recall 0.171)
   OOS                  syn_joint: AUROC 0.9233  AUPR 0.7142  FPR@95 0.275  binary acc 0.8358 (recall 0.118)
   OOS               ref_p_oos151: AUROC 0.9230  AUPR 0.8060  FPR@95 0.434  binary acc 0.8913 (recall 0.435)
   OOS                  syn_agree: AUROC 0.9138  AUPR 0.6725  FPR@95 0.320  binary acc 0.8182 (recall 0.001)
   OOS                    msp_int: AUROC 0.9131  AUPR 0.6931  FPR@95 0.312  binary acc 0.8355 (recall 0.110)
   OOS           sum_syn_js+knn10: AUROC 0.9052  AUPR 0.6533  FPR@95 0.391  binary acc 0.8184 (recall 0.001)
   OOS            sum_syn_js+maha: AUROC 0.8968  AUPR 0.5993  FPR@95 0.360  binary acc 0.8180 (recall 0.000)
   OOS                     syn_js: AUROC 0.8863  AUPR 0.5669  FPR@95 0.370  binary acc 0.8182 (recall 0.001)
   OOS                       knn1: AUROC 0.8858  AUPR 0.6873  FPR@95 0.442  binary acc 0.8360 (recall 0.102)
   OOS                 ref_p_oos2: AUROC 0.8593  AUPR 0.7184  FPR@95 0.705  binary acc 0.8675 (recall 0.284)
   OOS                      knn10: AUROC 0.8589  AUPR 0.6560  FPR@95 0.546  binary acc 0.8438 (recall 0.155)
   OOS                       maha: AUROC 0.8362  AUPR 0.4592  FPR@95 0.515  binary acc 0.8178 (recall 0.001)
   OOS                    msp_dom: AUROC 0.8278  AUPR 0.5243  FPR@95 0.635  binary acc 0.8191 (recall 0.005)
-- across depths [4, 8, 12, 16, 22]: OOS AUROC js_adjacent 0.9377, ensemble MI 0.9400, ensemble MSP 0.9385; depth-ensemble in-scope acc 0.9433
== done in 32.1s; wrote results/tarski/explore_syndrome.json
   best AUROC per score: stack_supervised 0.957@4, sum_syn_js+msp_int+maha 0.946@4, sum_msp_int+maha 0.942@4, ent_int 0.937@4, sum_syn_js+msp_int 0.936@4, syn_joint 0.929@4, msp_int 0.929@4, ref_p_oos151 0.924@12, syn_agree 0.919@4, sum_syn_js+knn10 0.914@4, knn1 0.906@4, sum_syn_js+maha 0.904@8, syn_js 0.896@8, knn10 0.874@4, ref_p_oos2 0.859@22, maha 0.845@4, msp_dom 0.839@4
