== typed-decisions: 400 messages, 5 tasks, splits [14], cached in 3s
  split 14: max |h| 11960, p99.9 90.3, top [251, 254, 67, 142], split-off channels [251, 254, 67, 142, 31, 721]
   rel. error on normal channels: fp16 0.000 | int8_plain 0.378 | int8_split 0.011 | int8_split_rot 0.007 | int4_plain 0.955 | int4_split 0.193 | int4_split_rot 0.136 | int3_split_rot 0.314
   [probe customer_service.action] fp16 0.5900 | serve on: int8_plain 0.5900 int8_split 0.5900 int8_split_rot 0.5900 int4_plain 0.4200 int4_split 0.5900 int4_split_rot 0.5900 int3_split_rot 0.6000 | retrained: int8_plain 0.5900 int4_split_rot 0.5900 int3_split_rot 0.5900
   [probe customer_service.category] fp16 0.6800 | serve on: int8_plain 0.6700 int8_split 0.6700 int8_split_rot 0.6700 int4_plain 0.3600 int4_split 0.6700 int4_split_rot 0.6900 int3_split_rot 0.6800 | retrained: int8_plain 0.6700 int4_split_rot 0.6900 int3_split_rot 0.6800
   [probe customer_service.churn_risk] fp16 0.6400 | serve on: int8_plain 0.6400 int8_split 0.6300 int8_split_rot 0.6400 int4_plain 0.5100 int4_split 0.6200 int4_split_rot 0.6300 int3_split_rot 0.6200 | retrained: int8_plain 0.6300 int4_split_rot 0.6300 int3_split_rot 0.6200
   [probe customer_service.needs_human] fp16 0.7700 | serve on: int8_plain 0.7700 int8_split 0.7700 int8_split_rot 0.7700 int4_plain 0.7500 int4_split 0.7700 int4_split_rot 0.7600 int3_split_rot 0.7600 | retrained: int8_plain 0.7600 int4_split_rot 0.7600 int3_split_rot 0.7600
   [probe customer_service.urgency] fp16 0.5800 | serve on: int8_plain 0.5800 int8_split 0.5900 int8_split_rot 0.5800 int4_plain 0.4600 int4_split 0.6000 int4_split_rot 0.5800 int3_split_rot 0.5900 | retrained: int8_plain 0.5800 int4_split_rot 0.6000 int3_split_rot 0.6000
   [blocks:2 customer_service.action] fp16 0.6500 | serve on: int8_plain 0.6300 int8_split 0.6500 int8_split_rot 0.6500 int4_plain 0.5000 int4_split 0.6700 int4_split_rot 0.6600 int3_split_rot 0.6600 | retrained: int8_plain 0.6500 int4_split_rot 0.6200 int3_split_rot 0.6400
   [blocks:2 customer_service.category] fp16 0.8900 | serve on: int8_plain 0.9000 int8_split 0.8900 int8_split_rot 0.8900 int4_plain 0.2500 int4_split 0.8800 int4_split_rot 0.9100 int3_split_rot 0.9000 | retrained: int8_plain 0.8900 int4_split_rot 0.9000 int3_split_rot 0.9000
   [blocks:2 customer_service.churn_risk] fp16 0.8000 | serve on: int8_plain 0.8000 int8_split 0.8000 int8_split_rot 0.8000 int4_plain 0.2500 int4_split 0.7900 int4_split_rot 0.8000 int3_split_rot 0.7900 | retrained: int8_plain 0.8100 int4_split_rot 0.7900 int3_split_rot 0.8200
   [blocks:2 customer_service.needs_human] fp16 0.8500 | serve on: int8_plain 0.8400 int8_split 0.8500 int8_split_rot 0.8500 int4_plain 0.7400 int4_split 0.8400 int4_split_rot 0.8500 int3_split_rot 0.8300 | retrained: int8_plain 0.8600 int4_split_rot 0.8600 int3_split_rot 0.8400
   [blocks:2 customer_service.urgency] fp16 0.7500 | serve on: int8_plain 0.7600 int8_split 0.7500 int8_split_rot 0.7500 int4_plain 0.4300 int4_split 0.7400 int4_split_rot 0.7400 int3_split_rot 0.7200 | retrained: int8_plain 0.7600 int4_split_rot 0.7100 int3_split_rot 0.7300
   trunk w8        : rel err 0.092 | probe acc 0.6520 (fp16 0.6520, agree 0.9800) | blocks:2 acc 0.7840 (fp16 0.7880, agree 0.9960)
   trunk w4g64     : rel err 0.743 | probe acc 0.4500 (fp16 0.6520, agree 0.6040) | blocks:2 acc 0.6980 (fp16 0.7880, agree 0.8180)
   trunk w8a8      : rel err 0.142 | probe acc 0.6540 (fp16 0.6520, agree 0.9420) | blocks:2 acc 0.7740 (fp16 0.7880, agree 0.9780)
   trunk w8a8_split: rel err 0.108 | probe acc 0.6360 (fp16 0.6520, agree 0.9420) | blocks:2 acc 0.7820 (fp16 0.7880, agree 0.9860)
   trunk kv4_kivi  : rel err 0.178 | probe acc 0.6140 (fp16 0.6520, agree 0.8360) | blocks:2 acc 0.7820 (fp16 0.7880, agree 0.9320)
   trunk kv2_kivi  : rel err 1.060 | probe acc 0.4300 (fp16 0.6520, agree 0.4940) | blocks:2 acc 0.4560 (fp16 0.7880, agree 0.4960)
   trunk kv4_rot   : rel err 0.140 | probe acc 0.6560 (fp16 0.6520, agree 0.9060) | blocks:2 acc 0.7680 (fp16 0.7880, agree 0.9480)
   trunk kv3_rot   : rel err 0.318 | probe acc 0.6100 (fp16 0.6520, agree 0.7800) | blocks:2 acc 0.7640 (fp16 0.7880, agree 0.8940)
done -> results/tarski/explore_lit_quant_typed.json
