== banking77: 8994/999/3076 messages (train/val/test), tasks: intent(77) | base answerdotai/ModernBERT-base on cuda | seed 0
-- blocks@15+1
  cached trunk depth 15 for 13069 messages in 7.2s (312 MB)
  [intent] blocks split=15 depth=1, 77 labels, 8994 train
    epoch 1/6 loss 2.4926 val acc 0.8659 (5.2s)
    epoch 2/6 loss 0.3654 val acc 0.8889 (4.8s)
    epoch 3/6 loss 0.1831 val acc 0.9259 (4.9s)
    epoch 4/6 loss 0.0966 val acc 0.9209 (4.8s)
    epoch 5/6 loss 0.0567 val acc 0.9209 (4.8s)
    epoch 6/6 loss 0.0431 val acc 0.9199 (4.9s)
  [intent] test acc 0.9148 macro-F1 0.9148 ECE 0.015 (T=1.09, 29s, 5.08M params)
   blocks@15+1 mean: {"acc": 0.9148, "macro_f1": 0.9148, "ece": 0.0146, "nll": 0.3047}
-- blocks@16+1
  cached trunk depth 16 for 13069 messages in 6.6s (312 MB)
  [intent] blocks split=16 depth=1, 77 labels, 8994 train
    epoch 1/6 loss 2.6087 val acc 0.8358 (4.9s)
    epoch 2/6 loss 0.4244 val acc 0.8869 (4.9s)
    epoch 3/6 loss 0.2079 val acc 0.9059 (4.9s)
    epoch 4/6 loss 0.1127 val acc 0.9099 (4.8s)
    epoch 5/6 loss 0.0667 val acc 0.9179 (4.9s)
    epoch 6/6 loss 0.0502 val acc 0.9169 (4.8s)
  [intent] test acc 0.9187 macro-F1 0.9185 ECE 0.013 (T=1.11, 29s, 5.08M params)
   blocks@16+1 mean: {"acc": 0.9187, "macro_f1": 0.9185, "ece": 0.0128, "nll": 0.2947}
-- blocks@17+1
  cached trunk depth 17 for 13069 messages in 6.7s (312 MB)
  [intent] blocks split=17 depth=1, 77 labels, 8994 train
    epoch 1/6 loss 2.5204 val acc 0.8478 (4.9s)
    epoch 2/6 loss 0.3912 val acc 0.8879 (4.9s)
    epoch 3/6 loss 0.1996 val acc 0.9119 (4.9s)
    epoch 4/6 loss 0.1147 val acc 0.9119 (4.8s)
    epoch 5/6 loss 0.0725 val acc 0.9169 (4.9s)
    epoch 6/6 loss 0.0550 val acc 0.9149 (4.9s)
  [intent] test acc 0.9259 macro-F1 0.9259 ECE 0.016 (T=1.11, 29s, 5.08M params)
   blocks@17+1 mean: {"acc": 0.9259, "macro_f1": 0.9259, "ece": 0.0164, "nll": 0.2858}
-- blocks@18+1
  cached trunk depth 18 for 13069 messages in 7.2s (312 MB)
  [intent] blocks split=18 depth=1, 77 labels, 8994 train
    epoch 1/6 loss 2.2760 val acc 0.8789 (4.9s)
    epoch 2/6 loss 0.3211 val acc 0.9029 (4.8s)
    epoch 3/6 loss 0.1586 val acc 0.9259 (4.9s)
    epoch 4/6 loss 0.0811 val acc 0.9239 (4.9s)
    epoch 5/6 loss 0.0475 val acc 0.9349 (4.9s)
    epoch 6/6 loss 0.0356 val acc 0.9319 (4.9s)
  [intent] test acc 0.9272 macro-F1 0.9272 ECE 0.015 (T=1.20, 29s, 5.08M params)
   blocks@18+1 mean: {"acc": 0.9272, "macro_f1": 0.9272, "ece": 0.0145, "nll": 0.2624}
-- blocks@19+1
  cached trunk depth 19 for 13069 messages in 7.2s (312 MB)
  [intent] blocks split=19 depth=1, 77 labels, 8994 train
    epoch 1/6 loss 2.5221 val acc 0.8509 (4.8s)
    epoch 2/6 loss 0.3765 val acc 0.8859 (4.9s)
    epoch 3/6 loss 0.1782 val acc 0.9119 (4.8s)
    epoch 4/6 loss 0.0931 val acc 0.9079 (4.8s)
    epoch 5/6 loss 0.0526 val acc 0.9099 (4.9s)
    epoch 6/6 loss 0.0394 val acc 0.9079 (4.8s)
  [intent] test acc 0.9168 macro-F1 0.9164 ECE 0.018 (T=1.12, 29s, 5.08M params)
   blocks@19+1 mean: {"acc": 0.9168, "macro_f1": 0.9164, "ece": 0.018, "nll": 0.3027}
-- blocks@20+1
  cached trunk depth 20 for 13069 messages in 7.5s (312 MB)
  [intent] blocks split=20 depth=1, 77 labels, 8994 train
    epoch 1/6 loss 2.5551 val acc 0.8308 (4.8s)
    epoch 2/6 loss 0.4214 val acc 0.8709 (4.8s)
    epoch 3/6 loss 0.2171 val acc 0.9029 (4.8s)
    epoch 4/6 loss 0.1231 val acc 0.9069 (4.7s)
    epoch 5/6 loss 0.0779 val acc 0.9119 (2.4s)
    epoch 6/6 loss 0.0619 val acc 0.9159 (1.7s)
  [intent] test acc 0.9145 macro-F1 0.9145 ECE 0.015 (T=1.11, 23s, 5.08M params)
   blocks@20+1 mean: {"acc": 0.9145, "macro_f1": 0.9145, "ece": 0.0152, "nll": 0.3116}
done
