== coarse-graining on typed-decisions: 1080/120/400 train/val/test, depths [6, 11, 16, 22], field depth 2, heads ['mean', 'fields_gate', 'fields_attn', 'fields_concat', 'token_attn'], device cuda, smoke=False
  field vocabularies: agent_trace_observability 10, customer_service 8, invoice_processing 21, security_incidents 15
  fraction of tokens that are schema/syntax: 0.18
  majority-class baseline: mean acc 0.4875, macro-F1 0.2142
-- depth 6: trunk cached in 4.8s (559 MB)
             mean: mean acc 0.6495  macro-F1 0.5429  NLL 0.8170  Brier 0.1250 | by workflow agent 0.676 customer 0.616 invoice 0.674 security 0.632
      fields_gate: mean acc 0.6960  macro-F1 0.5684  NLL 0.7438  Brier 0.1016 | by workflow agent 0.720 customer 0.628 invoice 0.750 security 0.686
      fields_attn: mean acc 0.7060  macro-F1 0.5854  NLL 0.7317  Brier 0.0979 | by workflow agent 0.706 customer 0.648 invoice 0.766 security 0.704
    fields_concat: mean acc 0.6460  macro-F1 0.4957  NLL 0.8675  Brier 0.1973 | by workflow agent 0.552 customer 0.608 invoice 0.736 security 0.688
       token_attn: mean acc 0.6860  macro-F1 0.5642  NLL 0.7461  Brier 0.1035 | by workflow agent 0.702 customer 0.656 invoice 0.732 security 0.654
   top fields per task (fields_gate): action<-trace_summary.duration_s(0.216); needs_review<-trace_summary.duration_s(0.192); outcome<-trace_summary.constraint_violations(0.225); risk<-trace_summary.duration_s(0.236); urgency<-trace_summary.constraint_violations(0.179); action<-account.lifetime_value_usd(0.166); category<-thread.[](0.38); churn_risk<-thread.[](0.184); needs_human<-thread.[](0.148); urgency<-thread.[](0.17); discrepancy_severity<-purchase_order.total_usd(0.21); disposition<-purchase_order.total_usd(0.294); duplicate<-purchase_order.id(0.064); matches_order<-invoice.total_usd(0.262); urgency<-payment.days_until_due(0.149); credential_compromise<-alert.evidence(0.135); disposition<-context.asset_criticality(0.108); severity<-context.asset_criticality(0.14); true_positive<-alert.evidence(0.102); urgency<-history.logins_30d(0.139)
-- depth 11: trunk cached in 6.3s (559 MB)
             mean: mean acc 0.6410  macro-F1 0.5327  NLL 0.8256  Brier 0.1311 | by workflow agent 0.658 customer 0.574 invoice 0.712 security 0.620
      fields_gate: mean acc 0.6875  macro-F1 0.5574  NLL 0.7526  Brier 0.1044 | by workflow agent 0.706 customer 0.594 invoice 0.762 security 0.688
      fields_attn: mean acc 0.6970  macro-F1 0.5671  NLL 0.7410  Brier 0.1016 | by workflow agent 0.712 customer 0.594 invoice 0.774 security 0.708
    fields_concat: mean acc 0.5640  macro-F1 0.4331  NLL 1.1942  Brier 0.2579 | by workflow agent 0.542 customer 0.554 invoice 0.714 security 0.446
       token_attn: mean acc 0.6665  macro-F1 0.5511  NLL 0.7651  Brier 0.1078 | by workflow agent 0.700 customer 0.648 invoice 0.712 security 0.606
   top fields per task (fields_gate): action<-trace_summary.constraint_violations(0.164); needs_review<-trace_summary.duration_s(0.182); outcome<-trace_summary.constraint_violations(0.239); risk<-trace_summary.irreversible_actions(0.183); urgency<-trace_summary.constraint_violations(0.181); action<-account.lifetime_value_usd(0.164); category<-thread.[](0.443); churn_risk<-thread.[](0.185); needs_human<-thread.[](0.143); urgency<-account.lifetime_value_usd(0.199); discrepancy_severity<-invoice.total_usd(0.163); disposition<-purchase_order.id(0.164); duplicate<-payment.terms(0.058); matches_order<-delivery.received_qty(0.201); urgency<-payment.days_until_due(0.156); credential_compromise<-alert.evidence(0.126); disposition<-context.asset_criticality(0.104); severity<-context.asset_criticality(0.145); true_positive<-context.source_on_allowlist(0.099); urgency<-context.asset_criticality(0.12)
-- depth 16: trunk cached in 5.6s (559 MB)
             mean: mean acc 0.6610  macro-F1 0.5442  NLL 0.7820  Brier 0.1153 | by workflow agent 0.682 customer 0.610 invoice 0.732 security 0.620
      fields_gate: mean acc 0.7145  macro-F1 0.5839  NLL 0.7143  Brier 0.0913 | by workflow agent 0.732 customer 0.646 invoice 0.778 security 0.702
      fields_attn: mean acc 0.7140  macro-F1 0.5850  NLL 0.7194  Brier 0.0919 | by workflow agent 0.736 customer 0.654 invoice 0.780 security 0.686
    fields_concat: mean acc 0.5680  macro-F1 0.4478  NLL 0.9963  Brier 0.1952 | by workflow agent 0.592 customer 0.470 invoice 0.580 security 0.630
       token_attn: mean acc 0.6710  macro-F1 0.5463  NLL 0.8925  Brier 0.1436 | by workflow agent 0.742 customer 0.658 invoice 0.620 security 0.664
   top fields per task (fields_gate): action<-trace_summary.constraint_violations(0.209); needs_review<-trace_summary.constraint_violations(0.205); outcome<-trace_summary.constraint_violations(0.247); risk<-trace_summary.irreversible_actions(0.217); urgency<-trace_summary.constraint_violations(0.218); action<-thread.[](0.166); category<-thread.[](0.448); churn_risk<-thread.[](0.283); needs_human<-thread.[](0.209); urgency<-thread.[](0.217); discrepancy_severity<-delivery.received_qty(0.191); disposition<-invoice.id(0.18); duplicate<-invoice.id(0.098); matches_order<-delivery.received_qty(0.221); urgency<-payment.days_until_due(0.175); credential_compromise<-alert.evidence(0.126); disposition<-context.source_on_allowlist(0.122); severity<-context.asset_criticality(0.217); true_positive<-context.source_on_allowlist(0.1); urgency<-context.asset_criticality(0.199)
-- depth 22: trunk cached in 7.3s (559 MB)
             mean: mean acc 0.6415  macro-F1 0.5233  NLL 0.8137  Brier 0.1237 | by workflow agent 0.640 customer 0.624 invoice 0.686 security 0.616
      fields_gate: mean acc 0.6910  macro-F1 0.5641  NLL 0.7453  Brier 0.1009 | by workflow agent 0.698 customer 0.624 invoice 0.734 security 0.708
      fields_attn: mean acc 0.7075  macro-F1 0.5762  NLL 0.7427  Brier 0.0993 | by workflow agent 0.708 customer 0.636 invoice 0.762 security 0.724
    fields_concat: mean acc 0.5565  macro-F1 0.4236  NLL 1.1429  Brier 0.2321 | by workflow agent 0.582 customer 0.626 invoice 0.584 security 0.434
       token_attn: mean acc 0.6665  macro-F1 0.5485  NLL 0.7682  Brier 0.1076 | by workflow agent 0.654 customer 0.656 invoice 0.712 security 0.644
   top fields per task (fields_gate): action<-trace_summary.duration_s(0.17); needs_review<-trace_summary.duration_s(0.211); outcome<-trace_summary.constraint_violations(0.199); risk<-trace_summary.duration_s(0.186); urgency<-trace_summary.constraint_violations(0.171); action<-thread.[](0.176); category<-thread.[](0.335); churn_risk<-thread.[](0.274); needs_human<-thread.[](0.231); urgency<-thread.[](0.202); discrepancy_severity<-purchase_order.total_usd(0.146); disposition<-purchase_order.total_usd(0.155); duplicate<-invoice.id(0.065); matches_order<-invoice.total_usd(0.153); urgency<-payment.days_until_due(0.115); credential_compromise<-history.logins_30d(0.108); disposition<-context.source_on_allowlist(0.083); severity<-context.asset_criticality(0.191); true_positive<-history.logins_30d(0.088); urgency<-context.asset_criticality(0.154)
== done in 527.1s; wrote results/tarski/explore_coarsegrain.json
   mean acc by head x depth: {"mean": {"6": 0.6495, "11": 0.641, "16": 0.661, "22": 0.6415}, "fields_gate": {"6": 0.696, "11": 0.6875, "16": 0.7145, "22": 0.691}, "fields_attn": {"6": 0.706, "11": 0.697, "16": 0.714, "22": 0.7075}, "fields_concat": {"6": 0.646, "11": 0.564, "16": 0.568, "22": 0.5565}, "token_attn": {"6": 0.686, "11": 0.6665, "16": 0.671, "22": 0.6665}} | majority 0.4875 | laya 0.766
