   [probe@11] intent: test acc 0.8665 (17s)
   [probe@11] domain: test acc 0.8165 (25s)
   [probe@11] oos: test acc 0.8485 (24s)
== clinc150: 15250/3100/5500 messages (train/val/test), tasks: intent(151), domain(11), oos(2) | decisions from probe@11: acc 0.8439 | exact test texts also in train: 2
   shallow@2 tau=0.6            hit 0.668 acc 0.8226 (-0.0213) | on hits reused 0.9038 vs own 0.9357 agree 0.9159 | compute saved 0.546
   shallow@2 tau=0.7            hit 0.472 acc 0.8352 (-0.0087) | on hits reused 0.9432 vs own 0.9616 agree 0.9491 | compute saved 0.386
   shallow@2 tau=0.8            hit 0.252 acc 0.8419 (-0.0020) | on hits reused 0.9671 vs own 0.9750 agree 0.9731 | compute saved 0.206
   shallow@2 tau=0.85           hit 0.160 acc 0.8428 (-0.0010) | on hits reused 0.9739 vs own 0.9803 agree 0.9799 | compute saved 0.131
   shallow@2 tau=0.9            hit 0.066 acc 0.8432 (-0.0007) | on hits reused 0.9762 vs own 0.9863 agree 0.9853 | compute saved 0.054
   shallow@2 tau=0.95           hit 0.011 acc 0.8438 (-0.0001) | on hits reused 0.9667 vs own 0.9722 agree 0.9944 | compute saved 0.009
   shallow@2 tau=0.98           hit 0.002 acc 0.8439 (+0.0000) | on hits reused 0.8667 vs own 0.8667 agree 1.0000 | compute saved 0.001
   shallow@4 tau=0.6            hit 0.674 acc 0.8162 (-0.0276) | on hits reused 0.8923 vs own 0.9334 agree 0.9054 | compute saved 0.429
   shallow@4 tau=0.7            hit 0.475 acc 0.8315 (-0.0124) | on hits reused 0.9336 vs own 0.9597 agree 0.9420 | compute saved 0.303
   shallow@4 tau=0.8            hit 0.251 acc 0.8412 (-0.0027) | on hits reused 0.9658 vs own 0.9764 agree 0.9720 | compute saved 0.160
   shallow@4 tau=0.85           hit 0.152 acc 0.8425 (-0.0013) | on hits reused 0.9717 vs own 0.9804 agree 0.9792 | compute saved 0.097
   shallow@4 tau=0.9            hit 0.060 acc 0.8433 (-0.0005) | on hits reused 0.9747 vs own 0.9838 agree 0.9858 | compute saved 0.038
   shallow@4 tau=0.95           hit 0.009 acc 0.8439 (+0.0000) | on hits reused 0.9660 vs own 0.9660 agree 1.0000 | compute saved 0.006
   shallow@4 tau=0.98           hit 0.001 acc 0.8439 (+0.0000) | on hits reused 0.7778 vs own 0.7778 agree 1.0000 | compute saved 0.001
   shallow@6 tau=0.6            hit 0.926 acc 0.7016 (-0.1422) | on hits reused 0.7011 vs own 0.8547 agree 0.7571 | compute saved 0.421
   shallow@6 tau=0.7            hit 0.848 acc 0.7128 (-0.1310) | on hits reused 0.7079 vs own 0.8624 agree 0.7613 | compute saved 0.386
   shallow@6 tau=0.8            hit 0.725 acc 0.7323 (-0.1116) | on hits reused 0.7126 vs own 0.8664 agree 0.7647 | compute saved 0.330
   shallow@6 tau=0.85           hit 0.635 acc 0.7473 (-0.0966) | on hits reused 0.7163 vs own 0.8686 agree 0.7660 | compute saved 0.288
   shallow@6 tau=0.9            hit 0.502 acc 0.7672 (-0.0767) | on hits reused 0.7218 vs own 0.8745 agree 0.7667 | compute saved 0.228
   shallow@6 tau=0.95           hit 0.291 acc 0.8048 (-0.0390) | on hits reused 0.7656 vs own 0.8996 agree 0.7941 | compute saved 0.132
   shallow@6 tau=0.98           hit 0.089 acc 0.8378 (-0.0061) | on hits reused 0.8819 vs own 0.9504 agree 0.8948 | compute saved 0.041
   lexical theta=0.6            hit 0.843 acc 0.7619 (-0.0819) | on hits reused 0.7827 vs own 0.8798 agree 0.8198 | compute saved 0.843
   lexical 0.6+verify@2 tau=0.5 hit 0.699 acc 0.8074 (-0.0365) | on hits reused 0.8687 vs own 0.9209 agree 0.8855 | compute saved 0.572
   lexical 0.6+verify@2 tau=0.7 hit 0.405 acc 0.8366 (-0.0073) | on hits reused 0.9462 vs own 0.9641 agree 0.9509 | compute saved 0.332
   lexical 0.6+verify@2 tau=0.8 hit 0.223 acc 0.8419 (-0.0019) | on hits reused 0.9649 vs own 0.9736 agree 0.9725 | compute saved 0.182
   lexical 0.6+verify@2 tau=0.9 hit 0.057 acc 0.8433 (-0.0006) | on hits reused 0.9743 vs own 0.9850 agree 0.9861 | compute saved 0.046
   lexical theta=0.7            hit 0.621 acc 0.8060 (-0.0379) | on hits reused 0.8642 vs own 0.9252 agree 0.8852 | compute saved 0.621
   lexical 0.7+verify@2 tau=0.5 hit 0.591 acc 0.8153 (-0.0286) | on hits reused 0.8871 vs own 0.9355 agree 0.9028 | compute saved 0.483
   lexical 0.7+verify@2 tau=0.7 hit 0.395 acc 0.8368 (-0.0070) | on hits reused 0.9465 vs own 0.9643 agree 0.9510 | compute saved 0.324
   lexical 0.7+verify@2 tau=0.8 hit 0.222 acc 0.8418 (-0.0021) | on hits reused 0.9645 vs own 0.9738 agree 0.9730 | compute saved 0.182
   lexical 0.7+verify@2 tau=0.9 hit 0.057 acc 0.8433 (-0.0006) | on hits reused 0.9743 vs own 0.9850 agree 0.9861 | compute saved 0.046
   lexical theta=0.8            hit 0.355 acc 0.8322 (-0.0117) | on hits reused 0.9317 vs own 0.9647 agree 0.9384 | compute saved 0.355
   lexical 0.8+verify@2 tau=0.5 hit 0.354 acc 0.8327 (-0.0112) | on hits reused 0.9329 vs own 0.9646 agree 0.9396 | compute saved 0.290
   lexical 0.8+verify@2 tau=0.7 hit 0.313 acc 0.8379 (-0.0059) | on hits reused 0.9509 vs own 0.9698 agree 0.9565 | compute saved 0.256
   lexical 0.8+verify@2 tau=0.8 hit 0.208 acc 0.8418 (-0.0021) | on hits reused 0.9653 vs own 0.9755 agree 0.9746 | compute saved 0.170
   lexical 0.8+verify@2 tau=0.9 hit 0.057 acc 0.8433 (-0.0006) | on hits reused 0.9743 vs own 0.9850 agree 0.9861 | compute saved 0.046
   lexical theta=0.9            hit 0.101 acc 0.8425 (-0.0013) | on hits reused 0.9687 vs own 0.9819 agree 0.9777 | compute saved 0.101
   lexical 0.9+verify@2 tau=0.5 hit 0.101 acc 0.8425 (-0.0013) | on hits reused 0.9687 vs own 0.9819 agree 0.9777 | compute saved 0.082
   lexical 0.9+verify@2 tau=0.7 hit 0.100 acc 0.8425 (-0.0013) | on hits reused 0.9685 vs own 0.9818 agree 0.9776 | compute saved 0.082
   lexical 0.9+verify@2 tau=0.8 hit 0.093 acc 0.8426 (-0.0013) | on hits reused 0.9681 vs own 0.9818 agree 0.9792 | compute saved 0.076
   lexical 0.9+verify@2 tau=0.9 hit 0.041 acc 0.8435 (-0.0004) | on hits reused 0.9763 vs own 0.9852 agree 0.9911 | compute saved 0.033
   lexical theta=0.999          hit 0.005 acc 0.8438 (-0.0001) | on hits reused 0.9405 vs own 0.9524 agree 0.9881 | compute saved 0.005
   lexical 0.999+verify@2 tau=0.5 hit 0.005 acc 0.8438 (-0.0001) | on hits reused 0.9405 vs own 0.9524 agree 0.9881 | compute saved 0.004
   lexical 0.999+verify@2 tau=0.7 hit 0.005 acc 0.8438 (-0.0001) | on hits reused 0.9405 vs own 0.9524 agree 0.9881 | compute saved 0.004
   lexical 0.999+verify@2 tau=0.8 hit 0.005 acc 0.8438 (-0.0001) | on hits reused 0.9405 vs own 0.9524 agree 0.9881 | compute saved 0.004
   lexical 0.999+verify@2 tau=0.9 hit 0.005 acc 0.8438 (-0.0001) | on hits reused 0.9405 vs own 0.9524 agree 0.9881 | compute saved 0.004
   [probe@11] intent: test acc 0.8875 (14s)
== banking77: 8994/999/3076 messages (train/val/test), tasks: intent(77) | decisions from probe@11: acc 0.8875 | exact test texts also in train: 6
   shallow@2 tau=0.6            hit 0.826 acc 0.8085 (-0.0790) | on hits reused 0.8194 vs own 0.9150 agree 0.8166 | compute saved 0.676
   shallow@2 tau=0.7            hit 0.587 acc 0.8427 (-0.0449) | on hits reused 0.8654 vs own 0.9419 agree 0.8693 | compute saved 0.480
   shallow@2 tau=0.8            hit 0.311 acc 0.8726 (-0.0150) | on hits reused 0.9102 vs own 0.9582 agree 0.9061 | compute saved 0.255
   shallow@2 tau=0.85           hit 0.187 acc 0.8839 (-0.0036) | on hits reused 0.9462 vs own 0.9653 agree 0.9392 | compute saved 0.153
   shallow@2 tau=0.9            hit 0.077 acc 0.8862 (-0.0013) | on hits reused 0.9580 vs own 0.9748 agree 0.9580 | compute saved 0.063
   shallow@2 tau=0.95           hit 0.012 acc 0.8872 (-0.0003) | on hits reused 0.9444 vs own 0.9722 agree 0.9722 | compute saved 0.010
   shallow@2 tau=0.98           hit 0.003 acc 0.8875 (+0.0000) | on hits reused 1.0000 vs own 1.0000 agree 1.0000 | compute saved 0.002
   shallow@4 tau=0.6            hit 0.828 acc 0.7884 (-0.0992) | on hits reused 0.7930 vs own 0.9128 agree 0.7926 | compute saved 0.527
   shallow@4 tau=0.7            hit 0.576 acc 0.8349 (-0.0527) | on hits reused 0.8413 vs own 0.9328 agree 0.8487 | compute saved 0.366
   shallow@4 tau=0.8            hit 0.297 acc 0.8677 (-0.0198) | on hits reused 0.8850 vs own 0.9518 agree 0.8905 | compute saved 0.189
   shallow@4 tau=0.85           hit 0.168 acc 0.8826 (-0.0049) | on hits reused 0.9402 vs own 0.9691 agree 0.9382 | compute saved 0.107
   shallow@4 tau=0.9            hit 0.072 acc 0.8862 (-0.0013) | on hits reused 0.9593 vs own 0.9774 agree 0.9638 | compute saved 0.046
   shallow@4 tau=0.95           hit 0.009 acc 0.8875 (+0.0000) | on hits reused 0.9655 vs own 0.9655 agree 1.0000 | compute saved 0.006
   shallow@4 tau=0.98           hit 0.002 acc 0.8875 (+0.0000) | on hits reused 1.0000 vs own 1.0000 agree 1.0000 | compute saved 0.001
   shallow@6 tau=0.6            hit 0.950 acc 0.6551 (-0.2324) | on hits reused 0.6483 vs own 0.8929 agree 0.6456 | compute saved 0.432
   shallow@6 tau=0.7            hit 0.870 acc 0.6778 (-0.2097) | on hits reused 0.6520 vs own 0.8931 agree 0.6482 | compute saved 0.395
   shallow@6 tau=0.8            hit 0.752 acc 0.7048 (-0.1827) | on hits reused 0.6501 vs own 0.8932 agree 0.6462 | compute saved 0.342
   shallow@6 tau=0.85           hit 0.659 acc 0.7220 (-0.1655) | on hits reused 0.6418 vs own 0.8929 agree 0.6404 | compute saved 0.300
   shallow@6 tau=0.9            hit 0.544 acc 0.7451 (-0.1424) | on hits reused 0.6324 vs own 0.8942 agree 0.6342 | compute saved 0.247
   shallow@6 tau=0.95           hit 0.356 acc 0.7978 (-0.0897) | on hits reused 0.6423 vs own 0.8942 agree 0.6387 | compute saved 0.162
   shallow@6 tau=0.98           hit 0.153 acc 0.8563 (-0.0312) | on hits reused 0.7000 vs own 0.9043 agree 0.6979 | compute saved 0.069
   lexical theta=0.6            hit 0.919 acc 0.7084 (-0.1791) | on hits reused 0.7075 vs own 0.9024 agree 0.6979 | compute saved 0.919
   lexical 0.6+verify@2 tau=0.5 hit 0.825 acc 0.7513 (-0.1362) | on hits reused 0.7510 vs own 0.9161 agree 0.7431 | compute saved 0.675
   lexical 0.6+verify@2 tau=0.7 hit 0.491 acc 0.8404 (-0.0471) | on hits reused 0.8496 vs own 0.9457 agree 0.8529 | compute saved 0.401
   lexical 0.6+verify@2 tau=0.8 hit 0.269 acc 0.8726 (-0.0150) | on hits reused 0.9021 vs own 0.9577 agree 0.9021 | compute saved 0.220
   lexical 0.6+verify@2 tau=0.9 hit 0.067 acc 0.8862 (-0.0013) | on hits reused 0.9512 vs own 0.9707 agree 0.9512 | compute saved 0.055
   lexical theta=0.7            hit 0.726 acc 0.7536 (-0.1339) | on hits reused 0.7392 vs own 0.9238 agree 0.7375 | compute saved 0.726
   lexical 0.7+verify@2 tau=0.5 hit 0.699 acc 0.7663 (-0.1213) | on hits reused 0.7535 vs own 0.9270 agree 0.7521 | compute saved 0.572
   lexical 0.7+verify@2 tau=0.7 hit 0.469 acc 0.8397 (-0.0478) | on hits reused 0.8442 vs own 0.9460 agree 0.8490 | compute saved 0.384
   lexical 0.7+verify@2 tau=0.8 hit 0.266 acc 0.8726 (-0.0150) | on hits reused 0.9011 vs own 0.9573 agree 0.9011 | compute saved 0.218
   lexical 0.7+verify@2 tau=0.9 hit 0.067 acc 0.8862 (-0.0013) | on hits reused 0.9512 vs own 0.9707 agree 0.9512 | compute saved 0.055
   lexical theta=0.8            hit 0.425 acc 0.8241 (-0.0634) | on hits reused 0.7904 vs own 0.9396 agree 0.7911 | compute saved 0.425
   lexical 0.8+verify@2 tau=0.5 hit 0.424 acc 0.8248 (-0.0627) | on hits reused 0.7916 vs own 0.9395 agree 0.7923 | compute saved 0.347
   lexical 0.8+verify@2 tau=0.7 hit 0.371 acc 0.8462 (-0.0413) | on hits reused 0.8345 vs own 0.9457 agree 0.8363 | compute saved 0.304
   lexical 0.8+verify@2 tau=0.8 hit 0.249 acc 0.8729 (-0.0146) | on hits reused 0.8983 vs own 0.9570 agree 0.8983 | compute saved 0.204
   lexical 0.8+verify@2 tau=0.9 hit 0.067 acc 0.8862 (-0.0013) | on hits reused 0.9512 vs own 0.9707 agree 0.9512 | compute saved 0.055
   lexical theta=0.9            hit 0.124 acc 0.8784 (-0.0091) | on hits reused 0.8845 vs own 0.9580 agree 0.8871 | compute saved 0.124
   lexical 0.9+verify@2 tau=0.5 hit 0.124 acc 0.8784 (-0.0091) | on hits reused 0.8845 vs own 0.9580 agree 0.8871 | compute saved 0.101
   lexical 0.9+verify@2 tau=0.7 hit 0.124 acc 0.8784 (-0.0091) | on hits reused 0.8845 vs own 0.9580 agree 0.8871 | compute saved 0.101
   lexical 0.9+verify@2 tau=0.8 hit 0.116 acc 0.8800 (-0.0075) | on hits reused 0.8933 vs own 0.9579 agree 0.8961 | compute saved 0.095
   lexical 0.9+verify@2 tau=0.9 hit 0.055 acc 0.8859 (-0.0016) | on hits reused 0.9464 vs own 0.9762 agree 0.9464 | compute saved 0.045
   lexical theta=0.999          hit 0.002 acc 0.8875 (+0.0000) | on hits reused 1.0000 vs own 1.0000 agree 1.0000 | compute saved 0.002
   lexical 0.999+verify@2 tau=0.5 hit 0.002 acc 0.8875 (+0.0000) | on hits reused 1.0000 vs own 1.0000 agree 1.0000 | compute saved 0.002
   lexical 0.999+verify@2 tau=0.7 hit 0.002 acc 0.8875 (+0.0000) | on hits reused 1.0000 vs own 1.0000 agree 1.0000 | compute saved 0.002
   lexical 0.999+verify@2 tau=0.8 hit 0.002 acc 0.8875 (+0.0000) | on hits reused 1.0000 vs own 1.0000 agree 1.0000 | compute saved 0.002
   lexical 0.999+verify@2 tau=0.9 hit 0.002 acc 0.8875 (+0.0000) | on hits reused 1.0000 vs own 1.0000 agree 1.0000 | compute saved 0.002
== summary: largest compute saving with accuracy within 0.3 points of the branches
  clinc150   shallow@2 tau=0.8            hit 0.252 acc Δ -0.0020 saved 0.206
  clinc150   lexical 0.6+verify@2 tau=0.8 hit 0.223 acc Δ -0.0019 saved 0.182
  clinc150   lexical 0.7+verify@2 tau=0.8 hit 0.222 acc Δ -0.0021 saved 0.182
  clinc150   lexical 0.8+verify@2 tau=0.8 hit 0.208 acc Δ -0.0021 saved 0.170
  banking77  shallow@2 tau=0.9            hit 0.077 acc Δ -0.0013 saved 0.063
  banking77  lexical 0.6+verify@2 tau=0.9 hit 0.067 acc Δ -0.0013 saved 0.055
  banking77  lexical 0.7+verify@2 tau=0.9 hit 0.067 acc Δ -0.0013 saved 0.055
  banking77  lexical 0.8+verify@2 tau=0.9 hit 0.067 acc Δ -0.0013 saved 0.055
done
