== banking77: 8994/999/3076 messages (train/val/test), tasks: intent(77) | split 8 | trunk depths cached [8, 9, 10, 11] | cuda
  exactness: stream@8+2 vs trunk CLS at depth 10: max rel err 1.87e-07 (seq len 135)
  fused kvq (r=4) vs loop: max abs diff 4.77e-07
  cached depths [8, 9, 10, 11] for 13069 messages in 6.7s (1249 MB)
  probe seed 0: mean acc 0.8826 intent=0.88
-- probe: mean acc 0.8826 (+-0.0000 over seeds) F1 0.8829 ECE 0.007 | 0.06M trainable | 0.000 GFLOP/decision at L=13 | trunk to 8 | 33s
  blocks:2 seed 0: mean acc 0.9223 intent=0.92
-- blocks:2: mean acc 0.9223 (+-0.0000 over seeds) F1 0.9224 ECE 0.015 | 10.09M trainable | 0.262 GFLOP/decision at L=13 | trunk to 8 | 41s
  kvq:2:1 seed 0: mean acc 0.8752 intent=0.88
-- kvq:2:1: mean acc 0.8752 (+-0.0000 over seeds) F1 0.8748 ECE 0.012 | 10.09M trainable | 0.020 GFLOP/decision at L=13 | trunk to 9 | 32s
  kvq:4:4 seed 0: mean acc 0.9151 intent=0.92
-- kvq:4:4: mean acc 0.9151 (+-0.0000 over seeds) F1 0.9151 ECE 0.016 | 20.12M trainable | 0.161 GFLOP/decision at L=13 | trunk to 11 | 48s
  kvq:4:4:frozen seed 0: mean acc 0.8856 intent=0.89
-- kvq:4:4:frozen: mean acc 0.8856 (+-0.0000 over seeds) F1 0.8861 ECE 0.023 | 0.06M trainable | 0.161 GFLOP/decision at L=13 | trunk to 11 | 23s
  kvq:2:4 seed 0: mean acc 0.9129 intent=0.91
-- kvq:2:4: mean acc 0.9129 (+-0.0000 over seeds) F1 0.9129 ECE 0.015 | 10.09M trainable | 0.081 GFLOP/decision at L=13 | trunk to 9 | 19s
  kvq:4:4:global seed 0: mean acc 0.9151 intent=0.92
-- kvq:4:4:global: mean acc 0.9151 (+-0.0000 over seeds) F1 0.9151 ECE 0.016 | 20.12M trainable | 0.161 GFLOP/decision at L=13 | trunk to 11 | 31s
  kvq:4:1:frozen seed 0: mean acc 0.3319 intent=0.33
-- kvq:4:1:frozen: mean acc 0.3319 (+-0.0000 over seeds) F1 0.3146 ECE 0.031 | 0.06M trainable | 0.040 GFLOP/decision at L=13 | trunk to 11 | 18s
  latency median_len_message (13 tok) N=1: {"probe": 5.52, "blocks:2 (fused)": 6.53, "kvq:2:1 (fused)": 8.2, "kvq:2:4 (fused)": 8.61, "kvq:4:4 (fused)": 11.83, "trunk only to k": 5.28}
  latency median_len_message (13 tok) N=5: {"probe": 6.05, "blocks:2 (fused)": 6.99, "kvq:2:1 (fused)": 8.36, "kvq:2:4 (fused)": 8.6, "kvq:4:4 (fused)": 11.89, "trunk only to k": 5.3}
  latency median_len_message (13 tok) N=20: {"probe": 8.17, "blocks:2 (fused)": 9.71, "kvq:2:1 (fused)": 10.38, "kvq:2:4 (fused)": 10.57, "kvq:4:4 (fused)": 16.46, "trunk only to k": 5.35}
  latency short (12 tok) N=1: {"probe": 5.5, "blocks:2 (fused)": 6.55, "kvq:2:1 (fused)": 8.3, "kvq:2:4 (fused)": 8.64, "kvq:4:4 (fused)": 11.95, "trunk only to k": 5.45}
  latency short (12 tok) N=5: {"probe": 6.17, "blocks:2 (fused)": 7.1, "kvq:2:1 (fused)": 8.41, "kvq:2:4 (fused)": 8.74, "kvq:4:4 (fused)": 11.98, "trunk only to k": 5.37}
  latency short (12 tok) N=20: {"probe": 8.2, "blocks:2 (fused)": 9.8, "kvq:2:1 (fused)": 10.38, "kvq:2:4 (fused)": 10.67, "kvq:4:4 (fused)": 16.49, "trunk only to k": 5.34}
== summary (mean acc over tasks and seeds)
  probe              acc 0.8826  F1 0.8829  ECE 0.007  params   0.06M  GFLOP/decision 0.000
  blocks:2           acc 0.9223  F1 0.9224  ECE 0.015  params  10.09M  GFLOP/decision 0.262
  kvq:2:1            acc 0.8752  F1 0.8748  ECE 0.012  params  10.09M  GFLOP/decision 0.020
  kvq:4:4            acc 0.9151  F1 0.9151  ECE 0.016  params  20.12M  GFLOP/decision 0.161
  kvq:4:4:frozen     acc 0.8856  F1 0.8861  ECE 0.023  params   0.06M  GFLOP/decision 0.161
  kvq:2:4            acc 0.9129  F1 0.9129  ECE 0.015  params  10.09M  GFLOP/decision 0.081
  kvq:4:4:global     acc 0.9151  F1 0.9151  ECE 0.016  params  20.12M  GFLOP/decision 0.161
  kvq:4:1:frozen     acc 0.3319  F1 0.3146  ECE 0.031  params   0.06M  GFLOP/decision 0.040
done
