== evolution on typed-decisions: 269/31/100 messages (train/val/test), tasks: agent_trace_observability.action(4), agent_trace_observability.needs_review(2), agent_trace_observability.outcome(4), agent_trace_observability.risk(4), agent_trace_observability.urgency(4), customer_service.action(5), customer_service.category(5), customer_service.churn_risk(4), customer_service.needs_human(2), customer_service.urgency(4), invoice_processing.discrepancy_severity(4), invoice_processing.disposition(4), invoice_processing.duplicate(2), invoice_processing.matches_order(2), invoice_processing.urgency(4), security_incidents.credential_compromise(2), security_incidents.disposition(4), security_incidents.severity(5), security_incidents.true_positive(2), security_incidents.urgency(4) | tasks ['customer_service.category', 'customer_service.churn_risk', 'customer_service.urgency'] | splits [4, 6, 8, 11, 14, 16, 18, 20] depths [1, 2] inits ['next', 'top'] | pop 6 x 3 generations, lambda 0.3 | device cuda
  autosplit probe curves in 8s
    cached depth 11 in 2.4s
    [customer_service.category] (11, 1, 'top'): val NLL 0.699 val acc 0.806 fitness -0.862 test acc 0.910 (39.5s)
    cached depth 8 in 1.9s
    [customer_service.category] (8, 1, 'top'): val NLL 0.724 val acc 0.806 fitness -0.847 test acc 0.890 (31.0s)
    [customer_service.category] (8, 2, 'next'): val NLL 0.658 val acc 0.871 fitness -0.794 test acc 0.930 (64.2s)
    cached depth 18 in 3.3s
    [customer_service.category] (18, 2, 'next'): val NLL 0.670 val acc 0.839 fitness -0.943 test acc 0.910 (58.0s)
    cached depth 14 in 2.7s
    [customer_service.category] (14, 2, 'top'): val NLL 0.640 val acc 0.871 fitness -0.858 test acc 0.870 (66.2s)
    cached depth 6 in 1.0s
    [customer_service.category] (6, 2, 'top'): val NLL 0.624 val acc 0.839 fitness -0.733 test acc 0.870 (59.9s)
  [customer_service.category] generation 0: best [6, 2, 'top'] fitness -0.733
    cached depth 8 in 1.7s
    [customer_service.category] (8, 2, 'top'): val NLL 0.682 val acc 0.839 fitness -0.818 test acc 0.880 (56.1s)
    cached depth 11 in 1.6s
    [customer_service.category] (11, 2, 'top'): val NLL 0.696 val acc 0.774 fitness -0.873 test acc 0.890 (51.4s)
  [customer_service.category] generation 1: best [6, 2, 'top'] fitness -0.733
    [customer_service.category] (11, 2, 'next'): val NLL 0.671 val acc 0.806 fitness -0.849 test acc 0.890 (44.2s)
    [customer_service.category] (6, 2, 'next'): val NLL 0.615 val acc 0.903 fitness -0.724 test acc 0.890 (53.1s)
    cached depth 4 in 0.8s
    [customer_service.category] (4, 2, 'top'): val NLL 0.730 val acc 0.806 fitness -0.812 test acc 0.840 (53.2s)
  [customer_service.category] generation 2: best [6, 2, 'next'] fitness -0.724
    [customer_service.category] (4, 2, 'next'): val NLL 0.646 val acc 0.903 fitness -0.728 test acc 0.870 (47.4s)
    cached depth 14 in 1.8s
    [customer_service.category] (14, 2, 'next'): val NLL 0.749 val acc 0.774 fitness -0.968 test acc 0.890 (52.2s)
  [customer_service.category] evolved [6, 2, 'next'] test acc 0.890 (cost 0.36) | autosplit split 4 test acc 0.870 | fixed 14+2 test acc 0.890 | 13 branch trainings
    cached depth 16 in 2.5s
    [customer_service.churn_risk] (16, 1, 'top'): val NLL 1.066 val acc 0.645 fitness -1.297 test acc 0.720 (29.0s)
    cached depth 6 in 1.1s
    [customer_service.churn_risk] (6, 2, 'top'): val NLL 1.150 val acc 0.613 fitness -1.259 test acc 0.690 (53.8s)
    [customer_service.churn_risk] (14, 1, 'next'): val NLL 1.106 val acc 0.806 fitness -1.310 test acc 0.740 (28.9s)
    cached depth 11 in 1.5s
    [customer_service.churn_risk] (11, 1, 'next'): val NLL 1.181 val acc 0.677 fitness -1.344 test acc 0.700 (26.4s)
    cached depth 18 in 2.7s
    [customer_service.churn_risk] (18, 1, 'next'): val NLL 1.064 val acc 0.742 fitness -1.323 test acc 0.760 (29.0s)
    cached depth 8 in 1.4s
    [customer_service.churn_risk] (8, 1, 'next'): val NLL 1.135 val acc 0.710 fitness -1.258 test acc 0.710 (28.8s)
  [customer_service.churn_risk] generation 0: best [8, 1, 'next'] fitness -1.258
    cached depth 6 in 1.1s
    [customer_service.churn_risk] (6, 1, 'next'): val NLL 1.084 val acc 0.710 fitness -1.180 test acc 0.740 (29.0s)
    cached depth 14 in 2.2s
    [customer_service.churn_risk] (14, 2, 'next'): val NLL 1.064 val acc 0.839 fitness -1.282 test acc 0.800 (51.1s)
    [customer_service.churn_risk] (6, 2, 'next'): val NLL 1.070 val acc 0.677 fitness -1.179 test acc 0.750 (47.6s)
  [customer_service.churn_risk] generation 1: best [6, 2, 'next'] fitness -1.179
    [customer_service.churn_risk] (6, 1, 'top'): val NLL 1.153 val acc 0.613 fitness -1.248 test acc 0.710 (29.4s)
  [customer_service.churn_risk] generation 2: best [6, 2, 'next'] fitness -1.179
    cached depth 4 in 0.8s
    [customer_service.churn_risk] (4, 2, 'next'): val NLL 1.101 val acc 0.839 fitness -1.183 test acc 0.710 (53.5s)
  [customer_service.churn_risk] evolved [6, 2, 'next'] test acc 0.750 (cost 0.36) | autosplit split 4 test acc 0.710 | fixed 14+2 test acc 0.800 | 11 branch trainings
    cached depth 8 in 1.3s
    [customer_service.urgency] (8, 2, 'top'): val NLL 1.003 val acc 0.677 fitness -1.140 test acc 0.630 (51.7s)
    cached depth 11 in 1.9s
    [customer_service.urgency] (11, 1, 'top'): val NLL 1.011 val acc 0.613 fitness -1.175 test acc 0.740 (29.4s)
    cached depth 18 in 2.8s
    [customer_service.urgency] (18, 2, 'next'): val NLL 0.977 val acc 0.677 fitness -1.250 test acc 0.700 (54.5s)
    [customer_service.urgency] (11, 2, 'next'): val NLL 0.953 val acc 0.677 fitness -1.131 test acc 0.670 (53.4s)
    [customer_service.urgency] (18, 1, 'next'): val NLL 0.968 val acc 0.677 fitness -1.227 test acc 0.710 (29.6s)
    [customer_service.urgency] (8, 2, 'next'): val NLL 0.963 val acc 0.677 fitness -1.099 test acc 0.730 (47.8s)
  [customer_service.urgency] generation 0: best [8, 2, 'next'] fitness -1.099
    cached depth 14 in 2.2s
    [customer_service.urgency] (14, 1, 'top'): val NLL 1.024 val acc 0.677 fitness -1.229 test acc 0.680 (29.4s)
    cached depth 6 in 1.2s
    [customer_service.urgency] (6, 2, 'next'): val NLL 1.023 val acc 0.548 fitness -1.132 test acc 0.670 (62.4s)
    cached depth 11 in 2.5s
    [customer_service.urgency] (11, 1, 'next'): val NLL 1.045 val acc 0.613 fitness -1.208 test acc 0.660 (41.0s)
  [customer_service.urgency] generation 1: best [8, 2, 'next'] fitness -1.099
    cached depth 8 in 1.0s
    [customer_service.urgency] (8, 1, 'next'): val NLL 1.049 val acc 0.645 fitness -1.172 test acc 0.680 (30.1s)
  [customer_service.urgency] generation 2: best [8, 2, 'next'] fitness -1.099
    cached depth 20 in 4.4s
    [customer_service.urgency] (20, 2, 'next'): val NLL 0.990 val acc 0.677 fitness -1.290 test acc 0.670 (79.1s)
    cached depth 14 in 3.2s
    [customer_service.urgency] (14, 2, 'next'): val NLL 0.975 val acc 0.710 fitness -1.193 test acc 0.750 (79.4s)
  [customer_service.urgency] evolved [8, 2, 'next'] test acc 0.730 (cost 0.45) | autosplit split 20 test acc 0.670 | fixed 14+2 test acc 0.750 | 12 branch trainings
== done in 1734.7s; wrote results/tarski/explore_evolve.json
   {'customer_service.category': {'evolved': ([6, 2, 'next'], 0.89), 'autosplit': (4, 0.87), 'fixed_14_2': 0.89, 'trainings': 13}, 'customer_service.churn_risk': {'evolved': ([6, 2, 'next'], 0.75), 'autosplit': (4, 0.71), 'fixed_14_2': 0.8, 'trainings': 11}, 'customer_service.urgency': {'evolved': ([8, 2, 'next'], 0.73), 'autosplit': (20, 0.67), 'fixed_14_2': 0.75, 'trainings': 12}}
