21:25:28 start kvquery_typed
21:55:19 end kvquery_typed (exit 0)
21:55:19 start coarsegrain
22:04:12 end coarsegrain (exit 0)
22:04:12 start merge_typed_cs
22:08:40 end merge_typed_cs (exit 0)
22:08:40 start merge_clinc
22:12:12 end merge_clinc (exit 0)
22:12:12 start syndrome
22:12:49 end syndrome (exit 0)
22:12:49 start oos_priorshift
22:14:11 end oos_priorshift (exit 0)
22:14:11 start passenger_typed
22:19:27 end passenger_typed (exit 0)
22:19:27 start depthscan
22:21:31 end depthscan (exit 0)
22:21:31 start active_distillation
22:24:20 end active_distillation (exit 0)
22:24:20 start proper_score
22:25:37 end proper_score (exit 0)
22:25:37 start threadinc
22:34:10 end threadinc (exit 0)
22:34:10 start kvquery_banking
22:38:38 end kvquery_banking (exit 0)
22:38:38 start passenger_clinc
22:49:04 end passenger_clinc (exit 0)
22:49:04 start receptive_field
22:50:17 end receptive_field (exit 0)
22:50:17 start globalsplit_banking
22:53:59 end globalsplit_banking (exit 0)
22:53:59 LANE3_DONE
