Loading weights:   0%|          | 0/134 [00:00<?, ?it/s]Loading weights: 100%|██████████| 134/134 [00:00<00:00, 9022.90it/s]
Using the latest cached version of the dataset since mteb/banking77 couldn't be found on the Hugging Face Hub (offline mode is enabled).
Found the latest cached dataset configuration 'default' at /home/ubuntu/.cache/huggingface/datasets/mteb___banking77/default/0.0.0/18072d2685ea682290f7b8924d94c62acc19c0b2 (last modified on Sun Sep 27 21:22:46 2026).
== banking77: 8994/999/3076 messages (train/val/test), tasks: intent(77) | base answerdotai/ModernBERT-base on cuda | seed 1
-- probe@8
  cached trunk depth 8 for 13069 messages in 5.4s (312 MB)
  [intent] probe split=8, 77 labels, 8994 train
    epoch 1/20 loss 3.9336 val acc 0.4304 (3.3s)
    epoch 2/20 loss 1.5629 val acc 0.8198 (2.9s)
    epoch 3/20 loss 0.5448 val acc 0.8749 (3.0s)
    epoch 4/20 loss 0.3053 val acc 0.8749 (1.1s)
    epoch 5/20 loss 0.2106 val acc 0.8889 (1.5s)
    epoch 6/20 loss 0.1627 val acc 0.8939 (1.2s)
    epoch 7/20 loss 0.1290 val acc 0.8929 (1.0s)
    epoch 8/20 loss 0.1064 val acc 0.8879 (1.6s)
    epoch 9/20 loss 0.0864 val acc 0.9019 (1.1s)
    epoch 10/20 loss 0.0757 val acc 0.8939 (1.1s)
    epoch 11/20 loss 0.0649 val acc 0.8969 (1.7s)
    epoch 12/20 loss 0.0600 val acc 0.9069 (1.0s)
    epoch 13/20 loss 0.0520 val acc 0.9019 (1.8s)
    epoch 14/20 loss 0.0493 val acc 0.9029 (1.0s)
    epoch 15/20 loss 0.0441 val acc 0.9069 (2.2s)
  [intent] test acc 0.8846 macro-F1 0.8843 ECE 0.014 (T=1.11, 25s, 0.06M params)
   probe@8 mean: {"acc": 0.8846, "macro_f1": 0.8843, "ece": 0.0139, "nll": 0.4097}
-- probe@22
  cached trunk depth 22 for 13069 messages in 6.7s (312 MB)
  [intent] probe split=22, 77 labels, 8994 train
    epoch 1/20 loss 3.7266 val acc 0.5546 (0.9s)
    epoch 2/20 loss 1.2472 val acc 0.8208 (0.9s)
    epoch 3/20 loss 0.4884 val acc 0.8799 (0.9s)
    epoch 4/20 loss 0.2812 val acc 0.8759 (0.9s)
    epoch 5/20 loss 0.1929 val acc 0.8829 (0.9s)
    epoch 6/20 loss 0.1455 val acc 0.8819 (0.9s)
    epoch 7/20 loss 0.1115 val acc 0.8889 (0.9s)
    epoch 8/20 loss 0.0934 val acc 0.8929 (1.1s)
    epoch 9/20 loss 0.0768 val acc 0.8919 (1.3s)
    epoch 10/20 loss 0.0674 val acc 0.8969 (1.5s)
    epoch 11/20 loss 0.0564 val acc 0.8939 (1.8s)
    epoch 12/20 loss 0.0508 val acc 0.8949 (1.8s)
    epoch 13/20 loss 0.0444 val acc 0.8929 (1.8s)
  [intent] test acc 0.8882 macro-F1 0.8883 ECE 0.012 (T=1.12, 16s, 0.06M params)
   probe@22 mean: {"acc": 0.8882, "macro_f1": 0.8883, "ece": 0.0125, "nll": 0.4098}
-- blocks@4+1
  cached trunk depth 4 for 13069 messages in 2.0s (312 MB)
  [intent] blocks split=4 depth=1, 77 labels, 8994 train
    epoch 1/6 loss 2.8030 val acc 0.7878 (3.4s)
    epoch 2/6 loss 0.5442 val acc 0.8679 (3.5s)
    epoch 3/6 loss 0.2827 val acc 0.9009 (3.4s)
    epoch 4/6 loss 0.1606 val acc 0.9059 (3.5s)
    epoch 5/6 loss 0.0976 val acc 0.9129 (3.4s)
    epoch 6/6 loss 0.0739 val acc 0.9139 (3.4s)
  [intent] test acc 0.9093 macro-F1 0.9090 ECE 0.016 (T=1.05, 21s, 5.08M params)
   blocks@4+1 mean: {"acc": 0.9093, "macro_f1": 0.909, "ece": 0.016, "nll": 0.3433}
-- blocks@4+2
  [intent] blocks split=4 depth=2, 77 labels, 8994 train
    epoch 1/6 loss 2.5440 val acc 0.8519 (4.6s)
    epoch 2/6 loss 0.4142 val acc 0.8809 (4.4s)
    epoch 3/6 loss 0.1605 val acc 0.9209 (4.6s)
    epoch 4/6 loss 0.0552 val acc 0.9169 (4.6s)
    epoch 5/6 loss 0.0159 val acc 0.9159 (4.6s)
    epoch 6/6 loss 0.0082 val acc 0.9179 (4.6s)
  [intent] test acc 0.9051 macro-F1 0.9053 ECE 0.014 (T=1.16, 27s, 10.09M params)
   blocks@4+2 mean: {"acc": 0.9051, "macro_f1": 0.9053, "ece": 0.0142, "nll": 0.3384}
-- blocks@8+1
  cached trunk depth 8 for 13069 messages in 2.8s (312 MB)
  [intent] blocks split=8 depth=1, 77 labels, 8994 train
    epoch 1/6 loss 2.8536 val acc 0.7938 (3.4s)
    epoch 2/6 loss 0.4919 val acc 0.8759 (3.4s)
    epoch 3/6 loss 0.2435 val acc 0.8989 (3.4s)
    epoch 4/6 loss 0.1349 val acc 0.9019 (3.4s)
    epoch 5/6 loss 0.0782 val acc 0.9059 (3.4s)
    epoch 6/6 loss 0.0617 val acc 0.9079 (2.9s)
  [intent] test acc 0.9112 macro-F1 0.9111 ECE 0.022 (T=1.15, 20s, 5.08M params)
   blocks@8+1 mean: {"acc": 0.9112, "macro_f1": 0.9111, "ece": 0.0217, "nll": 0.3308}
-- blocks@8+2
  [intent] blocks split=8 depth=2, 77 labels, 8994 train
    epoch 1/6 loss 2.4085 val acc 0.8438 (4.6s)
    epoch 2/6 loss 0.3847 val acc 0.8889 (4.6s)
    epoch 3/6 loss 0.1574 val acc 0.9169 (4.6s)
    epoch 4/6 loss 0.0577 val acc 0.9179 (4.7s)
    epoch 5/6 loss 0.0189 val acc 0.9229 (4.6s)
    epoch 6/6 loss 0.0098 val acc 0.9219 (4.7s)
  [intent] test acc 0.9178 macro-F1 0.9176 ECE 0.009 (T=1.35, 28s, 10.09M params)
   blocks@8+2 mean: {"acc": 0.9178, "macro_f1": 0.9176, "ece": 0.0094, "nll": 0.3105}
-- blocks@14+1
  cached trunk depth 14 for 13069 messages in 3.9s (312 MB)
  [intent] blocks split=14 depth=1, 77 labels, 8994 train
    epoch 1/6 loss 2.8077 val acc 0.7998 (3.4s)
    epoch 2/6 loss 0.4900 val acc 0.8749 (3.4s)
    epoch 3/6 loss 0.2416 val acc 0.8989 (3.2s)
    epoch 4/6 loss 0.1357 val acc 0.9079 (2.3s)
    epoch 5/6 loss 0.0811 val acc 0.9119 (2.9s)
    epoch 6/6 loss 0.0614 val acc 0.9099 (3.0s)
  [intent] test acc 0.9083 macro-F1 0.9085 ECE 0.016 (T=1.15, 18s, 5.08M params)
   blocks@14+1 mean: {"acc": 0.9083, "macro_f1": 0.9085, "ece": 0.0162, "nll": 0.329}
-- blocks@14+2
  [intent] blocks split=14 depth=2, 77 labels, 8994 train
    epoch 1/6 loss 2.2202 val acc 0.8709 (4.6s)
    epoch 2/6 loss 0.3194 val acc 0.8929 (4.4s)
    epoch 3/6 loss 0.1283 val acc 0.9189 (3.8s)
    epoch 4/6 loss 0.0459 val acc 0.9199 (3.9s)
    epoch 5/6 loss 0.0151 val acc 0.9219 (3.9s)
    epoch 6/6 loss 0.0081 val acc 0.9219 (3.8s)
  [intent] test acc 0.9239 macro-F1 0.9237 ECE 0.020 (T=1.46, 24s, 10.09M params)
   blocks@14+2 mean: {"acc": 0.9239, "macro_f1": 0.9237, "ece": 0.0204, "nll": 0.2796}
-- blocks@18+1
  cached trunk depth 18 for 13069 messages in 4.4s (312 MB)
  [intent] blocks split=18 depth=1, 77 labels, 8994 train
    epoch 1/6 loss 2.2940 val acc 0.8799 (2.6s)
    epoch 2/6 loss 0.3193 val acc 0.9079 (2.6s)
    epoch 3/6 loss 0.1519 val acc 0.9179 (2.6s)
    epoch 4/6 loss 0.0782 val acc 0.9289 (2.6s)
    epoch 5/6 loss 0.0433 val acc 0.9269 (2.6s)
    epoch 6/6 loss 0.0329 val acc 0.9269 (2.6s)
  [intent] test acc 0.9233 macro-F1 0.9232 ECE 0.013 (T=1.18, 16s, 5.08M params)
   blocks@18+1 mean: {"acc": 0.9233, "macro_f1": 0.9232, "ece": 0.0135, "nll": 0.2734}
-- blocks@18+2
  [intent] blocks split=18 depth=2, 77 labels, 8994 train
    epoch 1/6 loss 2.1314 val acc 0.8849 (3.8s)
    epoch 2/6 loss 0.2865 val acc 0.9159 (3.9s)
    epoch 3/6 loss 0.1093 val acc 0.9249 (3.8s)
    epoch 4/6 loss 0.0350 val acc 0.9239 (3.8s)
    epoch 5/6 loss 0.0123 val acc 0.9269 (3.8s)
    epoch 6/6 loss 0.0082 val acc 0.9279 (3.9s)
  [intent] test acc 0.9301 macro-F1 0.9300 ECE 0.015 (T=1.36, 23s, 10.09M params)
   blocks@18+2 mean: {"acc": 0.9301, "macro_f1": 0.93, "ece": 0.0153, "nll": 0.2568}
-- full
  cached trunk depth 0 for 13069 messages in 0.7s (312 MB)
  [intent] blocks split=0 depth=22, 77 labels, 8994 train
    epoch 1/5 loss 1.7380 val acc 0.9019 (31.7s)
    epoch 2/5 loss 0.2726 val acc 0.9049 (28.1s)
    epoch 3/5 loss 0.0878 val acc 0.9289 (26.0s)
    epoch 4/5 loss 0.0198 val acc 0.9359 (26.1s)
    epoch 5/5 loss 0.0035 val acc 0.9359 (29.4s)
  [intent] test acc 0.9314 macro-F1 0.9313 ECE 0.008 (T=1.53, 141s, 110.39M params)
   full mean: {"acc": 0.9314, "macro_f1": 0.9313, "ece": 0.0085, "nll": 0.2507}
done
