Loading weights:   0%|          | 0/134 [00:00<?, ?it/s]Loading weights: 100%|██████████| 134/134 [00:00<00:00, 8729.04it/s]
gap=0,decoys=0         (~17 tok, base rate 0.50) d0:0.49 d1:1.00 d2:1.00 d3:1.00 d4:1.00 d5:1.00 d6:1.00 d7:1.00 d8:1.00 d9:1.00 d10:1.00 d11:1.00 d12:1.00 d13:1.00 d14:1.00 d15:1.00 d16:1.00 d17:1.00 d18:1.00 d19:1.00 d20:1.00 d21:1.00 d22:1.00
gap=32,decoys=0        (~46 tok, base rate 0.55) d0:0.41 d1:1.00 d2:1.00 d3:1.00 d4:1.00 d5:1.00 d6:1.00 d7:1.00 d8:1.00 d9:1.00 d10:1.00 d11:1.00 d12:1.00 d13:1.00 d14:1.00 d15:1.00 d16:1.00 d17:1.00 d18:1.00 d19:1.00 d20:1.00 d21:1.00 d22:1.00
gap=150,decoys=0       (~191 tok, base rate 0.49) d0:0.42 d1:1.00 d2:1.00 d3:1.00 d4:1.00 d5:1.00 d6:1.00 d7:1.00 d8:1.00 d9:1.00 d10:1.00 d11:1.00 d12:1.00 d13:1.00 d14:1.00 d15:1.00 d16:1.00 d17:1.00 d18:1.00 d19:1.00 d20:1.00 d21:1.00 d22:1.00
gap=400,decoys=0       (~423 tok, base rate 0.50) d0:0.51 d1:1.00 d2:1.00 d3:1.00 d4:1.00 d5:1.00 d6:1.00 d7:1.00 d8:1.00 d9:1.00 d10:1.00 d11:1.00 d12:1.00 d13:1.00 d14:1.00 d15:1.00 d16:1.00 d17:1.00 d18:1.00 d19:1.00 d20:1.00 d21:1.00 d22:1.00
gap=0,decoys=8         (~72 tok, base rate 0.49) d0:0.47 d1:0.76 d2:0.82 d3:0.79 d4:0.78 d5:0.79 d6:0.79 d7:0.80 d8:0.74 d9:0.75 d10:0.76 d11:0.80 d12:0.76 d13:0.75 d14:0.74 d15:0.74 d16:0.66 d17:0.66 d18:0.65 d19:0.71 d20:0.71 d21:0.70 d22:0.70
gap=32,decoys=8        (~101 tok, base rate 0.54) d0:0.49 d1:0.78 d2:0.85 d3:0.85 d4:0.81 d5:0.81 d6:0.84 d7:0.88 d8:0.82 d9:0.84 d10:0.82 d11:0.81 d12:0.82 d13:0.85 d14:0.89 d15:0.88 d16:0.81 d17:0.81 d18:0.79 d19:0.79 d20:0.76 d21:0.75 d22:0.79
gap=150,decoys=8       (~245 tok, base rate 0.50) d0:0.54 d1:0.86 d2:0.90 d3:0.81 d4:0.81 d5:0.82 d6:0.84 d7:0.86 d8:0.85 d9:0.82 d10:0.88 d11:0.86 d12:0.80 d13:0.84 d14:0.80 d15:0.78 d16:0.78 d17:0.74 d18:0.75 d19:0.74 d20:0.74 d21:0.72 d22:0.75
gap=400,decoys=8       (~477 tok, base rate 0.52) d0:0.56 d1:0.88 d2:0.88 d3:0.95 d4:0.91 d5:0.91 d6:0.90 d7:0.94 d8:0.90 d9:0.91 d10:0.94 d11:0.93 d12:0.88 d13:0.86 d14:0.89 d15:0.85 d16:0.86 d17:0.88 d18:0.88 d19:0.85 d20:0.79 d21:0.81 d22:0.88
gap=0,decoys=24        (~184 tok, base rate 0.52) d0:0.51 d1:0.61 d2:0.62 d3:0.68 d4:0.76 d5:0.75 d6:0.71 d7:0.72 d8:0.76 d9:0.76 d10:0.75 d11:0.75 d12:0.76 d13:0.75 d14:0.72 d15:0.75 d16:0.81 d17:0.76 d18:0.82 d19:0.79 d20:0.79 d21:0.80 d22:0.79
gap=32,decoys=24       (~213 tok, base rate 0.52) d0:0.54 d1:0.72 d2:0.82 d3:0.81 d4:0.79 d5:0.79 d6:0.79 d7:0.80 d8:0.82 d9:0.82 d10:0.79 d11:0.79 d12:0.80 d13:0.78 d14:0.79 d15:0.78 d16:0.75 d17:0.70 d18:0.71 d19:0.74 d20:0.76 d21:0.71 d22:0.71
gap=150,decoys=24      (~358 tok, base rate 0.55) d0:0.56 d1:0.71 d2:0.84 d3:0.86 d4:0.85 d5:0.86 d6:0.80 d7:0.86 d8:0.84 d9:0.86 d10:0.90 d11:0.89 d12:0.88 d13:0.90 d14:0.89 d15:0.84 d16:0.86 d17:0.81 d18:0.78 d19:0.79 d20:0.78 d21:0.80 d22:0.80
gap=400,decoys=24      (~589 tok, base rate 0.51) d0:0.45 d1:0.71 d2:0.72 d3:0.72 d4:0.66 d5:0.70 d6:0.72 d7:0.70 d8:0.62 d9:0.66 d10:0.62 d11:0.59 d12:0.57 d13:0.64 d14:0.65 d15:0.62 d16:0.64 d17:0.65 d18:0.64 d19:0.65 d20:0.64 d21:0.65 d22:0.68
{
  "base": "answerdotai/ModernBERT-base",
  "n_layers": 22,
  "depths": [
    0,
    1,
    2,
    3,
    4,
    5,
    6,
    7,
    8,
    9,
    10,
    11,
    12,
    13,
    14,
    15,
    16,
    17,
    18,
    19,
    20,
    21,
    22
  ],
  "decoys": [
    0,
    8,
    24
  ],
  "global_layers_below_depth": {
    "0": 0,
    "1": 1,
    "2": 1,
    "3": 1,
    "4": 2,
    "5": 2,
    "6": 2,
    "7": 3,
    "8": 3,
    "9": 3,
    "10": 4,
    "11": 4,
    "12": 4,
    "13": 5,
    "14": 5,
    "15": 5,
    "16": 6,
    "17": 6,
    "18": 6,
    "19": 7,
    "20": 7,
    "21": 7,
    "22": 8
  },
  "gaps": [
    0,
    32,
    150,
    400
  ],
  "n_train": 240,
  "n_val": 80,
  "curves": {
    "gap=0,decoys=0": {
      "0": 0.4875,
      "1": 1.0,
      "2": 1.0,
      "3": 1.0,
      "4": 1.0,
      "5": 1.0,
      "6": 1.0,
      "7": 1.0,
      "8": 1.0,
      "9": 1.0,
      "10": 1.0,
      "11": 1.0,
      "12": 1.0,
      "13": 1.0,
      "14": 1.0,
      "15": 1.0,
      "16": 1.0,
      "17": 1.0,
      "18": 1.0,
      "19": 1.0,
      "20": 1.0,
      "21": 1.0,
      "22": 1.0
    },
    "gap=32,decoys=0": {
      "0": 0.4125,
      "1": 1.0,
      "2": 1.0,
      "3": 1.0,
      "4": 1.0,
      "5": 1.0,
      "6": 1.0,
      "7": 1.0,
      "8": 1.0,
      "9": 1.0,
      "10": 1.0,
      "11": 1.0,
      "12": 1.0,
      "13": 1.0,
      "14": 1.0,
      "15": 1.0,
      "16": 1.0,
      "17": 1.0,
      "18": 1.0,
      "19": 1.0,
      "20": 1.0,
      "21": 1.0,
      "22": 1.0
    },
    "gap=150,decoys=0": {
      "0": 0.425,
      "1": 1.0,
      "2": 1.0,
      "3": 1.0,
      "4": 1.0,
      "5": 1.0,
      "6": 1.0,
      "7": 1.0,
      "8": 1.0,
      "9": 1.0,
      "10": 1.0,
      "11": 1.0,
      "12": 1.0,
      "13": 1.0,
      "14": 1.0,
      "15": 1.0,
      "16": 1.0,
      "17": 1.0,
      "18": 1.0,
      "19": 1.0,
      "20": 1.0,
      "21": 1.0,
      "22": 1.0
    },
    "gap=400,decoys=0": {
      "0": 0.5125,
      "1": 1.0,
      "2": 1.0,
      "3": 1.0,
      "4": 1.0,
      "5": 1.0,
      "6": 1.0,
      "7": 1.0,
      "8": 1.0,
      "9": 1.0,
      "10": 1.0,
      "11": 1.0,
      "12": 1.0,
      "13": 1.0,
      "14": 1.0,
      "15": 1.0,
      "16": 1.0,
      "17": 1.0,
      "18": 1.0,
      "19": 1.0,
      "20": 1.0,
      "21": 1.0,
      "22": 1.0
    },
    "gap=0,decoys=8": {
      "0": 0.475,
      "1": 0.7625,
      "2": 0.825,
      "3": 0.7875,
      "4": 0.775,
      "5": 0.7875,
      "6": 0.7875,
      "7": 0.8,
      "8": 0.7375,
      "9": 0.75,
      "10": 0.7625,
      "11": 0.8,
      "12": 0.7625,
      "13": 0.75,
      "14": 0.7375,
      "15": 0.7375,
      "16": 0.6625,
      "17": 0.6625,
      "18": 0.65,
      "19": 0.7125,
      "20": 0.7125,
      "21": 0.7,
      "22": 0.7
    },
    "gap=32,decoys=8": {
      "0": 0.4875,
      "1": 0.775,
      "2": 0.85,
      "3": 0.85,
      "4": 0.8125,
      "5": 0.8125,
      "6": 0.8375,
      "7": 0.875,
      "8": 0.825,
      "9": 0.8375,
      "10": 0.825,
      "11": 0.8125,
      "12": 0.825,
      "13": 0.85,
      "14": 0.8875,
      "15": 0.875,
      "16": 0.8125,
      "17": 0.8125,
      "18": 0.7875,
      "19": 0.7875,
      "20": 0.7625,
      "21": 0.75,
      "22": 0.7875
    },
    "gap=150,decoys=8": {
      "0": 0.5375,
      "1": 0.8625,
      "2": 0.9,
      "3": 0.8125,
      "4": 0.8125,
      "5": 0.825,
      "6": 0.8375,
      "7": 0.8625,
      "8": 0.85,
      "9": 0.825,
      "10": 0.875,
      "11": 0.8625,
      "12": 0.8,
      "13": 0.8375,
      "14": 0.8,
      "15": 0.775,
      "16": 0.775,
      "17": 0.7375,
      "18": 0.75,
      "19": 0.7375,
      "20": 0.7375,
      "21": 0.725,
      "22": 0.75
    },
    "gap=400,decoys=8": {
      "0": 0.5625,
      "1": 0.875,
      "2": 0.875,
      "3": 0.95,
      "4": 0.9125,
      "5": 0.9125,
      "6": 0.9,
      "7": 0.9375,
      "8": 0.9,
      "9": 0.9125,
      "10": 0.9375,
      "11": 0.925,
      "12": 0.875,
      "13": 0.8625,
      "14": 0.8875,
      "15": 0.85,
      "16": 0.8625,
      "17": 0.875,
      "18": 0.875,
      "19": 0.85,
      "20": 0.7875,
      "21": 0.8125,
      "22": 0.875
    },
    "gap=0,decoys=24": {
      "0": 0.5125,
      "1": 0.6125,
      "2": 0.625,
      "3": 0.675,
      "4": 0.7625,
      "5": 0.75,
      "6": 0.7125,
      "7": 0.725,
      "8": 0.7625,
      "9": 0.7625,
      "10": 0.75,
      "11": 0.75,
      "12": 0.7625,
      "13": 0.75,
      "14": 0.725,
      "15": 0.75,
      "16": 0.8125,
      "17": 0.7625,
      "18": 0.825,
      "19": 0.7875,
      "20": 0.7875,
      "21": 0.8,
      "22": 0.7875
    },
    "gap=32,decoys=24": {
      "0": 0.5375,
      "1": 0.725,
      "2": 0.825,
      "3": 0.8125,
      "4": 0.7875,
      "5": 0.7875,
      "6": 0.7875,
      "7": 0.8,
      "8": 0.825,
      "9": 0.825,
      "10": 0.7875,
      "11": 0.7875,
      "12": 0.8,
      "13": 0.775,
      "14": 0.7875,
      "15": 0.775,
      "16": 0.75,
      "17": 0.7,
      "18": 0.7125,
      "19": 0.7375,
      "20": 0.7625,
      "21": 0.7125,
      "22": 0.7125
    },
    "gap=150,decoys=24": {
      "0": 0.5625,
      "1": 0.7125,
      "2": 0.8375,
      "3": 0.8625,
      "4": 0.85,
      "5": 0.8625,
      "6": 0.8,
      "7": 0.8625,
      "8": 0.8375,
      "9": 0.8625,
      "10": 0.9,
      "11": 0.8875,
      "12": 0.875,
      "13": 0.9,
      "14": 0.8875,
      "15": 0.8375,
      "16": 0.8625,
      "17": 0.8125,
      "18": 0.775,
      "19": 0.7875,
      "20": 0.775,
      "21": 0.8,
      "22": 0.8
    },
    "gap=400,decoys=24": {
      "0": 0.45,
      "1": 0.7125,
      "2": 0.725,
      "3": 0.725,
      "4": 0.6625,
      "5": 0.7,
      "6": 0.725,
      "7": 0.7,
      "8": 0.625,
      "9": 0.6625,
      "10": 0.625,
      "11": 0.5875,
      "12": 0.575,
      "13": 0.6375,
      "14": 0.65,
      "15": 0.625,
      "16": 0.6375,
      "17": 0.65,
      "18": 0.6375,
      "19": 0.65,
      "20": 0.6375,
      "21": 0.65,
      "22": 0.675
    }
  },
  "onset_at_0.75_acc": {
    "gap=0,decoys=0": {
      "onset_depth": 1,
      "global_layers_at_onset": 1
    },
    "gap=32,decoys=0": {
      "onset_depth": 1,
      "global_layers_at_onset": 1
    },
    "gap=150,decoys=0": {
      "onset_depth": 1,
      "global_layers_at_onset": 1
    },
    "gap=400,decoys=0": {
      "onset_depth": 1,
      "global_layers_at_onset": 1
    },
    "gap=0,decoys=8": {
      "onset_depth": 1,
      "global_layers_at_onset": 1
    },
    "gap=32,decoys=8": {
      "onset_depth": 1,
      "global_layers_at_onset": 1
    },
    "gap=150,decoys=8": {
      "onset_depth": 1,
      "global_layers_at_onset": 1
    },
    "gap=400,decoys=8": {
      "onset_depth": 1,
      "global_layers_at_onset": 1
    },
    "gap=0,decoys=24": {
      "onset_depth": 4,
      "global_layers_at_onset": 2
    },
    "gap=32,decoys=24": {
      "onset_depth": 2,
      "global_layers_at_onset": 1
    },
    "gap=150,decoys=24": {
      "onset_depth": 2,
      "global_layers_at_onset": 1
    },
    "gap=400,decoys=24": {
      "onset_depth": null,
      "global_layers_at_onset": null
    }
  },
  "seconds": 67.5
}
wrote results/tarski/explore_receptive_field.json
