Using the latest cached version of the dataset since clinc/clinc_oos couldn't be found on the Hugging Face Hub (offline mode is enabled).
Found the latest cached dataset configuration 'plus' at /home/ubuntu/.cache/huggingface/datasets/clinc___clinc_oos/plus/0.0.0/155b9c710419136e17307b80d0a13e68cd46b4ec (last modified on Sun Sep 27 21:22:49 2026).
Loading weights:   0%|          | 0/134 [00:00<?, ?it/s]Loading weights: 100%|██████████| 134/134 [00:00<00:00, 9343.76it/s]
train/val/test = 15250/3100/5500, oos frac = 0.016/0.032/0.182
    epoch 1/20 loss 0.1123 val acc 0.9677 (5.7s)
    epoch 2/20 loss 0.0680 val acc 0.9677 (5.4s)
    epoch 3/20 loss 0.0570 val acc 0.9706 (5.4s)
    epoch 4/20 loss 0.0518 val acc 0.9719 (5.5s)
    epoch 5/20 loss 0.0482 val acc 0.9745 (5.5s)
    epoch 6/20 loss 0.0461 val acc 0.9723 (5.4s)
    epoch 7/20 loss 0.0446 val acc 0.9706 (5.4s)
    epoch 8/20 loss 0.0433 val acc 0.9765 (5.4s)
    epoch 9/20 loss 0.0414 val acc 0.9771 (5.5s)
    epoch 10/20 loss 0.0422 val acc 0.9748 (5.4s)
    epoch 11/20 loss 0.0415 val acc 0.9768 (5.5s)
    epoch 12/20 loss 0.0405 val acc 0.9758 (5.5s)
{
  "dataset": "clinc150",
  "kind": "probe",
  "split": 11,
  "depth": null,
  "epochs": 20,
  "n_train": 15250,
  "n_val": 3100,
  "n_test": 5500,
  "prior_train": [
    0.9836065573770492,
    0.01639344262295082
  ],
  "prior_test_true": [
    0.8181818181818182,
    0.18181818181818182
  ],
  "prior_test_estimated_by_em": [
    0.7694648381445115,
    0.23053516185549014
  ],
  "temperature": 0.9933,
  "always_in_scope_baseline_acc": 0.8182,
  "baseline": {
    "name": "baseline (uncorrected, temperature-scaled)",
    "acc": 0.8475,
    "macro_f1": 0.6033,
    "oos_precision": 0.9351,
    "oos_recall": 0.173,
    "oos_f1": 0.292,
    "n": 5500
  },
  "saerens_em": {
    "name": "saerens-em prior-shift correction (label-free)",
    "acc": 0.8485,
    "macro_f1": 0.7392,
    "oos_precision": 0.5889,
    "oos_recall": 0.553,
    "oos_f1": 0.5704,
    "n": 5500
  },
  "oracle_prior": {
    "name": "oracle prior correction (upper bound, uses true test prior)",
    "acc": 0.8573,
    "macro_f1": 0.7401,
    "oos_precision": 0.6332,
    "oos_recall": 0.511,
    "oos_f1": 0.5656,
    "n": 5500
  },
  "seconds": 76.1
}
wrote results/tarski/explore_oos_priorshift.json
