Loading weights:   0%|          | 0/134 [00:00<?, ?it/s]Loading weights: 100%|██████████| 134/134 [00:00<00:00, 9376.19it/s]
Using the latest cached version of the dataset since LocalLLaMA/typed-decisions couldn't be found on the Hugging Face Hub (offline mode is enabled).
Found the latest cached dataset configuration 'all' at /home/ubuntu/.cache/huggingface/datasets/LocalLLaMA___typed-decisions/all/0.0.0/f7a2487edd7a043a5441a5e9ccc7fe5ddbd9ebe8 (last modified on Sun Sep 27 18:59:51 2026).
Using the latest cached version of the dataset since LocalLLaMA/typed-decisions couldn't be found on the Hugging Face Hub (offline mode is enabled).
Found the latest cached dataset configuration 'all' at /home/ubuntu/.cache/huggingface/datasets/LocalLLaMA___typed-decisions/all/0.0.0/f7a2487edd7a043a5441a5e9ccc7fe5ddbd9ebe8 (last modified on Sun Sep 27 18:59:51 2026).
== typed-decisions: per-task best split {'agent_trace_observability.action': 2, 'agent_trace_observability.needs_review': 10, 'agent_trace_observability.outcome': 11, 'agent_trace_observability.risk': 8, 'agent_trace_observability.urgency': 2, 'customer_service.action': 18, 'customer_service.category': 4, 'customer_service.churn_risk': 22, 'customer_service.needs_human': 16, 'customer_service.urgency': 20, 'invoice_processing.discrepancy_severity': 16, 'invoice_processing.disposition': 18, 'invoice_processing.duplicate': 20, 'invoice_processing.matches_order': 16, 'invoice_processing.urgency': 2, 'security_incidents.credential_compromise': 20, 'security_incidents.disposition': 16, 'security_incidents.severity': 10, 'security_incidents.true_positive': 11, 'security_incidents.urgency': 22} | autosplit {'agent_trace_observability.action': 2, 'agent_trace_observability.needs_review': 10, 'agent_trace_observability.outcome': 11, 'agent_trace_observability.risk': 8, 'agent_trace_observability.urgency': 2, 'customer_service.action': 18, 'customer_service.category': 4, 'customer_service.churn_risk': 22, 'customer_service.needs_human': 16, 'customer_service.urgency': 20, 'invoice_processing.discrepancy_severity': 16, 'invoice_processing.disposition': 18, 'invoice_processing.duplicate': 20, 'invoice_processing.matches_order': 16, 'invoice_processing.urgency': 2, 'security_incidents.credential_compromise': 20, 'security_incidents.disposition': 16, 'security_incidents.severity': 10, 'security_incidents.true_positive': 11, 'security_incidents.urgency': 22}
   [workflow] autosplit          E[trunk depth] 18.75  val 0.7637  test 0.6375
   [workflow] autosplit+promote  E[trunk depth] 18.75  val 0.7637  test 0.6375
   [workflow] best               E[trunk depth] 18.75  val 0.7637  test 0.6375
   [workflow] best+promote       E[trunk depth] 18.75  val 0.7637  test 0.6375
   [workflow] all@top            E[trunk depth] 22.00  val 0.7637  test 0.6375
   [workflow] joint              E[trunk depth] 17.00  val 0.7567  test 0.6355
   [subsets] autosplit          E[trunk depth] 16.81  val 0.7637  test 0.6375
   [subsets] autosplit+promote  E[trunk depth] 16.81  val 0.7637  test 0.6375
   [subsets] best               E[trunk depth] 16.81  val 0.7637  test 0.6375
   [subsets] best+promote       E[trunk depth] 16.81  val 0.7637  test 0.6375
   [subsets] all@top            E[trunk depth] 22.00  val 0.7637  test 0.6375
   [subsets] joint              E[trunk depth] 13.85  val 0.7539  test 0.6349
Using the latest cached version of the dataset since clinc/clinc_oos couldn't be found on the Hugging Face Hub (offline mode is enabled).
Found the latest cached dataset configuration 'plus' at /home/ubuntu/.cache/huggingface/datasets/clinc___clinc_oos/plus/0.0.0/155b9c710419136e17307b80d0a13e68cd46b4ec (last modified on Sun Sep 27 21:22:49 2026).
== clinc150: per-task best split {'intent': 4, 'domain': 2, 'oos': 22} | autosplit {'intent': 2, 'domain': 2, 'oos': 2}
   [all] autosplit          E[trunk depth]  2.00  val 0.9405  test 0.8319
   [all] autosplit+promote  E[trunk depth]  2.00  val 0.9405  test 0.8319
   [all] best               E[trunk depth] 22.00  val 0.9415  test 0.8369
   [all] best+promote       E[trunk depth] 22.00  val 0.9415  test 0.8369
   [all] all@top            E[trunk depth] 22.00  val 0.9415  test 0.8369
   [all] joint              E[trunk depth]  4.00  val 0.9411  test 0.8341
   [subsets] autosplit          E[trunk depth]  2.00  val 0.9405  test 0.8319
   [subsets] autosplit+promote  E[trunk depth]  2.00  val 0.9405  test 0.8319
   [subsets] best               E[trunk depth] 14.00  val 0.9415  test 0.8369
   [subsets] best+promote       E[trunk depth] 14.00  val 0.9415  test 0.8369
   [subsets] all@top            E[trunk depth] 22.00  val 0.9415  test 0.8369
   [subsets] joint              E[trunk depth]  2.00  val 0.9405  test 0.8319
done
