Loading weights:   0%|          | 0/134 [00:00<?, ?it/s]Loading weights: 100%|██████████| 134/134 [00:00<00:00, 9334.45it/s]
Using the latest cached version of the dataset since clinc/clinc_oos couldn't be found on the Hugging Face Hub (offline mode is enabled).
Found the latest cached dataset configuration 'plus' at /home/ubuntu/.cache/huggingface/datasets/clinc___clinc_oos/plus/0.0.0/155b9c710419136e17307b80d0a13e68cd46b4ec (last modified on Sun Sep 27 21:22:49 2026).
== drift monitors on CLINC150 | 130 known intents, 20 held out (tire_change, oil_change_when, freeze_account, bill_due, application_status, apr...) | primary probe depth 22 | fits cuda
  trunk pass: 23850 messages at depths [12] in 15.6s
  trunk pass: 3900 messages at depths [4, 8, 12, 16, 22] in 4.8s
  trunk pass: 3900 messages at depths [4, 8, 12, 16, 22] in 5.1s
   source accuracy (half B) 0.8993; proxy mean 0.1004; error-estimator AUROC on B 0.960; UCBs proxy_mean 0.1242, proxy_quant 0.1245, oos_rate 0.0940
-- none: post-shift acc 0.9035 (source 0.8993), harmful 0.00 | proxy_mean FA 0.00 det 0.00 | proxy_quant FA 0.00 det 0.00 | oos_rate FA 0.00 det 0.00 | msp_cusum FA 0.00 det 0.00 | mmd FA 0.00 det 0.00
   labels 25: uniform width 0.220 cover 0.92 certify-drop 0.00 | ppi_uniform width 0.153 cover 0.96 certify-drop 0.00 | active width 0.120 cover 0.95 certify-drop 0.00
   labels 50: uniform width 0.154 cover 0.90 certify-drop 0.00 | ppi_uniform width 0.116 cover 0.96 certify-drop 0.00 | active width 0.093 cover 0.96 certify-drop 0.00
   labels 100: uniform width 0.108 cover 0.94 certify-drop 0.00 | ppi_uniform width 0.085 cover 0.97 certify-drop 0.00 | active width 0.070 cover 0.97 certify-drop 0.00
   labels 200: uniform width 0.072 cover 0.94 certify-drop 0.00 | ppi_uniform width 0.063 cover 0.98 certify-drop 0.00 | active width 0.053 cover 0.99 certify-drop 0.00
-- new_routes: post-shift acc 0.6754 (source 0.8993), harmful 1.00 | proxy_mean FA 0.00 det 0.00 | proxy_quant FA 0.00 det 0.00 | oos_rate FA 0.00 det 0.00 | msp_cusum FA 0.00 det 1.00 delay 258 | mmd FA 0.00 det 0.00
   labels 25: uniform width 0.354 cover 0.93 certify-drop 0.60 | ppi_uniform width 0.287 cover 0.92 certify-drop 0.87 | active width 0.268 cover 0.89 certify-drop 0.93
   labels 50: uniform width 0.250 cover 0.95 certify-drop 0.88 | ppi_uniform width 0.208 cover 0.94 certify-drop 0.99 | active width 0.194 cover 0.93 certify-drop 1.00
   labels 100: uniform width 0.173 cover 0.94 certify-drop 1.00 | ppi_uniform width 0.150 cover 0.96 certify-drop 1.00 | active width 0.143 cover 0.95 certify-drop 1.00
   labels 200: uniform width 0.116 cover 0.95 certify-drop 1.00 | ppi_uniform width 0.109 cover 0.98 certify-drop 1.00 | active width 0.104 cover 0.98 certify-drop 1.00
-- prior: post-shift acc 0.9012 (source 0.8993), harmful 0.05 | proxy_mean FA 0.00 det 0.00 | proxy_quant FA 0.00 det 0.00 | oos_rate FA 0.00 det 0.00 | msp_cusum FA 0.00 det 0.00 | mmd FA 0.00 det 0.00
   labels 25: uniform width 0.224 cover 0.92 certify-drop 0.00 | ppi_uniform width 0.156 cover 0.96 certify-drop 0.00 | active width 0.122 cover 0.95 certify-drop 0.00
   labels 50: uniform width 0.156 cover 0.92 certify-drop 0.00 | ppi_uniform width 0.117 cover 0.95 certify-drop 0.00 | active width 0.093 cover 0.96 certify-drop 0.00
   labels 100: uniform width 0.110 cover 0.94 certify-drop 0.00 | ppi_uniform width 0.086 cover 0.98 certify-drop 0.00 | active width 0.070 cover 0.97 certify-drop 0.00
   labels 200: uniform width 0.073 cover 0.94 certify-drop 0.00 | ppi_uniform width 0.064 cover 0.99 certify-drop 0.00 | active width 0.053 cover 0.99 certify-drop 0.00
-- typos_0.1: post-shift acc 0.5642 (source 0.8993), harmful 1.00 | proxy_mean FA 0.00 det 1.00 delay 609 | proxy_quant FA 0.00 det 1.00 delay 577 | oos_rate FA 0.00 det 0.10 delay 1768 | msp_cusum FA 0.00 det 1.00 delay 18 | mmd FA 0.00 det 0.00
   labels 25: uniform width 0.376 cover 0.93 certify-drop 0.92 | ppi_uniform width 0.275 cover 0.96 certify-drop 0.97 | active width 0.255 cover 0.96 certify-drop 0.95
   labels 50: uniform width 0.265 cover 0.95 certify-drop 1.00 | ppi_uniform width 0.199 cover 0.96 certify-drop 1.00 | active width 0.190 cover 0.96 certify-drop 0.99
   labels 100: uniform width 0.184 cover 0.94 certify-drop 1.00 | ppi_uniform width 0.145 cover 0.97 certify-drop 1.00 | active width 0.139 cover 0.97 certify-drop 1.00
   labels 200: uniform width 0.123 cover 0.95 certify-drop 1.00 | ppi_uniform width 0.107 cover 0.99 certify-drop 1.00 | active width 0.104 cover 0.99 certify-drop 1.00
-- typos_0.2: post-shift acc 0.2630 (source 0.8993), harmful 1.00 | proxy_mean FA 0.00 det 1.00 delay 326 | proxy_quant FA 0.00 det 1.00 delay 324 | oos_rate FA 0.00 det 0.30 delay 1793 | msp_cusum FA 0.00 det 1.00 delay 10 | mmd FA 0.00 det 0.00
   labels 25: uniform width 0.333 cover 0.92 certify-drop 1.00 | ppi_uniform width 0.301 cover 0.96 certify-drop 1.00 | active width 0.293 cover 0.96 certify-drop 1.00
   labels 50: uniform width 0.236 cover 0.94 certify-drop 1.00 | ppi_uniform width 0.217 cover 0.95 certify-drop 1.00 | active width 0.215 cover 0.95 certify-drop 1.00
   labels 100: uniform width 0.163 cover 0.94 certify-drop 1.00 | ppi_uniform width 0.154 cover 0.96 certify-drop 1.00 | active width 0.154 cover 0.96 certify-drop 1.00
   labels 200: uniform width 0.109 cover 0.94 certify-drop 1.00 | ppi_uniform width 0.111 cover 0.98 certify-drop 1.00 | active width 0.112 cover 0.97 certify-drop 1.00
done in 562.7s -> results/tarski/explore_lit_drift.json
