Loading weights:   0%|          | 0/134 [00:00<?, ?it/s]Loading weights: 100%|██████████| 134/134 [00:00<00:00, 9240.38it/s]
Using the latest cached version of the dataset since LocalLLaMA/typed-decisions couldn't be found on the Hugging Face Hub (offline mode is enabled).
Found the latest cached dataset configuration 'all' at /home/ubuntu/.cache/huggingface/datasets/LocalLLaMA___typed-decisions/all/0.0.0/f7a2487edd7a043a5441a5e9ccc7fe5ddbd9ebe8 (last modified on Sun Sep 27 18:59:51 2026).
Using the latest cached version of the dataset since LocalLLaMA/typed-decisions couldn't be found on the Hugging Face Hub (offline mode is enabled).
Found the latest cached dataset configuration 'all' at /home/ubuntu/.cache/huggingface/datasets/LocalLLaMA___typed-decisions/all/0.0.0/f7a2487edd7a043a5441a5e9ccc7fe5ddbd9ebe8 (last modified on Sun Sep 27 18:59:51 2026).
== typed-decisions: 1080/120/400 messages (train/val/test), tasks: agent_trace_observability.action(4), agent_trace_observability.needs_review(2), agent_trace_observability.outcome(4), agent_trace_observability.risk(4), agent_trace_observability.urgency(4), customer_service.action(5), customer_service.category(5), customer_service.churn_risk(4), customer_service.needs_human(2), customer_service.urgency(4), invoice_processing.discrepancy_severity(4), invoice_processing.disposition(4), invoice_processing.duplicate(2), invoice_processing.matches_order(2), invoice_processing.urgency(4), security_incidents.credential_compromise(2), security_incidents.disposition(4), security_incidents.severity(5), security_incidents.true_positive(2), security_incidents.urgency(4) | base answerdotai/ModernBERT-base on cuda | seed 0
-- probe@22
  cached trunk depth 22 for 1600 messages in 15.5s (559 MB)
  [agent_trace_observability.action] probe split=22, 4 labels, 274 train
    epoch 1/34 loss 1.3965 val acc 0.3077 (0.3s)
    epoch 2/34 loss 1.2796 val acc 0.5385 (0.1s)
    epoch 3/34 loss 1.2717 val acc 0.5385 (0.1s)
    epoch 4/34 loss 1.2535 val acc 0.3077 (0.1s)
    epoch 5/34 loss 1.2518 val acc 0.4231 (0.1s)
    epoch 6/34 loss 1.2533 val acc 0.6154 (0.1s)
    epoch 7/34 loss 1.2261 val acc 0.5385 (0.1s)
    epoch 8/34 loss 1.2219 val acc 0.5385 (0.1s)
    epoch 9/34 loss 1.2072 val acc 0.6538 (0.1s)
    epoch 10/34 loss 1.2078 val acc 0.7308 (0.1s)
    epoch 11/34 loss 1.1919 val acc 0.5769 (0.1s)
    epoch 12/34 loss 1.1860 val acc 0.6538 (0.1s)
    epoch 13/34 loss 1.1862 val acc 0.6538 (0.1s)
    epoch 14/34 loss 1.1793 val acc 0.6538 (0.1s)
    epoch 15/34 loss 1.1779 val acc 0.6154 (0.1s)
    epoch 16/34 loss 1.1818 val acc 0.5769 (0.1s)
    epoch 17/34 loss 1.1684 val acc 0.6154 (0.1s)
    epoch 18/34 loss 1.1688 val acc 0.6538 (0.1s)
    epoch 19/34 loss 1.1643 val acc 0.6538 (0.1s)
    epoch 20/34 loss 1.1602 val acc 0.6538 (0.1s)
    epoch 21/34 loss 1.1571 val acc 0.7308 (0.1s)
    epoch 22/34 loss 1.1527 val acc 0.7308 (0.1s)
    epoch 23/34 loss 1.1534 val acc 0.8077 (0.1s)
    epoch 24/34 loss 1.1497 val acc 0.6154 (0.1s)
    epoch 25/34 loss 1.1475 val acc 0.7692 (0.1s)
    epoch 26/34 loss 1.1493 val acc 0.8077 (0.1s)
    epoch 27/34 loss 1.1465 val acc 0.7692 (0.1s)
    epoch 28/34 loss 1.1438 val acc 0.7692 (0.1s)
    epoch 29/34 loss 1.1482 val acc 0.7692 (0.1s)
    epoch 30/34 loss 1.1420 val acc 0.8077 (0.1s)
    epoch 31/34 loss 1.1459 val acc 0.8077 (0.1s)
    epoch 32/34 loss 1.1424 val acc 0.7692 (0.2s)
    epoch 33/34 loss 1.1426 val acc 0.7692 (0.1s)
    epoch 34/34 loss 1.1447 val acc 0.7692 (0.1s)
  [agent_trace_observability.action] test acc 0.4900 macro-F1 0.3148 ECE 0.110 (T=1.00, 5s, 0.00M params)
  [agent_trace_observability.needs_review] probe split=22, 2 labels, 274 train
    epoch 1/34 loss 0.6973 val acc 0.5769 (0.1s)
    epoch 2/34 loss 0.6962 val acc 0.5000 (0.1s)
    epoch 3/34 loss 0.6858 val acc 0.5000 (0.1s)
    epoch 4/34 loss 0.6806 val acc 0.5769 (0.1s)
    epoch 5/34 loss 0.6683 val acc 0.7308 (0.1s)
    epoch 6/34 loss 0.6637 val acc 0.5000 (0.1s)
    epoch 7/34 loss 0.6611 val acc 0.5000 (0.1s)
    epoch 8/34 loss 0.6587 val acc 0.5000 (0.1s)
    epoch 9/34 loss 0.6474 val acc 0.7308 (0.1s)
    epoch 10/34 loss 0.6612 val acc 0.7308 (0.1s)
    epoch 11/34 loss 0.6256 val acc 0.6923 (0.1s)
    epoch 12/34 loss 0.6358 val acc 0.7692 (0.1s)
    epoch 13/34 loss 0.6406 val acc 0.8077 (0.1s)
    epoch 14/34 loss 0.6190 val acc 0.7692 (0.1s)
    epoch 15/34 loss 0.6221 val acc 0.7692 (0.1s)
    epoch 16/34 loss 0.6128 val acc 0.7308 (0.1s)
    epoch 17/34 loss 0.6176 val acc 0.6538 (0.1s)
    epoch 18/34 loss 0.6241 val acc 0.7308 (0.1s)
    epoch 19/34 loss 0.6093 val acc 0.7692 (0.1s)
    epoch 20/34 loss 0.6046 val acc 0.7692 (0.1s)
    epoch 21/34 loss 0.6061 val acc 0.7692 (0.1s)
    epoch 22/34 loss 0.6036 val acc 0.7308 (0.1s)
    epoch 23/34 loss 0.6024 val acc 0.8077 (0.1s)
    epoch 24/34 loss 0.6008 val acc 0.7692 (0.1s)
    epoch 25/34 loss 0.5992 val acc 0.7308 (0.1s)
    epoch 26/34 loss 0.6027 val acc 0.7308 (0.1s)
    epoch 27/34 loss 0.5999 val acc 0.7692 (0.1s)
    epoch 28/34 loss 0.5958 val acc 0.7692 (0.1s)
    epoch 29/34 loss 0.6003 val acc 0.7308 (0.1s)
    epoch 30/34 loss 0.5974 val acc 0.8077 (0.1s)
    epoch 31/34 loss 0.5979 val acc 0.7692 (0.1s)
    epoch 32/34 loss 0.5945 val acc 0.7692 (0.1s)
    epoch 33/34 loss 0.5964 val acc 0.8077 (0.1s)
    epoch 34/34 loss 0.5968 val acc 0.8077 (0.1s)
  [agent_trace_observability.needs_review] test acc 0.8100 macro-F1 0.8091 ECE 0.161 (T=1.00, 5s, 0.00M params)
  [agent_trace_observability.outcome] probe split=22, 4 labels, 274 train
    epoch 1/34 loss 1.3981 val acc 0.5769 (0.1s)
    epoch 2/34 loss 1.3572 val acc 0.5769 (0.1s)
    epoch 3/34 loss 1.3414 val acc 0.5385 (0.1s)
    epoch 4/34 loss 1.3380 val acc 0.5769 (0.1s)
    epoch 5/34 loss 1.3196 val acc 0.6538 (0.1s)
    epoch 6/34 loss 1.3124 val acc 0.5769 (0.1s)
    epoch 7/34 loss 1.3033 val acc 0.4231 (0.1s)
    epoch 8/34 loss 1.2924 val acc 0.2692 (0.1s)
    epoch 9/34 loss 1.2812 val acc 0.4615 (0.1s)
    epoch 10/34 loss 1.2695 val acc 0.5385 (0.1s)
    epoch 11/34 loss 1.2565 val acc 0.6154 (0.1s)
    epoch 12/34 loss 1.2587 val acc 0.6538 (0.1s)
    epoch 13/34 loss 1.2491 val acc 0.6154 (0.1s)
    epoch 14/34 loss 1.2419 val acc 0.5769 (0.1s)
    epoch 15/34 loss 1.2384 val acc 0.6154 (0.1s)
    epoch 16/34 loss 1.2338 val acc 0.6538 (0.1s)
    epoch 17/34 loss 1.2157 val acc 0.5000 (0.1s)
    epoch 18/34 loss 1.2119 val acc 0.6923 (0.1s)
    epoch 19/34 loss 1.2041 val acc 0.6923 (0.1s)
    epoch 20/34 loss 1.1984 val acc 0.6538 (0.1s)
    epoch 21/34 loss 1.1934 val acc 0.6923 (0.1s)
    epoch 22/34 loss 1.1915 val acc 0.6538 (0.1s)
    epoch 23/34 loss 1.1886 val acc 0.6923 (0.1s)
    epoch 24/34 loss 1.1975 val acc 0.6923 (0.1s)
    epoch 25/34 loss 1.1856 val acc 0.7692 (0.1s)
    epoch 26/34 loss 1.1839 val acc 0.7308 (0.1s)
    epoch 27/34 loss 1.1833 val acc 0.7308 (0.1s)
    epoch 28/34 loss 1.1747 val acc 0.8077 (0.1s)
    epoch 29/34 loss 1.1791 val acc 0.7308 (0.1s)
    epoch 30/34 loss 1.1794 val acc 0.7308 (0.1s)
    epoch 31/34 loss 1.1764 val acc 0.7308 (0.1s)
    epoch 32/34 loss 1.1729 val acc 0.7308 (0.1s)
    epoch 33/34 loss 1.1738 val acc 0.7308 (0.1s)
    epoch 34/34 loss 1.1771 val acc 0.7308 (0.1s)
  [agent_trace_observability.outcome] test acc 0.4400 macro-F1 0.3449 ECE 0.078 (T=1.00, 5s, 0.00M params)
  [agent_trace_observability.risk] probe split=22, 4 labels, 274 train
    epoch 1/34 loss 1.3766 val acc 0.2692 (0.1s)
    epoch 2/34 loss 1.3653 val acc 0.3077 (0.1s)
    epoch 3/34 loss 1.3662 val acc 0.3846 (0.1s)
    epoch 4/34 loss 1.3337 val acc 0.2692 (0.1s)
    epoch 5/34 loss 1.3319 val acc 0.4231 (0.1s)
    epoch 6/34 loss 1.3509 val acc 0.3077 (0.1s)
    epoch 7/34 loss 1.2995 val acc 0.4231 (0.1s)
    epoch 8/34 loss 1.2769 val acc 0.4615 (0.1s)
    epoch 9/34 loss 1.2635 val acc 0.3846 (0.1s)
    epoch 10/34 loss 1.2634 val acc 0.3846 (0.1s)
    epoch 11/34 loss 1.2597 val acc 0.5000 (0.1s)
    epoch 12/34 loss 1.2315 val acc 0.5000 (0.1s)
    epoch 13/34 loss 1.2311 val acc 0.3846 (0.1s)
    epoch 14/34 loss 1.2024 val acc 0.6154 (0.1s)
    epoch 15/34 loss 1.2111 val acc 0.4615 (0.1s)
    epoch 16/34 loss 1.2006 val acc 0.5385 (0.1s)
    epoch 17/34 loss 1.1923 val acc 0.5769 (0.1s)
    epoch 18/34 loss 1.1847 val acc 0.5385 (0.1s)
    epoch 19/34 loss 1.1776 val acc 0.5769 (0.1s)
    epoch 20/34 loss 1.1647 val acc 0.5000 (0.1s)
    epoch 21/34 loss 1.1619 val acc 0.5385 (0.1s)
    epoch 22/34 loss 1.1538 val acc 0.5385 (0.1s)
    epoch 23/34 loss 1.1536 val acc 0.5769 (0.1s)
    epoch 24/34 loss 1.1536 val acc 0.5385 (0.1s)
    epoch 25/34 loss 1.1455 val acc 0.6154 (0.1s)
    epoch 26/34 loss 1.1419 val acc 0.5385 (0.1s)
    epoch 27/34 loss 1.1430 val acc 0.5769 (0.1s)
    epoch 28/34 loss 1.1347 val acc 0.5385 (0.1s)
    epoch 29/34 loss 1.1441 val acc 0.5769 (0.1s)
    epoch 30/34 loss 1.1400 val acc 0.5769 (0.1s)
    epoch 31/34 loss 1.1392 val acc 0.5769 (0.1s)
    epoch 32/34 loss 1.1363 val acc 0.5769 (0.1s)
    epoch 33/34 loss 1.1343 val acc 0.5769 (0.1s)
    epoch 34/34 loss 1.1351 val acc 0.5769 (0.1s)
  [agent_trace_observability.risk] test acc 0.5200 macro-F1 0.4964 ECE 0.128 (T=1.00, 5s, 0.00M params)
  [agent_trace_observability.urgency] probe split=22, 4 labels, 274 train
    epoch 1/34 loss 1.3570 val acc 0.6154 (0.1s)
    epoch 2/34 loss 1.3418 val acc 0.5385 (0.1s)
    epoch 3/34 loss 1.3533 val acc 0.5769 (0.1s)
    epoch 4/34 loss 1.3254 val acc 0.6154 (0.1s)
    epoch 5/34 loss 1.3364 val acc 0.5769 (0.1s)
    epoch 6/34 loss 1.3236 val acc 0.6538 (0.1s)
    epoch 7/34 loss 1.2989 val acc 0.5000 (0.1s)
    epoch 8/34 loss 1.2741 val acc 0.6154 (0.1s)
    epoch 9/34 loss 1.2690 val acc 0.5769 (0.1s)
    epoch 10/34 loss 1.2642 val acc 0.5000 (0.1s)
    epoch 11/34 loss 1.2489 val acc 0.5769 (0.1s)
    epoch 12/34 loss 1.2389 val acc 0.6154 (0.1s)
    epoch 13/34 loss 1.2464 val acc 0.5769 (0.1s)
    epoch 14/34 loss 1.2230 val acc 0.5385 (0.1s)
    epoch 15/34 loss 1.2235 val acc 0.5769 (0.1s)
    epoch 16/34 loss 1.2178 val acc 0.5769 (0.1s)
    epoch 17/34 loss 1.2130 val acc 0.5769 (0.1s)
    epoch 18/34 loss 1.2095 val acc 0.6154 (0.1s)
    epoch 19/34 loss 1.2050 val acc 0.5385 (0.1s)
    epoch 20/34 loss 1.1943 val acc 0.5769 (0.1s)
    epoch 21/34 loss 1.1994 val acc 0.5000 (0.1s)
    epoch 22/34 loss 1.1871 val acc 0.5769 (0.1s)
    epoch 23/34 loss 1.1881 val acc 0.5769 (0.1s)
    epoch 24/34 loss 1.1851 val acc 0.5769 (0.1s)
    epoch 25/34 loss 1.1816 val acc 0.6154 (0.1s)
    epoch 26/34 loss 1.1798 val acc 0.5385 (0.1s)
    epoch 27/34 loss 1.1800 val acc 0.5769 (0.1s)
    epoch 28/34 loss 1.1750 val acc 0.5385 (0.1s)
    epoch 29/34 loss 1.1776 val acc 0.5769 (0.1s)
    epoch 30/34 loss 1.1776 val acc 0.5769 (0.1s)
    epoch 31/34 loss 1.1772 val acc 0.5769 (0.1s)
    epoch 32/34 loss 1.1759 val acc 0.5769 (0.1s)
    epoch 33/34 loss 1.1744 val acc 0.5769 (0.1s)
    epoch 34/34 loss 1.1728 val acc 0.5769 (0.1s)
  [agent_trace_observability.urgency] test acc 0.4500 macro-F1 0.3212 ECE 0.119 (T=1.00, 5s, 0.00M params)
  [customer_service.action] probe split=22, 5 labels, 269 train
    epoch 1/34 loss 1.4294 val acc 0.5484 (0.2s)
    epoch 2/34 loss 1.3017 val acc 0.5484 (0.2s)
    epoch 3/34 loss 1.2804 val acc 0.3226 (0.2s)
    epoch 4/34 loss 1.2577 val acc 0.4194 (0.2s)
    epoch 5/34 loss 1.2172 val acc 0.5161 (0.2s)
    epoch 6/34 loss 1.1940 val acc 0.5484 (0.2s)
    epoch 7/34 loss 1.1915 val acc 0.3548 (0.2s)
    epoch 8/34 loss 1.1996 val acc 0.5161 (0.2s)
    epoch 9/34 loss 1.2327 val acc 0.5484 (0.2s)
    epoch 10/34 loss 1.1886 val acc 0.5484 (0.2s)
    epoch 11/34 loss 1.1865 val acc 0.4839 (0.2s)
    epoch 12/34 loss 1.1540 val acc 0.5484 (0.2s)
    epoch 13/34 loss 1.1442 val acc 0.5806 (0.2s)
    epoch 14/34 loss 1.1486 val acc 0.5806 (0.2s)
    epoch 15/34 loss 1.1359 val acc 0.6129 (0.2s)
    epoch 16/34 loss 1.1330 val acc 0.5484 (0.2s)
    epoch 17/34 loss 1.1272 val acc 0.5806 (0.2s)
    epoch 18/34 loss 1.1208 val acc 0.6129 (0.2s)
    epoch 19/34 loss 1.1193 val acc 0.6129 (0.2s)
    epoch 20/34 loss 1.1122 val acc 0.6452 (0.2s)
    epoch 21/34 loss 1.1096 val acc 0.6129 (0.2s)
    epoch 22/34 loss 1.1136 val acc 0.6452 (0.2s)
    epoch 23/34 loss 1.1132 val acc 0.6452 (0.2s)
    epoch 24/34 loss 1.1090 val acc 0.6774 (0.2s)
    epoch 25/34 loss 1.1041 val acc 0.6452 (0.2s)
    epoch 26/34 loss 1.1029 val acc 0.6774 (0.2s)
    epoch 27/34 loss 1.1032 val acc 0.6452 (0.2s)
    epoch 28/34 loss 1.1039 val acc 0.6774 (0.2s)
    epoch 29/34 loss 1.1055 val acc 0.6774 (0.2s)
    epoch 30/34 loss 1.1028 val acc 0.6774 (0.2s)
    epoch 31/34 loss 1.0993 val acc 0.6774 (0.2s)
    epoch 32/34 loss 1.1039 val acc 0.6774 (0.2s)
    epoch 33/34 loss 1.1002 val acc 0.6774 (0.2s)
    epoch 34/34 loss 1.1014 val acc 0.6774 (0.2s)
  [customer_service.action] test acc 0.6600 macro-F1 0.3263 ECE 0.141 (T=0.93, 5s, 0.01M params)
  [customer_service.category] probe split=22, 5 labels, 269 train
    epoch 1/34 loss 1.6181 val acc 0.1613 (0.2s)
    epoch 2/34 loss 1.5534 val acc 0.1613 (0.2s)
    epoch 3/34 loss 1.5230 val acc 0.3226 (0.2s)
    epoch 4/34 loss 1.4531 val acc 0.2258 (0.2s)
    epoch 5/34 loss 1.3667 val acc 0.6129 (0.2s)
    epoch 6/34 loss 1.2973 val acc 0.5806 (0.2s)
    epoch 7/34 loss 1.2409 val acc 0.5161 (0.2s)
    epoch 8/34 loss 1.1720 val acc 0.5806 (0.2s)
    epoch 9/34 loss 1.1191 val acc 0.5806 (0.2s)
    epoch 10/34 loss 1.0556 val acc 0.5806 (0.2s)
    epoch 11/34 loss 1.0089 val acc 0.6452 (0.2s)
    epoch 12/34 loss 0.9917 val acc 0.4516 (0.2s)
    epoch 13/34 loss 0.9597 val acc 0.6452 (0.2s)
    epoch 14/34 loss 0.9272 val acc 0.6774 (0.2s)
    epoch 15/34 loss 0.8967 val acc 0.5806 (0.1s)
    epoch 16/34 loss 0.8723 val acc 0.7097 (0.2s)
    epoch 17/34 loss 0.8638 val acc 0.6774 (0.2s)
    epoch 18/34 loss 0.8416 val acc 0.6129 (0.2s)
    epoch 19/34 loss 0.8226 val acc 0.6452 (0.2s)
    epoch 20/34 loss 0.7959 val acc 0.6774 (0.2s)
    epoch 21/34 loss 0.7975 val acc 0.6452 (0.2s)
    epoch 22/34 loss 0.7856 val acc 0.6452 (0.2s)
    epoch 23/34 loss 0.7682 val acc 0.6452 (0.2s)
    epoch 24/34 loss 0.7710 val acc 0.6774 (0.2s)
    epoch 25/34 loss 0.7643 val acc 0.7097 (0.2s)
    epoch 26/34 loss 0.7543 val acc 0.6129 (0.2s)
    epoch 27/34 loss 0.7532 val acc 0.7097 (0.2s)
    epoch 28/34 loss 0.7359 val acc 0.6774 (0.2s)
    epoch 29/34 loss 0.7436 val acc 0.7419 (0.2s)
    epoch 30/34 loss 0.7442 val acc 0.7097 (0.2s)
    epoch 31/34 loss 0.7449 val acc 0.7097 (0.2s)
    epoch 32/34 loss 0.7441 val acc 0.7097 (0.2s)
    epoch 33/34 loss 0.7365 val acc 0.7097 (0.2s)
    epoch 34/34 loss 0.7450 val acc 0.7097 (0.2s)
  [customer_service.category] test acc 0.7900 macro-F1 0.7540 ECE 0.096 (T=0.66, 5s, 0.01M params)
  [customer_service.churn_risk] probe split=22, 4 labels, 269 train
    epoch 1/34 loss 1.4133 val acc 0.5161 (0.2s)
    epoch 2/34 loss 1.3235 val acc 0.5161 (0.2s)
    epoch 3/34 loss 1.2964 val acc 0.5161 (0.2s)
    epoch 4/34 loss 1.2728 val acc 0.5161 (0.2s)
    epoch 5/34 loss 1.2549 val acc 0.5161 (0.2s)
    epoch 6/34 loss 1.2400 val acc 0.5484 (0.2s)
    epoch 7/34 loss 1.2260 val acc 0.4516 (0.2s)
    epoch 8/34 loss 1.2078 val acc 0.5161 (0.2s)
    epoch 9/34 loss 1.2010 val acc 0.6129 (0.2s)
    epoch 10/34 loss 1.1930 val acc 0.5484 (0.2s)
    epoch 11/34 loss 1.1932 val acc 0.5806 (0.2s)
    epoch 12/34 loss 1.1713 val acc 0.5484 (0.2s)
    epoch 13/34 loss 1.1499 val acc 0.5806 (0.2s)
    epoch 14/34 loss 1.1525 val acc 0.6129 (0.2s)
    epoch 15/34 loss 1.1316 val acc 0.6452 (0.2s)
    epoch 16/34 loss 1.1295 val acc 0.6129 (0.2s)
    epoch 17/34 loss 1.1199 val acc 0.6452 (0.2s)
    epoch 18/34 loss 1.1187 val acc 0.6774 (0.1s)
    epoch 19/34 loss 1.1134 val acc 0.6774 (0.2s)
    epoch 20/34 loss 1.1096 val acc 0.5806 (0.2s)
    epoch 21/34 loss 1.1087 val acc 0.5806 (0.2s)
    epoch 22/34 loss 1.0971 val acc 0.6452 (0.2s)
    epoch 23/34 loss 1.0969 val acc 0.6774 (0.2s)
    epoch 24/34 loss 1.0901 val acc 0.6452 (0.2s)
    epoch 25/34 loss 1.0849 val acc 0.6774 (0.2s)
    epoch 26/34 loss 1.0837 val acc 0.6774 (0.2s)
    epoch 27/34 loss 1.0878 val acc 0.6774 (0.2s)
    epoch 28/34 loss 1.0896 val acc 0.6774 (0.2s)
    epoch 29/34 loss 1.0829 val acc 0.6774 (0.2s)
    epoch 30/34 loss 1.0882 val acc 0.6774 (0.2s)
    epoch 31/34 loss 1.0853 val acc 0.6774 (0.1s)
    epoch 32/34 loss 1.0838 val acc 0.6774 (0.2s)
    epoch 33/34 loss 1.0824 val acc 0.6774 (0.2s)
    epoch 34/34 loss 1.0799 val acc 0.6774 (0.2s)
  [customer_service.churn_risk] test acc 0.7100 macro-F1 0.5174 ECE 0.251 (T=0.84, 5s, 0.00M params)
  [customer_service.needs_human] probe split=22, 2 labels, 269 train
    epoch 1/34 loss 0.6975 val acc 0.7419 (0.2s)
    epoch 2/34 loss 0.7028 val acc 0.7419 (0.2s)
    epoch 3/34 loss 0.7008 val acc 0.2903 (0.2s)
    epoch 4/34 loss 0.6822 val acc 0.4516 (0.2s)
    epoch 5/34 loss 0.6847 val acc 0.7419 (0.2s)
    epoch 6/34 loss 0.7173 val acc 0.7419 (0.2s)
    epoch 7/34 loss 0.6509 val acc 0.5484 (0.2s)
    epoch 8/34 loss 0.6514 val acc 0.6774 (0.2s)
    epoch 9/34 loss 0.7150 val acc 0.7419 (0.2s)
    epoch 10/34 loss 0.6409 val acc 0.7419 (0.2s)
    epoch 11/34 loss 0.6485 val acc 0.7742 (0.2s)
    epoch 12/34 loss 0.6308 val acc 0.7742 (0.2s)
    epoch 13/34 loss 0.6333 val acc 0.7742 (0.2s)
    epoch 14/34 loss 0.6222 val acc 0.6452 (0.2s)
    epoch 15/34 loss 0.6211 val acc 0.6129 (0.2s)
    epoch 16/34 loss 0.6263 val acc 0.7419 (0.2s)
    epoch 17/34 loss 0.6200 val acc 0.8387 (0.2s)
    epoch 18/34 loss 0.6138 val acc 0.6774 (0.2s)
    epoch 19/34 loss 0.6148 val acc 0.6774 (0.2s)
    epoch 20/34 loss 0.6083 val acc 0.8065 (0.2s)
    epoch 21/34 loss 0.6112 val acc 0.8065 (0.2s)
    epoch 22/34 loss 0.6105 val acc 0.6774 (0.2s)
    epoch 23/34 loss 0.6102 val acc 0.8065 (0.2s)
    epoch 24/34 loss 0.6077 val acc 0.8065 (0.2s)
    epoch 25/34 loss 0.6068 val acc 0.7742 (0.2s)
    epoch 26/34 loss 0.6040 val acc 0.7419 (0.2s)
    epoch 27/34 loss 0.6061 val acc 0.7742 (0.2s)
    epoch 28/34 loss 0.6065 val acc 0.7742 (0.2s)
    epoch 29/34 loss 0.6080 val acc 0.8065 (0.2s)
    epoch 30/34 loss 0.6068 val acc 0.7742 (0.2s)
    epoch 31/34 loss 0.6037 val acc 0.8065 (0.2s)
    epoch 32/34 loss 0.6081 val acc 0.7742 (0.2s)
    epoch 33/34 loss 0.6032 val acc 0.8065 (0.2s)
    epoch 34/34 loss 0.6055 val acc 0.8065 (0.2s)
  [customer_service.needs_human] test acc 0.8200 macro-F1 0.7717 ECE 0.120 (T=0.71, 5s, 0.00M params)
  [customer_service.urgency] probe split=22, 4 labels, 269 train
    epoch 1/34 loss 1.4603 val acc 0.2581 (0.2s)
    epoch 2/34 loss 1.2365 val acc 0.5161 (0.2s)
    epoch 3/34 loss 1.1899 val acc 0.5161 (0.2s)
    epoch 4/34 loss 1.1843 val acc 0.5484 (0.2s)
    epoch 5/34 loss 1.1576 val acc 0.6129 (0.2s)
    epoch 6/34 loss 1.1450 val acc 0.5806 (0.2s)
    epoch 7/34 loss 1.1275 val acc 0.6452 (0.2s)
    epoch 8/34 loss 1.1228 val acc 0.5484 (0.2s)
    epoch 9/34 loss 1.1199 val acc 0.5806 (0.2s)
    epoch 10/34 loss 1.1319 val acc 0.2581 (0.2s)
    epoch 11/34 loss 1.1064 val acc 0.2581 (0.2s)
    epoch 12/34 loss 1.1316 val acc 0.5484 (0.2s)
    epoch 13/34 loss 1.0960 val acc 0.4839 (0.2s)
    epoch 14/34 loss 1.0705 val acc 0.4516 (0.2s)
    epoch 15/34 loss 1.0689 val acc 0.4194 (0.1s)
    epoch 16/34 loss 1.0530 val acc 0.7742 (0.2s)
    epoch 17/34 loss 1.0545 val acc 0.5806 (0.2s)
    epoch 18/34 loss 1.0505 val acc 0.5161 (0.2s)
    epoch 19/34 loss 1.0476 val acc 0.5806 (0.2s)
    epoch 20/34 loss 1.0440 val acc 0.5806 (0.2s)
    epoch 21/34 loss 1.0373 val acc 0.6452 (0.2s)
    epoch 22/34 loss 1.0373 val acc 0.5806 (0.2s)
    epoch 23/34 loss 1.0366 val acc 0.6129 (0.2s)
    epoch 24/34 loss 1.0276 val acc 0.5806 (0.2s)
    epoch 25/34 loss 1.0249 val acc 0.6452 (0.2s)
    epoch 26/34 loss 1.0219 val acc 0.5806 (0.2s)
    epoch 27/34 loss 1.0233 val acc 0.6129 (0.2s)
    epoch 28/34 loss 1.0248 val acc 0.6129 (0.2s)
    epoch 29/34 loss 1.0192 val acc 0.6452 (0.2s)
    epoch 30/34 loss 1.0192 val acc 0.6452 (0.2s)
    epoch 31/34 loss 1.0197 val acc 0.6452 (0.2s)
    epoch 32/34 loss 1.0201 val acc 0.6452 (0.2s)
    epoch 33/34 loss 1.0179 val acc 0.6452 (0.2s)
    epoch 34/34 loss 1.0198 val acc 0.6452 (0.2s)
  [customer_service.urgency] test acc 0.6500 macro-F1 0.4793 ECE 0.155 (T=0.86, 5s, 0.00M params)
  [invoice_processing.discrepancy_severity] probe split=22, 4 labels, 259 train
    epoch 1/34 loss 1.3898 val acc 0.2927 (0.1s)
    epoch 2/34 loss 1.2654 val acc 0.2927 (0.1s)
    epoch 3/34 loss 1.2998 val acc 0.3171 (0.2s)
    epoch 4/34 loss 1.2487 val acc 0.2927 (0.1s)
    epoch 5/34 loss 1.3272 val acc 0.2927 (0.1s)
    epoch 6/34 loss 1.2980 val acc 0.2683 (0.1s)
    epoch 7/34 loss 1.4985 val acc 0.2927 (0.2s)
    epoch 8/34 loss 1.2370 val acc 0.3659 (0.1s)
    epoch 9/34 loss 1.2639 val acc 0.2927 (0.1s)
    epoch 10/34 loss 1.2484 val acc 0.2927 (0.1s)
    epoch 11/34 loss 1.2460 val acc 0.2927 (0.1s)
    epoch 12/34 loss 1.2089 val acc 0.4390 (0.2s)
    epoch 13/34 loss 1.2444 val acc 0.2927 (0.2s)
    epoch 14/34 loss 1.2462 val acc 0.4146 (0.1s)
    epoch 15/34 loss 1.1951 val acc 0.3171 (0.1s)
    epoch 16/34 loss 1.1729 val acc 0.2927 (0.1s)
    epoch 17/34 loss 1.1678 val acc 0.4634 (0.1s)
    epoch 18/34 loss 1.2001 val acc 0.2927 (0.2s)
    epoch 19/34 loss 1.1526 val acc 0.5610 (0.1s)
    epoch 20/34 loss 1.2469 val acc 0.4634 (0.1s)
    epoch 21/34 loss 1.1627 val acc 0.2927 (0.1s)
    epoch 22/34 loss 1.1344 val acc 0.5366 (0.2s)
    epoch 23/34 loss 1.1997 val acc 0.5610 (0.2s)
    epoch 24/34 loss 1.1532 val acc 0.2927 (0.1s)
    epoch 25/34 loss 1.1652 val acc 0.3171 (0.1s)
    epoch 26/34 loss 1.1385 val acc 0.3415 (0.1s)
    epoch 27/34 loss 1.1378 val acc 0.3415 (0.2s)
    epoch 28/34 loss 1.1392 val acc 0.3171 (0.1s)
    epoch 29/34 loss 1.1378 val acc 0.3171 (0.1s)
    epoch 30/34 loss 1.1348 val acc 0.3415 (0.1s)
    epoch 31/34 loss 1.1323 val acc 0.3415 (0.1s)
    epoch 32/34 loss 1.1373 val acc 0.3415 (0.1s)
    epoch 33/34 loss 1.1306 val acc 0.3415 (0.1s)
    epoch 34/34 loss 1.1349 val acc 0.3415 (0.1s)
  [invoice_processing.discrepancy_severity] test acc 0.5900 macro-F1 0.3237 ECE 0.169 (T=0.92, 5s, 0.00M params)
  [invoice_processing.disposition] probe split=22, 4 labels, 259 train
    epoch 1/34 loss 1.3012 val acc 0.3902 (0.2s)
    epoch 2/34 loss 1.2477 val acc 0.2439 (0.1s)
    epoch 3/34 loss 1.2754 val acc 0.5122 (0.1s)
    epoch 4/34 loss 1.2918 val acc 0.2439 (0.1s)
    epoch 5/34 loss 1.3072 val acc 0.2439 (0.1s)
    epoch 6/34 loss 1.2929 val acc 0.4878 (0.1s)
    epoch 7/34 loss 1.3913 val acc 0.5122 (0.2s)
    epoch 8/34 loss 1.2611 val acc 0.4878 (0.1s)
    epoch 9/34 loss 1.3355 val acc 0.2439 (0.1s)
    epoch 10/34 loss 1.3209 val acc 0.2927 (0.1s)
    epoch 11/34 loss 1.2411 val acc 0.4878 (0.2s)
    epoch 12/34 loss 1.2333 val acc 0.5366 (0.1s)
    epoch 13/34 loss 1.2471 val acc 0.2439 (0.1s)
    epoch 14/34 loss 1.2260 val acc 0.3415 (0.1s)
    epoch 15/34 loss 1.2099 val acc 0.6341 (0.1s)
    epoch 16/34 loss 1.1861 val acc 0.2439 (0.1s)
    epoch 17/34 loss 1.1788 val acc 0.5610 (0.1s)
    epoch 18/34 loss 1.1920 val acc 0.2683 (0.2s)
    epoch 19/34 loss 1.1710 val acc 0.4878 (0.1s)
    epoch 20/34 loss 1.1871 val acc 0.2927 (0.2s)
    epoch 21/34 loss 1.1763 val acc 0.4634 (0.1s)
    epoch 22/34 loss 1.1606 val acc 0.4878 (0.1s)
    epoch 23/34 loss 1.1664 val acc 0.5366 (0.2s)
    epoch 24/34 loss 1.1674 val acc 0.2683 (0.1s)
    epoch 25/34 loss 1.1628 val acc 0.5366 (0.1s)
    epoch 26/34 loss 1.1574 val acc 0.3415 (0.1s)
    epoch 27/34 loss 1.1527 val acc 0.4146 (0.1s)
    epoch 28/34 loss 1.1514 val acc 0.5122 (0.1s)
    epoch 29/34 loss 1.1511 val acc 0.4878 (0.2s)
    epoch 30/34 loss 1.1478 val acc 0.5366 (0.1s)
    epoch 31/34 loss 1.1459 val acc 0.4878 (0.1s)
    epoch 32/34 loss 1.1453 val acc 0.4634 (0.2s)
    epoch 33/34 loss 1.1441 val acc 0.4634 (0.1s)
    epoch 34/34 loss 1.1494 val acc 0.4634 (0.2s)
  [invoice_processing.disposition] test acc 0.6100 macro-F1 0.3322 ECE 0.208 (T=1.15, 5s, 0.00M params)
  [invoice_processing.duplicate] probe split=22, 2 labels, 259 train
    epoch 1/34 loss 0.5547 val acc 0.8780 (0.1s)
    epoch 2/34 loss 0.3449 val acc 0.8780 (0.2s)
    epoch 3/34 loss 0.3365 val acc 0.8780 (0.1s)
    epoch 4/34 loss 0.3326 val acc 0.8780 (0.1s)
    epoch 5/34 loss 0.3843 val acc 0.8780 (0.1s)
    epoch 6/34 loss 0.3637 val acc 0.8780 (0.1s)
    epoch 7/34 loss 0.3481 val acc 0.8780 (0.1s)
    epoch 8/34 loss 0.3192 val acc 0.8780 (0.1s)
    epoch 9/34 loss 0.3370 val acc 0.8780 (0.1s)
    epoch 10/34 loss 0.3194 val acc 0.8780 (0.1s)
    epoch 11/34 loss 0.3198 val acc 0.8780 (0.2s)
    epoch 12/34 loss 0.3151 val acc 0.8780 (0.2s)
    epoch 13/34 loss 0.3102 val acc 0.8780 (0.1s)
    epoch 14/34 loss 0.3079 val acc 0.8780 (0.1s)
    epoch 15/34 loss 0.3092 val acc 0.8780 (0.1s)
    epoch 16/34 loss 0.3021 val acc 0.8780 (0.1s)
    epoch 17/34 loss 0.3049 val acc 0.8780 (0.1s)
    epoch 18/34 loss 0.3067 val acc 0.8780 (0.1s)
    epoch 19/34 loss 0.2997 val acc 0.8780 (0.1s)
    epoch 20/34 loss 0.3077 val acc 0.8780 (0.1s)
    epoch 21/34 loss 0.3042 val acc 0.8780 (0.1s)
    epoch 22/34 loss 0.3020 val acc 0.8780 (0.1s)
    epoch 23/34 loss 0.2976 val acc 0.8780 (0.1s)
    epoch 24/34 loss 0.2960 val acc 0.8780 (0.1s)
    epoch 25/34 loss 0.2977 val acc 0.8780 (0.1s)
    epoch 26/34 loss 0.2998 val acc 0.8780 (0.1s)
    epoch 27/34 loss 0.2981 val acc 0.8780 (0.1s)
    epoch 28/34 loss 0.2961 val acc 0.8780 (0.2s)
    epoch 29/34 loss 0.2943 val acc 0.8780 (0.1s)
    epoch 30/34 loss 0.2949 val acc 0.8780 (0.1s)
    epoch 31/34 loss 0.2953 val acc 0.8780 (0.1s)
    epoch 32/34 loss 0.2923 val acc 0.8780 (0.2s)
    epoch 33/34 loss 0.2937 val acc 0.8780 (0.1s)
    epoch 34/34 loss 0.2955 val acc 0.8780 (0.1s)
  [invoice_processing.duplicate] test acc 0.8900 macro-F1 0.4709 ECE 0.052 (T=1.06, 5s, 0.00M params)
  [invoice_processing.matches_order] probe split=22, 2 labels, 259 train
    epoch 1/34 loss 0.6988 val acc 0.5122 (0.1s)
    epoch 2/34 loss 0.6985 val acc 0.3659 (0.1s)
    epoch 3/34 loss 0.7420 val acc 0.6341 (0.2s)
    epoch 4/34 loss 0.6941 val acc 0.3659 (0.2s)
    epoch 5/34 loss 0.7990 val acc 0.3659 (0.1s)
    epoch 6/34 loss 0.7648 val acc 0.6341 (0.1s)
    epoch 7/34 loss 0.8583 val acc 0.6585 (0.1s)
    epoch 8/34 loss 0.6805 val acc 0.6829 (0.1s)
    epoch 9/34 loss 0.8082 val acc 0.3659 (0.1s)
    epoch 10/34 loss 0.7140 val acc 0.3659 (0.1s)
    epoch 11/34 loss 0.7119 val acc 0.6341 (0.1s)
    epoch 12/34 loss 0.6735 val acc 0.8537 (0.1s)
    epoch 13/34 loss 0.6644 val acc 0.3659 (0.2s)
    epoch 14/34 loss 0.6637 val acc 0.6341 (0.1s)
    epoch 15/34 loss 0.6377 val acc 0.6829 (0.1s)
    epoch 16/34 loss 0.6278 val acc 0.3659 (0.1s)
    epoch 17/34 loss 0.6314 val acc 0.6341 (0.2s)
    epoch 18/34 loss 0.7007 val acc 0.3902 (0.1s)
    epoch 19/34 loss 0.6044 val acc 0.7805 (0.1s)
    epoch 20/34 loss 0.6987 val acc 0.7561 (0.1s)
    epoch 21/34 loss 0.6123 val acc 0.4390 (0.2s)
    epoch 22/34 loss 0.5956 val acc 0.7317 (0.1s)
    epoch 23/34 loss 0.6205 val acc 0.8293 (0.1s)
    epoch 24/34 loss 0.6013 val acc 0.4390 (0.1s)
    epoch 25/34 loss 0.6035 val acc 0.7073 (0.1s)
    epoch 26/34 loss 0.5949 val acc 0.6585 (0.2s)
    epoch 27/34 loss 0.5907 val acc 0.6829 (0.2s)
    epoch 28/34 loss 0.5904 val acc 0.6585 (0.1s)
    epoch 29/34 loss 0.5853 val acc 0.6585 (0.1s)
    epoch 30/34 loss 0.5915 val acc 0.7073 (0.1s)
    epoch 31/34 loss 0.5835 val acc 0.6829 (0.1s)
    epoch 32/34 loss 0.5872 val acc 0.6585 (0.1s)
    epoch 33/34 loss 0.5796 val acc 0.6585 (0.2s)
    epoch 34/34 loss 0.5855 val acc 0.6585 (0.1s)
  [invoice_processing.matches_order] test acc 0.7700 macro-F1 0.7632 ECE 0.090 (T=0.37, 5s, 0.00M params)
  [invoice_processing.urgency] probe split=22, 4 labels, 259 train
    epoch 1/34 loss 1.3139 val acc 0.4634 (0.1s)
    epoch 2/34 loss 1.2099 val acc 0.4878 (0.1s)
    epoch 3/34 loss 1.2264 val acc 0.4878 (0.1s)
    epoch 4/34 loss 1.2045 val acc 0.4634 (0.2s)
    epoch 5/34 loss 1.1889 val acc 0.4878 (0.1s)
    epoch 6/34 loss 1.1928 val acc 0.4634 (0.1s)
    epoch 7/34 loss 1.2039 val acc 0.4634 (0.1s)
    epoch 8/34 loss 1.2116 val acc 0.4634 (0.1s)
    epoch 9/34 loss 1.1983 val acc 0.4634 (0.1s)
    epoch 10/34 loss 1.1837 val acc 0.4634 (0.1s)
    epoch 11/34 loss 1.1863 val acc 0.7805 (0.2s)
    epoch 12/34 loss 1.1525 val acc 0.4634 (0.2s)
    epoch 13/34 loss 1.1616 val acc 0.5610 (0.2s)
    epoch 14/34 loss 1.1530 val acc 0.6341 (0.1s)
    epoch 15/34 loss 1.1457 val acc 0.5366 (0.1s)
    epoch 16/34 loss 1.1333 val acc 0.7561 (0.1s)
    epoch 17/34 loss 1.1357 val acc 0.6341 (0.1s)
    epoch 18/34 loss 1.1406 val acc 0.7561 (0.1s)
    epoch 19/34 loss 1.1292 val acc 0.7561 (0.1s)
    epoch 20/34 loss 1.1275 val acc 0.5610 (0.1s)
    epoch 21/34 loss 1.1277 val acc 0.6341 (0.2s)
    epoch 22/34 loss 1.1403 val acc 0.7805 (0.2s)
    epoch 23/34 loss 1.1241 val acc 0.7561 (0.1s)
    epoch 24/34 loss 1.1137 val acc 0.8049 (0.1s)
    epoch 25/34 loss 1.1176 val acc 0.7805 (0.1s)
    epoch 26/34 loss 1.1145 val acc 0.7805 (0.1s)
    epoch 27/34 loss 1.1136 val acc 0.8049 (0.1s)
    epoch 28/34 loss 1.1087 val acc 0.8049 (0.1s)
    epoch 29/34 loss 1.1097 val acc 0.8293 (0.1s)
    epoch 30/34 loss 1.1080 val acc 0.8293 (0.1s)
    epoch 31/34 loss 1.1054 val acc 0.8049 (0.1s)
    epoch 32/34 loss 1.1143 val acc 0.8293 (0.2s)
    epoch 33/34 loss 1.1088 val acc 0.8049 (0.1s)
    epoch 34/34 loss 1.1067 val acc 0.8049 (0.1s)
  [invoice_processing.urgency] test acc 0.6100 macro-F1 0.3350 ECE 0.140 (T=0.84, 5s, 0.00M params)
  [security_incidents.credential_compromise] probe split=22, 2 labels, 278 train
    epoch 1/34 loss 0.6912 val acc 0.6364 (0.2s)
    epoch 2/34 loss 0.6895 val acc 0.5909 (0.2s)
    epoch 3/34 loss 0.7162 val acc 0.5909 (0.2s)
    epoch 4/34 loss 0.7038 val acc 0.5909 (0.2s)
    epoch 5/34 loss 0.6970 val acc 0.7273 (0.2s)
    epoch 6/34 loss 0.7120 val acc 0.5909 (0.2s)
    epoch 7/34 loss 0.7232 val acc 0.5909 (0.2s)
    epoch 8/34 loss 0.6781 val acc 0.6818 (0.2s)
    epoch 9/34 loss 0.6718 val acc 0.6364 (0.2s)
    epoch 10/34 loss 0.6668 val acc 0.5000 (0.2s)
    epoch 11/34 loss 0.6657 val acc 0.6364 (0.2s)
    epoch 12/34 loss 0.6617 val acc 0.5909 (0.2s)
    epoch 13/34 loss 0.6556 val acc 0.5909 (0.2s)
    epoch 14/34 loss 0.6570 val acc 0.6364 (0.2s)
    epoch 15/34 loss 0.6503 val acc 0.4545 (0.2s)
    epoch 16/34 loss 0.6868 val acc 0.7273 (0.2s)
    epoch 17/34 loss 0.6519 val acc 0.6364 (0.2s)
    epoch 18/34 loss 0.6496 val acc 0.6364 (0.2s)
    epoch 19/34 loss 0.6460 val acc 0.7273 (0.2s)
    epoch 20/34 loss 0.6520 val acc 0.6364 (0.2s)
    epoch 21/34 loss 0.6557 val acc 0.5455 (0.2s)
    epoch 22/34 loss 0.6587 val acc 0.8182 (0.2s)
    epoch 23/34 loss 0.6510 val acc 0.5909 (0.2s)
    epoch 24/34 loss 0.6433 val acc 0.6364 (0.2s)
    epoch 25/34 loss 0.6449 val acc 0.6364 (0.2s)
    epoch 26/34 loss 0.6447 val acc 0.6364 (0.2s)
    epoch 27/34 loss 0.6454 val acc 0.6364 (0.2s)
    epoch 28/34 loss 0.6473 val acc 0.6818 (0.2s)
    epoch 29/34 loss 0.6440 val acc 0.6364 (0.2s)
    epoch 30/34 loss 0.6439 val acc 0.6364 (0.2s)
    epoch 31/34 loss 0.6453 val acc 0.6818 (0.2s)
    epoch 32/34 loss 0.6424 val acc 0.6818 (0.2s)
    epoch 33/34 loss 0.6408 val acc 0.6818 (0.2s)
    epoch 34/34 loss 0.6404 val acc 0.6818 (0.2s)
  [security_incidents.credential_compromise] test acc 0.6500 macro-F1 0.6500 ECE 0.100 (T=1.00, 5s, 0.00M params)
  [security_incidents.disposition] probe split=22, 4 labels, 278 train
    epoch 1/34 loss 1.2643 val acc 0.7273 (0.2s)
    epoch 2/34 loss 1.2467 val acc 0.7273 (0.2s)
    epoch 3/34 loss 1.2435 val acc 0.7273 (0.1s)
    epoch 4/34 loss 1.2255 val acc 0.7273 (0.2s)
    epoch 5/34 loss 1.2172 val acc 0.7273 (0.2s)
    epoch 6/34 loss 1.2096 val acc 0.7273 (0.2s)
    epoch 7/34 loss 1.2148 val acc 0.7273 (0.2s)
    epoch 8/34 loss 1.1855 val acc 0.7273 (0.2s)
    epoch 9/34 loss 1.1884 val acc 0.7273 (0.2s)
    epoch 10/34 loss 1.1793 val acc 0.7273 (0.2s)
    epoch 11/34 loss 1.1787 val acc 0.7273 (0.2s)
    epoch 12/34 loss 1.1707 val acc 0.6364 (0.2s)
    epoch 13/34 loss 1.1635 val acc 0.7273 (0.2s)
    epoch 14/34 loss 1.1683 val acc 0.7273 (0.2s)
    epoch 15/34 loss 1.1552 val acc 0.7273 (0.2s)
    epoch 16/34 loss 1.1683 val acc 0.7273 (0.2s)
    epoch 17/34 loss 1.1497 val acc 0.7273 (0.1s)
    epoch 18/34 loss 1.1480 val acc 0.7273 (0.2s)
    epoch 19/34 loss 1.1578 val acc 0.7273 (0.2s)
    epoch 20/34 loss 1.1432 val acc 0.7273 (0.1s)
    epoch 21/34 loss 1.1375 val acc 0.7273 (0.2s)
    epoch 22/34 loss 1.1428 val acc 0.7273 (0.2s)
    epoch 23/34 loss 1.1377 val acc 0.7273 (0.2s)
    epoch 24/34 loss 1.1360 val acc 0.7273 (0.1s)
    epoch 25/34 loss 1.1354 val acc 0.7273 (0.2s)
    epoch 26/34 loss 1.1346 val acc 0.7273 (0.2s)
    epoch 27/34 loss 1.1329 val acc 0.7273 (0.2s)
    epoch 28/34 loss 1.1336 val acc 0.7273 (0.2s)
    epoch 29/34 loss 1.1318 val acc 0.7273 (0.2s)
    epoch 30/34 loss 1.1308 val acc 0.7273 (0.2s)
    epoch 31/34 loss 1.1325 val acc 0.7273 (0.2s)
    epoch 32/34 loss 1.1258 val acc 0.7273 (0.2s)
    epoch 33/34 loss 1.1271 val acc 0.7273 (0.2s)
    epoch 34/34 loss 1.1255 val acc 0.7273 (0.2s)
  [security_incidents.disposition] test acc 0.7600 macro-F1 0.2980 ECE 0.278 (T=1.00, 5s, 0.00M params)
  [security_incidents.severity] probe split=22, 5 labels, 278 train
    epoch 1/34 loss 1.6159 val acc 0.5455 (0.2s)
    epoch 2/34 loss 1.4702 val acc 0.3636 (0.1s)
    epoch 3/34 loss 1.4759 val acc 0.5909 (0.1s)
    epoch 4/34 loss 1.4463 val acc 0.5909 (0.1s)
    epoch 5/34 loss 1.4412 val acc 0.5909 (0.1s)
    epoch 6/34 loss 1.4374 val acc 0.5909 (0.1s)
    epoch 7/34 loss 1.4255 val acc 0.7273 (0.1s)
    epoch 8/34 loss 1.4069 val acc 0.7273 (0.1s)
    epoch 9/34 loss 1.3941 val acc 0.5455 (0.1s)
    epoch 10/34 loss 1.3985 val acc 0.5455 (0.1s)
    epoch 11/34 loss 1.3865 val acc 0.6364 (0.1s)
    epoch 12/34 loss 1.3937 val acc 0.7273 (0.1s)
    epoch 13/34 loss 1.3668 val acc 0.5455 (0.1s)
    epoch 14/34 loss 1.3710 val acc 0.5909 (0.1s)
    epoch 15/34 loss 1.3682 val acc 0.7273 (0.1s)
    epoch 16/34 loss 1.3589 val acc 0.7273 (0.1s)
    epoch 17/34 loss 1.3392 val acc 0.7727 (0.1s)
    epoch 18/34 loss 1.3384 val acc 0.7273 (0.1s)
    epoch 19/34 loss 1.3350 val acc 0.7727 (0.1s)
    epoch 20/34 loss 1.3308 val acc 0.7273 (0.2s)
    epoch 21/34 loss 1.3288 val acc 0.5000 (0.2s)
    epoch 22/34 loss 1.3395 val acc 0.7273 (0.1s)
    epoch 23/34 loss 1.3321 val acc 0.5455 (0.1s)
    epoch 24/34 loss 1.3277 val acc 0.7273 (0.1s)
    epoch 25/34 loss 1.3252 val acc 0.5455 (0.1s)
    epoch 26/34 loss 1.3243 val acc 0.7273 (0.1s)
    epoch 27/34 loss 1.3199 val acc 0.7727 (0.1s)
    epoch 28/34 loss 1.3167 val acc 0.7273 (0.1s)
    epoch 29/34 loss 1.3182 val acc 0.7273 (0.1s)
    epoch 30/34 loss 1.3156 val acc 0.7727 (0.1s)
    epoch 31/34 loss 1.3222 val acc 0.7727 (0.1s)
    epoch 32/34 loss 1.3120 val acc 0.7727 (0.1s)
    epoch 33/34 loss 1.3128 val acc 0.7727 (0.1s)
    epoch 34/34 loss 1.3184 val acc 0.7727 (0.1s)
  [security_incidents.severity] test acc 0.5800 macro-F1 0.3146 ECE 0.177 (T=1.00, 3s, 0.01M params)
  [security_incidents.true_positive] probe split=22, 2 labels, 278 train
    epoch 1/34 loss 0.6758 val acc 0.6364 (0.1s)
    epoch 2/34 loss 0.6761 val acc 0.6364 (0.1s)
    epoch 3/34 loss 0.6692 val acc 0.6364 (0.1s)
    epoch 4/34 loss 0.6527 val acc 0.5000 (0.1s)
    epoch 5/34 loss 0.6484 val acc 0.6364 (0.1s)
    epoch 6/34 loss 0.6479 val acc 0.6364 (0.1s)
    epoch 7/34 loss 0.6390 val acc 0.7273 (0.1s)
    epoch 8/34 loss 0.6307 val acc 0.8182 (0.1s)
    epoch 9/34 loss 0.6445 val acc 0.6364 (0.1s)
    epoch 10/34 loss 0.6359 val acc 0.6818 (0.1s)
    epoch 11/34 loss 0.6256 val acc 0.7273 (0.1s)
    epoch 12/34 loss 0.6239 val acc 0.7273 (0.1s)
    epoch 13/34 loss 0.6189 val acc 0.6364 (0.1s)
    epoch 14/34 loss 0.6221 val acc 0.8636 (0.1s)
    epoch 15/34 loss 0.6147 val acc 0.6364 (0.1s)
    epoch 16/34 loss 0.6343 val acc 0.7727 (0.1s)
    epoch 17/34 loss 0.6174 val acc 0.6364 (0.1s)
    epoch 18/34 loss 0.6162 val acc 0.7273 (0.1s)
    epoch 19/34 loss 0.6141 val acc 0.7727 (0.1s)
    epoch 20/34 loss 0.6155 val acc 0.7727 (0.1s)
    epoch 21/34 loss 0.6113 val acc 0.7727 (0.1s)
    epoch 22/34 loss 0.6123 val acc 0.6364 (0.1s)
    epoch 23/34 loss 0.6126 val acc 0.8182 (0.1s)
    epoch 24/34 loss 0.6115 val acc 0.7727 (0.1s)
    epoch 25/34 loss 0.6135 val acc 0.8636 (0.1s)
    epoch 26/34 loss 0.6106 val acc 0.7727 (0.1s)
    epoch 27/34 loss 0.6089 val acc 0.8636 (0.1s)
    epoch 28/34 loss 0.6126 val acc 0.8182 (0.1s)
    epoch 29/34 loss 0.6084 val acc 0.7727 (0.1s)
    epoch 30/34 loss 0.6090 val acc 0.8182 (0.1s)
    epoch 31/34 loss 0.6101 val acc 0.8182 (0.1s)
    epoch 32/34 loss 0.6085 val acc 0.8182 (0.1s)
    epoch 33/34 loss 0.6053 val acc 0.8182 (0.1s)
    epoch 34/34 loss 0.6037 val acc 0.8182 (0.1s)
  [security_incidents.true_positive] test acc 0.8000 macro-F1 0.7401 ECE 0.167 (T=1.00, 2s, 0.00M params)
  [security_incidents.urgency] probe split=22, 4 labels, 278 train
    epoch 1/34 loss 1.4302 val acc 0.5909 (0.1s)
    epoch 2/34 loss 1.2597 val acc 0.5909 (0.1s)
    epoch 3/34 loss 1.2563 val acc 0.5909 (0.1s)
    epoch 4/34 loss 1.2382 val acc 0.5909 (0.1s)
    epoch 5/34 loss 1.2276 val acc 0.5909 (0.1s)
    epoch 6/34 loss 1.2243 val acc 0.5909 (0.1s)
    epoch 7/34 loss 1.2175 val acc 0.5909 (0.1s)
    epoch 8/34 loss 1.1968 val acc 0.5455 (0.1s)
    epoch 9/34 loss 1.1846 val acc 0.5909 (0.1s)
    epoch 10/34 loss 1.1884 val acc 0.5455 (0.1s)
    epoch 11/34 loss 1.1770 val acc 0.5909 (0.1s)
    epoch 12/34 loss 1.1734 val acc 0.5455 (0.1s)
    epoch 13/34 loss 1.1605 val acc 0.4545 (0.1s)
    epoch 14/34 loss 1.1714 val acc 0.5455 (0.1s)
    epoch 15/34 loss 1.1634 val acc 0.5909 (0.1s)
    epoch 16/34 loss 1.1544 val acc 0.5000 (0.1s)
    epoch 17/34 loss 1.1546 val acc 0.5000 (0.1s)
    epoch 18/34 loss 1.1476 val acc 0.5909 (0.1s)
    epoch 19/34 loss 1.1499 val acc 0.5455 (0.1s)
    epoch 20/34 loss 1.1453 val acc 0.5909 (0.1s)
    epoch 21/34 loss 1.1380 val acc 0.5909 (0.1s)
    epoch 22/34 loss 1.1425 val acc 0.5455 (0.1s)
    epoch 23/34 loss 1.1404 val acc 0.5909 (0.1s)
    epoch 24/34 loss 1.1386 val acc 0.4545 (0.1s)
    epoch 25/34 loss 1.1342 val acc 0.5909 (0.1s)
    epoch 26/34 loss 1.1371 val acc 0.5909 (0.1s)
    epoch 27/34 loss 1.1320 val acc 0.5455 (0.1s)
    epoch 28/34 loss 1.1352 val acc 0.5909 (0.1s)
    epoch 29/34 loss 1.1326 val acc 0.5909 (0.1s)
    epoch 30/34 loss 1.1331 val acc 0.5909 (0.1s)
    epoch 31/34 loss 1.1336 val acc 0.5909 (0.1s)
    epoch 32/34 loss 1.1306 val acc 0.5909 (0.1s)
    epoch 33/34 loss 1.1268 val acc 0.5909 (0.1s)
    epoch 34/34 loss 1.1285 val acc 0.5909 (0.1s)
  [security_incidents.urgency] test acc 0.5200 macro-F1 0.2729 ECE 0.111 (T=1.00, 3s, 0.00M params)
   probe@22 mean: {"acc": 0.656, "macro_f1": 0.4818, "ece": 0.1424, "nll": 0.8328}
-- blocks@14+2
  cached trunk depth 14 for 1600 messages in 6.1s (559 MB)
  [agent_trace_observability.action] blocks split=14 depth=2, 4 labels, 274 train
    epoch 1/34 loss 1.2755 val acc 0.5385 (0.6s)
    epoch 2/34 loss 1.2751 val acc 0.5385 (0.6s)
    epoch 3/34 loss 1.2729 val acc 0.5385 (0.5s)
    epoch 4/34 loss 1.2453 val acc 0.5769 (0.6s)
    epoch 5/34 loss 1.1678 val acc 0.7308 (0.5s)
    epoch 6/34 loss 1.1630 val acc 0.5769 (0.6s)
    epoch 7/34 loss 1.1240 val acc 0.7308 (0.5s)
    epoch 8/34 loss 1.1252 val acc 0.6923 (0.6s)
    epoch 9/34 loss 1.1055 val acc 0.7308 (0.5s)
    epoch 10/34 loss 1.1113 val acc 0.8846 (0.5s)
    epoch 11/34 loss 1.1042 val acc 0.7308 (0.5s)
    epoch 12/34 loss 1.1019 val acc 0.8462 (0.6s)
    epoch 13/34 loss 1.0933 val acc 0.7692 (0.6s)
    epoch 14/34 loss 1.1016 val acc 0.7308 (0.5s)
    epoch 15/34 loss 1.1035 val acc 0.7308 (0.5s)
    epoch 16/34 loss 1.1038 val acc 0.7308 (0.6s)
    epoch 17/34 loss 1.0888 val acc 0.7308 (0.6s)
    epoch 18/34 loss 1.0874 val acc 0.7692 (0.5s)
    epoch 19/34 loss 1.0868 val acc 0.7692 (0.5s)
    epoch 20/34 loss 1.0868 val acc 0.7308 (0.5s)
    epoch 21/34 loss 1.0876 val acc 0.7692 (0.5s)
    epoch 22/34 loss 1.0827 val acc 0.7308 (0.6s)
    epoch 23/34 loss 1.0810 val acc 0.7692 (0.6s)
    epoch 24/34 loss 1.0821 val acc 0.8462 (0.5s)
    epoch 25/34 loss 1.0793 val acc 0.7692 (0.5s)
    epoch 26/34 loss 1.0794 val acc 0.8077 (0.5s)
    epoch 27/34 loss 1.0789 val acc 0.7308 (0.5s)
    epoch 28/34 loss 1.0762 val acc 0.8077 (0.5s)
    epoch 29/34 loss 1.0771 val acc 0.8077 (0.5s)
    epoch 30/34 loss 1.0766 val acc 0.7692 (0.5s)
    epoch 31/34 loss 1.0764 val acc 0.7692 (0.5s)
    epoch 32/34 loss 1.0772 val acc 0.7692 (0.5s)
    epoch 33/34 loss 1.0765 val acc 0.7692 (0.5s)
    epoch 34/34 loss 1.0764 val acc 0.7692 (0.6s)
  [agent_trace_observability.action] test acc 0.7200 macro-F1 0.5404 ECE 0.238 (T=1.00, 19s, 10.03M params)
  [agent_trace_observability.needs_review] blocks split=14 depth=2, 2 labels, 274 train
    epoch 1/34 loss 0.7012 val acc 0.5000 (0.5s)
    epoch 2/34 loss 0.7001 val acc 0.5000 (0.6s)
    epoch 3/34 loss 0.6866 val acc 0.5000 (0.6s)
    epoch 4/34 loss 0.6702 val acc 0.8846 (0.5s)
    epoch 5/34 loss 0.6220 val acc 0.8462 (0.6s)
    epoch 6/34 loss 0.5970 val acc 0.7692 (0.6s)
    epoch 7/34 loss 0.6128 val acc 0.6154 (0.5s)
    epoch 8/34 loss 0.6361 val acc 0.7692 (0.6s)
    epoch 9/34 loss 0.6130 val acc 0.8077 (0.6s)
    epoch 10/34 loss 0.5954 val acc 0.8077 (0.5s)
    epoch 11/34 loss 0.5849 val acc 0.8462 (0.6s)
    epoch 12/34 loss 0.6050 val acc 0.8462 (0.5s)
    epoch 13/34 loss 0.5749 val acc 0.6923 (0.5s)
    epoch 14/34 loss 0.5795 val acc 0.9231 (0.5s)
    epoch 15/34 loss 0.5666 val acc 0.8846 (0.5s)
    epoch 16/34 loss 0.5685 val acc 0.9615 (0.5s)
    epoch 17/34 loss 0.5681 val acc 0.9615 (0.5s)
    epoch 18/34 loss 0.5683 val acc 0.8462 (0.5s)
    epoch 19/34 loss 0.5673 val acc 0.8846 (0.5s)
    epoch 20/34 loss 0.5625 val acc 0.8846 (0.5s)
    epoch 21/34 loss 0.5616 val acc 0.8462 (0.5s)
    epoch 22/34 loss 0.5637 val acc 0.8846 (0.6s)
    epoch 23/34 loss 0.5632 val acc 0.8462 (0.5s)
    epoch 24/34 loss 0.5619 val acc 0.9615 (0.6s)
    epoch 25/34 loss 0.5615 val acc 0.8462 (0.5s)
    epoch 26/34 loss 0.5611 val acc 0.8846 (0.5s)
    epoch 27/34 loss 0.5611 val acc 0.8462 (0.5s)
    epoch 28/34 loss 0.5596 val acc 0.8846 (0.5s)
    epoch 29/34 loss 0.5597 val acc 0.8462 (0.5s)
    epoch 30/34 loss 0.5587 val acc 0.8462 (0.5s)
    epoch 31/34 loss 0.5599 val acc 0.8462 (0.5s)
    epoch 32/34 loss 0.5589 val acc 0.8462 (0.5s)
    epoch 33/34 loss 0.5601 val acc 0.8462 (0.5s)
    epoch 34/34 loss 0.5589 val acc 0.8462 (0.5s)
  [agent_trace_observability.needs_review] test acc 0.8700 macro-F1 0.8689 ECE 0.175 (T=1.00, 19s, 10.03M params)
  [agent_trace_observability.outcome] blocks split=14 depth=2, 4 labels, 274 train
    epoch 1/34 loss 1.4826 val acc 0.5769 (0.6s)
    epoch 2/34 loss 1.3705 val acc 0.3846 (0.6s)
    epoch 3/34 loss 1.3445 val acc 0.5769 (0.5s)
    epoch 4/34 loss 1.3367 val acc 0.5769 (0.6s)
    epoch 5/34 loss 1.3191 val acc 0.5769 (0.6s)
    epoch 6/34 loss 1.3106 val acc 0.6154 (0.6s)
    epoch 7/34 loss 1.1946 val acc 0.8846 (0.5s)
    epoch 8/34 loss 1.0851 val acc 0.5769 (0.5s)
    epoch 9/34 loss 1.0709 val acc 0.9615 (0.5s)
    epoch 10/34 loss 1.0834 val acc 0.8462 (0.5s)
    epoch 11/34 loss 1.0551 val acc 1.0000 (0.5s)
    epoch 12/34 loss 1.0403 val acc 1.0000 (0.5s)
    epoch 13/34 loss 1.0485 val acc 0.9615 (0.5s)
    epoch 14/34 loss 1.0397 val acc 0.9615 (0.6s)
    epoch 15/34 loss 1.0259 val acc 0.9231 (0.6s)
    epoch 16/34 loss 1.0366 val acc 0.9615 (0.5s)
    epoch 17/34 loss 1.0299 val acc 0.9615 (0.5s)
    epoch 18/34 loss 1.0248 val acc 0.9231 (0.5s)
    epoch 19/34 loss 1.0173 val acc 0.9615 (0.5s)
    epoch 20/34 loss 1.0155 val acc 0.9615 (0.5s)
    epoch 21/34 loss 1.0122 val acc 0.9231 (0.5s)
    epoch 22/34 loss 1.0120 val acc 0.9615 (0.6s)
    epoch 23/34 loss 1.0098 val acc 0.9231 (0.5s)
    epoch 24/34 loss 1.0138 val acc 0.9615 (0.6s)
    epoch 25/34 loss 1.0139 val acc 0.9231 (0.6s)
    epoch 26/34 loss 1.0102 val acc 0.9615 (0.6s)
    epoch 27/34 loss 1.0091 val acc 0.9231 (0.6s)
    epoch 28/34 loss 1.0050 val acc 0.9615 (0.5s)
    epoch 29/34 loss 1.0039 val acc 0.9615 (0.5s)
    epoch 30/34 loss 1.0039 val acc 0.9615 (0.6s)
    epoch 31/34 loss 1.0042 val acc 0.9615 (0.5s)
    epoch 32/34 loss 1.0050 val acc 0.9615 (0.6s)
    epoch 33/34 loss 1.0048 val acc 0.9615 (0.5s)
    epoch 34/34 loss 1.0040 val acc 0.9615 (0.5s)
  [agent_trace_observability.outcome] test acc 0.7100 macro-F1 0.7514 ECE 0.184 (T=1.00, 19s, 10.03M params)
  [agent_trace_observability.risk] blocks split=14 depth=2, 4 labels, 274 train
    epoch 1/34 loss 1.4191 val acc 0.2692 (0.5s)
    epoch 2/34 loss 1.3699 val acc 0.2692 (0.5s)
    epoch 3/34 loss 1.3775 val acc 0.2692 (0.5s)
    epoch 4/34 loss 1.3450 val acc 0.2692 (0.6s)
    epoch 5/34 loss 1.3163 val acc 0.5000 (0.6s)
    epoch 6/34 loss 1.1661 val acc 0.8462 (0.6s)
    epoch 7/34 loss 1.0920 val acc 0.8077 (0.5s)
    epoch 8/34 loss 1.0336 val acc 0.8846 (0.5s)
    epoch 9/34 loss 1.0163 val acc 0.8077 (0.5s)
    epoch 10/34 loss 1.0039 val acc 0.8462 (0.5s)
    epoch 11/34 loss 1.0178 val acc 0.7692 (0.6s)
    epoch 12/34 loss 0.9957 val acc 0.7692 (0.5s)
    epoch 13/34 loss 0.9945 val acc 0.8462 (0.6s)
    epoch 14/34 loss 0.9844 val acc 0.8462 (0.5s)
    epoch 15/34 loss 0.9787 val acc 0.8846 (0.6s)
    epoch 16/34 loss 0.9778 val acc 0.9231 (0.5s)
    epoch 17/34 loss 0.9775 val acc 0.8846 (0.5s)
    epoch 18/34 loss 0.9741 val acc 0.8846 (0.6s)
    epoch 19/34 loss 0.9704 val acc 0.9231 (0.5s)
    epoch 20/34 loss 0.9635 val acc 0.8846 (0.6s)
    epoch 21/34 loss 0.9699 val acc 0.9231 (0.5s)
    epoch 22/34 loss 0.9689 val acc 0.9231 (0.5s)
    epoch 23/34 loss 0.9608 val acc 0.9231 (0.5s)
    epoch 24/34 loss 0.9580 val acc 0.9231 (0.6s)
    epoch 25/34 loss 0.9586 val acc 0.9615 (0.6s)
    epoch 26/34 loss 0.9575 val acc 0.9615 (0.5s)
    epoch 27/34 loss 0.9547 val acc 0.9615 (0.6s)
    epoch 28/34 loss 0.9545 val acc 0.9615 (0.6s)
    epoch 29/34 loss 0.9527 val acc 0.9615 (0.5s)
    epoch 30/34 loss 0.9540 val acc 1.0000 (0.6s)
    epoch 31/34 loss 0.9536 val acc 1.0000 (0.6s)
    epoch 32/34 loss 0.9550 val acc 0.9615 (0.6s)
    epoch 33/34 loss 0.9504 val acc 0.9615 (0.6s)
    epoch 34/34 loss 0.9510 val acc 0.9615 (0.5s)
  [agent_trace_observability.risk] test acc 0.8100 macro-F1 0.8285 ECE 0.234 (T=1.00, 19s, 10.03M params)
  [agent_trace_observability.urgency] blocks split=14 depth=2, 4 labels, 274 train
    epoch 1/34 loss 1.3911 val acc 0.6154 (0.5s)
    epoch 2/34 loss 1.3477 val acc 0.6154 (0.5s)
    epoch 3/34 loss 1.3496 val acc 0.5385 (0.6s)
    epoch 4/34 loss 1.3280 val acc 0.6154 (0.5s)
    epoch 5/34 loss 1.3019 val acc 0.6923 (0.5s)
    epoch 6/34 loss 1.1979 val acc 0.5769 (0.6s)
    epoch 7/34 loss 1.1719 val acc 0.4615 (0.5s)
    epoch 8/34 loss 1.1064 val acc 0.6538 (0.5s)
    epoch 9/34 loss 1.0931 val acc 0.8077 (0.6s)
    epoch 10/34 loss 1.1026 val acc 0.5385 (0.5s)
    epoch 11/34 loss 1.0924 val acc 0.7692 (0.5s)
    epoch 12/34 loss 1.0892 val acc 0.7692 (0.5s)
    epoch 13/34 loss 1.0887 val acc 0.7308 (0.5s)
    epoch 14/34 loss 1.0908 val acc 0.7308 (0.5s)
    epoch 15/34 loss 1.0828 val acc 0.8077 (0.5s)
    epoch 16/34 loss 1.0852 val acc 0.7308 (0.6s)
    epoch 17/34 loss 1.0830 val acc 0.8462 (0.6s)
    epoch 18/34 loss 1.0770 val acc 0.8077 (0.5s)
    epoch 19/34 loss 1.0784 val acc 0.8077 (0.6s)
    epoch 20/34 loss 1.0706 val acc 0.8077 (0.5s)
    epoch 21/34 loss 1.0706 val acc 0.8462 (0.6s)
    epoch 22/34 loss 1.0714 val acc 0.8462 (0.5s)
    epoch 23/34 loss 1.0697 val acc 0.8077 (0.5s)
    epoch 24/34 loss 1.0675 val acc 0.8077 (0.5s)
    epoch 25/34 loss 1.0704 val acc 0.8077 (0.5s)
    epoch 26/34 loss 1.0672 val acc 0.8462 (0.5s)
    epoch 27/34 loss 1.0663 val acc 0.8462 (0.6s)
    epoch 28/34 loss 1.0644 val acc 0.8077 (0.5s)
    epoch 29/34 loss 1.0614 val acc 0.8077 (0.5s)
    epoch 30/34 loss 1.0629 val acc 0.8077 (0.6s)
    epoch 31/34 loss 1.0633 val acc 0.8077 (0.5s)
    epoch 32/34 loss 1.0633 val acc 0.8077 (0.6s)
    epoch 33/34 loss 1.0616 val acc 0.8077 (0.6s)
    epoch 34/34 loss 1.0637 val acc 0.8077 (0.6s)
  [agent_trace_observability.urgency] test acc 0.6500 macro-F1 0.6403 ECE 0.152 (T=1.00, 19s, 10.03M params)
  [customer_service.action] blocks split=14 depth=2, 5 labels, 269 train
    epoch 1/34 loss 1.4359 val acc 0.5484 (1.5s)
    epoch 2/34 loss 1.3091 val acc 0.5484 (1.5s)
    epoch 3/34 loss 1.2711 val acc 0.4194 (1.5s)
    epoch 4/34 loss 1.2628 val acc 0.4516 (1.5s)
    epoch 5/34 loss 1.2257 val acc 0.5161 (1.5s)
    epoch 6/34 loss 1.2197 val acc 0.5484 (1.5s)
    epoch 7/34 loss 1.1899 val acc 0.4839 (1.5s)
    epoch 8/34 loss 1.1853 val acc 0.4839 (1.5s)
    epoch 9/34 loss 1.1816 val acc 0.6129 (1.5s)
    epoch 10/34 loss 1.1440 val acc 0.5484 (1.5s)
    epoch 11/34 loss 1.1037 val acc 0.5161 (1.5s)
    epoch 12/34 loss 1.0944 val acc 0.6774 (1.5s)
    epoch 13/34 loss 1.0722 val acc 0.6452 (1.5s)
    epoch 14/34 loss 1.0567 val acc 0.6774 (1.5s)
    epoch 15/34 loss 1.0317 val acc 0.6452 (1.5s)
    epoch 16/34 loss 1.0223 val acc 0.6129 (1.5s)
    epoch 17/34 loss 1.0111 val acc 0.4839 (1.5s)
    epoch 18/34 loss 1.0013 val acc 0.6129 (1.5s)
    epoch 19/34 loss 0.9899 val acc 0.6129 (1.5s)
    epoch 20/34 loss 0.9795 val acc 0.6129 (1.5s)
    epoch 21/34 loss 0.9711 val acc 0.6452 (1.5s)
    epoch 22/34 loss 0.9676 val acc 0.6452 (1.5s)
    epoch 23/34 loss 0.9625 val acc 0.6452 (1.5s)
    epoch 24/34 loss 0.9589 val acc 0.6129 (1.5s)
    epoch 25/34 loss 0.9530 val acc 0.6452 (1.5s)
    epoch 26/34 loss 0.9505 val acc 0.6129 (1.5s)
    epoch 27/34 loss 0.9476 val acc 0.6129 (1.5s)
    epoch 28/34 loss 0.9463 val acc 0.6129 (1.5s)
    epoch 29/34 loss 0.9462 val acc 0.6452 (1.5s)
    epoch 30/34 loss 0.9436 val acc 0.6452 (1.5s)
    epoch 31/34 loss 0.9442 val acc 0.6129 (1.5s)
    epoch 32/34 loss 0.9441 val acc 0.6129 (1.5s)
    epoch 33/34 loss 0.9445 val acc 0.6129 (1.5s)
    epoch 34/34 loss 0.9435 val acc 0.6129 (1.4s)
  [customer_service.action] test acc 0.6800 macro-F1 0.3822 ECE 0.172 (T=1.19, 50s, 10.03M params)
  [customer_service.category] blocks split=14 depth=2, 5 labels, 269 train
    epoch 1/34 loss 1.6506 val acc 0.1935 (1.5s)
    epoch 2/34 loss 1.5751 val acc 0.1290 (1.5s)
    epoch 3/34 loss 1.5464 val acc 0.3548 (1.5s)
    epoch 4/34 loss 1.5078 val acc 0.1613 (1.5s)
    epoch 5/34 loss 1.3406 val acc 0.6452 (1.5s)
    epoch 6/34 loss 0.9232 val acc 0.7097 (1.5s)
    epoch 7/34 loss 0.6515 val acc 0.6774 (1.5s)
    epoch 8/34 loss 0.5743 val acc 0.7742 (1.5s)
    epoch 9/34 loss 0.5436 val acc 0.7419 (1.5s)
    epoch 10/34 loss 0.5064 val acc 0.7742 (1.5s)
    epoch 11/34 loss 0.4765 val acc 0.8065 (1.5s)
    epoch 12/34 loss 0.4584 val acc 0.7742 (1.5s)
    epoch 13/34 loss 0.4547 val acc 0.8065 (1.5s)
    epoch 14/34 loss 0.4402 val acc 0.7742 (1.5s)
    epoch 15/34 loss 0.4292 val acc 0.7742 (1.5s)
    epoch 16/34 loss 0.4260 val acc 0.8065 (1.5s)
    epoch 17/34 loss 0.4240 val acc 0.7742 (1.5s)
    epoch 18/34 loss 0.4165 val acc 0.7742 (1.5s)
    epoch 19/34 loss 0.4153 val acc 0.7742 (1.5s)
    epoch 20/34 loss 0.4132 val acc 0.7742 (1.5s)
    epoch 21/34 loss 0.4156 val acc 0.7742 (1.5s)
    epoch 22/34 loss 0.4114 val acc 0.7742 (1.5s)
    epoch 23/34 loss 0.4098 val acc 0.7742 (1.5s)
    epoch 24/34 loss 0.4097 val acc 0.7742 (1.5s)
    epoch 25/34 loss 0.4088 val acc 0.7742 (1.5s)
    epoch 26/34 loss 0.4078 val acc 0.7742 (1.5s)
    epoch 27/34 loss 0.4063 val acc 0.7742 (1.5s)
    epoch 28/34 loss 0.4073 val acc 0.7742 (1.5s)
    epoch 29/34 loss 0.4066 val acc 0.7742 (1.5s)
    epoch 30/34 loss 0.4065 val acc 0.7742 (1.5s)
    epoch 31/34 loss 0.4064 val acc 0.7742 (1.5s)
    epoch 32/34 loss 0.4050 val acc 0.7742 (1.5s)
    epoch 33/34 loss 0.4057 val acc 0.7742 (1.5s)
    epoch 34/34 loss 0.4064 val acc 0.7742 (1.4s)
  [customer_service.category] test acc 0.8900 macro-F1 0.8937 ECE 0.134 (T=1.23, 50s, 10.03M params)
  [customer_service.churn_risk] blocks split=14 depth=2, 4 labels, 269 train
    epoch 1/34 loss 1.5090 val acc 0.5161 (1.5s)
    epoch 2/34 loss 1.3366 val acc 0.3548 (1.5s)
    epoch 3/34 loss 1.3029 val acc 0.5161 (1.5s)
    epoch 4/34 loss 1.2788 val acc 0.5161 (1.5s)
    epoch 5/34 loss 1.2513 val acc 0.2903 (1.5s)
    epoch 6/34 loss 1.2412 val acc 0.3548 (1.5s)
    epoch 7/34 loss 1.2035 val acc 0.4516 (1.5s)
    epoch 8/34 loss 1.1487 val acc 0.6774 (1.5s)
    epoch 9/34 loss 1.1071 val acc 0.6774 (1.5s)
    epoch 10/34 loss 1.0288 val acc 0.7419 (1.5s)
    epoch 11/34 loss 0.9987 val acc 0.6774 (1.5s)
    epoch 12/34 loss 0.9801 val acc 0.8065 (1.5s)
    epoch 13/34 loss 0.9819 val acc 0.7419 (1.5s)
    epoch 14/34 loss 0.9492 val acc 0.7097 (1.5s)
    epoch 15/34 loss 0.9354 val acc 0.7742 (1.5s)
    epoch 16/34 loss 0.9305 val acc 0.7419 (1.5s)
    epoch 17/34 loss 0.9163 val acc 0.7419 (1.5s)
    epoch 18/34 loss 0.9049 val acc 0.7742 (1.5s)
    epoch 19/34 loss 0.9006 val acc 0.8065 (1.5s)
    epoch 20/34 loss 0.8971 val acc 0.8065 (1.5s)
    epoch 21/34 loss 0.8927 val acc 0.7742 (1.5s)
    epoch 22/34 loss 0.8928 val acc 0.7742 (1.5s)
    epoch 23/34 loss 0.8902 val acc 0.7742 (1.5s)
    epoch 24/34 loss 0.8893 val acc 0.8065 (1.5s)
    epoch 25/34 loss 0.8865 val acc 0.8387 (1.5s)
    epoch 26/34 loss 0.8847 val acc 0.8387 (1.5s)
    epoch 27/34 loss 0.8843 val acc 0.8387 (1.5s)
    epoch 28/34 loss 0.8847 val acc 0.8387 (1.5s)
    epoch 29/34 loss 0.8832 val acc 0.8387 (1.5s)
    epoch 30/34 loss 0.8833 val acc 0.8387 (1.5s)
    epoch 31/34 loss 0.8838 val acc 0.8387 (1.5s)
    epoch 32/34 loss 0.8828 val acc 0.8387 (1.5s)
    epoch 33/34 loss 0.8831 val acc 0.8387 (1.5s)
    epoch 34/34 loss 0.8833 val acc 0.8387 (1.4s)
  [customer_service.churn_risk] test acc 0.8000 macro-F1 0.6024 ECE 0.258 (T=1.12, 50s, 10.03M params)
  [customer_service.needs_human] blocks split=14 depth=2, 2 labels, 269 train
    epoch 1/34 loss 0.6950 val acc 0.7419 (1.5s)
    epoch 2/34 loss 0.6957 val acc 0.7419 (1.5s)
    epoch 3/34 loss 0.6791 val acc 0.3871 (1.5s)
    epoch 4/34 loss 0.6646 val acc 0.4516 (1.5s)
    epoch 5/34 loss 0.6517 val acc 0.6774 (1.5s)
    epoch 6/34 loss 0.6367 val acc 0.6129 (1.5s)
    epoch 7/34 loss 0.6198 val acc 0.6129 (1.5s)
    epoch 8/34 loss 0.6105 val acc 0.8387 (1.5s)
    epoch 9/34 loss 0.6434 val acc 0.8387 (1.4s)
    epoch 10/34 loss 0.6196 val acc 0.7742 (1.5s)
    epoch 11/34 loss 0.6062 val acc 0.7742 (1.5s)
    epoch 12/34 loss 0.6841 val acc 0.4516 (1.5s)
    epoch 13/34 loss 0.6152 val acc 0.5161 (1.5s)
    epoch 14/34 loss 0.6056 val acc 0.8710 (1.5s)
    epoch 15/34 loss 0.5893 val acc 0.8387 (1.5s)
    epoch 16/34 loss 0.5714 val acc 0.7419 (1.5s)
    epoch 17/34 loss 0.5662 val acc 0.7742 (1.5s)
    epoch 18/34 loss 0.5606 val acc 0.7742 (1.5s)
    epoch 19/34 loss 0.5562 val acc 0.6774 (1.5s)
    epoch 20/34 loss 0.5532 val acc 0.5484 (1.5s)
    epoch 21/34 loss 0.5508 val acc 0.8065 (1.5s)
    epoch 22/34 loss 0.5483 val acc 0.6452 (1.5s)
    epoch 23/34 loss 0.5469 val acc 0.6129 (1.5s)
    epoch 24/34 loss 0.5489 val acc 0.8387 (1.5s)
    epoch 25/34 loss 0.5455 val acc 0.7419 (1.5s)
    epoch 26/34 loss 0.5436 val acc 0.6452 (1.5s)
    epoch 27/34 loss 0.5427 val acc 0.7097 (1.5s)
    epoch 28/34 loss 0.5425 val acc 0.6452 (1.5s)
    epoch 29/34 loss 0.5426 val acc 0.7097 (1.5s)
    epoch 30/34 loss 0.5426 val acc 0.7097 (1.5s)
    epoch 31/34 loss 0.5422 val acc 0.6774 (1.5s)
    epoch 32/34 loss 0.5420 val acc 0.6774 (1.5s)
    epoch 33/34 loss 0.5419 val acc 0.6774 (1.5s)
    epoch 34/34 loss 0.5419 val acc 0.6774 (1.4s)
  [customer_service.needs_human] test acc 0.8500 macro-F1 0.8160 ECE 0.141 (T=0.92, 50s, 10.03M params)
  [customer_service.urgency] blocks split=14 depth=2, 4 labels, 269 train
    epoch 1/34 loss 1.6335 val acc 0.2581 (1.5s)
    epoch 2/34 loss 1.2977 val acc 0.5161 (1.5s)
    epoch 3/34 loss 1.2022 val acc 0.5161 (1.5s)
    epoch 4/34 loss 1.1757 val acc 0.5161 (1.5s)
    epoch 5/34 loss 1.1780 val acc 0.5161 (1.5s)
    epoch 6/34 loss 1.1481 val acc 0.3548 (1.5s)
    epoch 7/34 loss 1.1333 val acc 0.2581 (1.5s)
    epoch 8/34 loss 1.1142 val acc 0.6452 (1.5s)
    epoch 9/34 loss 1.0322 val acc 0.5806 (1.5s)
    epoch 10/34 loss 0.9793 val acc 0.5806 (1.5s)
    epoch 11/34 loss 0.9350 val acc 0.5806 (1.5s)
    epoch 12/34 loss 0.9264 val acc 0.6129 (1.5s)
    epoch 13/34 loss 0.9191 val acc 0.5806 (1.5s)
    epoch 14/34 loss 0.9064 val acc 0.6774 (1.5s)
    epoch 15/34 loss 0.8985 val acc 0.7097 (1.5s)
    epoch 16/34 loss 0.8816 val acc 0.7097 (1.5s)
    epoch 17/34 loss 0.8769 val acc 0.6452 (1.5s)
    epoch 18/34 loss 0.8709 val acc 0.7097 (1.5s)
    epoch 19/34 loss 0.8617 val acc 0.7097 (1.5s)
    epoch 20/34 loss 0.8570 val acc 0.7097 (1.5s)
    epoch 21/34 loss 0.8552 val acc 0.7097 (1.5s)
    epoch 22/34 loss 0.8525 val acc 0.6774 (1.5s)
    epoch 23/34 loss 0.8508 val acc 0.7097 (1.5s)
    epoch 24/34 loss 0.8470 val acc 0.7097 (1.5s)
    epoch 25/34 loss 0.8459 val acc 0.7097 (1.5s)
    epoch 26/34 loss 0.8462 val acc 0.7097 (1.5s)
    epoch 27/34 loss 0.8437 val acc 0.7097 (1.5s)
    epoch 28/34 loss 0.8433 val acc 0.7097 (1.5s)
    epoch 29/34 loss 0.8430 val acc 0.7097 (1.5s)
    epoch 30/34 loss 0.8429 val acc 0.7097 (1.5s)
    epoch 31/34 loss 0.8420 val acc 0.7097 (1.5s)
    epoch 32/34 loss 0.8413 val acc 0.7097 (1.5s)
    epoch 33/34 loss 0.8421 val acc 0.7097 (1.5s)
    epoch 34/34 loss 0.8421 val acc 0.7097 (1.5s)
  [customer_service.urgency] test acc 0.7500 macro-F1 0.5409 ECE 0.165 (T=1.02, 50s, 10.03M params)
  [invoice_processing.discrepancy_severity] blocks split=14 depth=2, 4 labels, 259 train
    epoch 1/34 loss 1.6108 val acc 0.2683 (1.5s)
    epoch 2/34 loss 1.3059 val acc 0.2927 (1.4s)
    epoch 3/34 loss 1.3159 val acc 0.2927 (1.5s)
    epoch 4/34 loss 1.2571 val acc 0.2927 (1.5s)
    epoch 5/34 loss 1.2907 val acc 0.3902 (1.5s)
    epoch 6/34 loss 1.2718 val acc 0.5366 (1.4s)
    epoch 7/34 loss 1.2216 val acc 0.5610 (1.4s)
    epoch 8/34 loss 1.1206 val acc 0.5854 (1.5s)
    epoch 9/34 loss 1.1633 val acc 0.4634 (1.4s)
    epoch 10/34 loss 1.0807 val acc 0.5122 (1.4s)
    epoch 11/34 loss 1.0308 val acc 0.4878 (1.4s)
    epoch 12/34 loss 1.0005 val acc 0.5122 (1.5s)
    epoch 13/34 loss 0.9782 val acc 0.4634 (1.5s)
    epoch 14/34 loss 0.9514 val acc 0.4878 (1.5s)
    epoch 15/34 loss 0.9321 val acc 0.5366 (1.5s)
    epoch 16/34 loss 0.9318 val acc 0.5122 (1.5s)
    epoch 17/34 loss 0.8881 val acc 0.3902 (1.4s)
    epoch 18/34 loss 0.8787 val acc 0.5122 (1.4s)
    epoch 19/34 loss 0.8342 val acc 0.5122 (1.4s)
    epoch 20/34 loss 0.8374 val acc 0.5122 (1.5s)
    epoch 21/34 loss 0.8064 val acc 0.5610 (1.4s)
    epoch 22/34 loss 0.8017 val acc 0.5122 (1.4s)
    epoch 23/34 loss 0.7856 val acc 0.6098 (1.4s)
    epoch 24/34 loss 0.7746 val acc 0.5366 (1.5s)
    epoch 25/34 loss 0.7581 val acc 0.6098 (1.4s)
    epoch 26/34 loss 0.7576 val acc 0.5366 (1.5s)
    epoch 27/34 loss 0.7472 val acc 0.5610 (1.5s)
    epoch 28/34 loss 0.7450 val acc 0.5854 (1.5s)
    epoch 29/34 loss 0.7375 val acc 0.5610 (1.5s)
    epoch 30/34 loss 0.7370 val acc 0.5610 (1.4s)
    epoch 31/34 loss 0.7342 val acc 0.5610 (1.5s)
    epoch 32/34 loss 0.7354 val acc 0.5610 (1.5s)
    epoch 33/34 loss 0.7336 val acc 0.5610 (1.5s)
    epoch 34/34 loss 0.7362 val acc 0.5610 (1.5s)
  [invoice_processing.discrepancy_severity] test acc 0.6500 macro-F1 0.4280 ECE 0.184 (T=1.90, 49s, 10.03M params)
  [invoice_processing.disposition] blocks split=14 depth=2, 4 labels, 259 train
    epoch 1/34 loss 1.3572 val acc 0.4634 (1.5s)
    epoch 2/34 loss 1.2545 val acc 0.2439 (1.5s)
    epoch 3/34 loss 1.2756 val acc 0.4634 (1.5s)
    epoch 4/34 loss 1.2557 val acc 0.2439 (1.4s)
    epoch 5/34 loss 1.2767 val acc 0.2927 (1.5s)
    epoch 6/34 loss 1.2832 val acc 0.4634 (1.5s)
    epoch 7/34 loss 1.2485 val acc 0.5610 (1.5s)
    epoch 8/34 loss 1.1946 val acc 0.5122 (1.5s)
    epoch 9/34 loss 1.2792 val acc 0.5122 (1.5s)
    epoch 10/34 loss 1.1397 val acc 0.5122 (1.4s)
    epoch 11/34 loss 1.1056 val acc 0.5854 (1.5s)
    epoch 12/34 loss 1.0608 val acc 0.6098 (1.5s)
    epoch 13/34 loss 1.0393 val acc 0.5854 (1.4s)
    epoch 14/34 loss 1.0113 val acc 0.5854 (1.5s)
    epoch 15/34 loss 0.9854 val acc 0.5366 (1.4s)
    epoch 16/34 loss 0.9677 val acc 0.5366 (1.5s)
    epoch 17/34 loss 0.9512 val acc 0.5366 (1.4s)
    epoch 18/34 loss 0.9727 val acc 0.6098 (1.4s)
    epoch 19/34 loss 0.9373 val acc 0.6341 (1.4s)
    epoch 20/34 loss 0.9174 val acc 0.6341 (1.4s)
    epoch 21/34 loss 0.9067 val acc 0.6098 (1.4s)
    epoch 22/34 loss 0.8978 val acc 0.5610 (1.5s)
    epoch 23/34 loss 0.8880 val acc 0.5610 (1.5s)
    epoch 24/34 loss 0.8846 val acc 0.5610 (1.5s)
    epoch 25/34 loss 0.8700 val acc 0.5854 (1.5s)
    epoch 26/34 loss 0.8659 val acc 0.5610 (1.4s)
    epoch 27/34 loss 0.8576 val acc 0.5610 (1.4s)
    epoch 28/34 loss 0.8545 val acc 0.5610 (1.4s)
    epoch 29/34 loss 0.8514 val acc 0.5610 (1.5s)
    epoch 30/34 loss 0.8483 val acc 0.5610 (1.5s)
    epoch 31/34 loss 0.8495 val acc 0.5610 (1.4s)
    epoch 32/34 loss 0.8489 val acc 0.5610 (1.4s)
    epoch 33/34 loss 0.8484 val acc 0.5610 (1.5s)
    epoch 34/34 loss 0.8473 val acc 0.5610 (1.4s)
  [invoice_processing.disposition] test acc 0.7200 macro-F1 0.4798 ECE 0.261 (T=1.79, 49s, 10.03M params)
  [invoice_processing.duplicate] blocks split=14 depth=2, 2 labels, 259 train
    epoch 1/34 loss 0.6858 val acc 0.8780 (1.4s)
    epoch 2/34 loss 0.3574 val acc 0.8780 (1.4s)
    epoch 3/34 loss 0.3459 val acc 0.8780 (1.5s)
    epoch 4/34 loss 0.3224 val acc 0.8780 (1.5s)
    epoch 5/34 loss 0.3368 val acc 0.8780 (1.5s)
    epoch 6/34 loss 0.3251 val acc 0.8780 (1.4s)
    epoch 7/34 loss 0.3134 val acc 0.8780 (1.4s)
    epoch 8/34 loss 0.3200 val acc 0.8780 (1.5s)
    epoch 9/34 loss 0.3006 val acc 0.8780 (1.5s)
    epoch 10/34 loss 0.2773 val acc 0.8537 (1.4s)
    epoch 11/34 loss 0.2332 val acc 0.9512 (1.4s)
    epoch 12/34 loss 0.2445 val acc 0.9024 (1.4s)
    epoch 13/34 loss 0.2186 val acc 0.9024 (1.5s)
    epoch 14/34 loss 0.2060 val acc 0.9024 (1.4s)
    epoch 15/34 loss 0.2012 val acc 0.9024 (1.5s)
    epoch 16/34 loss 0.1975 val acc 0.8780 (1.5s)
    epoch 17/34 loss 0.1943 val acc 0.8537 (1.4s)
    epoch 18/34 loss 0.1919 val acc 0.9024 (1.5s)
    epoch 19/34 loss 0.1908 val acc 0.9024 (1.4s)
    epoch 20/34 loss 0.1902 val acc 0.8780 (1.5s)
    epoch 21/34 loss 0.1891 val acc 0.8780 (1.5s)
    epoch 22/34 loss 0.1890 val acc 0.8780 (1.5s)
    epoch 23/34 loss 0.1882 val acc 0.8780 (1.5s)
    epoch 24/34 loss 0.1879 val acc 0.8780 (1.4s)
    epoch 25/34 loss 0.1876 val acc 0.8780 (1.5s)
    epoch 26/34 loss 0.1873 val acc 0.8780 (1.5s)
    epoch 27/34 loss 0.1878 val acc 0.8780 (1.4s)
    epoch 28/34 loss 0.1879 val acc 0.8780 (1.4s)
    epoch 29/34 loss 0.1879 val acc 0.8780 (1.5s)
    epoch 30/34 loss 0.1873 val acc 0.8780 (1.5s)
    epoch 31/34 loss 0.1874 val acc 0.8780 (1.4s)
    epoch 32/34 loss 0.1872 val acc 0.8780 (1.4s)
    epoch 33/34 loss 0.1872 val acc 0.8780 (1.5s)
    epoch 34/34 loss 0.1871 val acc 0.8780 (1.5s)
  [invoice_processing.duplicate] test acc 0.9000 macro-F1 0.6603 ECE 0.082 (T=1.09, 49s, 10.03M params)
  [invoice_processing.matches_order] blocks split=14 depth=2, 2 labels, 259 train
    epoch 1/34 loss 0.7132 val acc 0.6341 (1.4s)
    epoch 2/34 loss 0.7018 val acc 0.3659 (1.4s)
    epoch 3/34 loss 0.6991 val acc 0.6341 (1.4s)
    epoch 4/34 loss 0.6866 val acc 0.3659 (1.4s)
    epoch 5/34 loss 0.7762 val acc 0.3902 (1.4s)
    epoch 6/34 loss 0.7130 val acc 0.6341 (1.4s)
    epoch 7/34 loss 0.7810 val acc 0.5366 (1.5s)
    epoch 8/34 loss 0.6293 val acc 0.7805 (1.4s)
    epoch 9/34 loss 0.9528 val acc 0.4634 (1.5s)
    epoch 10/34 loss 0.7570 val acc 0.6341 (1.4s)
    epoch 11/34 loss 0.5614 val acc 0.7561 (1.4s)
    epoch 12/34 loss 0.4824 val acc 0.7561 (1.4s)
    epoch 13/34 loss 0.4829 val acc 0.6829 (1.5s)
    epoch 14/34 loss 0.4825 val acc 0.7561 (1.5s)
    epoch 15/34 loss 0.4495 val acc 0.8049 (1.4s)
    epoch 16/34 loss 0.4139 val acc 0.8293 (1.5s)
    epoch 17/34 loss 0.3925 val acc 0.8049 (1.5s)
    epoch 18/34 loss 0.3737 val acc 0.7317 (1.5s)
    epoch 19/34 loss 0.3680 val acc 0.8293 (1.4s)
    epoch 20/34 loss 0.3482 val acc 0.8537 (1.4s)
    epoch 21/34 loss 0.3375 val acc 0.8293 (1.5s)
    epoch 22/34 loss 0.3344 val acc 0.8293 (1.4s)
    epoch 23/34 loss 0.3242 val acc 0.8537 (1.5s)
    epoch 24/34 loss 0.3203 val acc 0.8537 (1.5s)
    epoch 25/34 loss 0.3157 val acc 0.8293 (1.5s)
    epoch 26/34 loss 0.3144 val acc 0.8293 (1.4s)
    epoch 27/34 loss 0.3097 val acc 0.8293 (1.4s)
    epoch 28/34 loss 0.3051 val acc 0.8293 (1.5s)
    epoch 29/34 loss 0.3029 val acc 0.8293 (1.5s)
    epoch 30/34 loss 0.3015 val acc 0.8049 (1.5s)
    epoch 31/34 loss 0.3010 val acc 0.8049 (1.4s)
    epoch 32/34 loss 0.3001 val acc 0.8293 (1.5s)
    epoch 33/34 loss 0.3000 val acc 0.8293 (1.4s)
    epoch 34/34 loss 0.3003 val acc 0.8293 (1.4s)
  [invoice_processing.matches_order] test acc 0.9300 macro-F1 0.9291 ECE 0.104 (T=1.33, 49s, 10.03M params)
  [invoice_processing.urgency] blocks split=14 depth=2, 4 labels, 259 train
    epoch 1/34 loss 1.3615 val acc 0.4634 (1.4s)
    epoch 2/34 loss 1.2415 val acc 0.4878 (1.4s)
    epoch 3/34 loss 1.2286 val acc 0.4390 (1.4s)
    epoch 4/34 loss 1.2141 val acc 0.4634 (1.4s)
    epoch 5/34 loss 1.2016 val acc 0.6098 (1.4s)
    epoch 6/34 loss 1.2056 val acc 0.6585 (1.4s)
    epoch 7/34 loss 1.1712 val acc 0.7317 (1.5s)
    epoch 8/34 loss 1.1146 val acc 0.8049 (1.5s)
    epoch 9/34 loss 1.0864 val acc 0.8049 (1.5s)
    epoch 10/34 loss 1.0581 val acc 0.7805 (1.5s)
    epoch 11/34 loss 1.0280 val acc 0.8293 (1.4s)
    epoch 12/34 loss 1.0050 val acc 0.7317 (1.5s)
    epoch 13/34 loss 0.9977 val acc 0.8293 (1.5s)
    epoch 14/34 loss 0.9878 val acc 0.7805 (1.4s)
    epoch 15/34 loss 1.0001 val acc 0.8293 (1.5s)
    epoch 16/34 loss 0.9864 val acc 0.6829 (1.5s)
    epoch 17/34 loss 0.9803 val acc 0.9024 (1.5s)
    epoch 18/34 loss 0.9751 val acc 0.9024 (1.5s)
    epoch 19/34 loss 0.9744 val acc 0.8537 (1.4s)
    epoch 20/34 loss 0.9702 val acc 0.8537 (1.4s)
    epoch 21/34 loss 0.9695 val acc 0.8293 (1.4s)
    epoch 22/34 loss 0.9704 val acc 0.8780 (1.5s)
    epoch 23/34 loss 0.9743 val acc 0.8537 (1.4s)
    epoch 24/34 loss 0.9759 val acc 0.8780 (1.4s)
    epoch 25/34 loss 0.9684 val acc 0.8293 (1.4s)
    epoch 26/34 loss 0.9676 val acc 0.9024 (1.5s)
    epoch 27/34 loss 0.9642 val acc 0.8780 (1.4s)
    epoch 28/34 loss 0.9669 val acc 0.8780 (1.4s)
    epoch 29/34 loss 0.9644 val acc 0.9024 (1.4s)
    epoch 30/34 loss 0.9650 val acc 0.9024 (1.5s)
    epoch 31/34 loss 0.9627 val acc 0.9024 (1.5s)
    epoch 32/34 loss 0.9635 val acc 0.8780 (1.5s)
    epoch 33/34 loss 0.9634 val acc 0.8780 (1.5s)
    epoch 34/34 loss 0.9638 val acc 0.8780 (1.5s)
  [invoice_processing.urgency] test acc 0.7400 macro-F1 0.4715 ECE 0.259 (T=1.06, 49s, 10.03M params)
  [security_incidents.credential_compromise] blocks split=14 depth=2, 2 labels, 278 train
    epoch 1/34 loss 0.6944 val acc 0.4091 (1.2s)
    epoch 2/34 loss 0.6874 val acc 0.6364 (1.1s)
    epoch 3/34 loss 0.6983 val acc 0.6364 (1.2s)
    epoch 4/34 loss 0.6960 val acc 0.6364 (1.2s)
    epoch 5/34 loss 0.6916 val acc 0.6818 (1.1s)
    epoch 6/34 loss 0.6915 val acc 0.6364 (1.2s)
    epoch 7/34 loss 0.6825 val acc 0.7727 (1.2s)
    epoch 8/34 loss 0.6505 val acc 0.8182 (1.2s)
    epoch 9/34 loss 0.6530 val acc 0.7727 (1.2s)
    epoch 10/34 loss 0.6394 val acc 0.6818 (1.2s)
    epoch 11/34 loss 0.6429 val acc 0.8182 (1.2s)
    epoch 12/34 loss 0.6353 val acc 0.7727 (1.2s)
    epoch 13/34 loss 0.6324 val acc 0.7727 (1.2s)
    epoch 14/34 loss 0.6366 val acc 0.8182 (1.2s)
    epoch 15/34 loss 0.6334 val acc 0.8182 (1.1s)
    epoch 16/34 loss 0.6161 val acc 0.7727 (1.2s)
    epoch 17/34 loss 0.6329 val acc 0.7273 (1.2s)
    epoch 18/34 loss 0.6169 val acc 0.8636 (1.2s)
    epoch 19/34 loss 0.6089 val acc 0.8182 (1.2s)
    epoch 20/34 loss 0.6110 val acc 0.8182 (1.2s)
    epoch 21/34 loss 0.6160 val acc 0.7273 (1.2s)
    epoch 22/34 loss 0.6097 val acc 0.7727 (1.2s)
    epoch 23/34 loss 0.6045 val acc 0.8636 (1.2s)
    epoch 24/34 loss 0.6041 val acc 0.8636 (1.2s)
    epoch 25/34 loss 0.6006 val acc 0.7727 (1.2s)
    epoch 26/34 loss 0.6022 val acc 0.9091 (1.2s)
    epoch 27/34 loss 0.6009 val acc 0.8182 (1.2s)
    epoch 28/34 loss 0.5993 val acc 0.8636 (1.2s)
    epoch 29/34 loss 0.5988 val acc 0.8182 (1.2s)
    epoch 30/34 loss 0.5975 val acc 0.8636 (1.2s)
    epoch 31/34 loss 0.5993 val acc 0.8636 (1.2s)
    epoch 32/34 loss 0.5980 val acc 0.8636 (1.2s)
    epoch 33/34 loss 0.5978 val acc 0.8636 (1.2s)
    epoch 34/34 loss 0.5983 val acc 0.8636 (1.2s)
  [security_incidents.credential_compromise] test acc 0.7500 macro-F1 0.7488 ECE 0.104 (T=1.00, 40s, 10.03M params)
  [security_incidents.disposition] blocks split=14 depth=2, 4 labels, 278 train
    epoch 1/34 loss 1.2857 val acc 0.7273 (1.2s)
    epoch 2/34 loss 1.2569 val acc 0.7273 (1.1s)
    epoch 3/34 loss 1.2359 val acc 0.7273 (1.2s)
    epoch 4/34 loss 1.2254 val acc 0.7273 (1.2s)
    epoch 5/34 loss 1.2127 val acc 0.7273 (1.2s)
    epoch 6/34 loss 1.1987 val acc 0.7273 (1.2s)
    epoch 7/34 loss 1.1660 val acc 0.7273 (1.2s)
    epoch 8/34 loss 1.1512 val acc 0.7727 (1.2s)
    epoch 9/34 loss 1.1582 val acc 0.8182 (1.2s)
    epoch 10/34 loss 1.1211 val acc 0.7727 (1.2s)
    epoch 11/34 loss 1.1292 val acc 0.7727 (1.2s)
    epoch 12/34 loss 1.1088 val acc 0.7727 (1.2s)
    epoch 13/34 loss 1.0982 val acc 0.7727 (1.2s)
    epoch 14/34 loss 1.1019 val acc 0.7727 (1.2s)
    epoch 15/34 loss 1.0816 val acc 0.8182 (1.2s)
    epoch 16/34 loss 1.0715 val acc 0.8182 (1.1s)
    epoch 17/34 loss 1.0711 val acc 0.8636 (1.2s)
    epoch 18/34 loss 1.0515 val acc 0.8182 (1.2s)
    epoch 19/34 loss 1.0506 val acc 0.7273 (1.2s)
    epoch 20/34 loss 1.0447 val acc 0.7727 (1.2s)
    epoch 21/34 loss 1.0444 val acc 0.8182 (1.2s)
    epoch 22/34 loss 1.0348 val acc 0.7727 (1.2s)
    epoch 23/34 loss 1.0273 val acc 0.8182 (1.2s)
    epoch 24/34 loss 1.0247 val acc 0.8182 (1.2s)
    epoch 25/34 loss 1.0199 val acc 0.7727 (1.2s)
    epoch 26/34 loss 1.0201 val acc 0.8636 (1.2s)
    epoch 27/34 loss 1.0170 val acc 0.7727 (1.2s)
    epoch 28/34 loss 1.0162 val acc 0.7727 (1.2s)
    epoch 29/34 loss 1.0155 val acc 0.7727 (1.2s)
    epoch 30/34 loss 1.0132 val acc 0.7727 (1.2s)
    epoch 31/34 loss 1.0140 val acc 0.8182 (1.2s)
    epoch 32/34 loss 1.0136 val acc 0.7727 (1.2s)
    epoch 33/34 loss 1.0136 val acc 0.7727 (1.2s)
    epoch 34/34 loss 1.0132 val acc 0.7727 (1.2s)
  [security_incidents.disposition] test acc 0.7500 macro-F1 0.3406 ECE 0.200 (T=1.00, 40s, 10.03M params)
  [security_incidents.severity] blocks split=14 depth=2, 5 labels, 278 train
    epoch 1/34 loss 1.7701 val acc 0.3182 (1.1s)
    epoch 2/34 loss 1.5152 val acc 0.5909 (1.2s)
    epoch 3/34 loss 1.5045 val acc 0.5909 (1.2s)
    epoch 4/34 loss 1.4600 val acc 0.5909 (1.2s)
    epoch 5/34 loss 1.4342 val acc 0.5909 (1.2s)
    epoch 6/34 loss 1.3987 val acc 0.7727 (1.2s)
    epoch 7/34 loss 1.3956 val acc 0.7273 (1.2s)
    epoch 8/34 loss 1.3367 val acc 0.8182 (1.1s)
    epoch 9/34 loss 1.2558 val acc 0.8636 (1.2s)
    epoch 10/34 loss 1.2358 val acc 0.9545 (1.2s)
    epoch 11/34 loss 1.2124 val acc 0.9545 (1.2s)
    epoch 12/34 loss 1.2070 val acc 0.9091 (1.2s)
    epoch 13/34 loss 1.1915 val acc 0.9545 (1.2s)
    epoch 14/34 loss 1.1974 val acc 0.9091 (1.2s)
    epoch 15/34 loss 1.1891 val acc 0.9091 (1.2s)
    epoch 16/34 loss 1.1758 val acc 0.9545 (1.2s)
    epoch 17/34 loss 1.1857 val acc 0.9545 (1.1s)
    epoch 18/34 loss 1.1692 val acc 0.9091 (1.2s)
    epoch 19/34 loss 1.1668 val acc 0.9545 (1.2s)
    epoch 20/34 loss 1.1651 val acc 0.9545 (1.2s)
    epoch 21/34 loss 1.1586 val acc 0.9545 (1.1s)
    epoch 22/34 loss 1.1565 val acc 0.9545 (1.2s)
    epoch 23/34 loss 1.1533 val acc 0.8636 (1.2s)
    epoch 24/34 loss 1.1548 val acc 0.9545 (1.2s)
    epoch 25/34 loss 1.1507 val acc 0.9545 (1.2s)
    epoch 26/34 loss 1.1478 val acc 0.9545 (1.2s)
    epoch 27/34 loss 1.1452 val acc 0.9545 (1.2s)
    epoch 28/34 loss 1.1453 val acc 0.9545 (1.2s)
    epoch 29/34 loss 1.1430 val acc 0.9545 (1.2s)
    epoch 30/34 loss 1.1429 val acc 0.9545 (1.2s)
    epoch 31/34 loss 1.1432 val acc 0.9545 (1.2s)
    epoch 32/34 loss 1.1420 val acc 0.9545 (1.2s)
    epoch 33/34 loss 1.1415 val acc 0.9545 (1.1s)
    epoch 34/34 loss 1.1415 val acc 0.9545 (1.2s)
  [security_incidents.severity] test acc 0.7300 macro-F1 0.5389 ECE 0.238 (T=1.00, 40s, 10.03M params)
  [security_incidents.true_positive] blocks split=14 depth=2, 2 labels, 278 train
    epoch 1/34 loss 0.6737 val acc 0.6364 (1.2s)
    epoch 2/34 loss 0.6721 val acc 0.7273 (1.2s)
    epoch 3/34 loss 0.6603 val acc 0.6364 (1.2s)
    epoch 4/34 loss 0.6553 val acc 0.7273 (1.1s)
    epoch 5/34 loss 0.6388 val acc 0.7727 (1.2s)
    epoch 6/34 loss 0.6241 val acc 0.7727 (1.2s)
    epoch 7/34 loss 0.6156 val acc 0.8182 (1.2s)
    epoch 8/34 loss 0.6084 val acc 0.8636 (1.2s)
    epoch 9/34 loss 0.6269 val acc 0.7727 (1.2s)
    epoch 10/34 loss 0.6066 val acc 0.8182 (1.2s)
    epoch 11/34 loss 0.6169 val acc 0.7727 (1.2s)
    epoch 12/34 loss 0.5927 val acc 0.8636 (1.2s)
    epoch 13/34 loss 0.5913 val acc 0.8636 (1.2s)
    epoch 14/34 loss 0.6095 val acc 0.7727 (1.2s)
    epoch 15/34 loss 0.5938 val acc 0.8182 (1.2s)
    epoch 16/34 loss 0.5851 val acc 0.8182 (1.2s)
    epoch 17/34 loss 0.5768 val acc 0.8182 (1.2s)
    epoch 18/34 loss 0.5790 val acc 0.8636 (1.2s)
    epoch 19/34 loss 0.5696 val acc 0.9091 (1.2s)
    epoch 20/34 loss 0.5709 val acc 0.9091 (1.2s)
    epoch 21/34 loss 0.5679 val acc 0.9091 (1.2s)
    epoch 22/34 loss 0.5656 val acc 0.9091 (1.2s)
    epoch 23/34 loss 0.5649 val acc 0.9091 (1.2s)
    epoch 24/34 loss 0.5639 val acc 0.8636 (1.2s)
    epoch 25/34 loss 0.5607 val acc 0.7727 (1.2s)
    epoch 26/34 loss 0.5611 val acc 0.9091 (1.2s)
    epoch 27/34 loss 0.5599 val acc 0.9091 (1.2s)
    epoch 28/34 loss 0.5591 val acc 0.8636 (1.2s)
    epoch 29/34 loss 0.5595 val acc 0.9091 (1.2s)
    epoch 30/34 loss 0.5580 val acc 0.9091 (1.2s)
    epoch 31/34 loss 0.5595 val acc 0.9091 (1.2s)
    epoch 32/34 loss 0.5583 val acc 0.9091 (1.2s)
    epoch 33/34 loss 0.5585 val acc 0.9091 (1.2s)
    epoch 34/34 loss 0.5581 val acc 0.9091 (1.2s)
  [security_incidents.true_positive] test acc 0.7800 macro-F1 0.7272 ECE 0.113 (T=1.00, 40s, 10.03M params)
  [security_incidents.urgency] blocks split=14 depth=2, 4 labels, 278 train
    epoch 1/34 loss 1.6127 val acc 0.2273 (1.2s)
    epoch 2/34 loss 1.3037 val acc 0.5909 (1.2s)
    epoch 3/34 loss 1.2851 val acc 0.5909 (1.1s)
    epoch 4/34 loss 1.2412 val acc 0.5909 (1.1s)
    epoch 5/34 loss 1.2260 val acc 0.5455 (1.2s)
    epoch 6/34 loss 1.2288 val acc 0.5909 (1.2s)
    epoch 7/34 loss 1.2175 val acc 0.5909 (1.2s)
    epoch 8/34 loss 1.2089 val acc 0.5909 (1.2s)
    epoch 9/34 loss 1.1752 val acc 0.5909 (1.2s)
    epoch 10/34 loss 1.1558 val acc 0.5000 (1.2s)
    epoch 11/34 loss 1.1330 val acc 0.6818 (1.2s)
    epoch 12/34 loss 1.1068 val acc 0.6818 (1.2s)
    epoch 13/34 loss 1.0910 val acc 0.7273 (1.2s)
    epoch 14/34 loss 1.1136 val acc 0.6364 (1.2s)
    epoch 15/34 loss 1.0783 val acc 0.5909 (1.2s)
    epoch 16/34 loss 1.0546 val acc 0.6364 (1.2s)
    epoch 17/34 loss 1.0629 val acc 0.5909 (1.2s)
    epoch 18/34 loss 1.0514 val acc 0.6818 (1.2s)
    epoch 19/34 loss 1.0432 val acc 0.7273 (1.2s)
    epoch 20/34 loss 1.0405 val acc 0.6818 (1.2s)
    epoch 21/34 loss 1.0354 val acc 0.5455 (1.2s)
    epoch 22/34 loss 1.0307 val acc 0.6364 (1.2s)
    epoch 23/34 loss 1.0248 val acc 0.7273 (1.2s)
    epoch 24/34 loss 1.0220 val acc 0.7727 (1.2s)
    epoch 25/34 loss 1.0194 val acc 0.6364 (1.1s)
    epoch 26/34 loss 1.0202 val acc 0.7727 (1.2s)
    epoch 27/34 loss 1.0203 val acc 0.6818 (1.2s)
    epoch 28/34 loss 1.0165 val acc 0.6818 (1.2s)
    epoch 29/34 loss 1.0141 val acc 0.6818 (1.2s)
    epoch 30/34 loss 1.0146 val acc 0.6818 (1.2s)
    epoch 31/34 loss 1.0127 val acc 0.6818 (1.2s)
    epoch 32/34 loss 1.0128 val acc 0.6818 (1.2s)
    epoch 33/34 loss 1.0129 val acc 0.6818 (1.2s)
    epoch 34/34 loss 1.0115 val acc 0.6818 (1.2s)
  [security_incidents.urgency] test acc 0.6500 macro-F1 0.4411 ECE 0.144 (T=1.00, 39s, 10.03M params)
   blocks@14+2 mean: {"acc": 0.7665, "macro_f1": 0.6315, "ece": 0.1773, "nll": 0.6555}
done
