Loading weights:   0%|          | 0/134 [00:00<?, ?it/s]Loading weights: 100%|██████████| 134/134 [00:00<00:00, 9232.64it/s]
Using the latest cached version of the dataset since clinc/clinc_oos couldn't be found on the Hugging Face Hub (offline mode is enabled).
Found the latest cached dataset configuration 'plus' at /home/ubuntu/.cache/huggingface/datasets/clinc___clinc_oos/plus/0.0.0/155b9c710419136e17307b80d0a13e68cd46b4ec (last modified on Sun Sep 27 21:22:49 2026).
== clinc150: 15250/3100/5500 messages (train/val/test), tasks: intent(151), domain(11), oos(2) | probes@4, blocks@11+2 | cached in 9.8s
   [probe@4] intent: test acc 0.8675 (43s)
   [probe@4] domain: test acc 0.8247 (17s)
   [probe@4] oos: test acc 0.8527 (13s)
   [blocks:2@11] intent: test acc 0.8711 (28s)
   [blocks:2@11] domain: test acc 0.8836 (28s)
   [blocks:2@11] oos: test acc 0.8673 (24s)
  FD purity intent -> domain: 1.0000, oos: 1.0000
-- all-blocks: acc 0.8740, layer-equiv 17.0
   tau 0.5: fd 0.8897/13.3 | exit 0.8608/5.7 (exit 0.87) | exit+fd 0.8967/4.9 (exit 0.91)   [acc/layer-equiv]
   tau 0.7: fd 0.8865/13.6 | exit 0.8707/7.8 (exit 0.71) | exit+fd 0.8936/5.9 (exit 0.82)   [acc/layer-equiv]
   tau 0.8: fd 0.8836/13.7 | exit 0.8744/8.8 (exit 0.63) | exit+fd 0.8904/6.5 (exit 0.78)   [acc/layer-equiv]
   tau 0.9: fd 0.8807/14.0 | exit 0.8751/10.2 (exit 0.53) | exit+fd 0.8864/7.4 (exit 0.70)   [acc/layer-equiv]
   tau 0.95: fd 0.8783/14.2 | exit 0.8750/11.5 (exit 0.42) | exit+fd 0.8826/8.3 (exit 0.63)   [acc/layer-equiv]
   tau 0.98: fd 0.8753/14.6 | exit 0.8745/13.4 (exit 0.28) | exit+fd 0.8780/9.4 (exit 0.54)   [acc/layer-equiv]
   tau 0.99: fd 0.8746/14.9 | exit 0.8744/14.6 (exit 0.18) | exit+fd 0.8764/10.3 (exit 0.47)   [acc/layer-equiv]
   tau 0.995: fd 0.8742/15.2 | exit 0.8741/15.7 (exit 0.10) | exit+fd 0.8754/11.2 (exit 0.40)   [acc/layer-equiv]
Using the latest cached version of the dataset since LocalLLaMA/typed-decisions couldn't be found on the Hugging Face Hub (offline mode is enabled).
Found the latest cached dataset configuration 'all' at /home/ubuntu/.cache/huggingface/datasets/LocalLLaMA___typed-decisions/all/0.0.0/f7a2487edd7a043a5441a5e9ccc7fe5ddbd9ebe8 (last modified on Sun Sep 27 18:59:51 2026).
Using the latest cached version of the dataset since LocalLLaMA/typed-decisions couldn't be found on the Hugging Face Hub (offline mode is enabled).
Found the latest cached dataset configuration 'all' at /home/ubuntu/.cache/huggingface/datasets/LocalLLaMA___typed-decisions/all/0.0.0/f7a2487edd7a043a5441a5e9ccc7fe5ddbd9ebe8 (last modified on Sun Sep 27 18:59:51 2026).
  typed-decisions strongest dependencies (purity vs majority baseline):
    agent_trace_observability.action -> agent_trace_observability.needs_review: 0.945 vs 0.515
    invoice_processing.discrepancy_severity -> invoice_processing.matches_order: 0.931 vs 0.517
    invoice_processing.disposition -> invoice_processing.matches_order: 0.892 vs 0.517
    agent_trace_observability.needs_review -> agent_trace_observability.action: 0.803 vs 0.442
    invoice_processing.discrepancy_severity -> invoice_processing.disposition: 0.764 vs 0.425
    agent_trace_observability.risk -> agent_trace_observability.needs_review: 0.832 vs 0.515
    invoice_processing.matches_order -> invoice_processing.disposition: 0.741 vs 0.425
    security_incidents.true_positive -> security_incidents.credential_compromise: 0.871 vs 0.558
    agent_trace_observability.urgency -> agent_trace_observability.risk: 0.668 vs 0.361
    invoice_processing.disposition -> invoice_processing.discrepancy_severity: 0.772 vs 0.467
    agent_trace_observability.risk -> agent_trace_observability.action: 0.737 vs 0.442
    agent_trace_observability.urgency -> agent_trace_observability.needs_review: 0.781 vs 0.515
== summary (best plan within 0.5 points of all-blocks, by layer-equivalents)
  exit+fd@tau=0.5        acc 0.8967 layer-equiv 4.94 (71% saved)
  exit+fd@tau=0.7        acc 0.8936 layer-equiv 5.94 (65% saved)
  exit+fd@tau=0.8        acc 0.8904 layer-equiv 6.53 (62% saved)
  exit+fd@tau=0.9        acc 0.8864 layer-equiv 7.43 (56% saved)
  exit@tau=0.7           acc 0.8707 layer-equiv 7.82 (54% saved)
done
