Using the latest cached version of the dataset since mteb/banking77 couldn't be found on the Hugging Face Hub (offline mode is enabled).
Found the latest cached dataset configuration 'default' at /home/ubuntu/.cache/huggingface/datasets/mteb___banking77/default/0.0.0/18072d2685ea682290f7b8924d94c62acc19c0b2 (last modified on Sun Sep 27 21:22:46 2026).
Loading weights:   0%|          | 0/134 [00:00<?, ?it/s]Loading weights: 100%|██████████| 134/134 [00:00<00:00, 9018.13it/s]
training shallow branch: probe@4
training deep branch: blocks@18+1
static baselines: always-4 acc=0.8862   always-18 acc=0.9272
  th=0.050  escalate=0.000  avg_depth=4.00  acc=0.8862
  th=0.090  escalate=0.000  avg_depth=4.00  acc=0.8862
  th=0.129  escalate=0.000  avg_depth=4.00  acc=0.8862
  th=0.169  escalate=0.001  avg_depth=4.01  acc=0.8869
  th=0.208  escalate=0.003  avg_depth=4.04  acc=0.8875
  th=0.248  escalate=0.007  avg_depth=4.10  acc=0.8895
  th=0.287  escalate=0.012  avg_depth=4.16  acc=0.8924
  th=0.327  escalate=0.020  avg_depth=4.28  acc=0.8947
  th=0.366  escalate=0.029  avg_depth=4.40  acc=0.8966
  th=0.406  escalate=0.042  avg_depth=4.59  acc=0.9012
  th=0.445  escalate=0.052  avg_depth=4.73  acc=0.9047
  th=0.485  escalate=0.068  avg_depth=4.96  acc=0.9073
  th=0.524  escalate=0.086  avg_depth=5.21  acc=0.9109
  th=0.564  escalate=0.106  avg_depth=5.49  acc=0.9155
  th=0.604  escalate=0.127  avg_depth=5.78  acc=0.9174
  th=0.643  escalate=0.148  avg_depth=6.08  acc=0.9204
  th=0.683  escalate=0.170  avg_depth=6.38  acc=0.9236
  th=0.722  escalate=0.193  avg_depth=6.71  acc=0.9262
  th=0.762  escalate=0.216  avg_depth=7.02  acc=0.9278
  th=0.801  escalate=0.239  avg_depth=7.35  acc=0.9291
  th=0.841  escalate=0.270  avg_depth=7.79  acc=0.9304
  th=0.880  escalate=0.307  avg_depth=8.29  acc=0.9301
  th=0.920  escalate=0.354  avg_depth=8.95  acc=0.9298
  th=0.959  escalate=0.437  avg_depth=10.12  acc=0.9291
  th=0.999  escalate=0.827  avg_depth=15.58  acc=0.9272
headline: val-picked threshold 0.999 -> test acc 0.9272 at avg depth 15.58 (vs always-4=0.8862 at depth 4, always-18=0.9272 at depth 18). Captured 100% of the shallow-to-deep accuracy gain while running the trunk only 17% of the way from k_shallow to k_deep on average.
wrote results/tarski/explore_depth_gating.json
