Loading weights:   0%|          | 0/134 [00:00<?, ?it/s]Loading weights: 100%|██████████| 134/134 [00:00<00:00, 8641.40it/s]
Using the latest cached version of the dataset since clinc/clinc_oos couldn't be found on the Hugging Face Hub (offline mode is enabled).
Found the latest cached dataset configuration 'plus' at /home/ubuntu/.cache/huggingface/datasets/clinc___clinc_oos/plus/0.0.0/155b9c710419136e17307b80d0a13e68cd46b4ec (last modified on Sun Sep 27 21:22:49 2026).
== clinc150: 15250/3100/5500 messages (train/val/test), tasks: intent(151), domain(11), oos(2) | cached depth 11 in 9.4s
   [probe@11] intent: test acc 0.8605 (51s)
   [probe@11] domain: test acc 0.8165 (50s)
   [probe@11] oos: test acc 0.8485 (40s)
Using the latest cached version of the dataset since mteb/banking77 couldn't be found on the Hugging Face Hub (offline mode is enabled).
Found the latest cached dataset configuration 'default' at /home/ubuntu/.cache/huggingface/datasets/mteb___banking77/default/0.0.0/18072d2685ea682290f7b8924d94c62acc19c0b2 (last modified on Sun Sep 27 21:22:46 2026).
== banking77: 8994/999/3076 messages (train/val/test), tasks: intent(77) | cached depth 11 in 5.3s
   [probe@11] intent: test acc 0.8875 (30s)
  importance for decision set clinc150: 1.4s
  importance for decision set banking77: 1.8s
  overlap of pruned heads between the two sets' plans at 30%: 0.57
-- decision set clinc150: unpruned acc intent=0.9220 domain=0.9323 oos=0.9977
   plan own        sparsity 0.1: acc 0.8654 agree 0.8767 trunk FLOPs kept 0.90
   plan own        sparsity 0.2: acc 0.6283 agree 0.6316 trunk FLOPs kept 0.80
   plan own        sparsity 0.3: acc 0.6006 agree 0.6022 trunk FLOPs kept 0.70
   plan own        sparsity 0.4: acc 0.5697 agree 0.5736 trunk FLOPs kept 0.60
   plan own        sparsity 0.5: acc 0.4909 agree 0.4928 trunk FLOPs kept 0.50
   plan other_set  sparsity 0.1: acc 0.8879 agree 0.9028 trunk FLOPs kept 0.90
   plan other_set  sparsity 0.2: acc 0.6312 agree 0.6364 trunk FLOPs kept 0.80
   plan other_set  sparsity 0.3: acc 0.5132 agree 0.5137 trunk FLOPs kept 0.70
   plan other_set  sparsity 0.4: acc 0.4640 agree 0.4634 trunk FLOPs kept 0.60
   plan other_set  sparsity 0.5: acc 0.4146 agree 0.4120 trunk FLOPs kept 0.50
   plan magnitude  sparsity 0.1: acc 0.7280 agree 0.7302 trunk FLOPs kept 0.90
   plan magnitude  sparsity 0.2: acc 0.6240 agree 0.6266 trunk FLOPs kept 0.80
   plan magnitude  sparsity 0.3: acc 0.5009 agree 0.5010 trunk FLOPs kept 0.70
   plan magnitude  sparsity 0.4: acc 0.4520 agree 0.4540 trunk FLOPs kept 0.60
   plan magnitude  sparsity 0.5: acc 0.4151 agree 0.4153 trunk FLOPs kept 0.50
   plan random     sparsity 0.1: acc 0.7912 agree 0.7956 trunk FLOPs kept 0.90
   plan random     sparsity 0.2: acc 0.5800 agree 0.5803 trunk FLOPs kept 0.80
   plan random     sparsity 0.3: acc 0.3994 agree 0.4009 trunk FLOPs kept 0.70
   plan random     sparsity 0.4: acc 0.3427 agree 0.3441 trunk FLOPs kept 0.60
   plan random     sparsity 0.5: acc 0.3652 agree 0.3656 trunk FLOPs kept 0.50
-- decision set banking77: unpruned acc intent=0.8863
   plan other_set  sparsity 0.1: acc 0.7943 agree 0.8307 trunk FLOPs kept 0.90
   plan other_set  sparsity 0.2: acc 0.5140 agree 0.5230 trunk FLOPs kept 0.80
   plan other_set  sparsity 0.3: acc 0.3903 agree 0.3940 trunk FLOPs kept 0.70
   plan other_set  sparsity 0.4: acc 0.2230 agree 0.2310 trunk FLOPs kept 0.60
   plan other_set  sparsity 0.5: acc 0.1643 agree 0.1637 trunk FLOPs kept 0.50
   plan own        sparsity 0.1: acc 0.7937 agree 0.8340 trunk FLOPs kept 0.90
   plan own        sparsity 0.2: acc 0.3960 agree 0.4090 trunk FLOPs kept 0.80
   plan own        sparsity 0.3: acc 0.2140 agree 0.2160 trunk FLOPs kept 0.70
   plan own        sparsity 0.4: acc 0.0763 agree 0.0767 trunk FLOPs kept 0.60
   plan own        sparsity 0.5: acc 0.1177 agree 0.1183 trunk FLOPs kept 0.50
   plan magnitude  sparsity 0.1: acc 0.3013 agree 0.3063 trunk FLOPs kept 0.90
   plan magnitude  sparsity 0.2: acc 0.3370 agree 0.3377 trunk FLOPs kept 0.80
   plan magnitude  sparsity 0.3: acc 0.1380 agree 0.1380 trunk FLOPs kept 0.70
   plan magnitude  sparsity 0.4: acc 0.1323 agree 0.1373 trunk FLOPs kept 0.60
   plan magnitude  sparsity 0.5: acc 0.0530 agree 0.0557 trunk FLOPs kept 0.50
   plan random     sparsity 0.1: acc 0.6130 agree 0.6190 trunk FLOPs kept 0.90
   plan random     sparsity 0.2: acc 0.3283 agree 0.3320 trunk FLOPs kept 0.80
   plan random     sparsity 0.3: acc 0.1017 agree 0.1023 trunk FLOPs kept 0.70
   plan random     sparsity 0.4: acc 0.0867 agree 0.0870 trunk FLOPs kept 0.60
   plan random     sparsity 0.5: acc 0.0317 agree 0.0303 trunk FLOPs kept 0.50
== summary: mean decision agreement with the unpruned trunk (acc) by sparsity
  clinc150   own        0.1:0.877(0.865) 0.2:0.632(0.628) 0.3:0.602(0.601) 0.4:0.574(0.570) 0.5:0.493(0.491)
  clinc150   other_set  0.1:0.903(0.888) 0.2:0.636(0.631) 0.3:0.514(0.513) 0.4:0.463(0.464) 0.5:0.412(0.415)
  clinc150   magnitude  0.1:0.730(0.728) 0.2:0.627(0.624) 0.3:0.501(0.501) 0.4:0.454(0.452) 0.5:0.415(0.415)
  clinc150   random     0.1:0.796(0.791) 0.2:0.580(0.580) 0.3:0.401(0.399) 0.4:0.344(0.343) 0.5:0.366(0.365)
  banking77  other_set  0.1:0.831(0.794) 0.2:0.523(0.514) 0.3:0.394(0.390) 0.4:0.231(0.223) 0.5:0.164(0.164)
  banking77  own        0.1:0.834(0.794) 0.2:0.409(0.396) 0.3:0.216(0.214) 0.4:0.077(0.076) 0.5:0.118(0.118)
  banking77  magnitude  0.1:0.306(0.301) 0.2:0.338(0.337) 0.3:0.138(0.138) 0.4:0.137(0.132) 0.5:0.056(0.053)
  banking77  random     0.1:0.619(0.613) 0.2:0.332(0.328) 0.3:0.102(0.102) 0.4:0.087(0.087) 0.5:0.030(0.032)
done
