Loading weights:   0%|          | 0/134 [00:00<?, ?it/s]Loading weights: 100%|██████████| 134/134 [00:00<00:00, 15157.00it/s]
Using the latest cached version of the dataset since LocalLLaMA/typed-decisions couldn't be found on the Hugging Face Hub (offline mode is enabled).
Found the latest cached dataset configuration 'all' at /home/ubuntu/.cache/huggingface/datasets/LocalLLaMA___typed-decisions/all/0.0.0/f7a2487edd7a043a5441a5e9ccc7fe5ddbd9ebe8 (last modified on Sun Sep 27 18:59:51 2026).
Using the latest cached version of the dataset since LocalLLaMA/typed-decisions couldn't be found on the Hugging Face Hub (offline mode is enabled).
Found the latest cached dataset configuration 'all' at /home/ubuntu/.cache/huggingface/datasets/LocalLLaMA___typed-decisions/all/0.0.0/f7a2487edd7a043a5441a5e9ccc7fe5ddbd9ebe8 (last modified on Sun Sep 27 18:59:51 2026).
== typed-decisions: 1600 messages, tasks 20, depths [11], cached in 5s
  depth 11: shadow fitted (4639 tokens seen, test OOV 0.006); centred cos poolfit 0.934 tokmean 0.810
   [agent_trace_observability.action] probe_real 0.5500 | probe_on_shadow 0.4000 | logreg_real 0.6300 | same_logreg_on_poolfit 0.6500 | logreg_on_tokmean_pooled 0.0800 | logreg_retrained_on_poolfit 0.6100 | tfidf 0.3200
   [agent_trace_observability.needs_review] probe_real 0.8100 | probe_on_shadow 0.7600 | logreg_real 0.8100 | same_logreg_on_poolfit 0.8200 | logreg_on_tokmean_pooled 0.4900 | logreg_retrained_on_poolfit 0.8000 | tfidf 0.6600
   [agent_trace_observability.outcome] probe_real 0.3900 | probe_on_shadow 0.2700 | logreg_real 0.5900 | same_logreg_on_poolfit 0.6200 | logreg_on_tokmean_pooled 0.1900 | logreg_retrained_on_poolfit 0.5800 | tfidf 0.3400
   [agent_trace_observability.risk] probe_real 0.4400 | probe_on_shadow 0.3800 | logreg_real 0.7200 | same_logreg_on_poolfit 0.4700 | logreg_on_tokmean_pooled 0.3400 | logreg_retrained_on_poolfit 0.5600 | tfidf 0.3700
   [agent_trace_observability.urgency] probe_real 0.3900 | probe_on_shadow 0.3600 | logreg_real 0.5500 | same_logreg_on_poolfit 0.5500 | logreg_on_tokmean_pooled 0.3700 | logreg_retrained_on_poolfit 0.5400 | tfidf 0.4000
   [customer_service.action] probe_real 0.6100 | probe_on_shadow 0.5200 | logreg_real 0.4700 | same_logreg_on_poolfit 0.6100 | logreg_on_tokmean_pooled 0.4100 | logreg_retrained_on_poolfit 0.6200 | tfidf 0.5400
   [customer_service.category] probe_real 0.6900 | probe_on_shadow 0.3600 | logreg_real 0.7900 | same_logreg_on_poolfit 0.8200 | logreg_on_tokmean_pooled 0.4900 | logreg_retrained_on_poolfit 0.8200 | tfidf 0.9200
   [customer_service.churn_risk] probe_real 0.6600 | probe_on_shadow 0.4800 | logreg_real 0.6100 | same_logreg_on_poolfit 0.6100 | logreg_on_tokmean_pooled 0.4900 | logreg_retrained_on_poolfit 0.6400 | tfidf 0.5800
   [customer_service.needs_human] probe_real 0.7400 | probe_on_shadow 0.6700 | logreg_real 0.6000 | same_logreg_on_poolfit 0.7900 | logreg_on_tokmean_pooled 0.6100 | logreg_retrained_on_poolfit 0.7700 | tfidf 0.6800
   [customer_service.urgency] probe_real 0.6500 | probe_on_shadow 0.4300 | logreg_real 0.5500 | same_logreg_on_poolfit 0.5900 | logreg_on_tokmean_pooled 0.4600 | logreg_retrained_on_poolfit 0.6000 | tfidf 0.6100
   [invoice_processing.discrepancy_severity] probe_real 0.5200 | probe_on_shadow 0.4800 | logreg_real 0.6600 | same_logreg_on_poolfit 0.3700 | logreg_on_tokmean_pooled 0.3600 | logreg_retrained_on_poolfit 0.2900 | tfidf 0.5200
   [invoice_processing.disposition] probe_real 0.5600 | probe_on_shadow 0.4800 | logreg_real 0.5900 | same_logreg_on_poolfit 0.3700 | logreg_on_tokmean_pooled 0.3600 | logreg_retrained_on_poolfit 0.3600 | tfidf 0.4200
   [invoice_processing.duplicate] probe_real 0.8900 | probe_on_shadow 0.8900 | logreg_real 0.9100 | same_logreg_on_poolfit 0.8200 | logreg_on_tokmean_pooled 0.2000 | logreg_retrained_on_poolfit 0.8100 | tfidf 0.8900
   [invoice_processing.matches_order] probe_real 0.7800 | probe_on_shadow 0.4500 | logreg_real 0.8100 | same_logreg_on_poolfit 0.4800 | logreg_on_tokmean_pooled 0.4600 | logreg_retrained_on_poolfit 0.4500 | tfidf 0.5900
   [invoice_processing.urgency] probe_real 0.5700 | probe_on_shadow 0.5100 | logreg_real 0.7000 | same_logreg_on_poolfit 0.6100 | logreg_on_tokmean_pooled 0.3400 | logreg_retrained_on_poolfit 0.5300 | tfidf 0.5400
   [security_incidents.credential_compromise] probe_real 0.6500 | probe_on_shadow 0.5800 | logreg_real 0.7400 | same_logreg_on_poolfit 0.6800 | logreg_on_tokmean_pooled 0.6100 | logreg_retrained_on_poolfit 0.6800 | tfidf 0.7600
   [security_incidents.disposition] probe_real 0.7700 | probe_on_shadow 0.7400 | logreg_real 0.5900 | same_logreg_on_poolfit 0.6200 | logreg_on_tokmean_pooled 0.6100 | logreg_retrained_on_poolfit 0.6300 | tfidf 0.7400
   [security_incidents.severity] probe_real 0.5300 | probe_on_shadow 0.5100 | logreg_real 0.6100 | same_logreg_on_poolfit 0.6200 | logreg_on_tokmean_pooled 0.4400 | logreg_retrained_on_poolfit 0.6100 | tfidf 0.5600
   [security_incidents.true_positive] probe_real 0.7800 | probe_on_shadow 0.7300 | logreg_real 0.7700 | same_logreg_on_poolfit 0.7700 | logreg_on_tokmean_pooled 0.7300 | logreg_retrained_on_poolfit 0.7400 | tfidf 0.8100
   [security_incidents.urgency] probe_real 0.5600 | probe_on_shadow 0.5000 | logreg_real 0.6000 | same_logreg_on_poolfit 0.5700 | logreg_on_tokmean_pooled 0.5000 | logreg_retrained_on_poolfit 0.5500 | tfidf 0.5500
   cascade served=probe  tier0=same_probe_tokmean  : served 0.6270 tier0-only 0.5250 | LTT delta=0.01: exit 0.000 flips 0.0000 acc 0.6270 | tau=0.9: exit 0.000 flips 0.0000
   cascade served=probe  tier0=logreg_poolfit_rt   : served 0.6270 tier0-only 0.6095 | LTT delta=0.01: exit 0.000 flips 0.0000 acc 0.6270 | tau=0.9: exit 0.000 flips 0.0000
   cascade served=probe  tier0=tfidf               : served 0.6270 tier0-only 0.5900 | LTT delta=0.01: exit 0.000 flips 0.0000 acc 0.6270 | tau=0.9: exit 0.000 flips 0.0000
   cascade served=logreg tier0=same_logreg_poolfit : served 0.6650 tier0-only 0.6220 | LTT delta=0.01: exit 0.000 flips 0.0000 acc 0.6650 | tau=0.9: exit 0.000 flips 0.0000
   cascade served=logreg tier0=logreg_poolfit_rt   : served 0.6650 tier0-only 0.6095 | LTT delta=0.01: exit 0.000 flips 0.0000 acc 0.6650 | tau=0.9: exit 0.000 flips 0.0000
   cascade served=logreg tier0=tfidf               : served 0.6650 tier0-only 0.5900 | LTT delta=0.01: exit 0.000 flips 0.0000 acc 0.6650 | tau=0.9: exit 0.000 flips 0.0000
Loading weights:   0%|          | 0/134 [00:00<?, ?it/s]Loading weights: 100%|██████████| 134/134 [00:00<00:00, 7800.22it/s]
   CPU latency (batch 1, 8 threads, 108 tokens): trunk to depth 11 25.57 ms vs tier 0 0.0293 ms
done -> results/tarski/explore_lit_shadow_typed.json
