Loading weights:   0%|          | 0/134 [00:00<?, ?it/s]Loading weights: 100%|██████████| 134/134 [00:00<00:00, 9180.31it/s]
== passengers | base answerdotai/ModernBERT-base on cuda | smoke=False
  parity: {"message_vs_taps": 0.0084, "passenger_vs_oneway_full": 0.0208, "twoway_full_vs_stock": 0.0}
Using the latest cached version of the dataset since LocalLLaMA/typed-decisions couldn't be found on the Hugging Face Hub (offline mode is enabled).
Found the latest cached dataset configuration 'all' at /home/ubuntu/.cache/huggingface/datasets/LocalLLaMA___typed-decisions/all/0.0.0/f7a2487edd7a043a5441a5e9ccc7fe5ddbd9ebe8 (last modified on Sun Sep 27 18:59:51 2026).
Using the latest cached version of the dataset since LocalLLaMA/typed-decisions couldn't be found on the Hugging Face Hub (offline mode is enabled).
Found the latest cached dataset configuration 'all' at /home/ubuntu/.cache/huggingface/datasets/LocalLLaMA___typed-decisions/all/0.0.0/f7a2487edd7a043a5441a5e9ccc7fe5ddbd9ebe8 (last modified on Sun Sep 27 18:59:51 2026).
-- typed-decisions: 1080/120/400 messages (train/val/test), tasks: agent_trace_observability.action(4), agent_trace_observability.needs_review(2), agent_trace_observability.outcome(4), agent_trace_observability.risk(4), agent_trace_observability.urgency(4), customer_service.action(5), customer_service.category(5), customer_service.churn_risk(4), customer_service.needs_human(2), customer_service.urgency(4), invoice_processing.discrepancy_severity(4), invoice_processing.disposition(4), invoice_processing.duplicate(2), invoice_processing.matches_order(2), invoice_processing.urgency(4), security_incidents.credential_compromise(2), security_incidents.disposition(4), security_incidents.severity(5), security_incidents.true_positive(2), security_incidents.urgency(4) | configs ['P4r0', 'P4r8', 'P4r8@11', 'P1r0'] | epochs 8 bs 16
  baseline cache depth 22: 5.7s
  baseline probe@22 mean: {"acc": 0.6565, "macro_f1": 0.4821, "ece": 0.1424, "nll": 0.833, "brier_soft": 0.1134, "auroc": 0.8287}
  baseline logreg@11 mean: {"acc": 0.6795, "macro_f1": 0.5505, "ece": 0.136, "nll": 0.7659, "brier_soft": 0.1046, "auroc": 0.8169}
  baseline logreg@22 mean: {"acc": 0.675, "macro_f1": 0.5407, "ece": 0.1278, "nll": 0.7654, "brier_soft": 0.1031, "auroc": 0.8139}
  18 epochs x 17 steps/epoch per task (min_steps 300)
    epoch 1/18 loss 1.1877 val acc P4r0=0.456 P4r8=0.426 P4r8@11=0.467 P1r0=0.508 (37.4s)
    epoch 2/18 loss 1.1358 val acc P4r0=0.480 P4r8=0.517 P4r8@11=0.475 P1r0=0.461 (45.7s)
    epoch 3/18 loss 1.1120 val acc P4r0=0.552 P4r8=0.547 P4r8@11=0.489 P1r0=0.524 (31.7s)
    epoch 4/18 loss 1.0864 val acc P4r0=0.537 P4r8=0.526 P4r8@11=0.500 P1r0=0.524 (31.6s)
    epoch 5/18 loss 1.0703 val acc P4r0=0.528 P4r8=0.573 P4r8@11=0.494 P1r0=0.521 (36.4s)
    epoch 6/18 loss 1.0547 val acc P4r0=0.524 P4r8=0.592 P4r8@11=0.494 P1r0=0.532 (37.5s)
    epoch 7/18 loss 1.0381 val acc P4r0=0.497 P4r8=0.599 P4r8@11=0.484 P1r0=0.523 (41.5s)
    epoch 8/18 loss 1.0257 val acc P4r0=0.541 P4r8=0.619 P4r8@11=0.480 P1r0=0.534 (49.7s)
    epoch 9/18 loss 1.0115 val acc P4r0=0.551 P4r8=0.631 P4r8@11=0.542 P1r0=0.576 (39.0s)
    epoch 10/18 loss 0.9972 val acc P4r0=0.569 P4r8=0.663 P4r8@11=0.546 P1r0=0.585 (45.3s)
    epoch 11/18 loss 0.9849 val acc P4r0=0.593 P4r8=0.672 P4r8@11=0.567 P1r0=0.606 (38.3s)
    epoch 12/18 loss 0.9783 val acc P4r0=0.571 P4r8=0.673 P4r8@11=0.573 P1r0=0.579 (45.1s)
    epoch 13/18 loss 0.9688 val acc P4r0=0.584 P4r8=0.685 P4r8@11=0.579 P1r0=0.609 (47.9s)
    epoch 14/18 loss 0.9610 val acc P4r0=0.565 P4r8=0.681 P4r8@11=0.586 P1r0=0.595 (43.1s)
    epoch 15/18 loss 0.9533 val acc P4r0=0.582 P4r8=0.681 P4r8@11=0.592 P1r0=0.613 (41.3s)
    epoch 16/18 loss 0.9511 val acc P4r0=0.577 P4r8=0.690 P4r8@11=0.605 P1r0=0.607 (46.6s)
    epoch 17/18 loss 0.9478 val acc P4r0=0.576 P4r8=0.680 P4r8@11=0.598 P1r0=0.608 (46.3s)
    epoch 18/18 loss 0.9483 val acc P4r0=0.578 P4r8=0.681 P4r8@11=0.595 P1r0=0.607 (45.7s)
  P4r0: mean {"acc": 0.577, "macro_f1": 0.3673, "ece": 0.115, "nll": 0.9381, "brier_soft": 0.1452, "auroc": 0.7349} | 7337 params/task | 88 token-layers/decision
  P4r8: mean {"acc": 0.634, "macro_f1": 0.4626, "ece": 0.1209, "nll": 0.8085, "brier_soft": 0.1112, "auroc": 0.7941} | 818345 params/task | 88 token-layers/decision
  P4r8@11: mean {"acc": 0.571, "macro_f1": 0.3705, "ece": 0.1142, "nll": 0.9287, "brier_soft": 0.1504, "auroc": 0.7225} | 412841 params/task | 44 token-layers/decision
  P1r0: mean {"acc": 0.5825, "macro_f1": 0.3959, "ece": 0.1172, "nll": 0.9299, "brier_soft": 0.1443, "auroc": 0.735} | 5033 params/task | 22 token-layers/decision
done -> results/tarski/explore_passenger_typed_v2.json
