Loading weights:   0%|          | 0/134 [00:00<?, ?it/s]Loading weights: 100%|██████████| 134/134 [00:00<00:00, 8980.09it/s]
Using the latest cached version of the dataset since clinc/clinc_oos couldn't be found on the Hugging Face Hub (offline mode is enabled).
Found the latest cached dataset configuration 'plus' at /home/ubuntu/.cache/huggingface/datasets/clinc___clinc_oos/plus/0.0.0/155b9c710419136e17307b80d0a13e68cd46b4ec (last modified on Sun Sep 27 21:22:49 2026).
== Mahalanobis++ / KPCA on CLINC150 | 15000 in-scope train, val 3100 (100 oos), test 5500 (1000 oos) | depths [1, 2, 4, 6, 8, 11, 14, 16, 18, 20, 22] | trunk cuda, fits cuda
  trunk pass: 23850 messages at depths [1, 2, 4, 6, 8, 11, 14, 16, 18, 20, 22] in 22.2s
-- depth 1 (5.7s): maha_z 0.857 | maha_raw 0.857 | maha_l2 0.869 | maha_cl2 0.914 | maha_zl2 0.910 | rmd_cl2 0.952 | kpca_cos_0.9 0.872 | kpca_rff_c1.0_0.9 0.908 | knn1 0.896 | msp 0.930
   norm-score Spearman (in-scope test): maha_z +0.13 | maha_raw +0.13 | maha_l2 -0.07 | maha_cl2 -0.17 | maha_zl2 -0.17
-- depth 2 (5.2s): maha_z 0.853 | maha_raw 0.853 | maha_l2 0.864 | maha_cl2 0.912 | maha_zl2 0.913 | rmd_cl2 0.954 | kpca_cos_0.9 0.867 | kpca_rff_c1.0_0.9 0.896 | knn1 0.892 | msp 0.931
   norm-score Spearman (in-scope test): maha_z +0.17 | maha_raw +0.17 | maha_l2 +0.00 | maha_cl2 -0.11 | maha_zl2 -0.11
-- depth 4 (5.4s): maha_z 0.845 | maha_raw 0.845 | maha_l2 0.852 | maha_cl2 0.911 | maha_zl2 0.914 | rmd_cl2 0.957 | kpca_cos_0.9 0.863 | kpca_rff_c1.0_0.9 0.862 | knn1 0.883 | msp 0.928
   norm-score Spearman (in-scope test): maha_z +0.12 | maha_raw +0.12 | maha_l2 -0.06 | maha_cl2 -0.11 | maha_zl2 -0.13
-- depth 6 (5.2s): maha_z 0.844 | maha_raw 0.844 | maha_l2 0.817 | maha_cl2 0.652 | maha_zl2 0.886 | rmd_cl2 0.860 | kpca_cos_0.9 0.617 | kpca_rff_c1.0_0.9 0.603 | knn1 0.797 | msp 0.924
   norm-score Spearman (in-scope test): maha_z +0.24 | maha_raw +0.27 | maha_l2 -0.57 | maha_cl2 +0.01 | maha_zl2 -0.06
-- depth 8 (5.8s): maha_z 0.845 | maha_raw 0.849 | maha_l2 0.814 | maha_cl2 0.671 | maha_zl2 0.895 | rmd_cl2 0.880 | kpca_cos_0.9 0.635 | kpca_rff_c1.0_0.9 0.611 | knn1 0.793 | msp 0.924
   norm-score Spearman (in-scope test): maha_z +0.20 | maha_raw +0.23 | maha_l2 -0.55 | maha_cl2 +0.01 | maha_zl2 -0.08
-- depth 11 (5.9s): maha_z 0.842 | maha_raw 0.843 | maha_l2 0.851 | maha_cl2 0.832 | maha_zl2 0.867 | rmd_cl2 0.944 | kpca_cos_0.9 0.776 | kpca_rff_c1.0_0.9 0.743 | knn1 0.833 | msp 0.920
   norm-score Spearman (in-scope test): maha_z +0.23 | maha_raw +0.24 | maha_l2 -0.02 | maha_cl2 -0.33 | maha_zl2 -0.23
-- depth 14 (5.6s): maha_z 0.835 | maha_raw 0.780 | maha_l2 0.714 | maha_cl2 0.582 | maha_zl2 0.753 | rmd_cl2 0.744 | kpca_cos_0.9 0.531 | kpca_rff_c1.0_0.9 0.550 | knn1 0.680 | msp 0.911
   norm-score Spearman (in-scope test): maha_z +0.05 | maha_raw +0.23 | maha_l2 -0.84 | maha_cl2 +0.04 | maha_zl2 -0.05
-- depth 16 (5.6s): maha_z 0.813 | maha_raw 0.629 | maha_l2 0.562 | maha_cl2 0.560 | maha_zl2 0.717 | rmd_cl2 0.737 | kpca_cos_0.9 0.517 | kpca_rff_c1.0_0.9 0.500 | knn1 0.528 | msp 0.903
   norm-score Spearman (in-scope test): maha_z -0.06 | maha_raw +0.14 | maha_l2 -0.91 | maha_cl2 -0.00 | maha_zl2 -0.09
-- depth 18 (5.6s): maha_z 0.796 | maha_raw 0.685 | maha_l2 0.581 | maha_cl2 0.579 | maha_zl2 0.765 | rmd_cl2 0.784 | kpca_cos_0.9 0.515 | kpca_rff_c1.0_0.9 0.502 | knn1 0.542 | msp 0.903
   norm-score Spearman (in-scope test): maha_z -0.31 | maha_raw -0.16 | maha_l2 -0.91 | maha_cl2 -0.10 | maha_zl2 -0.19
-- depth 20 (5.5s): maha_z 0.791 | maha_raw 0.712 | maha_l2 0.594 | maha_cl2 0.583 | maha_zl2 0.804 | rmd_cl2 0.811 | kpca_cos_0.9 0.514 | kpca_rff_c1.0_0.9 0.507 | knn1 0.550 | msp 0.908
   norm-score Spearman (in-scope test): maha_z -0.34 | maha_raw -0.24 | maha_l2 -0.90 | maha_cl2 -0.13 | maha_zl2 -0.25
-- depth 22 (6.0s): maha_z 0.836 | maha_raw 0.836 | maha_l2 0.842 | maha_cl2 0.901 | maha_zl2 0.914 | rmd_cl2 0.956 | kpca_cos_0.9 0.859 | kpca_rff_c1.0_0.9 0.857 | knn1 0.831 | msp 0.913
   norm-score Spearman (in-scope test): maha_z +0.21 | maha_raw +0.21 | maha_l2 +0.02 | maha_cl2 +0.04 | maha_zl2 +0.01
== summary (score @ val-best depth: test AUROC | best AUROC any depth | F1 val-thr / cal+EM / oracle-rate)
   rmd_cl2                @ 4: 0.957 | 0.957 | 0.619 / 0.777 (est rate 0.177) / 0.795
   msp                    @11: 0.920 | 0.931 | 0.569 / 0.634 (est rate 0.177) / 0.668
   maha_cl2               @ 1: 0.914 | 0.914 | 0.592 / 0.571 (est rate 0.147) / 0.681
   kpca_rff_c0.5_0.95     @ 1: 0.911 | 0.911 | 0.575 / 0.603 (est rate 0.160) / 0.666
   maha_zl2               @ 1: 0.910 | 0.914 | 0.501 / 0.528 (est rate 0.142) / 0.669
   kpca_rff_c0.5_0.9      @ 1: 0.909 | 0.909 | 0.574 / 0.586 (est rate 0.164) / 0.662
   kpca_rff_c1.0_0.9      @ 1: 0.908 | 0.908 | 0.538 / 0.611 (est rate 0.172) / 0.662
   kpca_rff_c1.0_0.95     @ 1: 0.905 | 0.905 | 0.592 / 0.599 (est rate 0.172) / 0.646
   kpca_rff_c2.0_0.7      @ 1: 0.902 | 0.902 | 0.561 / 0.618 (est rate 0.187) / 0.645
   kpca_rff_c2.0_0.9      @ 1: 0.901 | 0.901 | 0.586 / 0.602 (est rate 0.186) / 0.625
   knn1                   @ 1: 0.896 | 0.896 | 0.479 / 0.429 (est rate 0.137) / 0.606
   kpca_rff_c1.0_0.7      @ 1: 0.896 | 0.896 | 0.572 / 0.565 (est rate 0.168) / 0.639
   kpca_rff_c2.0_0.95     @ 1: 0.893 | 0.893 | 0.502 / 0.577 (est rate 0.183) / 0.607
   kpca_rff_c2.0_0.5      @ 1: 0.887 | 0.887 | 0.543 / 0.575 (est rate 0.188) / 0.608
   kpca_cos_0.95          @ 1: 0.882 | 0.882 | 0.548 / 0.402 (est rate 0.134) / 0.606
   kpca_cos_0.9           @ 1: 0.872 | 0.872 | 0.528 / 0.396 (est rate 0.134) / 0.592
   kpca_rff_c0.5_0.7      @ 1: 0.870 | 0.870 | 0.465 / 0.477 (est rate 0.158) / 0.576
   maha_l2                @ 1: 0.869 | 0.869 | 0.443 / 0.130 (est rate 0.095) / 0.559
   maha_z                 @ 1: 0.857 | 0.857 | 0.332 / 0.042 (est rate 0.064) / 0.536
   maha_raw               @ 1: 0.857 | 0.857 | 0.321 / 0.042 (est rate 0.064) / 0.537
   kpca_rff_c1.0_0.5      @ 1: 0.851 | 0.851 | 0.352 / 0.454 (est rate 0.171) / 0.553
   knn10                  @ 1: 0.836 | 0.836 | 0.310 / 0.103 (est rate 0.096) / 0.511
   kpca_cos_0.7           @ 1: 0.831 | 0.831 | 0.361 / 0.374 (est rate 0.149) / 0.526
   kpca_rff_c0.5_0.5      @ 1: 0.805 | 0.805 | 0.328 / 0.370 (est rate 0.174) / 0.481
   kpca_cos_0.5           @ 1: 0.767 | 0.767 | 0.252 / 0.290 (est rate 0.170) / 0.432
done in 84.6s -> results/tarski/explore_lit_mahapp.json
