Loading weights:   0%|          | 0/134 [00:00<?, ?it/s]Loading weights: 100%|██████████| 134/134 [00:00<00:00, 9193.52it/s]
Using the latest cached version of the dataset since clinc/clinc_oos couldn't be found on the Hugging Face Hub (offline mode is enabled).
Found the latest cached dataset configuration 'plus' at /home/ubuntu/.cache/huggingface/datasets/clinc___clinc_oos/plus/0.0.0/155b9c710419136e17307b80d0a13e68cd46b4ec (last modified on Sun Sep 27 21:22:49 2026).
== negative selection on clinc150: 15250/3100/5500, depths [4, 12], pca [8, 16, 64], 40000 candidates, device cuda, smoke=False
  trunk pass: 12.4s
-- depth 4, PCA 8, self-radius quantile 0.25: 4000 detectors survive (86.7% of candidates), self radius 1.82, PCA explains 0.29; covered: in-scope 0.017, OOS 0.015
     nsa_max_margin: AUROC 0.4249  AUPR 0.1570  FPR@95 0.979
          nsa_count: AUROC 0.4992  AUPR 0.1815  FPR@95 1.000
           knn1_pca: AUROC 0.5452  AUPR 0.1990  FPR@95 0.910
          knn1_full: AUROC 0.9055  AUPR 0.7009  FPR@95 0.390
         knn10_full: AUROC 0.8737  AUPR 0.6319  FPR@95 0.464
   NSA margin <= 1-NN distance - self radius holds for 100.0% of test rows (median gap 5.04)
   Spearman(NSA margin, 1-NN distance in PCA space) = 0.406  [prediction: NSA <= knn1 and rho > 0.9 -> fails]
-- depth 4, PCA 8, self-radius quantile 0.5: 4000 detectors survive (81.1% of candidates), self radius 3.49, PCA explains 0.29; covered: in-scope 0.001, OOS 0.000
     nsa_max_margin: AUROC 0.3973  AUPR 0.1485  FPR@95 0.985
          nsa_count: AUROC 0.4994  AUPR 0.1818  FPR@95 1.000
           knn1_pca: AUROC 0.5452  AUPR 0.1990  FPR@95 0.910
          knn1_full: AUROC 0.9055  AUPR 0.7009  FPR@95 0.390
         knn10_full: AUROC 0.8737  AUPR 0.6319  FPR@95 0.464
   NSA margin <= 1-NN distance - self radius holds for 100.0% of test rows (median gap 5.42)
   Spearman(NSA margin, 1-NN distance in PCA space) = 0.438  [prediction: NSA <= knn1 and rho > 0.9 -> fails]
-- depth 4, PCA 16, self-radius quantile 0.25: 4000 detectors survive (86.4% of candidates), self radius 0.01, PCA explains 0.39; covered: in-scope 0.222, OOS 0.258
     nsa_max_margin: AUROC 0.5320  AUPR 0.1987  FPR@95 0.945
          nsa_count: AUROC 0.5180  AUPR 0.1880  FPR@95 1.000
           knn1_pca: AUROC 0.6769  AUPR 0.2813  FPR@95 0.743
          knn1_full: AUROC 0.9055  AUPR 0.7009  FPR@95 0.390
         knn10_full: AUROC 0.8737  AUPR 0.6319  FPR@95 0.464
   NSA margin <= 1-NN distance - self radius holds for 100.0% of test rows (median gap 7.96)
   Spearman(NSA margin, 1-NN distance in PCA space) = 0.170  [prediction: NSA <= knn1 and rho > 0.9 -> fails]
-- depth 4, PCA 16, self-radius quantile 0.5: 4000 detectors survive (87.4% of candidates), self radius 5.98, PCA explains 0.39; covered: in-scope 0.000, OOS 0.000
     nsa_max_margin: AUROC 0.4595  AUPR 0.1704  FPR@95 0.970
          nsa_count: AUROC 0.5000  AUPR 0.1818  FPR@95 1.000
           knn1_pca: AUROC 0.6769  AUPR 0.2813  FPR@95 0.743
          knn1_full: AUROC 0.9055  AUPR 0.7009  FPR@95 0.390
         knn10_full: AUROC 0.8737  AUPR 0.6319  FPR@95 0.464
   NSA margin <= 1-NN distance - self radius holds for 100.0% of test rows (median gap 8.22)
   Spearman(NSA margin, 1-NN distance in PCA space) = 0.230  [prediction: NSA <= knn1 and rho > 0.9 -> fails]
-- depth 4, PCA 64, self-radius quantile 0.25: 4000 detectors survive (86.6% of candidates), self radius 0.01, PCA explains 0.63; covered: in-scope 0.234, OOS 0.283
     nsa_max_margin: AUROC 0.5628  AUPR 0.2111  FPR@95 0.886
          nsa_count: AUROC 0.5257  AUPR 0.1934  FPR@95 1.000
           knn1_pca: AUROC 0.8238  AUPR 0.4427  FPR@95 0.492
          knn1_full: AUROC 0.9055  AUPR 0.7009  FPR@95 0.390
         knn10_full: AUROC 0.8737  AUPR 0.6319  FPR@95 0.464
   NSA margin <= 1-NN distance - self radius holds for 100.0% of test rows (median gap 14.37)
   Spearman(NSA margin, 1-NN distance in PCA space) = 0.095  [prediction: NSA <= knn1 and rho > 0.9 -> fails]
-- depth 4, PCA 64, self-radius quantile 0.5: 4000 detectors survive (88.4% of candidates), self radius 8.60, PCA explains 0.63; covered: in-scope 0.000, OOS 0.000
     nsa_max_margin: AUROC 0.5135  AUPR 0.1916  FPR@95 0.937
          nsa_count: AUROC 0.5000  AUPR 0.1818  FPR@95 1.000
           knn1_pca: AUROC 0.8238  AUPR 0.4427  FPR@95 0.492
          knn1_full: AUROC 0.9055  AUPR 0.7009  FPR@95 0.390
         knn10_full: AUROC 0.8737  AUPR 0.6319  FPR@95 0.464
   NSA margin <= 1-NN distance - self radius holds for 100.0% of test rows (median gap 14.45)
   Spearman(NSA margin, 1-NN distance in PCA space) = 0.019  [prediction: NSA <= knn1 and rho > 0.9 -> fails]
-- depth 12, PCA 8, self-radius quantile 0.25: 4000 detectors survive (86.2% of candidates), self radius 0.02, PCA explains 0.70; covered: in-scope 0.175, OOS 0.158
     nsa_max_margin: AUROC 0.4670  AUPR 0.1674  FPR@95 0.954
          nsa_count: AUROC 0.4911  AUPR 0.1790  FPR@95 1.000
           knn1_pca: AUROC 0.4869  AUPR 0.1697  FPR@95 0.927
          knn1_full: AUROC 0.7218  AUPR 0.4043  FPR@95 0.765
         knn10_full: AUROC 0.6285  AUPR 0.3181  FPR@95 0.870
   NSA margin <= 1-NN distance - self radius holds for 100.0% of test rows (median gap 4.82)
   Spearman(NSA margin, 1-NN distance in PCA space) = 0.249  [prediction: NSA <= knn1 and rho > 0.9 -> fails]
-- depth 12, PCA 8, self-radius quantile 0.5: 4000 detectors survive (81.6% of candidates), self radius 3.26, PCA explains 0.70; covered: in-scope 0.001, OOS 0.003
     nsa_max_margin: AUROC 0.4332  AUPR 0.1595  FPR@95 0.980
          nsa_count: AUROC 0.5012  AUPR 0.1833  FPR@95 1.000
           knn1_pca: AUROC 0.4869  AUPR 0.1697  FPR@95 0.927
          knn1_full: AUROC 0.7218  AUPR 0.4043  FPR@95 0.765
         knn10_full: AUROC 0.6285  AUPR 0.3181  FPR@95 0.870
   NSA margin <= 1-NN distance - self radius holds for 100.0% of test rows (median gap 4.97)
   Spearman(NSA margin, 1-NN distance in PCA space) = 0.353  [prediction: NSA <= knn1 and rho > 0.9 -> fails]
-- depth 12, PCA 16, self-radius quantile 0.25: 4000 detectors survive (85.7% of candidates), self radius 0.01, PCA explains 0.76; covered: in-scope 0.201, OOS 0.224
     nsa_max_margin: AUROC 0.5253  AUPR 0.1951  FPR@95 0.937
          nsa_count: AUROC 0.5115  AUPR 0.1865  FPR@95 1.000
           knn1_pca: AUROC 0.6061  AUPR 0.2181  FPR@95 0.814
          knn1_full: AUROC 0.7218  AUPR 0.4043  FPR@95 0.765
         knn10_full: AUROC 0.6285  AUPR 0.3181  FPR@95 0.870
   NSA margin <= 1-NN distance - self radius holds for 100.0% of test rows (median gap 7.13)
   Spearman(NSA margin, 1-NN distance in PCA space) = 0.147  [prediction: NSA <= knn1 and rho > 0.9 -> fails]
-- depth 12, PCA 16, self-radius quantile 0.5: 4000 detectors survive (87.4% of candidates), self radius 5.33, PCA explains 0.76; covered: in-scope 0.000, OOS 0.000
     nsa_max_margin: AUROC 0.4961  AUPR 0.1875  FPR@95 0.960
          nsa_count: AUROC 0.5000  AUPR 0.1818  FPR@95 1.000
           knn1_pca: AUROC 0.6061  AUPR 0.2181  FPR@95 0.814
          knn1_full: AUROC 0.7218  AUPR 0.4043  FPR@95 0.765
         knn10_full: AUROC 0.6285  AUPR 0.3181  FPR@95 0.870
   NSA margin <= 1-NN distance - self radius holds for 100.0% of test rows (median gap 7.07)
   Spearman(NSA margin, 1-NN distance in PCA space) = 0.226  [prediction: NSA <= knn1 and rho > 0.9 -> fails]
-- depth 12, PCA 64, self-radius quantile 0.25: 4000 detectors survive (86.8% of candidates), self radius 0.01, PCA explains 0.87; covered: in-scope 0.203, OOS 0.217
     nsa_max_margin: AUROC 0.4979  AUPR 0.1917  FPR@95 0.941
          nsa_count: AUROC 0.5065  AUPR 0.1841  FPR@95 1.000
           knn1_pca: AUROC 0.7334  AUPR 0.2986  FPR@95 0.627
          knn1_full: AUROC 0.7218  AUPR 0.4043  FPR@95 0.765
         knn10_full: AUROC 0.6285  AUPR 0.3181  FPR@95 0.870
   NSA margin <= 1-NN distance - self radius holds for 100.0% of test rows (median gap 11.85)
   Spearman(NSA margin, 1-NN distance in PCA space) = 0.002  [prediction: NSA <= knn1 and rho > 0.9 -> fails]
-- depth 12, PCA 64, self-radius quantile 0.5: 4000 detectors survive (88.4% of candidates), self radius 7.48, PCA explains 0.87; covered: in-scope 0.000, OOS 0.000
     nsa_max_margin: AUROC 0.5330  AUPR 0.1978  FPR@95 0.934
          nsa_count: AUROC 0.5000  AUPR 0.1818  FPR@95 1.000
           knn1_pca: AUROC 0.7334  AUPR 0.2986  FPR@95 0.627
          knn1_full: AUROC 0.7218  AUPR 0.4043  FPR@95 0.765
         knn10_full: AUROC 0.6285  AUPR 0.3181  FPR@95 0.870
   NSA margin <= 1-NN distance - self radius holds for 100.0% of test rows (median gap 11.69)
   Spearman(NSA margin, 1-NN distance in PCA space) = -0.024  [prediction: NSA <= knn1 and rho > 0.9 -> fails]
== done in 20.7s; wrote results/tarski/explore_negsel.json
