Loading weights:   0%|          | 0/134 [00:00<?, ?it/s]Loading weights: 100%|██████████| 134/134 [00:00<00:00, 9010.90it/s]
Using the latest cached version of the dataset since LocalLLaMA/typed-decisions couldn't be found on the Hugging Face Hub (offline mode is enabled).
Found the latest cached dataset configuration 'all' at /home/ubuntu/.cache/huggingface/datasets/LocalLLaMA___typed-decisions/all/0.0.0/f7a2487edd7a043a5441a5e9ccc7fe5ddbd9ebe8 (last modified on Sun Sep 27 18:59:51 2026).
Using the latest cached version of the dataset since LocalLLaMA/typed-decisions couldn't be found on the Hugging Face Hub (offline mode is enabled).
Found the latest cached dataset configuration 'all' at /home/ubuntu/.cache/huggingface/datasets/LocalLLaMA___typed-decisions/all/0.0.0/f7a2487edd7a043a5441a5e9ccc7fe5ddbd9ebe8 (last modified on Sun Sep 27 18:59:51 2026).
loaded typed-decisions: typed-decisions: 1080/120/400 messages (train/val/test), tasks: agent_trace_observability.action(4), agent_trace_observability.needs_review(2), agent_trace_observability.outcome(4), agent_trace_observability.risk(4), agent_trace_observability.urgency(4), customer_service.action(5), customer_service.category(5), customer_service.churn_risk(4), customer_service.needs_human(2), customer_service.urgency(4), invoice_processing.discrepancy_severity(4), invoice_processing.disposition(4), invoice_processing.duplicate(2), invoice_processing.matches_order(2), invoice_processing.urgency(4), security_incidents.credential_compromise(2), security_incidents.disposition(4), security_incidents.severity(5), security_incidents.true_positive(2), security_incidents.urgency(4)
pooled rows for 8 tasks: train=1080 val=120 test=400
cached trunk depth 6 for 1600 messages in 3.4s
  [invoice_processing.urgency][probe][ce] acc=0.480 f1=0.260 brier=0.166 maj_frac=0.67 params=4612 (1.36s)
  [invoice_processing.urgency][probe][cb_ce] acc=0.460 f1=0.244 brier=0.167 maj_frac=0.79 params=4612 (1.05s)
  [invoice_processing.urgency][probe][logit_adj] acc=0.550 f1=0.301 brier=0.234 maj_frac=0.59 params=4612 (1.25s)
  [invoice_processing.urgency][probe][proper] acc=0.570 f1=0.312 brier=0.153 maj_frac=0.38 params=4612 (1.3s)
  [invoice_processing.urgency][probe][reinforce] acc=0.510 f1=0.169 brier=0.179 maj_frac=0.00 params=4612 (0.77s)
  [invoice_processing.urgency][bias][ce] acc=0.510 f1=0.169 brier=0.211 maj_frac=0.00 params=5 (0.69s)
  [invoice_processing.urgency][bias][cb_ce] acc=0.510 f1=0.169 brier=0.211 maj_frac=0.00 params=5 (0.74s)
  [invoice_processing.urgency][bias][logit_adj] acc=0.510 f1=0.169 brier=0.211 maj_frac=0.00 params=5 (0.74s)
  [invoice_processing.urgency][bias][proper] acc=0.510 f1=0.169 brier=0.211 maj_frac=0.00 params=5 (0.76s)
  [invoice_processing.urgency][bias][reinforce] acc=0.510 f1=0.169 brier=0.211 maj_frac=0.00 params=5 (0.73s)
  [agent_trace_observability.action][probe][ce] acc=0.360 f1=0.132 brier=0.148 maj_frac=1.00 params=4612 (0.51s)
  [agent_trace_observability.action][probe][cb_ce] acc=0.360 f1=0.132 brier=0.141 maj_frac=1.00 params=4612 (0.52s)
  [agent_trace_observability.action][probe][logit_adj] acc=0.490 f1=0.291 brier=0.145 maj_frac=0.78 params=4612 (0.84s)
  [agent_trace_observability.action][probe][proper] acc=0.360 f1=0.132 brier=0.145 maj_frac=1.00 params=4612 (0.43s)
  [agent_trace_observability.action][probe][reinforce] acc=0.360 f1=0.132 brier=0.383 maj_frac=1.00 params=4612 (0.52s)
  [agent_trace_observability.action][bias][ce] acc=0.300 f1=0.115 brier=0.192 maj_frac=0.00 params=5 (0.56s)
  [agent_trace_observability.action][bias][cb_ce] acc=0.300 f1=0.115 brier=0.192 maj_frac=0.00 params=5 (0.6s)
  [agent_trace_observability.action][bias][logit_adj] acc=0.260 f1=0.111 brier=0.195 maj_frac=0.00 params=5 (0.41s)
  [agent_trace_observability.action][bias][proper] acc=0.300 f1=0.116 brier=0.194 maj_frac=0.00 params=5 (0.55s)
  [agent_trace_observability.action][bias][reinforce] acc=0.300 f1=0.116 brier=0.194 maj_frac=0.00 params=5 (0.56s)
  [agent_trace_observability.urgency][probe][ce] acc=0.360 f1=0.132 brier=0.146 maj_frac=1.00 params=4612 (0.43s)
  [agent_trace_observability.urgency][probe][cb_ce] acc=0.360 f1=0.132 brier=0.156 maj_frac=1.00 params=4612 (0.43s)
  [agent_trace_observability.urgency][probe][logit_adj] acc=0.400 f1=0.226 brier=0.147 maj_frac=0.33 params=4612 (0.53s)
  [agent_trace_observability.urgency][probe][proper] acc=0.360 f1=0.132 brier=0.147 maj_frac=1.00 params=4612 (0.43s)
  [agent_trace_observability.urgency][probe][reinforce] acc=0.360 f1=0.132 brier=0.495 maj_frac=1.00 params=4612 (0.47s)
  [agent_trace_observability.urgency][bias][ce] acc=0.120 f1=0.095 brier=0.208 maj_frac=0.00 params=5 (0.41s)
  [agent_trace_observability.urgency][bias][cb_ce] acc=0.120 f1=0.095 brier=0.208 maj_frac=0.00 params=5 (0.45s)
  [agent_trace_observability.urgency][bias][logit_adj] acc=0.120 f1=0.094 brier=0.208 maj_frac=0.00 params=5 (0.44s)
  [agent_trace_observability.urgency][bias][proper] acc=0.120 f1=0.095 brier=0.208 maj_frac=0.00 params=5 (0.45s)
  [agent_trace_observability.urgency][bias][reinforce] acc=0.110 f1=0.069 brier=0.209 maj_frac=0.00 params=5 (0.47s)
  [customer_service.action][probe][ce] acc=0.520 f1=0.137 brier=0.175 maj_frac=1.00 params=5381 (0.86s)
  [customer_service.action][probe][cb_ce] acc=0.520 f1=0.137 brier=0.176 maj_frac=1.00 params=5381 (0.8s)
  [customer_service.action][probe][logit_adj] acc=0.510 f1=0.228 brier=0.215 maj_frac=0.69 params=5381 (1.58s)
  [customer_service.action][probe][proper] acc=0.520 f1=0.137 brier=0.174 maj_frac=1.00 params=5381 (0.83s)
  [customer_service.action][probe][reinforce] acc=0.520 f1=0.137 brier=0.223 maj_frac=1.00 params=5381 (0.97s)
  [customer_service.action][bias][ce] acc=0.520 f1=0.137 brier=0.273 maj_frac=1.00 params=6 (0.81s)
  [customer_service.action][bias][cb_ce] acc=0.520 f1=0.137 brier=0.273 maj_frac=1.00 params=6 (0.8s)
  [customer_service.action][bias][logit_adj] acc=0.520 f1=0.137 brier=0.274 maj_frac=1.00 params=6 (0.88s)
  [customer_service.action][bias][proper] acc=0.520 f1=0.137 brier=0.273 maj_frac=1.00 params=6 (0.91s)
  [customer_service.action][bias][reinforce] acc=0.520 f1=0.137 brier=0.273 maj_frac=1.00 params=6 (0.94s)
  [customer_service.urgency][probe][ce] acc=0.410 f1=0.157 brier=0.148 maj_frac=0.95 params=4612 (1.07s)
  [customer_service.urgency][probe][cb_ce] acc=0.450 f1=0.217 brier=0.145 maj_frac=0.83 params=4612 (1.21s)
  [customer_service.urgency][probe][logit_adj] acc=0.420 f1=0.195 brier=0.197 maj_frac=0.96 params=4612 (1.49s)
  [customer_service.urgency][probe][proper] acc=0.500 f1=0.252 brier=0.143 maj_frac=0.79 params=4612 (1.68s)
  [customer_service.urgency][probe][reinforce] acc=0.420 f1=0.148 brier=0.169 maj_frac=1.00 params=4612 (1.56s)
  [customer_service.urgency][bias][ce] acc=0.400 f1=0.144 brier=0.240 maj_frac=0.00 params=5 (0.78s)
  [customer_service.urgency][bias][cb_ce] acc=0.400 f1=0.144 brier=0.240 maj_frac=0.00 params=5 (0.74s)
  [customer_service.urgency][bias][logit_adj] acc=0.410 f1=0.158 brier=0.242 maj_frac=0.01 params=5 (0.76s)
  [customer_service.urgency][bias][proper] acc=0.400 f1=0.144 brier=0.240 maj_frac=0.00 params=5 (0.86s)
  [customer_service.urgency][bias][reinforce] acc=0.400 f1=0.144 brier=0.240 maj_frac=0.00 params=5 (0.88s)
  [security_incidents.severity][probe][ce] acc=0.490 f1=0.132 brier=0.107 maj_frac=1.00 params=5381 (0.46s)
  [security_incidents.severity][probe][cb_ce] acc=0.490 f1=0.132 brier=0.117 maj_frac=1.00 params=5381 (0.42s)
  [security_incidents.severity][probe][logit_adj] acc=0.380 f1=0.162 brier=0.173 maj_frac=0.68 params=5381 (0.45s)
  [security_incidents.severity][probe][proper] acc=0.490 f1=0.132 brier=0.108 maj_frac=1.00 params=5381 (0.41s)
  [security_incidents.severity][probe][reinforce] acc=0.490 f1=0.132 brier=0.203 maj_frac=1.00 params=5381 (0.55s)
  [security_incidents.severity][bias][ce] acc=0.310 f1=0.095 brier=0.148 maj_frac=0.00 params=6 (0.51s)
  [security_incidents.severity][bias][cb_ce] acc=0.310 f1=0.095 brier=0.148 maj_frac=0.00 params=6 (0.63s)
  [security_incidents.severity][bias][logit_adj] acc=0.310 f1=0.095 brier=0.149 maj_frac=0.00 params=6 (0.65s)
  [security_incidents.severity][bias][proper] acc=0.310 f1=0.095 brier=0.148 maj_frac=0.00 params=6 (0.76s)
  [security_incidents.severity][bias][reinforce] acc=0.310 f1=0.095 brier=0.149 maj_frac=0.00 params=6 (0.91s)
  [customer_service.needs_human][probe][ce] acc=0.670 f1=0.453 brier=0.124 maj_frac=0.96 params=3074 (1.67s)
  [customer_service.needs_human][probe][cb_ce] acc=0.660 f1=0.424 brier=0.363 maj_frac=0.97 params=3074 (1.47s)
  [customer_service.needs_human][probe][logit_adj] acc=0.730 f1=0.661 brier=0.277 maj_frac=0.78 params=3074 (1.35s)
  [customer_service.needs_human][probe][proper] acc=0.680 f1=0.433 brier=0.130 maj_frac=0.99 params=3074 (1.53s)
  [customer_service.needs_human][probe][reinforce] acc=0.670 f1=0.401 brier=0.149 maj_frac=1.00 params=3074 (1.23s)
  [customer_service.needs_human][bias][ce] acc=0.330 f1=0.248 brier=0.147 maj_frac=0.00 params=3 (1.04s)
  [customer_service.needs_human][bias][cb_ce] acc=0.330 f1=0.248 brier=0.147 maj_frac=0.00 params=3 (1.14s)
  [customer_service.needs_human][bias][logit_adj] acc=0.330 f1=0.248 brier=0.147 maj_frac=0.00 params=3 (1.09s)
  [customer_service.needs_human][bias][proper] acc=0.330 f1=0.248 brier=0.147 maj_frac=0.00 params=3 (1.24s)
  [customer_service.needs_human][bias][reinforce] acc=0.330 f1=0.248 brier=0.147 maj_frac=0.00 params=3 (1.41s)
  [invoice_processing.duplicate][probe][ce] acc=0.890 f1=0.471 brier=0.076 maj_frac=1.00 params=3074 (0.78s)
  [invoice_processing.duplicate][probe][cb_ce] acc=0.890 f1=0.471 brier=0.076 maj_frac=1.00 params=3074 (0.78s)
  [invoice_processing.duplicate][probe][logit_adj] acc=0.890 f1=0.471 brier=0.076 maj_frac=1.00 params=3074 (1.06s)
  [invoice_processing.duplicate][probe][proper] acc=0.890 f1=0.471 brier=0.076 maj_frac=1.00 params=3074 (0.86s)
  [invoice_processing.duplicate][probe][reinforce] acc=0.890 f1=0.471 brier=0.076 maj_frac=1.00 params=3074 (1.08s)
  [invoice_processing.duplicate][bias][ce] acc=0.890 f1=0.471 brier=0.077 maj_frac=1.00 params=3 (0.77s)
  [invoice_processing.duplicate][bias][cb_ce] acc=0.890 f1=0.471 brier=0.077 maj_frac=1.00 params=3 (0.74s)
  [invoice_processing.duplicate][bias][logit_adj] acc=0.890 f1=0.471 brier=0.077 maj_frac=1.00 params=3 (0.84s)
  [invoice_processing.duplicate][bias][proper] acc=0.890 f1=0.471 brier=0.077 maj_frac=1.00 params=3 (0.88s)
  [invoice_processing.duplicate][bias][reinforce] acc=0.890 f1=0.471 brier=0.077 maj_frac=1.00 params=3 (1.04s)

=== summary (mean over tasks) ===
probe      ce         acc=0.522 f1=0.234 brier=0.136 maj_frac=0.95 distinct=0.43 params=4420
probe      cb_ce      acc=0.524 f1=0.236 brier=0.168 maj_frac=0.95 distinct=0.46 params=4420
probe      logit_adj  acc=0.546 f1=0.317 brier=0.183 maj_frac=0.73 distinct=0.56 params=4420
probe      proper     acc=0.546 f1=0.250 brier=0.134 maj_frac=0.90 distinct=0.43 params=4420
probe      reinforce  acc=0.527 f1=0.215 brier=0.235 maj_frac=0.88 distinct=0.30 params=4420
bias       ce         acc=0.422 f1=0.184 brier=0.187 maj_frac=0.25 distinct=0.39 params=5
bias       cb_ce      acc=0.422 f1=0.184 brier=0.187 maj_frac=0.25 distinct=0.39 params=5
bias       logit_adj  acc=0.419 f1=0.185 brier=0.188 maj_frac=0.25 distinct=0.42 params=5
bias       proper     acc=0.422 f1=0.184 brier=0.187 maj_frac=0.25 distinct=0.39 params=5
bias       reinforce  acc=0.421 f1=0.181 brier=0.187 maj_frac=0.25 distinct=0.39 params=5
mean majority-class baseline acc: 0.504
elapsed: 72.2s
wrote results/tarski/explore_proper_score_objectives.json
