Loading weights:   0%|          | 0/134 [00:00<?, ?it/s]Loading weights: 100%|██████████| 134/134 [00:00<00:00, 9836.65it/s]
Using the latest cached version of the dataset since LocalLLaMA/typed-decisions couldn't be found on the Hugging Face Hub (offline mode is enabled).
Found the latest cached dataset configuration 'all' at /home/ubuntu/.cache/huggingface/datasets/LocalLLaMA___typed-decisions/all/0.0.0/f7a2487edd7a043a5441a5e9ccc7fe5ddbd9ebe8 (last modified on Sun Sep 27 18:59:51 2026).
Using the latest cached version of the dataset since LocalLLaMA/typed-decisions couldn't be found on the Hugging Face Hub (offline mode is enabled).
Found the latest cached dataset configuration 'all' at /home/ubuntu/.cache/huggingface/datasets/LocalLLaMA___typed-decisions/all/0.0.0/f7a2487edd7a043a5441a5e9ccc7fe5ddbd9ebe8 (last modified on Sun Sep 27 18:59:51 2026).
loaded typed-decisions: typed-decisions: 1080/120/400 messages (train/val/test), tasks: agent_trace_observability.action(4), agent_trace_observability.needs_review(2), agent_trace_observability.outcome(4), agent_trace_observability.risk(4), agent_trace_observability.urgency(4), customer_service.action(5), customer_service.category(5), customer_service.churn_risk(4), customer_service.needs_human(2), customer_service.urgency(4), invoice_processing.discrepancy_severity(4), invoice_processing.disposition(4), invoice_processing.duplicate(2), invoice_processing.matches_order(2), invoice_processing.urgency(4), security_incidents.credential_compromise(2), security_incidents.disposition(4), security_incidents.severity(5), security_incidents.true_positive(2), security_incidents.urgency(4)
pooled rows for 8 tasks: train=1080 val=120 test=400
cached trunk depth 6 for 1600 messages in 5.2s
  [invoice_processing.urgency][probe][ce] acc=0.600 f1=0.320 brier=0.162 maj_frac=0.25 params=4612 epochs=34/34 (7.6s)
  [invoice_processing.urgency][probe][cb_ce] acc=0.550 f1=0.246 brier=0.160 maj_frac=0.08 params=4612 epochs=34/34 (7.45s)
  [invoice_processing.urgency][probe][logit_adj] acc=0.230 f1=0.126 brier=0.208 maj_frac=0.00 params=4612 epochs=34/34 (7.45s)
  [invoice_processing.urgency][probe][proper] acc=0.600 f1=0.324 brier=0.162 maj_frac=0.29 params=4612 epochs=34/34 (9.03s)
  [invoice_processing.urgency][probe][reinforce] acc=0.530 f1=0.290 brier=0.168 maj_frac=0.59 params=4612 epochs=34/34 (11.02s)
  [invoice_processing.urgency][bias][ce] acc=0.510 f1=0.169 brier=0.166 maj_frac=0.00 params=5 epochs=34/34 (7.48s)
  [invoice_processing.urgency][bias][cb_ce] acc=0.510 f1=0.169 brier=0.164 maj_frac=0.00 params=5 epochs=34/34 (7.44s)
  [invoice_processing.urgency][bias][logit_adj] acc=0.500 f1=0.167 brier=0.211 maj_frac=0.00 params=5 epochs=34/34 (5.82s)
  [invoice_processing.urgency][bias][proper] acc=0.510 f1=0.169 brier=0.166 maj_frac=0.00 params=5 epochs=34/34 (6.84s)
  [invoice_processing.urgency][bias][reinforce] acc=0.510 f1=0.169 brier=0.179 maj_frac=0.00 params=5 epochs=34/34 (10.35s)
  [agent_trace_observability.action][probe][ce] acc=0.510 f1=0.314 brier=0.098 maj_frac=0.51 params=4612 epochs=34/34 (8.42s)
  [agent_trace_observability.action][probe][cb_ce] acc=0.500 f1=0.326 brier=0.097 maj_frac=0.52 params=4612 epochs=34/34 (8.42s)
  [agent_trace_observability.action][probe][logit_adj] acc=0.360 f1=0.253 brier=0.134 maj_frac=0.04 params=4612 epochs=34/34 (8.52s)
  [agent_trace_observability.action][probe][proper] acc=0.510 f1=0.315 brier=0.097 maj_frac=0.49 params=4612 epochs=34/34 (9.84s)
  [agent_trace_observability.action][probe][reinforce] acc=0.360 f1=0.132 brier=0.785 maj_frac=1.00 params=4612 epochs=34/34 (12.1s)
  [agent_trace_observability.action][bias][ce] acc=0.310 f1=0.118 brier=0.156 maj_frac=0.00 params=5 epochs=34/34 (8.43s)
  [agent_trace_observability.action][bias][cb_ce] acc=0.310 f1=0.118 brier=0.153 maj_frac=0.00 params=5 epochs=34/34 (8.23s)
  [agent_trace_observability.action][bias][logit_adj] acc=0.090 f1=0.071 brier=0.169 maj_frac=0.00 params=5 epochs=34/34 (8.35s)
  [agent_trace_observability.action][bias][proper] acc=0.310 f1=0.118 brier=0.156 maj_frac=0.00 params=5 epochs=34/34 (9.67s)
  [agent_trace_observability.action][bias][reinforce] acc=0.310 f1=0.118 brier=0.164 maj_frac=0.00 params=5 epochs=34/34 (12.09s)
  [agent_trace_observability.urgency][probe][ce] acc=0.430 f1=0.229 brier=0.105 maj_frac=0.85 params=4612 epochs=34/34 (8.33s)
  [agent_trace_observability.urgency][probe][cb_ce] acc=0.490 f1=0.431 brier=0.105 maj_frac=0.66 params=4612 epochs=34/34 (8.4s)
  [agent_trace_observability.urgency][probe][logit_adj] acc=0.510 f1=0.378 brier=0.120 maj_frac=0.08 params=4612 epochs=34/34 (8.43s)
  [agent_trace_observability.urgency][probe][proper] acc=0.420 f1=0.228 brier=0.104 maj_frac=0.79 params=4612 epochs=34/34 (9.84s)
  [agent_trace_observability.urgency][probe][reinforce] acc=0.360 f1=0.132 brier=0.738 maj_frac=1.00 params=4612 epochs=34/34 (12.25s)
  [agent_trace_observability.urgency][bias][ce] acc=0.290 f1=0.220 brier=0.158 maj_frac=0.33 params=5 epochs=34/34 (8.36s)
  [agent_trace_observability.urgency][bias][cb_ce] acc=0.260 f1=0.178 brier=0.163 maj_frac=0.39 params=5 epochs=34/34 (5.91s)
  [agent_trace_observability.urgency][bias][logit_adj] acc=0.080 f1=0.064 brier=0.172 maj_frac=0.00 params=5 epochs=34/34 (5.08s)
  [agent_trace_observability.urgency][bias][proper] acc=0.300 f1=0.136 brier=0.157 maj_frac=0.06 params=5 epochs=34/34 (5.3s)
  [agent_trace_observability.urgency][bias][reinforce] acc=0.100 f1=0.045 brier=0.162 maj_frac=0.00 params=5 epochs=34/34 (7.66s)
  [customer_service.action][probe][ce] acc=0.590 f1=0.261 brier=0.155 maj_frac=0.86 params=5381 epochs=34/34 (9.12s)
  [customer_service.action][probe][cb_ce] acc=0.600 f1=0.280 brier=0.159 maj_frac=0.88 params=5381 epochs=34/34 (8.84s)
  [customer_service.action][probe][logit_adj] acc=0.440 f1=0.334 brier=0.210 maj_frac=0.31 params=5381 epochs=34/34 (8.69s)
  [customer_service.action][probe][proper] acc=0.600 f1=0.280 brier=0.147 maj_frac=0.79 params=5381 epochs=34/34 (10.33s)
  [customer_service.action][probe][reinforce] acc=0.520 f1=0.137 brier=0.229 maj_frac=1.00 params=5381 epochs=34/34 (12.43s)
  [customer_service.action][bias][ce] acc=0.520 f1=0.137 brier=0.237 maj_frac=1.00 params=6 epochs=34/34 (8.8s)
  [customer_service.action][bias][cb_ce] acc=0.520 f1=0.137 brier=0.243 maj_frac=1.00 params=6 epochs=34/34 (8.72s)
  [customer_service.action][bias][logit_adj] acc=0.520 f1=0.155 brier=0.276 maj_frac=0.95 params=6 epochs=34/34 (8.74s)
  [customer_service.action][bias][proper] acc=0.520 f1=0.137 brier=0.236 maj_frac=1.00 params=6 epochs=34/34 (10.02s)
  [customer_service.action][bias][reinforce] acc=0.520 f1=0.137 brier=0.259 maj_frac=1.00 params=6 epochs=34/34 (12.81s)
  [customer_service.urgency][probe][ce] acc=0.590 f1=0.433 brier=0.122 maj_frac=0.66 params=4612 epochs=34/34 (8.88s)
  [customer_service.urgency][probe][cb_ce] acc=0.570 f1=0.416 brier=0.147 maj_frac=0.60 params=4612 epochs=34/34 (9.02s)
  [customer_service.urgency][probe][logit_adj] acc=0.390 f1=0.324 brier=0.229 maj_frac=0.26 params=4612 epochs=34/34 (8.87s)
  [customer_service.urgency][probe][proper] acc=0.560 f1=0.398 brier=0.124 maj_frac=0.68 params=4612 epochs=34/34 (10.19s)
  [customer_service.urgency][probe][reinforce] acc=0.480 f1=0.251 brier=0.172 maj_frac=0.67 params=4612 epochs=34/34 (12.19s)
  [customer_service.urgency][bias][ce] acc=0.000 f1=0.000 brier=nan maj_frac=0.00 params=5 epochs=34/34 (8.64s)
  [customer_service.urgency][bias][cb_ce] acc=0.440 f1=0.182 brier=0.473 maj_frac=0.05 params=5 epochs=34/34 (8.55s)
  [customer_service.urgency][bias][logit_adj] acc=0.220 f1=0.169 brier=0.250 maj_frac=0.10 params=5 epochs=34/34 (7.49s)
  [customer_service.urgency][bias][proper] acc=0.430 f1=0.170 brier=0.173 maj_frac=0.03 params=5 epochs=34/34 (10.32s)
  [customer_service.urgency][bias][reinforce] acc=0.420 f1=0.148 brier=0.197 maj_frac=0.00 params=5 epochs=34/34 (12.21s)
  [security_incidents.severity][probe][ce] acc=0.500 f1=0.156 brier=0.094 maj_frac=0.95 params=5381 epochs=34/34 (7.31s)
  [security_incidents.severity][probe][cb_ce] acc=0.530 f1=0.193 brier=0.098 maj_frac=0.89 params=5381 epochs=34/34 (7.3s)
  [security_incidents.severity][probe][logit_adj] acc=0.340 f1=0.244 brier=0.150 maj_frac=0.23 params=5381 epochs=34/34 (7.31s)
  [security_incidents.severity][probe][proper] acc=0.510 f1=0.167 brier=0.095 maj_frac=0.94 params=5381 epochs=34/34 (8.43s)
  [security_incidents.severity][probe][reinforce] acc=0.490 f1=0.132 brier=0.645 maj_frac=1.00 params=5381 epochs=34/34 (10.9s)
  [security_incidents.severity][bias][ce] acc=0.430 f1=0.185 brier=0.119 maj_frac=0.60 params=6 epochs=34/34 (7.33s)
  [security_incidents.severity][bias][cb_ce] acc=0.430 f1=0.185 brier=0.123 maj_frac=0.60 params=6 epochs=34/34 (7.36s)
  [security_incidents.severity][bias][logit_adj] acc=0.310 f1=0.139 brier=0.146 maj_frac=0.02 params=6 epochs=34/34 (7.26s)
  [security_incidents.severity][bias][proper] acc=0.430 f1=0.185 brier=0.119 maj_frac=0.60 params=6 epochs=34/34 (8.56s)
  [security_incidents.severity][bias][reinforce] acc=0.310 f1=0.095 brier=0.136 maj_frac=0.00 params=6 epochs=34/34 (10.68s)
  [customer_service.needs_human][probe][ce] acc=0.710 f1=0.555 brier=0.169 maj_frac=0.92 params=3074 epochs=34/34 (8.85s)
  [customer_service.needs_human][probe][cb_ce] acc=0.330 f1=0.248 brier=nan maj_frac=0.00 params=3074 epochs=34/34 (8.96s)
  [customer_service.needs_human][probe][logit_adj] acc=0.770 f1=0.729 brier=0.075 maj_frac=0.72 params=3074 epochs=34/34 (8.9s)
  [customer_service.needs_human][probe][proper] acc=0.700 f1=0.548 brier=0.290 maj_frac=0.91 params=3074 epochs=34/34 (10.41s)
  [customer_service.needs_human][probe][reinforce] acc=0.670 f1=0.401 brier=0.148 maj_frac=1.00 params=3074 epochs=34/34 (12.67s)
  [customer_service.needs_human][bias][ce] acc=0.330 f1=0.248 brier=0.138 maj_frac=0.00 params=3 epochs=34/34 (7.31s)
  [customer_service.needs_human][bias][cb_ce] acc=0.330 f1=0.248 brier=0.138 maj_frac=0.00 params=3 epochs=34/34 (7.22s)
  [customer_service.needs_human][bias][logit_adj] acc=0.330 f1=0.248 brier=0.138 maj_frac=0.00 params=3 epochs=34/34 (7.95s)
  [customer_service.needs_human][bias][proper] acc=0.330 f1=0.248 brier=0.138 maj_frac=0.00 params=3 epochs=34/34 (10.59s)
  [customer_service.needs_human][bias][reinforce] acc=0.330 f1=0.248 brier=0.139 maj_frac=0.00 params=3 epochs=34/34 (12.7s)
  [invoice_processing.duplicate][probe][ce] acc=0.890 f1=0.471 brier=0.076 maj_frac=1.00 params=3074 epochs=34/34 (7.86s)
  [invoice_processing.duplicate][probe][cb_ce] acc=0.890 f1=0.471 brier=0.078 maj_frac=1.00 params=3074 epochs=34/34 (7.61s)
  [invoice_processing.duplicate][probe][logit_adj] acc=0.430 f1=0.378 brier=0.382 maj_frac=0.40 params=3074 epochs=34/34 (7.7s)
  [invoice_processing.duplicate][probe][proper] acc=0.890 f1=0.471 brier=0.076 maj_frac=1.00 params=3074 epochs=34/34 (8.83s)
  [invoice_processing.duplicate][probe][reinforce] acc=0.890 f1=0.471 brier=0.076 maj_frac=1.00 params=3074 epochs=34/34 (11.1s)
  [invoice_processing.duplicate][bias][ce] acc=0.890 f1=0.471 brier=0.077 maj_frac=1.00 params=3 epochs=34/34 (7.89s)
  [invoice_processing.duplicate][bias][cb_ce] acc=0.890 f1=0.471 brier=0.077 maj_frac=1.00 params=3 epochs=34/34 (7.77s)
  [invoice_processing.duplicate][bias][logit_adj] acc=0.890 f1=0.471 brier=0.077 maj_frac=1.00 params=3 epochs=34/34 (7.8s)
  [invoice_processing.duplicate][bias][proper] acc=0.890 f1=0.471 brier=0.077 maj_frac=1.00 params=3 epochs=34/34 (9.07s)
  [invoice_processing.duplicate][bias][reinforce] acc=0.890 f1=0.471 brier=0.077 maj_frac=1.00 params=3 epochs=34/34 (11.45s)

=== summary (mean over tasks) ===
probe      ce         acc=0.603 f1=0.342 brier=0.122 maj_frac=0.75 distinct=0.66 params=4420
probe      cb_ce      acc=0.557 f1=0.327 brier=nan maj_frac=0.58 distinct=0.62 params=4420
probe      logit_adj  acc=0.434 f1=0.346 brier=0.189 maj_frac=0.26 distinct=0.94 params=4420
probe      proper     acc=0.599 f1=0.341 brier=0.137 maj_frac=0.74 distinct=0.66 params=4420
probe      reinforce  acc=0.538 f1=0.243 brier=0.370 maj_frac=0.91 distinct=0.36 params=4420
bias       ce         acc=0.410 f1=0.193 brier=nan maj_frac=0.37 distinct=0.39 params=5
bias       cb_ce      acc=0.461 f1=0.211 brier=0.192 maj_frac=0.38 distinct=0.42 params=5
bias       logit_adj  acc=0.367 f1=0.185 brier=0.180 maj_frac=0.26 distinct=0.68 params=5
bias       proper     acc=0.465 f1=0.204 brier=0.153 maj_frac=0.34 distinct=0.42 params=5
bias       reinforce  acc=0.424 f1=0.179 brier=0.164 maj_frac=0.25 distinct=0.30 params=5
mean majority-class baseline acc: 0.504
elapsed: 720.7s
wrote results/tarski/explore_proper_score_objectives.json
