Loading weights:   0%|          | 0/134 [00:00<?, ?it/s]Loading weights: 100%|██████████| 134/134 [00:00<00:00, 9669.62it/s]
Using the latest cached version of the dataset since mteb/banking77 couldn't be found on the Hugging Face Hub (offline mode is enabled).
Found the latest cached dataset configuration 'default' at /home/ubuntu/.cache/huggingface/datasets/mteb___banking77/default/0.0.0/18072d2685ea682290f7b8924d94c62acc19c0b2 (last modified on Sun Sep 27 21:22:46 2026).
== banking77: 8994/999/3076 messages (train/val/test), tasks: intent(77) | base answerdotai/ModernBERT-base on cuda | seed 2
-- probe@8
  cached trunk depth 8 for 13069 messages in 2.8s (312 MB)
  [intent] probe split=8, 77 labels, 8994 train
    epoch 1/20 loss 3.9321 val acc 0.4995 (1.2s)
    epoch 2/20 loss 1.5472 val acc 0.8238 (0.9s)
    epoch 3/20 loss 0.5380 val acc 0.8619 (1.0s)
    epoch 4/20 loss 0.3074 val acc 0.8809 (1.0s)
    epoch 5/20 loss 0.2122 val acc 0.8799 (1.0s)
    epoch 6/20 loss 0.1621 val acc 0.8909 (1.0s)
    epoch 7/20 loss 0.1305 val acc 0.8919 (1.0s)
    epoch 8/20 loss 0.1041 val acc 0.8979 (1.0s)
    epoch 9/20 loss 0.0868 val acc 0.8969 (1.0s)
    epoch 10/20 loss 0.0754 val acc 0.8999 (1.0s)
    epoch 11/20 loss 0.0649 val acc 0.8979 (0.9s)
    epoch 12/20 loss 0.0579 val acc 0.9019 (0.9s)
    epoch 13/20 loss 0.0525 val acc 0.8999 (1.0s)
    epoch 14/20 loss 0.0477 val acc 0.9009 (1.0s)
    epoch 15/20 loss 0.0430 val acc 0.9029 (1.0s)
    epoch 16/20 loss 0.0412 val acc 0.9039 (1.0s)
    epoch 17/20 loss 0.0385 val acc 0.9029 (1.0s)
    epoch 18/20 loss 0.0375 val acc 0.9029 (1.0s)
    epoch 19/20 loss 0.0362 val acc 0.9019 (1.0s)
  [intent] test acc 0.8872 macro-F1 0.8870 ECE 0.010 (T=1.14, 19s, 0.06M params)
   probe@8 mean: {"acc": 0.8872, "macro_f1": 0.887, "ece": 0.0105, "nll": 0.4083}
-- probe@22
  cached trunk depth 22 for 13069 messages in 5.1s (312 MB)
  [intent] probe split=22, 77 labels, 8994 train
    epoch 1/20 loss 3.7173 val acc 0.5866 (2.4s)
    epoch 2/20 loss 1.2373 val acc 0.8308 (2.4s)
    epoch 3/20 loss 0.4830 val acc 0.8539 (2.3s)
    epoch 4/20 loss 0.2877 val acc 0.8809 (2.3s)
    epoch 5/20 loss 0.1968 val acc 0.8839 (2.4s)
    epoch 6/20 loss 0.1452 val acc 0.8819 (2.2s)
    epoch 7/20 loss 0.1152 val acc 0.8879 (2.3s)
    epoch 8/20 loss 0.0890 val acc 0.8789 (2.5s)
    epoch 9/20 loss 0.0771 val acc 0.8949 (2.3s)
    epoch 10/20 loss 0.0628 val acc 0.8929 (2.4s)
    epoch 11/20 loss 0.0557 val acc 0.8969 (2.4s)
    epoch 12/20 loss 0.0509 val acc 0.8909 (2.3s)
    epoch 13/20 loss 0.0445 val acc 0.8899 (2.0s)
    epoch 14/20 loss 0.0414 val acc 0.8939 (2.1s)
  [intent] test acc 0.8856 macro-F1 0.8854 ECE 0.009 (T=1.15, 32s, 0.06M params)
   probe@22 mean: {"acc": 0.8856, "macro_f1": 0.8854, "ece": 0.0093, "nll": 0.4095}
-- blocks@4+1
  cached trunk depth 4 for 13069 messages in 2.5s (312 MB)
  [intent] blocks split=4 depth=1, 77 labels, 8994 train
    epoch 1/6 loss 2.8081 val acc 0.7788 (4.0s)
    epoch 2/6 loss 0.5474 val acc 0.8729 (4.0s)
    epoch 3/6 loss 0.2771 val acc 0.9009 (3.9s)
    epoch 4/6 loss 0.1609 val acc 0.9059 (4.0s)
    epoch 5/6 loss 0.0968 val acc 0.9119 (3.9s)
    epoch 6/6 loss 0.0737 val acc 0.9119 (3.9s)
  [intent] test acc 0.9051 macro-F1 0.9047 ECE 0.015 (T=1.05, 24s, 5.08M params)
   blocks@4+1 mean: {"acc": 0.9051, "macro_f1": 0.9047, "ece": 0.0147, "nll": 0.3477}
-- blocks@4+2
  [intent] blocks split=4 depth=2, 77 labels, 8994 train
    epoch 1/6 loss 2.5301 val acc 0.8208 (5.6s)
    epoch 2/6 loss 0.4315 val acc 0.8879 (5.7s)
    epoch 3/6 loss 0.1710 val acc 0.9039 (5.5s)
    epoch 4/6 loss 0.0603 val acc 0.9129 (5.6s)
    epoch 5/6 loss 0.0170 val acc 0.9119 (5.7s)
    epoch 6/6 loss 0.0094 val acc 0.9129 (5.7s)
  [intent] test acc 0.9041 macro-F1 0.9041 ECE 0.013 (T=1.28, 34s, 10.09M params)
   blocks@4+2 mean: {"acc": 0.9041, "macro_f1": 0.9041, "ece": 0.0133, "nll": 0.3432}
-- blocks@8+1
  cached trunk depth 8 for 13069 messages in 3.5s (312 MB)
  [intent] blocks split=8 depth=1, 77 labels, 8994 train
    epoch 1/6 loss 2.8363 val acc 0.7838 (4.0s)
    epoch 2/6 loss 0.4958 val acc 0.8739 (3.9s)
    epoch 3/6 loss 0.2496 val acc 0.9029 (3.9s)
    epoch 4/6 loss 0.1435 val acc 0.9079 (4.0s)
    epoch 5/6 loss 0.0836 val acc 0.9109 (4.0s)
    epoch 6/6 loss 0.0634 val acc 0.9139 (3.9s)
  [intent] test acc 0.9129 macro-F1 0.9130 ECE 0.019 (T=1.13, 24s, 5.08M params)
   blocks@8+1 mean: {"acc": 0.9129, "macro_f1": 0.913, "ece": 0.0192, "nll": 0.3298}
-- blocks@8+2
  [intent] blocks split=8 depth=2, 77 labels, 8994 train
    epoch 1/6 loss 2.4057 val acc 0.8278 (5.5s)
    epoch 2/6 loss 0.3852 val acc 0.8809 (5.6s)
    epoch 3/6 loss 0.1623 val acc 0.9019 (5.7s)
    epoch 4/6 loss 0.0600 val acc 0.9119 (5.6s)
    epoch 5/6 loss 0.0173 val acc 0.9169 (5.7s)
    epoch 6/6 loss 0.0093 val acc 0.9149 (5.6s)
  [intent] test acc 0.9210 macro-F1 0.9211 ECE 0.014 (T=1.42, 34s, 10.09M params)
   blocks@8+2 mean: {"acc": 0.921, "macro_f1": 0.9211, "ece": 0.014, "nll": 0.3035}
-- blocks@14+1
  cached trunk depth 14 for 13069 messages in 4.8s (312 MB)
  [intent] blocks split=14 depth=1, 77 labels, 8994 train
    epoch 1/6 loss 2.7688 val acc 0.7978 (4.0s)
    epoch 2/6 loss 0.4809 val acc 0.8789 (4.0s)
    epoch 3/6 loss 0.2458 val acc 0.8949 (3.9s)
    epoch 4/6 loss 0.1424 val acc 0.9039 (3.8s)
    epoch 5/6 loss 0.0848 val acc 0.9029 (3.8s)
    epoch 6/6 loss 0.0652 val acc 0.9059 (3.9s)
  [intent] test acc 0.9112 macro-F1 0.9112 ECE 0.020 (T=1.17, 23s, 5.08M params)
   blocks@14+1 mean: {"acc": 0.9112, "macro_f1": 0.9112, "ece": 0.0199, "nll": 0.3247}
-- blocks@14+2
  [intent] blocks split=14 depth=2, 77 labels, 8994 train
    epoch 1/6 loss 2.2241 val acc 0.8689 (5.7s)
    epoch 2/6 loss 0.3228 val acc 0.8949 (5.7s)
    epoch 3/6 loss 0.1289 val acc 0.9199 (5.7s)
    epoch 4/6 loss 0.0454 val acc 0.9199 (5.6s)
    epoch 5/6 loss 0.0141 val acc 0.9209 (5.7s)
    epoch 6/6 loss 0.0075 val acc 0.9219 (5.6s)
  [intent] test acc 0.9269 macro-F1 0.9266 ECE 0.016 (T=1.42, 34s, 10.09M params)
   blocks@14+2 mean: {"acc": 0.9269, "macro_f1": 0.9266, "ece": 0.0161, "nll": 0.2717}
-- blocks@18+1
  cached trunk depth 18 for 13069 messages in 5.8s (312 MB)
  [intent] blocks split=18 depth=1, 77 labels, 8994 train
    epoch 1/6 loss 2.3000 val acc 0.8789 (3.7s)
    epoch 2/6 loss 0.3229 val acc 0.9039 (3.9s)
    epoch 3/6 loss 0.1569 val acc 0.9179 (3.9s)
    epoch 4/6 loss 0.0816 val acc 0.9219 (4.1s)
    epoch 5/6 loss 0.0463 val acc 0.9219 (4.0s)
    epoch 6/6 loss 0.0345 val acc 0.9229 (4.0s)
  [intent] test acc 0.9278 macro-F1 0.9279 ECE 0.011 (T=1.19, 24s, 5.08M params)
   blocks@18+1 mean: {"acc": 0.9278, "macro_f1": 0.9279, "ece": 0.0114, "nll": 0.2589}
-- blocks@18+2
  [intent] blocks split=18 depth=2, 77 labels, 8994 train
    epoch 1/6 loss 2.1391 val acc 0.8789 (5.6s)
    epoch 2/6 loss 0.2858 val acc 0.9149 (5.7s)
    epoch 3/6 loss 0.1088 val acc 0.9229 (5.7s)
    epoch 4/6 loss 0.0380 val acc 0.9289 (5.7s)
    epoch 5/6 loss 0.0135 val acc 0.9279 (5.6s)
    epoch 6/6 loss 0.0086 val acc 0.9309 (5.7s)
  [intent] test acc 0.9291 macro-F1 0.9290 ECE 0.011 (T=1.33, 34s, 10.09M params)
   blocks@18+2 mean: {"acc": 0.9291, "macro_f1": 0.929, "ece": 0.0112, "nll": 0.2628}
-- full
  cached trunk depth 0 for 13069 messages in 0.6s (312 MB)
  [intent] blocks split=0 depth=22, 77 labels, 8994 train
    epoch 1/5 loss 1.8078 val acc 0.8719 (26.2s)
    epoch 2/5 loss 0.2786 val acc 0.9169 (28.5s)
    epoch 3/5 loss 0.1037 val acc 0.9319 (36.5s)
    epoch 4/5 loss 0.0265 val acc 0.9429 (32.3s)
    epoch 5/5 loss 0.0040 val acc 0.9419 (35.5s)
  [intent] test acc 0.9389 macro-F1 0.9388 ECE 0.008 (T=1.44, 159s, 110.39M params)
   full mean: {"acc": 0.9389, "macro_f1": 0.9388, "ece": 0.0084, "nll": 0.2308}
done
