Loading weights:   0%|          | 0/134 [00:00<?, ?it/s]Loading weights: 100%|██████████| 134/134 [00:00<00:00, 9288.02it/s]
Using the latest cached version of the dataset since LocalLLaMA/typed-decisions couldn't be found on the Hugging Face Hub (offline mode is enabled).
Found the latest cached dataset configuration 'all' at /home/ubuntu/.cache/huggingface/datasets/LocalLLaMA___typed-decisions/all/0.0.0/f7a2487edd7a043a5441a5e9ccc7fe5ddbd9ebe8 (last modified on Sun Sep 27 18:59:51 2026).
Using the latest cached version of the dataset since LocalLLaMA/typed-decisions couldn't be found on the Hugging Face Hub (offline mode is enabled).
Found the latest cached dataset configuration 'all' at /home/ubuntu/.cache/huggingface/datasets/LocalLLaMA___typed-decisions/all/0.0.0/f7a2487edd7a043a5441a5e9ccc7fe5ddbd9ebe8 (last modified on Sun Sep 27 18:59:51 2026).
== typed-decisions: 1080/120/400 messages (train/val/test), tasks: agent_trace_observability.action(4), agent_trace_observability.needs_review(2), agent_trace_observability.outcome(4), agent_trace_observability.risk(4), agent_trace_observability.urgency(4), customer_service.action(5), customer_service.category(5), customer_service.churn_risk(4), customer_service.needs_human(2), customer_service.urgency(4), invoice_processing.discrepancy_severity(4), invoice_processing.disposition(4), invoice_processing.duplicate(2), invoice_processing.matches_order(2), invoice_processing.urgency(4), security_incidents.credential_compromise(2), security_incidents.disposition(4), security_incidents.severity(5), security_incidents.true_positive(2), security_incidents.urgency(4) | base answerdotai/ModernBERT-base on cuda | seed 2
-- probe@22
  cached trunk depth 22 for 1600 messages in 5.6s (559 MB)
  [agent_trace_observability.action] probe split=22, 4 labels, 274 train
    epoch 1/34 loss 1.4816 val acc 0.5385 (0.3s)
    epoch 2/34 loss 1.2737 val acc 0.3077 (0.0s)
    epoch 3/34 loss 1.3053 val acc 0.6538 (0.0s)
    epoch 4/34 loss 1.2598 val acc 0.5385 (0.0s)
    epoch 5/34 loss 1.2453 val acc 0.5385 (0.0s)
    epoch 6/34 loss 1.2277 val acc 0.5385 (0.0s)
    epoch 7/34 loss 1.2291 val acc 0.6154 (0.0s)
    epoch 8/34 loss 1.2186 val acc 0.5385 (0.0s)
    epoch 9/34 loss 1.2062 val acc 0.5385 (0.0s)
    epoch 10/34 loss 1.2001 val acc 0.5769 (0.0s)
    epoch 11/34 loss 1.1893 val acc 0.5769 (0.0s)
    epoch 12/34 loss 1.1876 val acc 0.6154 (0.0s)
    epoch 13/34 loss 1.1902 val acc 0.5769 (0.0s)
    epoch 14/34 loss 1.1743 val acc 0.6154 (0.0s)
    epoch 15/34 loss 1.1739 val acc 0.6154 (0.0s)
    epoch 16/34 loss 1.1750 val acc 0.6154 (0.0s)
    epoch 17/34 loss 1.1646 val acc 0.5769 (0.0s)
    epoch 18/34 loss 1.1576 val acc 0.6538 (0.0s)
    epoch 19/34 loss 1.1578 val acc 0.5769 (0.0s)
    epoch 20/34 loss 1.1605 val acc 0.6538 (0.0s)
    epoch 21/34 loss 1.1552 val acc 0.7308 (0.0s)
    epoch 22/34 loss 1.1505 val acc 0.7308 (0.0s)
    epoch 23/34 loss 1.1479 val acc 0.7308 (0.0s)
    epoch 24/34 loss 1.1481 val acc 0.7308 (0.0s)
    epoch 25/34 loss 1.1456 val acc 0.7692 (0.0s)
    epoch 26/34 loss 1.1474 val acc 0.7308 (0.0s)
    epoch 27/34 loss 1.1437 val acc 0.7308 (0.0s)
    epoch 28/34 loss 1.1439 val acc 0.6923 (0.0s)
    epoch 29/34 loss 1.1428 val acc 0.7692 (0.0s)
    epoch 30/34 loss 1.1436 val acc 0.8077 (0.0s)
    epoch 31/34 loss 1.1439 val acc 0.7692 (0.0s)
    epoch 32/34 loss 1.1439 val acc 0.7692 (0.0s)
    epoch 33/34 loss 1.1431 val acc 0.7308 (0.0s)
    epoch 34/34 loss 1.1419 val acc 0.7308 (0.0s)
  [agent_trace_observability.action] test acc 0.4900 macro-F1 0.3148 ECE 0.100 (T=1.00, 1s, 0.00M params)
  [agent_trace_observability.needs_review] probe split=22, 2 labels, 274 train
    epoch 1/34 loss 0.7019 val acc 0.5000 (0.0s)
    epoch 2/34 loss 0.6938 val acc 0.5000 (0.0s)
    epoch 3/34 loss 0.6973 val acc 0.5769 (0.0s)
    epoch 4/34 loss 0.6767 val acc 0.6538 (0.0s)
    epoch 5/34 loss 0.6634 val acc 0.5000 (0.0s)
    epoch 6/34 loss 0.6549 val acc 0.7308 (0.0s)
    epoch 7/34 loss 0.6534 val acc 0.7692 (0.0s)
    epoch 8/34 loss 0.6535 val acc 0.6923 (0.0s)
    epoch 9/34 loss 0.6404 val acc 0.5000 (0.0s)
    epoch 10/34 loss 0.6371 val acc 0.6923 (0.0s)
    epoch 11/34 loss 0.6260 val acc 0.6923 (0.0s)
    epoch 12/34 loss 0.6236 val acc 0.7692 (0.0s)
    epoch 13/34 loss 0.6182 val acc 0.7692 (0.0s)
    epoch 14/34 loss 0.6122 val acc 0.7692 (0.0s)
    epoch 15/34 loss 0.6107 val acc 0.8077 (0.0s)
    epoch 16/34 loss 0.6077 val acc 0.7692 (0.0s)
    epoch 17/34 loss 0.6150 val acc 0.7692 (0.0s)
    epoch 18/34 loss 0.6079 val acc 0.7308 (0.0s)
    epoch 19/34 loss 0.6125 val acc 0.6538 (0.0s)
    epoch 20/34 loss 0.6117 val acc 0.7692 (0.0s)
    epoch 21/34 loss 0.6062 val acc 0.7308 (0.0s)
    epoch 22/34 loss 0.6021 val acc 0.7692 (0.0s)
    epoch 23/34 loss 0.5977 val acc 0.7308 (0.0s)
    epoch 24/34 loss 0.5989 val acc 0.7692 (0.0s)
    epoch 25/34 loss 0.5986 val acc 0.7692 (0.0s)
    epoch 26/34 loss 0.5989 val acc 0.7692 (0.0s)
    epoch 27/34 loss 0.5967 val acc 0.7692 (0.0s)
    epoch 28/34 loss 0.5960 val acc 0.7308 (0.0s)
    epoch 29/34 loss 0.5962 val acc 0.7692 (0.0s)
    epoch 30/34 loss 0.5954 val acc 0.7308 (0.0s)
    epoch 31/34 loss 0.5978 val acc 0.7692 (0.0s)
    epoch 32/34 loss 0.5963 val acc 0.7692 (0.0s)
    epoch 33/34 loss 0.5950 val acc 0.7692 (0.0s)
    epoch 34/34 loss 0.5930 val acc 0.7692 (0.0s)
  [agent_trace_observability.needs_review] test acc 0.8200 macro-F1 0.8188 ECE 0.165 (T=1.00, 1s, 0.00M params)
  [agent_trace_observability.outcome] probe split=22, 4 labels, 274 train
    epoch 1/34 loss 1.3445 val acc 0.5385 (0.0s)
    epoch 2/34 loss 1.3419 val acc 0.5769 (0.0s)
    epoch 3/34 loss 1.3422 val acc 0.5769 (0.0s)
    epoch 4/34 loss 1.3367 val acc 0.5000 (0.0s)
    epoch 5/34 loss 1.3147 val acc 0.2692 (0.0s)
    epoch 6/34 loss 1.3047 val acc 0.5769 (0.0s)
    epoch 7/34 loss 1.2955 val acc 0.4615 (0.0s)
    epoch 8/34 loss 1.2808 val acc 0.2692 (0.0s)
    epoch 9/34 loss 1.2716 val acc 0.6154 (0.0s)
    epoch 10/34 loss 1.2612 val acc 0.5385 (0.0s)
    epoch 11/34 loss 1.2525 val acc 0.6923 (0.0s)
    epoch 12/34 loss 1.2397 val acc 0.6538 (0.0s)
    epoch 13/34 loss 1.2313 val acc 0.6154 (0.0s)
    epoch 14/34 loss 1.2324 val acc 0.5769 (0.0s)
    epoch 15/34 loss 1.2205 val acc 0.6538 (0.0s)
    epoch 16/34 loss 1.2149 val acc 0.6538 (0.0s)
    epoch 17/34 loss 1.2046 val acc 0.6923 (0.0s)
    epoch 18/34 loss 1.2084 val acc 0.6923 (0.0s)
    epoch 19/34 loss 1.2014 val acc 0.7308 (0.0s)
    epoch 20/34 loss 1.2003 val acc 0.6538 (0.0s)
    epoch 21/34 loss 1.1990 val acc 0.6923 (0.0s)
    epoch 22/34 loss 1.1993 val acc 0.5769 (0.0s)
    epoch 23/34 loss 1.1868 val acc 0.6923 (0.0s)
    epoch 24/34 loss 1.1863 val acc 0.7308 (0.0s)
    epoch 25/34 loss 1.1830 val acc 0.7308 (0.0s)
    epoch 26/34 loss 1.1828 val acc 0.7308 (0.0s)
    epoch 27/34 loss 1.1743 val acc 0.7308 (0.0s)
    epoch 28/34 loss 1.1782 val acc 0.7308 (0.0s)
    epoch 29/34 loss 1.1730 val acc 0.7692 (0.0s)
    epoch 30/34 loss 1.1738 val acc 0.7308 (0.0s)
    epoch 31/34 loss 1.1756 val acc 0.7308 (0.0s)
    epoch 32/34 loss 1.1769 val acc 0.7308 (0.0s)
    epoch 33/34 loss 1.1796 val acc 0.7692 (0.0s)
    epoch 34/34 loss 1.1747 val acc 0.7692 (0.0s)
  [agent_trace_observability.outcome] test acc 0.4400 macro-F1 0.3576 ECE 0.044 (T=1.00, 1s, 0.00M params)
  [agent_trace_observability.risk] probe split=22, 4 labels, 274 train
    epoch 1/34 loss 1.4537 val acc 0.2692 (0.0s)
    epoch 2/34 loss 1.3874 val acc 0.3077 (0.0s)
    epoch 3/34 loss 1.3843 val acc 0.2692 (0.0s)
    epoch 4/34 loss 1.3627 val acc 0.2692 (0.0s)
    epoch 5/34 loss 1.3525 val acc 0.2692 (0.0s)
    epoch 6/34 loss 1.3063 val acc 0.4231 (0.0s)
    epoch 7/34 loss 1.3033 val acc 0.4231 (0.0s)
    epoch 8/34 loss 1.2943 val acc 0.2692 (0.0s)
    epoch 9/34 loss 1.2937 val acc 0.3077 (0.0s)
    epoch 10/34 loss 1.2633 val acc 0.3846 (0.0s)
    epoch 11/34 loss 1.2477 val acc 0.4615 (0.0s)
    epoch 12/34 loss 1.2289 val acc 0.4615 (0.0s)
    epoch 13/34 loss 1.2174 val acc 0.4615 (0.0s)
    epoch 14/34 loss 1.2115 val acc 0.5385 (0.0s)
    epoch 15/34 loss 1.1933 val acc 0.6154 (0.0s)
    epoch 16/34 loss 1.1904 val acc 0.5000 (0.0s)
    epoch 17/34 loss 1.1793 val acc 0.5000 (0.0s)
    epoch 18/34 loss 1.1762 val acc 0.6923 (0.0s)
    epoch 19/34 loss 1.1714 val acc 0.6154 (0.0s)
    epoch 20/34 loss 1.1600 val acc 0.5385 (0.0s)
    epoch 21/34 loss 1.1617 val acc 0.5385 (0.0s)
    epoch 22/34 loss 1.1616 val acc 0.5385 (0.0s)
    epoch 23/34 loss 1.1490 val acc 0.6154 (0.0s)
    epoch 24/34 loss 1.1535 val acc 0.5769 (0.0s)
    epoch 25/34 loss 1.1457 val acc 0.5769 (0.0s)
    epoch 26/34 loss 1.1418 val acc 0.5769 (0.0s)
    epoch 27/34 loss 1.1394 val acc 0.5769 (0.0s)
    epoch 28/34 loss 1.1358 val acc 0.6154 (0.0s)
    epoch 29/34 loss 1.1336 val acc 0.6154 (0.0s)
    epoch 30/34 loss 1.1324 val acc 0.5769 (0.0s)
    epoch 31/34 loss 1.1359 val acc 0.5769 (0.0s)
    epoch 32/34 loss 1.1363 val acc 0.5769 (0.0s)
    epoch 33/34 loss 1.1359 val acc 0.5769 (0.0s)
    epoch 34/34 loss 1.1361 val acc 0.5769 (0.0s)
  [agent_trace_observability.risk] test acc 0.5300 macro-F1 0.5088 ECE 0.128 (T=1.00, 1s, 0.00M params)
  [agent_trace_observability.urgency] probe split=22, 4 labels, 274 train
    epoch 1/34 loss 1.4641 val acc 0.6154 (0.0s)
    epoch 2/34 loss 1.3546 val acc 0.6154 (0.0s)
    epoch 3/34 loss 1.3533 val acc 0.6154 (0.0s)
    epoch 4/34 loss 1.3279 val acc 0.6538 (0.0s)
    epoch 5/34 loss 1.3199 val acc 0.4615 (0.0s)
    epoch 6/34 loss 1.2982 val acc 0.4231 (0.0s)
    epoch 7/34 loss 1.2971 val acc 0.5769 (0.0s)
    epoch 8/34 loss 1.2858 val acc 0.5769 (0.0s)
    epoch 9/34 loss 1.2797 val acc 0.5385 (0.0s)
    epoch 10/34 loss 1.2747 val acc 0.5769 (0.0s)
    epoch 11/34 loss 1.2560 val acc 0.5769 (0.0s)
    epoch 12/34 loss 1.2320 val acc 0.5769 (0.0s)
    epoch 13/34 loss 1.2289 val acc 0.5000 (0.0s)
    epoch 14/34 loss 1.2219 val acc 0.3462 (0.0s)
    epoch 15/34 loss 1.2168 val acc 0.5385 (0.0s)
    epoch 16/34 loss 1.2135 val acc 0.5000 (0.0s)
    epoch 17/34 loss 1.2035 val acc 0.5000 (0.0s)
    epoch 18/34 loss 1.2058 val acc 0.5385 (0.0s)
    epoch 19/34 loss 1.1968 val acc 0.5769 (0.0s)
    epoch 20/34 loss 1.1971 val acc 0.5385 (0.0s)
    epoch 21/34 loss 1.1915 val acc 0.6154 (0.0s)
    epoch 22/34 loss 1.1895 val acc 0.5769 (0.0s)
    epoch 23/34 loss 1.1815 val acc 0.6154 (0.0s)
    epoch 24/34 loss 1.1861 val acc 0.6154 (0.0s)
    epoch 25/34 loss 1.1804 val acc 0.6154 (0.0s)
    epoch 26/34 loss 1.1775 val acc 0.5769 (0.0s)
    epoch 27/34 loss 1.1777 val acc 0.6154 (0.0s)
    epoch 28/34 loss 1.1740 val acc 0.6154 (0.0s)
    epoch 29/34 loss 1.1735 val acc 0.5769 (0.0s)
    epoch 30/34 loss 1.1747 val acc 0.5385 (0.0s)
    epoch 31/34 loss 1.1749 val acc 0.5769 (0.0s)
    epoch 32/34 loss 1.1768 val acc 0.5769 (0.0s)
    epoch 33/34 loss 1.1740 val acc 0.5769 (0.0s)
    epoch 34/34 loss 1.1737 val acc 0.5769 (0.0s)
  [agent_trace_observability.urgency] test acc 0.4900 macro-F1 0.4096 ECE 0.092 (T=1.00, 1s, 0.00M params)
  [customer_service.action] probe split=22, 5 labels, 269 train
    epoch 1/34 loss 1.4827 val acc 0.5484 (0.1s)
    epoch 2/34 loss 1.2940 val acc 0.5484 (0.1s)
    epoch 3/34 loss 1.2911 val acc 0.5484 (0.1s)
    epoch 4/34 loss 1.2457 val acc 0.4516 (0.1s)
    epoch 5/34 loss 1.2471 val acc 0.2903 (0.1s)
    epoch 6/34 loss 1.2417 val acc 0.4839 (0.1s)
    epoch 7/34 loss 1.2278 val acc 0.5161 (0.1s)
    epoch 8/34 loss 1.1944 val acc 0.5161 (0.1s)
    epoch 9/34 loss 1.1806 val acc 0.5484 (0.1s)
    epoch 10/34 loss 1.1696 val acc 0.5161 (0.1s)
    epoch 11/34 loss 1.1622 val acc 0.5806 (0.1s)
    epoch 12/34 loss 1.1533 val acc 0.5806 (0.1s)
    epoch 13/34 loss 1.1577 val acc 0.5806 (0.1s)
    epoch 14/34 loss 1.1364 val acc 0.6129 (0.1s)
    epoch 15/34 loss 1.1338 val acc 0.6129 (0.1s)
    epoch 16/34 loss 1.1341 val acc 0.6774 (0.1s)
    epoch 17/34 loss 1.1349 val acc 0.6774 (0.1s)
    epoch 18/34 loss 1.1265 val acc 0.6129 (0.1s)
    epoch 19/34 loss 1.1264 val acc 0.6774 (0.1s)
    epoch 20/34 loss 1.1161 val acc 0.6129 (0.1s)
    epoch 21/34 loss 1.1190 val acc 0.6774 (0.1s)
    epoch 22/34 loss 1.1151 val acc 0.6774 (0.1s)
    epoch 23/34 loss 1.1162 val acc 0.6452 (0.1s)
    epoch 24/34 loss 1.1015 val acc 0.6774 (0.1s)
    epoch 25/34 loss 1.1024 val acc 0.6774 (0.1s)
    epoch 26/34 loss 1.1063 val acc 0.6774 (0.1s)
    epoch 27/34 loss 1.1044 val acc 0.6774 (0.1s)
    epoch 28/34 loss 1.1036 val acc 0.7097 (0.1s)
    epoch 29/34 loss 1.1042 val acc 0.7097 (0.1s)
    epoch 30/34 loss 1.1050 val acc 0.6774 (0.1s)
    epoch 31/34 loss 1.1004 val acc 0.6774 (0.1s)
    epoch 32/34 loss 1.1000 val acc 0.6774 (0.1s)
    epoch 33/34 loss 1.1032 val acc 0.6774 (0.1s)
    epoch 34/34 loss 1.1047 val acc 0.6774 (0.1s)
  [customer_service.action] test acc 0.6200 macro-F1 0.2947 ECE 0.154 (T=0.93, 3s, 0.01M params)
  [customer_service.category] probe split=22, 5 labels, 269 train
    epoch 1/34 loss 1.7075 val acc 0.2581 (0.1s)
    epoch 2/34 loss 1.5914 val acc 0.1290 (0.1s)
    epoch 3/34 loss 1.5616 val acc 0.4194 (0.1s)
    epoch 4/34 loss 1.4617 val acc 0.5161 (0.1s)
    epoch 5/34 loss 1.3727 val acc 0.3871 (0.1s)
    epoch 6/34 loss 1.3073 val acc 0.3871 (0.1s)
    epoch 7/34 loss 1.2263 val acc 0.4194 (0.1s)
    epoch 8/34 loss 1.1765 val acc 0.5806 (0.1s)
    epoch 9/34 loss 1.1066 val acc 0.6129 (0.1s)
    epoch 10/34 loss 1.0581 val acc 0.6774 (0.1s)
    epoch 11/34 loss 1.0192 val acc 0.6774 (0.1s)
    epoch 12/34 loss 0.9610 val acc 0.6774 (0.1s)
    epoch 13/34 loss 0.9399 val acc 0.6452 (0.1s)
    epoch 14/34 loss 0.9156 val acc 0.6452 (0.1s)
    epoch 15/34 loss 0.8896 val acc 0.6452 (0.1s)
    epoch 16/34 loss 0.8859 val acc 0.6452 (0.1s)
    epoch 17/34 loss 0.8513 val acc 0.6774 (0.1s)
    epoch 18/34 loss 0.8277 val acc 0.6129 (0.1s)
    epoch 19/34 loss 0.8200 val acc 0.6774 (0.1s)
    epoch 20/34 loss 0.8217 val acc 0.6774 (0.1s)
    epoch 21/34 loss 0.7982 val acc 0.6452 (0.1s)
    epoch 22/34 loss 0.7862 val acc 0.6452 (0.1s)
    epoch 23/34 loss 0.7854 val acc 0.6129 (0.1s)
    epoch 24/34 loss 0.7645 val acc 0.6129 (0.1s)
    epoch 25/34 loss 0.7521 val acc 0.6774 (0.1s)
    epoch 26/34 loss 0.7454 val acc 0.7097 (0.1s)
    epoch 27/34 loss 0.7542 val acc 0.7097 (0.1s)
    epoch 28/34 loss 0.7498 val acc 0.6774 (0.1s)
    epoch 29/34 loss 0.7528 val acc 0.7097 (0.1s)
    epoch 30/34 loss 0.7488 val acc 0.6774 (0.1s)
    epoch 31/34 loss 0.7368 val acc 0.6774 (0.1s)
    epoch 32/34 loss 0.7387 val acc 0.7097 (0.1s)
    epoch 33/34 loss 0.7413 val acc 0.6774 (0.1s)
    epoch 34/34 loss 0.7512 val acc 0.6774 (0.1s)
  [customer_service.category] test acc 0.7800 macro-F1 0.6231 ECE 0.139 (T=0.67, 3s, 0.01M params)
  [customer_service.churn_risk] probe split=22, 4 labels, 269 train
    epoch 1/34 loss 1.3126 val acc 0.5161 (0.1s)
    epoch 2/34 loss 1.2980 val acc 0.5161 (0.1s)
    epoch 3/34 loss 1.2780 val acc 0.5161 (0.1s)
    epoch 4/34 loss 1.2691 val acc 0.5806 (0.1s)
    epoch 5/34 loss 1.2436 val acc 0.3226 (0.1s)
    epoch 6/34 loss 1.2237 val acc 0.6774 (0.1s)
    epoch 7/34 loss 1.2095 val acc 0.7097 (0.1s)
    epoch 8/34 loss 1.2032 val acc 0.5806 (0.1s)
    epoch 9/34 loss 1.1945 val acc 0.5484 (0.1s)
    epoch 10/34 loss 1.1818 val acc 0.6129 (0.1s)
    epoch 11/34 loss 1.1631 val acc 0.6129 (0.1s)
    epoch 12/34 loss 1.1490 val acc 0.5484 (0.1s)
    epoch 13/34 loss 1.1470 val acc 0.5484 (0.1s)
    epoch 14/34 loss 1.1347 val acc 0.5806 (0.1s)
    epoch 15/34 loss 1.1294 val acc 0.6452 (0.1s)
    epoch 16/34 loss 1.1258 val acc 0.6129 (0.1s)
    epoch 17/34 loss 1.1217 val acc 0.6452 (0.1s)
    epoch 18/34 loss 1.1279 val acc 0.5484 (0.1s)
    epoch 19/34 loss 1.1162 val acc 0.7097 (0.1s)
    epoch 20/34 loss 1.1131 val acc 0.5806 (0.1s)
    epoch 21/34 loss 1.1081 val acc 0.6774 (0.1s)
    epoch 22/34 loss 1.0980 val acc 0.6452 (0.1s)
    epoch 23/34 loss 1.0984 val acc 0.6452 (0.1s)
    epoch 24/34 loss 1.0848 val acc 0.6774 (0.1s)
    epoch 25/34 loss 1.0814 val acc 0.6129 (0.1s)
    epoch 26/34 loss 1.0844 val acc 0.6129 (0.1s)
    epoch 27/34 loss 1.0879 val acc 0.6774 (0.1s)
    epoch 28/34 loss 1.0836 val acc 0.6129 (0.1s)
    epoch 29/34 loss 1.0889 val acc 0.6129 (0.1s)
    epoch 30/34 loss 1.0868 val acc 0.6129 (0.1s)
    epoch 31/34 loss 1.0832 val acc 0.6452 (0.1s)
    epoch 32/34 loss 1.0837 val acc 0.6452 (0.1s)
    epoch 33/34 loss 1.0846 val acc 0.6452 (0.1s)
    epoch 34/34 loss 1.0811 val acc 0.6452 (0.1s)
  [customer_service.churn_risk] test acc 0.6700 macro-F1 0.4852 ECE 0.209 (T=0.86, 3s, 0.00M params)
  [customer_service.needs_human] probe split=22, 2 labels, 269 train
    epoch 1/34 loss 0.6803 val acc 0.7419 (0.1s)
    epoch 2/34 loss 0.6809 val acc 0.4516 (0.1s)
    epoch 3/34 loss 0.6693 val acc 0.7742 (0.1s)
    epoch 4/34 loss 0.6585 val acc 0.7097 (0.1s)
    epoch 5/34 loss 0.6574 val acc 0.6774 (0.1s)
    epoch 6/34 loss 0.6410 val acc 0.6452 (0.1s)
    epoch 7/34 loss 0.6368 val acc 0.7097 (0.1s)
    epoch 8/34 loss 0.6321 val acc 0.5484 (0.1s)
    epoch 9/34 loss 0.6296 val acc 0.7097 (0.1s)
    epoch 10/34 loss 0.6403 val acc 0.5806 (0.1s)
    epoch 11/34 loss 0.6216 val acc 0.7097 (0.1s)
    epoch 12/34 loss 0.6270 val acc 0.7419 (0.1s)
    epoch 13/34 loss 0.6289 val acc 0.7742 (0.1s)
    epoch 14/34 loss 0.6201 val acc 0.7419 (0.1s)
    epoch 15/34 loss 0.6125 val acc 0.7419 (0.1s)
    epoch 16/34 loss 0.6112 val acc 0.8065 (0.1s)
    epoch 17/34 loss 0.6153 val acc 0.8065 (0.1s)
    epoch 18/34 loss 0.6243 val acc 0.8387 (0.1s)
    epoch 19/34 loss 0.6255 val acc 0.7419 (0.1s)
    epoch 20/34 loss 0.6061 val acc 0.7742 (0.1s)
    epoch 21/34 loss 0.6071 val acc 0.7742 (0.1s)
    epoch 22/34 loss 0.6059 val acc 0.8065 (0.1s)
    epoch 23/34 loss 0.6074 val acc 0.7742 (0.1s)
    epoch 24/34 loss 0.6016 val acc 0.7742 (0.1s)
    epoch 25/34 loss 0.6017 val acc 0.7742 (0.1s)
    epoch 26/34 loss 0.6051 val acc 0.7742 (0.1s)
    epoch 27/34 loss 0.6068 val acc 0.7742 (0.1s)
    epoch 28/34 loss 0.6005 val acc 0.7742 (0.1s)
    epoch 29/34 loss 0.6046 val acc 0.7742 (0.1s)
    epoch 30/34 loss 0.6045 val acc 0.8065 (0.1s)
    epoch 31/34 loss 0.6042 val acc 0.7742 (0.1s)
    epoch 32/34 loss 0.6040 val acc 0.8065 (0.1s)
    epoch 33/34 loss 0.6014 val acc 0.8065 (0.1s)
    epoch 34/34 loss 0.6038 val acc 0.8065 (0.1s)
  [customer_service.needs_human] test acc 0.8400 macro-F1 0.8016 ECE 0.139 (T=0.72, 3s, 0.00M params)
  [customer_service.urgency] probe split=22, 4 labels, 269 train
    epoch 1/34 loss 1.2434 val acc 0.5161 (0.1s)
    epoch 2/34 loss 1.1853 val acc 0.2581 (0.1s)
    epoch 3/34 loss 1.2236 val acc 0.2581 (0.1s)
    epoch 4/34 loss 1.1812 val acc 0.4839 (0.1s)
    epoch 5/34 loss 1.1628 val acc 0.5806 (0.1s)
    epoch 6/34 loss 1.1356 val acc 0.2903 (0.1s)
    epoch 7/34 loss 1.1218 val acc 0.2258 (0.1s)
    epoch 8/34 loss 1.1126 val acc 0.5161 (0.1s)
    epoch 9/34 loss 1.1102 val acc 0.2581 (0.1s)
    epoch 10/34 loss 1.1088 val acc 0.4194 (0.1s)
    epoch 11/34 loss 1.0832 val acc 0.6129 (0.1s)
    epoch 12/34 loss 1.0863 val acc 0.6129 (0.1s)
    epoch 13/34 loss 1.0778 val acc 0.6774 (0.1s)
    epoch 14/34 loss 1.0590 val acc 0.5161 (0.1s)
    epoch 15/34 loss 1.0647 val acc 0.7097 (0.1s)
    epoch 16/34 loss 1.0585 val acc 0.7742 (0.1s)
    epoch 17/34 loss 1.0687 val acc 0.5484 (0.1s)
    epoch 18/34 loss 1.0556 val acc 0.4194 (0.1s)
    epoch 19/34 loss 1.0598 val acc 0.7419 (0.1s)
    epoch 20/34 loss 1.0527 val acc 0.5161 (0.1s)
    epoch 21/34 loss 1.0452 val acc 0.6129 (0.1s)
    epoch 22/34 loss 1.0392 val acc 0.5484 (0.1s)
    epoch 23/34 loss 1.0315 val acc 0.7097 (0.1s)
    epoch 24/34 loss 1.0252 val acc 0.5806 (0.1s)
    epoch 25/34 loss 1.0248 val acc 0.6452 (0.1s)
    epoch 26/34 loss 1.0260 val acc 0.5806 (0.1s)
    epoch 27/34 loss 1.0241 val acc 0.5806 (0.1s)
    epoch 28/34 loss 1.0219 val acc 0.5484 (0.1s)
    epoch 29/34 loss 1.0224 val acc 0.5806 (0.1s)
    epoch 30/34 loss 1.0242 val acc 0.5806 (0.1s)
    epoch 31/34 loss 1.0183 val acc 0.5806 (0.1s)
    epoch 32/34 loss 1.0234 val acc 0.5806 (0.1s)
    epoch 33/34 loss 1.0175 val acc 0.5806 (0.1s)
    epoch 34/34 loss 1.0177 val acc 0.5806 (0.1s)
  [customer_service.urgency] test acc 0.6300 macro-F1 0.4678 ECE 0.151 (T=0.89, 2s, 0.00M params)
  [invoice_processing.discrepancy_severity] probe split=22, 4 labels, 259 train
    epoch 1/34 loss 1.3901 val acc 0.2927 (0.1s)
    epoch 2/34 loss 1.3325 val acc 0.2927 (0.1s)
    epoch 3/34 loss 1.3980 val acc 0.2927 (0.1s)
    epoch 4/34 loss 1.3290 val acc 0.2927 (0.1s)
    epoch 5/34 loss 1.2784 val acc 0.2683 (0.1s)
    epoch 6/34 loss 1.3699 val acc 0.2927 (0.1s)
    epoch 7/34 loss 1.2969 val acc 0.2927 (0.1s)
    epoch 8/34 loss 1.3560 val acc 0.2927 (0.1s)
    epoch 9/34 loss 1.3889 val acc 0.3902 (0.1s)
    epoch 10/34 loss 1.2625 val acc 0.2927 (0.1s)
    epoch 11/34 loss 1.2426 val acc 0.2927 (0.1s)
    epoch 12/34 loss 1.2161 val acc 0.2927 (0.1s)
    epoch 13/34 loss 1.2497 val acc 0.2683 (0.1s)
    epoch 14/34 loss 1.2323 val acc 0.3415 (0.1s)
    epoch 15/34 loss 1.2192 val acc 0.2927 (0.1s)
    epoch 16/34 loss 1.2332 val acc 0.5122 (0.1s)
    epoch 17/34 loss 1.2029 val acc 0.3415 (0.1s)
    epoch 18/34 loss 1.1885 val acc 0.2927 (0.1s)
    epoch 19/34 loss 1.1766 val acc 0.3415 (0.1s)
    epoch 20/34 loss 1.1766 val acc 0.2927 (0.1s)
    epoch 21/34 loss 1.1629 val acc 0.3415 (0.1s)
    epoch 22/34 loss 1.1651 val acc 0.3171 (0.1s)
    epoch 23/34 loss 1.1614 val acc 0.3171 (0.1s)
    epoch 24/34 loss 1.1656 val acc 0.4878 (0.1s)
    epoch 25/34 loss 1.1518 val acc 0.3171 (0.1s)
    epoch 26/34 loss 1.1544 val acc 0.3171 (0.1s)
    epoch 27/34 loss 1.1474 val acc 0.4146 (0.1s)
    epoch 28/34 loss 1.1432 val acc 0.3659 (0.1s)
    epoch 29/34 loss 1.1451 val acc 0.3415 (0.1s)
    epoch 30/34 loss 1.1379 val acc 0.3171 (0.1s)
    epoch 31/34 loss 1.1440 val acc 0.3415 (0.1s)
    epoch 32/34 loss 1.1409 val acc 0.3415 (0.1s)
    epoch 33/34 loss 1.1459 val acc 0.3415 (0.1s)
    epoch 34/34 loss 1.1429 val acc 0.3415 (0.1s)
  [invoice_processing.discrepancy_severity] test acc 0.5700 macro-F1 0.3052 ECE 0.116 (T=0.97, 2s, 0.00M params)
  [invoice_processing.disposition] probe split=22, 4 labels, 259 train
    epoch 1/34 loss 1.4345 val acc 0.2927 (0.1s)
    epoch 2/34 loss 1.3248 val acc 0.2439 (0.1s)
    epoch 3/34 loss 1.4925 val acc 0.2439 (0.1s)
    epoch 4/34 loss 1.3541 val acc 0.2439 (0.1s)
    epoch 5/34 loss 1.3057 val acc 0.4634 (0.1s)
    epoch 6/34 loss 1.3306 val acc 0.2439 (0.1s)
    epoch 7/34 loss 1.2880 val acc 0.2439 (0.1s)
    epoch 8/34 loss 1.2930 val acc 0.2683 (0.1s)
    epoch 9/34 loss 1.2628 val acc 0.5366 (0.1s)
    epoch 10/34 loss 1.2724 val acc 0.5122 (0.1s)
    epoch 11/34 loss 1.2527 val acc 0.2439 (0.1s)
    epoch 12/34 loss 1.2616 val acc 0.3659 (0.1s)
    epoch 13/34 loss 1.2466 val acc 0.4634 (0.1s)
    epoch 14/34 loss 1.2337 val acc 0.5122 (0.1s)
    epoch 15/34 loss 1.2670 val acc 0.2683 (0.1s)
    epoch 16/34 loss 1.2432 val acc 0.5854 (0.1s)
    epoch 17/34 loss 1.1937 val acc 0.2927 (0.1s)
    epoch 18/34 loss 1.1836 val acc 0.2683 (0.1s)
    epoch 19/34 loss 1.1786 val acc 0.5610 (0.1s)
    epoch 20/34 loss 1.1914 val acc 0.3902 (0.1s)
    epoch 21/34 loss 1.1814 val acc 0.2683 (0.1s)
    epoch 22/34 loss 1.1811 val acc 0.5854 (0.1s)
    epoch 23/34 loss 1.1748 val acc 0.2683 (0.1s)
    epoch 24/34 loss 1.1732 val acc 0.6098 (0.1s)
    epoch 25/34 loss 1.1603 val acc 0.3902 (0.1s)
    epoch 26/34 loss 1.1652 val acc 0.3659 (0.1s)
    epoch 27/34 loss 1.1571 val acc 0.5854 (0.1s)
    epoch 28/34 loss 1.1546 val acc 0.6098 (0.1s)
    epoch 29/34 loss 1.1561 val acc 0.5610 (0.1s)
    epoch 30/34 loss 1.1513 val acc 0.4634 (0.1s)
    epoch 31/34 loss 1.1524 val acc 0.4146 (0.1s)
    epoch 32/34 loss 1.1503 val acc 0.4146 (0.1s)
    epoch 33/34 loss 1.1563 val acc 0.4146 (0.1s)
    epoch 34/34 loss 1.1529 val acc 0.4146 (0.1s)
  [invoice_processing.disposition] test acc 0.5800 macro-F1 0.3094 ECE 0.184 (T=1.20, 2s, 0.00M params)
  [invoice_processing.duplicate] probe split=22, 2 labels, 259 train
    epoch 1/34 loss 0.5312 val acc 0.8780 (0.1s)
    epoch 2/34 loss 0.3363 val acc 0.8780 (0.1s)
    epoch 3/34 loss 0.3514 val acc 0.8780 (0.1s)
    epoch 4/34 loss 0.3351 val acc 0.8780 (0.1s)
    epoch 5/34 loss 0.3233 val acc 0.8780 (0.1s)
    epoch 6/34 loss 0.3356 val acc 0.8780 (0.1s)
    epoch 7/34 loss 0.3309 val acc 0.8780 (0.1s)
    epoch 8/34 loss 0.3441 val acc 0.8780 (0.1s)
    epoch 9/34 loss 0.3211 val acc 0.8780 (0.1s)
    epoch 10/34 loss 0.3202 val acc 0.8780 (0.1s)
    epoch 11/34 loss 0.3303 val acc 0.8780 (0.1s)
    epoch 12/34 loss 0.3648 val acc 0.8780 (0.1s)
    epoch 13/34 loss 0.3391 val acc 0.8780 (0.1s)
    epoch 14/34 loss 0.3110 val acc 0.8780 (0.1s)
    epoch 15/34 loss 0.3142 val acc 0.8780 (0.1s)
    epoch 16/34 loss 0.3100 val acc 0.8780 (0.1s)
    epoch 17/34 loss 0.3153 val acc 0.8780 (0.1s)
    epoch 18/34 loss 0.3122 val acc 0.8780 (0.1s)
    epoch 19/34 loss 0.3056 val acc 0.8780 (0.1s)
    epoch 20/34 loss 0.3021 val acc 0.8780 (0.1s)
    epoch 21/34 loss 0.3087 val acc 0.8780 (0.1s)
    epoch 22/34 loss 0.2997 val acc 0.8780 (0.1s)
    epoch 23/34 loss 0.2999 val acc 0.8780 (0.1s)
    epoch 24/34 loss 0.3027 val acc 0.8780 (0.1s)
    epoch 25/34 loss 0.2989 val acc 0.8780 (0.1s)
    epoch 26/34 loss 0.2995 val acc 0.8780 (0.1s)
    epoch 27/34 loss 0.2993 val acc 0.8780 (0.1s)
    epoch 28/34 loss 0.2964 val acc 0.8780 (0.1s)
    epoch 29/34 loss 0.2981 val acc 0.8780 (0.1s)
    epoch 30/34 loss 0.2971 val acc 0.8780 (0.1s)
    epoch 31/34 loss 0.2947 val acc 0.8780 (0.1s)
    epoch 32/34 loss 0.2960 val acc 0.8780 (0.1s)
    epoch 33/34 loss 0.2952 val acc 0.8780 (0.1s)
    epoch 34/34 loss 0.2938 val acc 0.8780 (0.1s)
  [invoice_processing.duplicate] test acc 0.8900 macro-F1 0.4709 ECE 0.015 (T=1.06, 3s, 0.00M params)
  [invoice_processing.matches_order] probe split=22, 2 labels, 259 train
    epoch 1/34 loss 0.7052 val acc 0.3659 (0.1s)
    epoch 2/34 loss 0.7549 val acc 0.6341 (0.1s)
    epoch 3/34 loss 1.0413 val acc 0.3659 (0.1s)
    epoch 4/34 loss 0.7070 val acc 0.3659 (0.1s)
    epoch 5/34 loss 0.7077 val acc 0.6341 (0.1s)
    epoch 6/34 loss 0.7759 val acc 0.3659 (0.1s)
    epoch 7/34 loss 0.7363 val acc 0.7073 (0.1s)
    epoch 8/34 loss 0.7142 val acc 0.7073 (0.1s)
    epoch 9/34 loss 0.7001 val acc 0.4146 (0.1s)
    epoch 10/34 loss 0.7491 val acc 0.6341 (0.1s)
    epoch 11/34 loss 0.7187 val acc 0.3659 (0.1s)
    epoch 12/34 loss 0.6934 val acc 0.3659 (0.1s)
    epoch 13/34 loss 0.7386 val acc 0.6341 (0.1s)
    epoch 14/34 loss 0.7419 val acc 0.3902 (0.1s)
    epoch 15/34 loss 0.6358 val acc 0.4634 (0.1s)
    epoch 16/34 loss 0.6435 val acc 0.6585 (0.1s)
    epoch 17/34 loss 0.6331 val acc 0.6341 (0.1s)
    epoch 18/34 loss 0.6181 val acc 0.5854 (0.1s)
    epoch 19/34 loss 0.6025 val acc 0.6585 (0.1s)
    epoch 20/34 loss 0.6165 val acc 0.6585 (0.1s)
    epoch 21/34 loss 0.6055 val acc 0.5854 (0.1s)
    epoch 22/34 loss 0.6048 val acc 0.6585 (0.1s)
    epoch 23/34 loss 0.5937 val acc 0.6585 (0.1s)
    epoch 24/34 loss 0.6020 val acc 0.7317 (0.1s)
    epoch 25/34 loss 0.6033 val acc 0.4390 (0.1s)
    epoch 26/34 loss 0.5923 val acc 0.8293 (0.1s)
    epoch 27/34 loss 0.5973 val acc 0.8293 (0.1s)
    epoch 28/34 loss 0.5852 val acc 0.6829 (0.1s)
    epoch 29/34 loss 0.5879 val acc 0.6098 (0.1s)
    epoch 30/34 loss 0.5845 val acc 0.6585 (0.1s)
    epoch 31/34 loss 0.5883 val acc 0.6585 (0.1s)
    epoch 32/34 loss 0.5845 val acc 0.6829 (0.1s)
    epoch 33/34 loss 0.5942 val acc 0.6829 (0.1s)
    epoch 34/34 loss 0.5887 val acc 0.6829 (0.1s)
  [invoice_processing.matches_order] test acc 0.4600 macro-F1 0.3151 ECE 0.000 (T=nan, 3s, 0.00M params)
  [invoice_processing.urgency] probe split=22, 4 labels, 259 train
    epoch 1/34 loss 1.3363 val acc 0.4390 (0.1s)
    epoch 2/34 loss 1.2299 val acc 0.4878 (0.1s)
    epoch 3/34 loss 1.2332 val acc 0.4878 (0.1s)
    epoch 4/34 loss 1.2125 val acc 0.6341 (0.1s)
    epoch 5/34 loss 1.1996 val acc 0.4878 (0.1s)
    epoch 6/34 loss 1.1861 val acc 0.7317 (0.1s)
    epoch 7/34 loss 1.2746 val acc 0.4634 (0.1s)
    epoch 8/34 loss 1.1956 val acc 0.4878 (0.1s)
    epoch 9/34 loss 1.1896 val acc 0.7317 (0.1s)
    epoch 10/34 loss 1.1737 val acc 0.7073 (0.1s)
    epoch 11/34 loss 1.1589 val acc 0.5122 (0.1s)
    epoch 12/34 loss 1.1608 val acc 0.4878 (0.1s)
    epoch 13/34 loss 1.1532 val acc 0.4634 (0.1s)
    epoch 14/34 loss 1.2004 val acc 0.5366 (0.1s)
    epoch 15/34 loss 1.1415 val acc 0.5610 (0.1s)
    epoch 16/34 loss 1.1450 val acc 0.6585 (0.1s)
    epoch 17/34 loss 1.1551 val acc 0.5854 (0.1s)
    epoch 18/34 loss 1.1362 val acc 0.7073 (0.1s)
    epoch 19/34 loss 1.1298 val acc 0.8049 (0.1s)
    epoch 20/34 loss 1.1283 val acc 0.6829 (0.1s)
    epoch 21/34 loss 1.1298 val acc 0.7073 (0.1s)
    epoch 22/34 loss 1.1187 val acc 0.7073 (0.1s)
    epoch 23/34 loss 1.1151 val acc 0.7561 (0.1s)
    epoch 24/34 loss 1.1179 val acc 0.7561 (0.1s)
    epoch 25/34 loss 1.1181 val acc 0.7805 (0.1s)
    epoch 26/34 loss 1.1115 val acc 0.7805 (0.1s)
    epoch 27/34 loss 1.1162 val acc 0.7561 (0.1s)
    epoch 28/34 loss 1.1095 val acc 0.8049 (0.1s)
    epoch 29/34 loss 1.1095 val acc 0.7805 (0.1s)
    epoch 30/34 loss 1.1143 val acc 0.7805 (0.1s)
    epoch 31/34 loss 1.1095 val acc 0.7805 (0.1s)
    epoch 32/34 loss 1.1092 val acc 0.7805 (0.1s)
    epoch 33/34 loss 1.1100 val acc 0.7805 (0.1s)
    epoch 34/34 loss 1.1064 val acc 0.7805 (0.1s)
  [invoice_processing.urgency] test acc 0.6300 macro-F1 0.3454 ECE 0.170 (T=0.85, 2s, 0.00M params)
  [security_incidents.credential_compromise] probe split=22, 2 labels, 278 train
    epoch 1/34 loss 0.6959 val acc 0.5909 (0.1s)
    epoch 2/34 loss 0.6971 val acc 0.4091 (0.1s)
    epoch 3/34 loss 0.6887 val acc 0.5909 (0.1s)
    epoch 4/34 loss 0.7166 val acc 0.5909 (0.1s)
    epoch 5/34 loss 0.6905 val acc 0.6364 (0.1s)
    epoch 6/34 loss 0.6748 val acc 0.6818 (0.1s)
    epoch 7/34 loss 0.6858 val acc 0.4091 (0.1s)
    epoch 8/34 loss 0.6844 val acc 0.6818 (0.1s)
    epoch 9/34 loss 0.6697 val acc 0.6818 (0.1s)
    epoch 10/34 loss 0.6612 val acc 0.4545 (0.1s)
    epoch 11/34 loss 0.6583 val acc 0.7727 (0.1s)
    epoch 12/34 loss 0.6575 val acc 0.6818 (0.1s)
    epoch 13/34 loss 0.6599 val acc 0.8182 (0.1s)
    epoch 14/34 loss 0.6519 val acc 0.5909 (0.1s)
    epoch 15/34 loss 0.6605 val acc 0.6364 (0.1s)
    epoch 16/34 loss 0.6565 val acc 0.5909 (0.1s)
    epoch 17/34 loss 0.6505 val acc 0.6818 (0.1s)
    epoch 18/34 loss 0.6464 val acc 0.5000 (0.1s)
    epoch 19/34 loss 0.6520 val acc 0.6364 (0.1s)
    epoch 20/34 loss 0.6456 val acc 0.7273 (0.1s)
    epoch 21/34 loss 0.6426 val acc 0.6364 (0.1s)
    epoch 22/34 loss 0.6444 val acc 0.6364 (0.1s)
    epoch 23/34 loss 0.6454 val acc 0.7273 (0.1s)
    epoch 24/34 loss 0.6511 val acc 0.6364 (0.1s)
    epoch 25/34 loss 0.6439 val acc 0.6818 (0.1s)
    epoch 26/34 loss 0.6466 val acc 0.6364 (0.1s)
    epoch 27/34 loss 0.6431 val acc 0.6818 (0.1s)
    epoch 28/34 loss 0.6424 val acc 0.6818 (0.1s)
    epoch 29/34 loss 0.6435 val acc 0.6364 (0.1s)
    epoch 30/34 loss 0.6440 val acc 0.6818 (0.1s)
    epoch 31/34 loss 0.6418 val acc 0.6818 (0.1s)
    epoch 32/34 loss 0.6432 val acc 0.6818 (0.1s)
    epoch 33/34 loss 0.6405 val acc 0.6818 (0.1s)
    epoch 34/34 loss 0.6412 val acc 0.6818 (0.1s)
  [security_incidents.credential_compromise] test acc 0.6900 macro-F1 0.6897 ECE 0.120 (T=1.00, 2s, 0.00M params)
  [security_incidents.disposition] probe split=22, 4 labels, 278 train
    epoch 1/34 loss 1.2648 val acc 0.7273 (0.1s)
    epoch 2/34 loss 1.2596 val acc 0.7273 (0.1s)
    epoch 3/34 loss 1.2459 val acc 0.7273 (0.1s)
    epoch 4/34 loss 1.2328 val acc 0.7273 (0.1s)
    epoch 5/34 loss 1.1983 val acc 0.7273 (0.1s)
    epoch 6/34 loss 1.2061 val acc 0.7273 (0.1s)
    epoch 7/34 loss 1.1972 val acc 0.7273 (0.1s)
    epoch 8/34 loss 1.1896 val acc 0.7273 (0.1s)
    epoch 9/34 loss 1.1806 val acc 0.7273 (0.1s)
    epoch 10/34 loss 1.1655 val acc 0.7273 (0.1s)
    epoch 11/34 loss 1.1632 val acc 0.7273 (0.1s)
    epoch 12/34 loss 1.1573 val acc 0.7273 (0.1s)
    epoch 13/34 loss 1.1595 val acc 0.7727 (0.1s)
    epoch 14/34 loss 1.1607 val acc 0.7727 (0.1s)
    epoch 15/34 loss 1.1669 val acc 0.7273 (0.1s)
    epoch 16/34 loss 1.1598 val acc 0.7273 (0.1s)
    epoch 17/34 loss 1.1441 val acc 0.7273 (0.1s)
    epoch 18/34 loss 1.1374 val acc 0.7727 (0.1s)
    epoch 19/34 loss 1.1418 val acc 0.7273 (0.1s)
    epoch 20/34 loss 1.1355 val acc 0.7273 (0.1s)
    epoch 21/34 loss 1.1319 val acc 0.7273 (0.1s)
    epoch 22/34 loss 1.1366 val acc 0.7273 (0.1s)
    epoch 23/34 loss 1.1315 val acc 0.7273 (0.1s)
    epoch 24/34 loss 1.1367 val acc 0.7273 (0.1s)
    epoch 25/34 loss 1.1316 val acc 0.7273 (0.1s)
    epoch 26/34 loss 1.1331 val acc 0.7273 (0.1s)
    epoch 27/34 loss 1.1282 val acc 0.7273 (0.1s)
    epoch 28/34 loss 1.1284 val acc 0.7273 (0.1s)
    epoch 29/34 loss 1.1282 val acc 0.7273 (0.1s)
    epoch 30/34 loss 1.1277 val acc 0.7273 (0.1s)
    epoch 31/34 loss 1.1280 val acc 0.7273 (0.1s)
    epoch 32/34 loss 1.1239 val acc 0.7273 (0.1s)
    epoch 33/34 loss 1.1266 val acc 0.7273 (0.1s)
    epoch 34/34 loss 1.1268 val acc 0.7273 (0.1s)
  [security_incidents.disposition] test acc 0.7600 macro-F1 0.2980 ECE 0.247 (T=1.00, 2s, 0.00M params)
  [security_incidents.severity] probe split=22, 5 labels, 278 train
    epoch 1/34 loss 1.4878 val acc 0.5909 (0.1s)
    epoch 2/34 loss 1.4718 val acc 0.5909 (0.1s)
    epoch 3/34 loss 1.4650 val acc 0.5909 (0.1s)
    epoch 4/34 loss 1.4502 val acc 0.5909 (0.1s)
    epoch 5/34 loss 1.4368 val acc 0.6364 (0.1s)
    epoch 6/34 loss 1.4379 val acc 0.6364 (0.1s)
    epoch 7/34 loss 1.4014 val acc 0.6364 (0.1s)
    epoch 8/34 loss 1.3945 val acc 0.7273 (0.1s)
    epoch 9/34 loss 1.3957 val acc 0.5909 (0.1s)
    epoch 10/34 loss 1.3856 val acc 0.6818 (0.1s)
    epoch 11/34 loss 1.3752 val acc 0.5909 (0.1s)
    epoch 12/34 loss 1.3687 val acc 0.5909 (0.1s)
    epoch 13/34 loss 1.3591 val acc 0.7727 (0.1s)
    epoch 14/34 loss 1.3510 val acc 0.7727 (0.1s)
    epoch 15/34 loss 1.3477 val acc 0.7727 (0.1s)
    epoch 16/34 loss 1.3485 val acc 0.7727 (0.1s)
    epoch 17/34 loss 1.3405 val acc 0.7273 (0.1s)
    epoch 18/34 loss 1.3373 val acc 0.7727 (0.1s)
    epoch 19/34 loss 1.3312 val acc 0.7727 (0.1s)
    epoch 20/34 loss 1.3307 val acc 0.7727 (0.1s)
    epoch 21/34 loss 1.3255 val acc 0.7727 (0.1s)
    epoch 22/34 loss 1.3265 val acc 0.6364 (0.1s)
    epoch 23/34 loss 1.3219 val acc 0.8182 (0.1s)
    epoch 24/34 loss 1.3215 val acc 0.7727 (0.1s)
    epoch 25/34 loss 1.3117 val acc 0.7727 (0.1s)
    epoch 26/34 loss 1.3203 val acc 0.7727 (0.1s)
    epoch 27/34 loss 1.3150 val acc 0.7727 (0.1s)
    epoch 28/34 loss 1.3183 val acc 0.7273 (0.1s)
    epoch 29/34 loss 1.3147 val acc 0.7273 (0.1s)
    epoch 30/34 loss 1.3085 val acc 0.7727 (0.1s)
    epoch 31/34 loss 1.3107 val acc 0.7727 (0.1s)
    epoch 32/34 loss 1.3086 val acc 0.7727 (0.1s)
    epoch 33/34 loss 1.3119 val acc 0.7727 (0.1s)
    epoch 34/34 loss 1.3122 val acc 0.7727 (0.1s)
  [security_incidents.severity] test acc 0.5600 macro-F1 0.3055 ECE 0.201 (T=1.00, 3s, 0.01M params)
  [security_incidents.true_positive] probe split=22, 2 labels, 278 train
    epoch 1/34 loss 0.6853 val acc 0.6364 (0.1s)
    epoch 2/34 loss 0.6853 val acc 0.6364 (0.1s)
    epoch 3/34 loss 0.6877 val acc 0.5909 (0.1s)
    epoch 4/34 loss 0.6660 val acc 0.6364 (0.1s)
    epoch 5/34 loss 0.6559 val acc 0.6364 (0.1s)
    epoch 6/34 loss 0.6411 val acc 0.6818 (0.1s)
    epoch 7/34 loss 0.6391 val acc 0.6364 (0.1s)
    epoch 8/34 loss 0.6337 val acc 0.6364 (0.1s)
    epoch 9/34 loss 0.6380 val acc 0.6364 (0.1s)
    epoch 10/34 loss 0.6270 val acc 0.6364 (0.1s)
    epoch 11/34 loss 0.6248 val acc 0.6818 (0.1s)
    epoch 12/34 loss 0.6215 val acc 0.6818 (0.1s)
    epoch 13/34 loss 0.6231 val acc 0.6818 (0.1s)
    epoch 14/34 loss 0.6169 val acc 0.7273 (0.1s)
    epoch 15/34 loss 0.6187 val acc 0.6818 (0.1s)
    epoch 16/34 loss 0.6219 val acc 0.8182 (0.1s)
    epoch 17/34 loss 0.6350 val acc 0.6364 (0.1s)
    epoch 18/34 loss 0.6146 val acc 0.6818 (0.1s)
    epoch 19/34 loss 0.6130 val acc 0.7273 (0.1s)
    epoch 20/34 loss 0.6125 val acc 0.8636 (0.1s)
    epoch 21/34 loss 0.6066 val acc 0.8182 (0.1s)
    epoch 22/34 loss 0.6105 val acc 0.7273 (0.1s)
    epoch 23/34 loss 0.6106 val acc 0.8182 (0.1s)
    epoch 24/34 loss 0.6138 val acc 0.7273 (0.1s)
    epoch 25/34 loss 0.6084 val acc 0.8182 (0.1s)
    epoch 26/34 loss 0.6117 val acc 0.8636 (0.1s)
    epoch 27/34 loss 0.6096 val acc 0.8636 (0.1s)
    epoch 28/34 loss 0.6065 val acc 0.8182 (0.1s)
    epoch 29/34 loss 0.6079 val acc 0.7727 (0.1s)
    epoch 30/34 loss 0.6103 val acc 0.8182 (0.1s)
    epoch 31/34 loss 0.6089 val acc 0.8182 (0.1s)
    epoch 32/34 loss 0.6071 val acc 0.8182 (0.1s)
    epoch 33/34 loss 0.6062 val acc 0.8182 (0.1s)
    epoch 34/34 loss 0.6072 val acc 0.8182 (0.1s)
  [security_incidents.true_positive] test acc 0.7700 macro-F1 0.7048 ECE 0.144 (T=1.00, 4s, 0.00M params)
  [security_incidents.urgency] probe split=22, 4 labels, 278 train
    epoch 1/34 loss 1.2734 val acc 0.5909 (0.1s)
    epoch 2/34 loss 1.2574 val acc 0.2273 (0.1s)
    epoch 3/34 loss 1.2525 val acc 0.5909 (0.1s)
    epoch 4/34 loss 1.2177 val acc 0.5909 (0.1s)
    epoch 5/34 loss 1.2037 val acc 0.5909 (0.1s)
    epoch 6/34 loss 1.2053 val acc 0.5909 (0.1s)
    epoch 7/34 loss 1.1925 val acc 0.5000 (0.1s)
    epoch 8/34 loss 1.1931 val acc 0.3182 (0.1s)
    epoch 9/34 loss 1.2001 val acc 0.3182 (0.1s)
    epoch 10/34 loss 1.1781 val acc 0.5000 (0.1s)
    epoch 11/34 loss 1.1700 val acc 0.5909 (0.1s)
    epoch 12/34 loss 1.1759 val acc 0.5909 (0.1s)
    epoch 13/34 loss 1.1858 val acc 0.5455 (0.1s)
    epoch 14/34 loss 1.1648 val acc 0.5000 (0.1s)
    epoch 15/34 loss 1.1587 val acc 0.5000 (0.1s)
    epoch 16/34 loss 1.1750 val acc 0.3636 (0.1s)
    epoch 17/34 loss 1.1590 val acc 0.5909 (0.1s)
    epoch 18/34 loss 1.1500 val acc 0.5909 (0.1s)
    epoch 19/34 loss 1.1517 val acc 0.5909 (0.1s)
    epoch 20/34 loss 1.1483 val acc 0.5455 (0.1s)
    epoch 21/34 loss 1.1416 val acc 0.5909 (0.1s)
    epoch 22/34 loss 1.1416 val acc 0.5455 (0.1s)
    epoch 23/34 loss 1.1411 val acc 0.5909 (0.1s)
    epoch 24/34 loss 1.1413 val acc 0.5909 (0.1s)
    epoch 25/34 loss 1.1356 val acc 0.5455 (0.1s)
    epoch 26/34 loss 1.1396 val acc 0.5909 (0.1s)
    epoch 27/34 loss 1.1368 val acc 0.5909 (0.1s)
    epoch 28/34 loss 1.1367 val acc 0.5909 (0.1s)
    epoch 29/34 loss 1.1334 val acc 0.5909 (0.1s)
    epoch 30/34 loss 1.1331 val acc 0.5909 (0.1s)
    epoch 31/34 loss 1.1343 val acc 0.5909 (0.1s)
    epoch 32/34 loss 1.1315 val acc 0.5909 (0.1s)
    epoch 33/34 loss 1.1338 val acc 0.5909 (0.1s)
    epoch 34/34 loss 1.1314 val acc 0.5909 (0.1s)
  [security_incidents.urgency] test acc 0.5300 macro-F1 0.2770 ECE 0.117 (T=1.00, 2s, 0.00M params)
   probe@22 mean: {"acc": 0.6375, "macro_f1": 0.4551, "ece": 0.1318, "nll": NaN}
-- blocks@14+2
  cached trunk depth 14 for 1600 messages in 3.8s (559 MB)
  [agent_trace_observability.action] blocks split=14 depth=2, 4 labels, 274 train
    epoch 1/34 loss 1.6402 val acc 0.3077 (0.3s)
    epoch 2/34 loss 1.3367 val acc 0.5385 (0.3s)
    epoch 3/34 loss 1.3114 val acc 0.5385 (0.3s)
    epoch 4/34 loss 1.2661 val acc 0.6538 (0.3s)
    epoch 5/34 loss 1.2606 val acc 0.6923 (0.3s)
    epoch 6/34 loss 1.2138 val acc 0.5000 (0.3s)
    epoch 7/34 loss 1.1472 val acc 0.6538 (0.3s)
    epoch 8/34 loss 1.1589 val acc 0.6923 (0.3s)
    epoch 9/34 loss 1.1351 val acc 0.8077 (0.3s)
    epoch 10/34 loss 1.1336 val acc 0.8077 (0.3s)
    epoch 11/34 loss 1.0987 val acc 0.8077 (0.3s)
    epoch 12/34 loss 1.0995 val acc 0.7692 (0.3s)
    epoch 13/34 loss 1.0945 val acc 0.6538 (0.3s)
    epoch 14/34 loss 1.0935 val acc 0.7308 (0.3s)
    epoch 15/34 loss 1.0956 val acc 0.6923 (0.3s)
    epoch 16/34 loss 1.0954 val acc 0.7308 (0.3s)
    epoch 17/34 loss 1.0917 val acc 0.7692 (0.3s)
    epoch 18/34 loss 1.0854 val acc 0.7692 (0.3s)
    epoch 19/34 loss 1.0835 val acc 0.8077 (0.3s)
    epoch 20/34 loss 1.0844 val acc 0.8077 (0.3s)
    epoch 21/34 loss 1.0811 val acc 0.8077 (0.3s)
    epoch 22/34 loss 1.0792 val acc 0.7692 (0.3s)
    epoch 23/34 loss 1.0780 val acc 0.8077 (0.3s)
    epoch 24/34 loss 1.0795 val acc 0.7692 (0.3s)
    epoch 25/34 loss 1.0758 val acc 0.7692 (0.3s)
    epoch 26/34 loss 1.0770 val acc 0.8077 (0.3s)
    epoch 27/34 loss 1.0746 val acc 0.8077 (0.3s)
    epoch 28/34 loss 1.0757 val acc 0.7692 (0.3s)
    epoch 29/34 loss 1.0744 val acc 0.7692 (0.3s)
    epoch 30/34 loss 1.0727 val acc 0.7692 (0.3s)
    epoch 31/34 loss 1.0730 val acc 0.7692 (0.3s)
    epoch 32/34 loss 1.0735 val acc 0.7692 (0.3s)
    epoch 33/34 loss 1.0741 val acc 0.7692 (0.3s)
    epoch 34/34 loss 1.0718 val acc 0.7692 (0.3s)
  [agent_trace_observability.action] test acc 0.6900 macro-F1 0.5114 ECE 0.191 (T=1.00, 11s, 10.03M params)
  [agent_trace_observability.needs_review] blocks split=14 depth=2, 2 labels, 274 train
    epoch 1/34 loss 0.7024 val acc 0.6154 (0.3s)
    epoch 2/34 loss 0.6999 val acc 0.5000 (0.3s)
    epoch 3/34 loss 0.7015 val acc 0.5769 (0.3s)
    epoch 4/34 loss 0.6684 val acc 0.7308 (0.3s)
    epoch 5/34 loss 0.6095 val acc 0.6923 (0.3s)
    epoch 6/34 loss 0.6023 val acc 0.8462 (0.3s)
    epoch 7/34 loss 0.6008 val acc 0.8846 (0.3s)
    epoch 8/34 loss 0.6029 val acc 0.8846 (0.3s)
    epoch 9/34 loss 0.6048 val acc 0.9231 (0.3s)
    epoch 10/34 loss 0.5702 val acc 0.9231 (0.3s)
    epoch 11/34 loss 0.5742 val acc 0.8846 (0.3s)
    epoch 12/34 loss 0.5706 val acc 0.8462 (0.3s)
    epoch 13/34 loss 0.5656 val acc 0.8846 (0.3s)
    epoch 14/34 loss 0.5654 val acc 0.9231 (0.3s)
    epoch 15/34 loss 0.5665 val acc 0.8462 (0.3s)
    epoch 16/34 loss 0.5620 val acc 0.8846 (0.3s)
    epoch 17/34 loss 0.5730 val acc 0.8846 (0.3s)
    epoch 18/34 loss 0.5621 val acc 0.8846 (0.3s)
    epoch 19/34 loss 0.5617 val acc 0.8462 (0.3s)
    epoch 20/34 loss 0.5615 val acc 0.8462 (0.3s)
    epoch 21/34 loss 0.5596 val acc 0.8462 (0.3s)
    epoch 22/34 loss 0.5608 val acc 0.8462 (0.3s)
    epoch 23/34 loss 0.5586 val acc 0.8462 (0.3s)
    epoch 24/34 loss 0.5596 val acc 0.8462 (0.3s)
    epoch 25/34 loss 0.5577 val acc 0.8462 (0.3s)
    epoch 26/34 loss 0.5580 val acc 0.8462 (0.3s)
    epoch 27/34 loss 0.5571 val acc 0.8462 (0.3s)
    epoch 28/34 loss 0.5581 val acc 0.8462 (0.3s)
    epoch 29/34 loss 0.5576 val acc 0.8462 (0.3s)
    epoch 30/34 loss 0.5577 val acc 0.8462 (0.3s)
    epoch 31/34 loss 0.5573 val acc 0.8462 (0.3s)
    epoch 32/34 loss 0.5570 val acc 0.8462 (0.3s)
    epoch 33/34 loss 0.5574 val acc 0.8462 (0.3s)
    epoch 34/34 loss 0.5567 val acc 0.8462 (0.3s)
  [agent_trace_observability.needs_review] test acc 0.8900 macro-F1 0.8891 ECE 0.170 (T=1.00, 11s, 10.03M params)
  [agent_trace_observability.outcome] blocks split=14 depth=2, 4 labels, 274 train
    epoch 1/34 loss 1.4269 val acc 0.5769 (0.3s)
    epoch 2/34 loss 1.3821 val acc 0.5769 (0.3s)
    epoch 3/34 loss 1.3666 val acc 0.5769 (0.3s)
    epoch 4/34 loss 1.3482 val acc 0.3077 (0.3s)
    epoch 5/34 loss 1.2676 val acc 0.4615 (0.3s)
    epoch 6/34 loss 1.1380 val acc 0.7692 (0.3s)
    epoch 7/34 loss 1.0975 val acc 0.6154 (0.3s)
    epoch 8/34 loss 1.0616 val acc 0.5385 (0.3s)
    epoch 9/34 loss 1.0571 val acc 0.5385 (0.3s)
    epoch 10/34 loss 1.0521 val acc 0.8846 (0.3s)
    epoch 11/34 loss 1.0410 val acc 0.7692 (0.3s)
    epoch 12/34 loss 1.0342 val acc 0.9615 (0.3s)
    epoch 13/34 loss 1.0323 val acc 0.9615 (0.3s)
    epoch 14/34 loss 1.0238 val acc 0.9615 (0.3s)
    epoch 15/34 loss 1.0243 val acc 0.9231 (0.3s)
    epoch 16/34 loss 1.0245 val acc 0.8846 (0.3s)
    epoch 17/34 loss 1.0340 val acc 0.8846 (0.3s)
    epoch 18/34 loss 1.0264 val acc 0.9231 (0.3s)
    epoch 19/34 loss 1.0198 val acc 0.9615 (0.3s)
    epoch 20/34 loss 1.0147 val acc 0.9615 (0.3s)
    epoch 21/34 loss 1.0105 val acc 0.9231 (0.3s)
    epoch 22/34 loss 1.0073 val acc 0.9231 (0.3s)
    epoch 23/34 loss 1.0068 val acc 1.0000 (0.3s)
    epoch 24/34 loss 1.0090 val acc 0.9231 (0.3s)
    epoch 25/34 loss 1.0037 val acc 0.9615 (0.3s)
    epoch 26/34 loss 1.0044 val acc 0.9615 (0.3s)
    epoch 27/34 loss 1.0036 val acc 0.9615 (0.3s)
    epoch 28/34 loss 1.0007 val acc 0.9231 (0.3s)
    epoch 29/34 loss 1.0021 val acc 0.9231 (0.3s)
    epoch 30/34 loss 1.0009 val acc 0.9231 (0.3s)
    epoch 31/34 loss 0.9995 val acc 0.9231 (0.3s)
    epoch 32/34 loss 1.0023 val acc 0.9231 (0.3s)
    epoch 33/34 loss 1.0015 val acc 0.9231 (0.3s)
    epoch 34/34 loss 1.0017 val acc 0.9231 (0.3s)
  [agent_trace_observability.outcome] test acc 0.7300 macro-F1 0.7582 ECE 0.199 (T=1.00, 11s, 10.03M params)
  [agent_trace_observability.risk] blocks split=14 depth=2, 4 labels, 274 train
    epoch 1/34 loss 1.7217 val acc 0.2692 (0.3s)
    epoch 2/34 loss 1.4105 val acc 0.3077 (0.3s)
    epoch 3/34 loss 1.4290 val acc 0.2692 (0.3s)
    epoch 4/34 loss 1.3543 val acc 0.2692 (0.3s)
    epoch 5/34 loss 1.3247 val acc 0.2692 (0.3s)
    epoch 6/34 loss 1.1340 val acc 0.8846 (0.3s)
    epoch 7/34 loss 1.0556 val acc 0.7308 (0.3s)
    epoch 8/34 loss 1.0205 val acc 0.8462 (0.3s)
    epoch 9/34 loss 1.0200 val acc 0.7692 (0.3s)
    epoch 10/34 loss 1.0027 val acc 0.8462 (0.3s)
    epoch 11/34 loss 0.9889 val acc 0.8462 (0.3s)
    epoch 12/34 loss 0.9777 val acc 0.8846 (0.3s)
    epoch 13/34 loss 0.9750 val acc 0.9615 (0.3s)
    epoch 14/34 loss 0.9730 val acc 1.0000 (0.3s)
    epoch 15/34 loss 0.9688 val acc 0.9231 (0.3s)
    epoch 16/34 loss 0.9735 val acc 0.9231 (0.3s)
    epoch 17/34 loss 0.9716 val acc 0.9615 (0.3s)
    epoch 18/34 loss 0.9655 val acc 0.9615 (0.3s)
    epoch 19/34 loss 0.9622 val acc 0.9615 (0.3s)
    epoch 20/34 loss 0.9625 val acc 0.9231 (0.3s)
    epoch 21/34 loss 0.9626 val acc 0.9615 (0.3s)
    epoch 22/34 loss 0.9563 val acc 0.9615 (0.3s)
    epoch 23/34 loss 0.9576 val acc 0.9615 (0.3s)
    epoch 24/34 loss 0.9532 val acc 0.9615 (0.3s)
    epoch 25/34 loss 0.9513 val acc 0.9615 (0.3s)
    epoch 26/34 loss 0.9563 val acc 0.9615 (0.3s)
    epoch 27/34 loss 0.9540 val acc 1.0000 (0.3s)
    epoch 28/34 loss 0.9514 val acc 0.9615 (0.3s)
    epoch 29/34 loss 0.9498 val acc 0.9615 (0.3s)
    epoch 30/34 loss 0.9487 val acc 0.9615 (0.3s)
    epoch 31/34 loss 0.9491 val acc 0.9615 (0.3s)
    epoch 32/34 loss 0.9522 val acc 0.9615 (0.3s)
    epoch 33/34 loss 0.9490 val acc 0.9615 (0.3s)
    epoch 34/34 loss 0.9516 val acc 0.9615 (0.3s)
  [agent_trace_observability.risk] test acc 0.8300 macro-F1 0.8432 ECE 0.257 (T=1.00, 11s, 10.03M params)
  [agent_trace_observability.urgency] blocks split=14 depth=2, 4 labels, 274 train
    epoch 1/34 loss 1.7667 val acc 0.0385 (0.3s)
    epoch 2/34 loss 1.3937 val acc 0.6154 (0.3s)
    epoch 3/34 loss 1.3975 val acc 0.6154 (0.3s)
    epoch 4/34 loss 1.3426 val acc 0.6154 (0.3s)
    epoch 5/34 loss 1.3246 val acc 0.6154 (0.3s)
    epoch 6/34 loss 1.1864 val acc 0.6538 (0.3s)
    epoch 7/34 loss 1.1558 val acc 0.5000 (0.3s)
    epoch 8/34 loss 1.1103 val acc 0.8846 (0.3s)
    epoch 9/34 loss 1.1047 val acc 0.8462 (0.3s)
    epoch 10/34 loss 1.0965 val acc 0.7308 (0.3s)
    epoch 11/34 loss 1.0898 val acc 0.8846 (0.3s)
    epoch 12/34 loss 1.0839 val acc 0.8846 (0.3s)
    epoch 13/34 loss 1.0893 val acc 0.7308 (0.3s)
    epoch 14/34 loss 1.0874 val acc 0.8077 (0.3s)
    epoch 15/34 loss 1.0865 val acc 0.7692 (0.3s)
    epoch 16/34 loss 1.0867 val acc 0.8077 (0.3s)
    epoch 17/34 loss 1.0771 val acc 0.8077 (0.3s)
    epoch 18/34 loss 1.0727 val acc 0.8846 (0.3s)
    epoch 19/34 loss 1.0699 val acc 0.8462 (0.3s)
    epoch 20/34 loss 1.0712 val acc 0.8077 (0.3s)
    epoch 21/34 loss 1.0680 val acc 0.9231 (0.3s)
    epoch 22/34 loss 1.0690 val acc 0.8077 (0.3s)
    epoch 23/34 loss 1.0674 val acc 0.8077 (0.3s)
    epoch 24/34 loss 1.0650 val acc 0.8462 (0.3s)
    epoch 25/34 loss 1.0648 val acc 0.8077 (0.3s)
    epoch 26/34 loss 1.0637 val acc 0.8462 (0.3s)
    epoch 27/34 loss 1.0636 val acc 0.8077 (0.3s)
    epoch 28/34 loss 1.0639 val acc 0.8077 (0.3s)
    epoch 29/34 loss 1.0613 val acc 0.8462 (0.3s)
    epoch 30/34 loss 1.0618 val acc 0.8077 (0.3s)
    epoch 31/34 loss 1.0612 val acc 0.8077 (0.3s)
    epoch 32/34 loss 1.0655 val acc 0.8077 (0.3s)
    epoch 33/34 loss 1.0600 val acc 0.8077 (0.3s)
    epoch 34/34 loss 1.0617 val acc 0.8077 (0.3s)
  [agent_trace_observability.urgency] test acc 0.6200 macro-F1 0.6175 ECE 0.139 (T=1.00, 11s, 10.03M params)
  [customer_service.action] blocks split=14 depth=2, 5 labels, 269 train
    epoch 1/34 loss 1.5896 val acc 0.5484 (0.8s)
    epoch 2/34 loss 1.3667 val acc 0.2903 (0.8s)
    epoch 3/34 loss 1.2884 val acc 0.5161 (0.8s)
    epoch 4/34 loss 1.2603 val acc 0.4516 (0.8s)
    epoch 5/34 loss 1.2497 val acc 0.5484 (0.8s)
    epoch 6/34 loss 1.2269 val acc 0.4839 (0.8s)
    epoch 7/34 loss 1.2058 val acc 0.5161 (0.8s)
    epoch 8/34 loss 1.1825 val acc 0.5161 (0.8s)
    epoch 9/34 loss 1.1503 val acc 0.5161 (0.8s)
    epoch 10/34 loss 1.1311 val acc 0.6774 (0.8s)
    epoch 11/34 loss 1.0932 val acc 0.5484 (0.8s)
    epoch 12/34 loss 1.0877 val acc 0.6774 (0.8s)
    epoch 13/34 loss 1.0724 val acc 0.5484 (0.8s)
    epoch 14/34 loss 1.0355 val acc 0.5806 (0.8s)
    epoch 15/34 loss 1.0265 val acc 0.6452 (0.8s)
    epoch 16/34 loss 1.0085 val acc 0.6452 (0.8s)
    epoch 17/34 loss 0.9944 val acc 0.6452 (0.8s)
    epoch 18/34 loss 0.9800 val acc 0.6452 (0.8s)
    epoch 19/34 loss 0.9689 val acc 0.6774 (0.8s)
    epoch 20/34 loss 0.9673 val acc 0.6774 (0.8s)
    epoch 21/34 loss 0.9671 val acc 0.5806 (0.8s)
    epoch 22/34 loss 0.9632 val acc 0.6129 (0.8s)
    epoch 23/34 loss 0.9531 val acc 0.5806 (0.8s)
    epoch 24/34 loss 0.9505 val acc 0.5161 (0.8s)
    epoch 25/34 loss 0.9504 val acc 0.7097 (0.7s)
    epoch 26/34 loss 0.9540 val acc 0.5484 (0.7s)
    epoch 27/34 loss 0.9464 val acc 0.6774 (0.7s)
    epoch 28/34 loss 0.9446 val acc 0.6129 (0.7s)
    epoch 29/34 loss 0.9433 val acc 0.6452 (0.7s)
    epoch 30/34 loss 0.9424 val acc 0.6774 (0.7s)
    epoch 31/34 loss 0.9416 val acc 0.6452 (0.7s)
    epoch 32/34 loss 0.9413 val acc 0.6452 (0.7s)
    epoch 33/34 loss 0.9403 val acc 0.6452 (0.8s)
    epoch 34/34 loss 0.9403 val acc 0.6452 (0.8s)
  [customer_service.action] test acc 0.6500 macro-F1 0.3670 ECE 0.135 (T=1.16, 27s, 10.03M params)
  [customer_service.category] blocks split=14 depth=2, 5 labels, 269 train
    epoch 1/34 loss 1.9694 val acc 0.1290 (1.1s)
    epoch 2/34 loss 1.6706 val acc 0.1613 (1.1s)
    epoch 3/34 loss 1.6008 val acc 0.3548 (1.1s)
    epoch 4/34 loss 1.5483 val acc 0.3871 (1.1s)
    epoch 5/34 loss 1.4584 val acc 0.4839 (1.1s)
    epoch 6/34 loss 1.2994 val acc 0.3871 (1.1s)
    epoch 7/34 loss 0.9406 val acc 0.6129 (1.1s)
    epoch 8/34 loss 0.6247 val acc 0.8065 (0.8s)
    epoch 9/34 loss 0.5448 val acc 0.8065 (0.8s)
    epoch 10/34 loss 0.5148 val acc 0.8065 (0.8s)
    epoch 11/34 loss 0.4889 val acc 0.7742 (0.8s)
    epoch 12/34 loss 0.4589 val acc 0.7742 (0.8s)
    epoch 13/34 loss 0.4390 val acc 0.8065 (0.8s)
    epoch 14/34 loss 0.4409 val acc 0.7742 (0.8s)
    epoch 15/34 loss 0.4306 val acc 0.7419 (0.8s)
    epoch 16/34 loss 0.4348 val acc 0.7742 (0.8s)
    epoch 17/34 loss 0.4205 val acc 0.7742 (0.8s)
    epoch 18/34 loss 0.4179 val acc 0.7742 (0.8s)
    epoch 19/34 loss 0.4149 val acc 0.7742 (0.8s)
    epoch 20/34 loss 0.4133 val acc 0.7742 (0.8s)
    epoch 21/34 loss 0.4138 val acc 0.7742 (0.8s)
    epoch 22/34 loss 0.4148 val acc 0.7742 (0.8s)
    epoch 23/34 loss 0.4125 val acc 0.7742 (0.8s)
    epoch 24/34 loss 0.4105 val acc 0.7742 (0.8s)
    epoch 25/34 loss 0.4100 val acc 0.7742 (0.8s)
    epoch 26/34 loss 0.4079 val acc 0.7742 (0.8s)
    epoch 27/34 loss 0.4077 val acc 0.7742 (0.8s)
    epoch 28/34 loss 0.4074 val acc 0.7742 (0.8s)
    epoch 29/34 loss 0.4056 val acc 0.7742 (0.8s)
    epoch 30/34 loss 0.4054 val acc 0.7742 (0.8s)
    epoch 31/34 loss 0.4053 val acc 0.7742 (0.8s)
    epoch 32/34 loss 0.4061 val acc 0.7742 (0.8s)
    epoch 33/34 loss 0.4051 val acc 0.7742 (0.8s)
    epoch 34/34 loss 0.4053 val acc 0.7742 (0.8s)
  [customer_service.category] test acc 0.9300 macro-F1 0.9360 ECE 0.129 (T=1.14, 30s, 10.03M params)
  [customer_service.churn_risk] blocks split=14 depth=2, 4 labels, 269 train
    epoch 1/34 loss 1.4019 val acc 0.5161 (0.8s)
    epoch 2/34 loss 1.3247 val acc 0.4839 (0.8s)
    epoch 3/34 loss 1.3087 val acc 0.5161 (0.8s)
    epoch 4/34 loss 1.2862 val acc 0.5484 (0.8s)
    epoch 5/34 loss 1.2546 val acc 0.3548 (0.8s)
    epoch 6/34 loss 1.2136 val acc 0.5806 (0.8s)
    epoch 7/34 loss 1.1626 val acc 0.5161 (0.8s)
    epoch 8/34 loss 1.0740 val acc 0.7097 (0.8s)
    epoch 9/34 loss 1.0185 val acc 0.6774 (0.8s)
    epoch 10/34 loss 0.9721 val acc 0.7742 (0.8s)
    epoch 11/34 loss 0.9492 val acc 0.6774 (0.8s)
    epoch 12/34 loss 0.9551 val acc 0.7097 (0.8s)
    epoch 13/34 loss 0.9444 val acc 0.8065 (0.8s)
    epoch 14/34 loss 0.9459 val acc 0.6774 (0.8s)
    epoch 15/34 loss 0.9180 val acc 0.7419 (0.8s)
    epoch 16/34 loss 0.9110 val acc 0.8065 (0.8s)
    epoch 17/34 loss 0.9041 val acc 0.7742 (0.8s)
    epoch 18/34 loss 0.8986 val acc 0.7097 (0.8s)
    epoch 19/34 loss 0.8959 val acc 0.8065 (0.8s)
    epoch 20/34 loss 0.8919 val acc 0.7742 (0.8s)
    epoch 21/34 loss 0.8884 val acc 0.7419 (0.8s)
    epoch 22/34 loss 0.8904 val acc 0.7097 (0.8s)
    epoch 23/34 loss 0.8866 val acc 0.7097 (0.8s)
    epoch 24/34 loss 0.8848 val acc 0.7742 (0.8s)
    epoch 25/34 loss 0.8853 val acc 0.7097 (0.8s)
    epoch 26/34 loss 0.8836 val acc 0.7742 (0.8s)
    epoch 27/34 loss 0.8827 val acc 0.7097 (0.9s)
    epoch 28/34 loss 0.8830 val acc 0.7742 (1.0s)
    epoch 29/34 loss 0.8831 val acc 0.7419 (1.0s)
    epoch 30/34 loss 0.8822 val acc 0.7097 (1.0s)
    epoch 31/34 loss 0.8824 val acc 0.7419 (1.0s)
    epoch 32/34 loss 0.8824 val acc 0.7742 (1.0s)
    epoch 33/34 loss 0.8813 val acc 0.7742 (1.0s)
    epoch 34/34 loss 0.8821 val acc 0.7742 (1.0s)
  [customer_service.churn_risk] test acc 0.8200 macro-F1 0.7427 ECE 0.260 (T=1.14, 30s, 10.03M params)
  [customer_service.needs_human] blocks split=14 depth=2, 2 labels, 269 train
    epoch 1/34 loss 0.6812 val acc 0.7419 (1.0s)
    epoch 2/34 loss 0.6836 val acc 0.7097 (1.0s)
    epoch 3/34 loss 0.6695 val acc 0.3226 (1.0s)
    epoch 4/34 loss 0.7187 val acc 0.7742 (1.0s)
    epoch 5/34 loss 0.6594 val acc 0.7742 (1.0s)
    epoch 6/34 loss 0.6505 val acc 0.5806 (1.0s)
    epoch 7/34 loss 0.6630 val acc 0.2903 (1.0s)
    epoch 8/34 loss 0.6826 val acc 0.7419 (1.0s)
    epoch 9/34 loss 0.6245 val acc 0.6774 (1.0s)
    epoch 10/34 loss 0.6130 val acc 0.8065 (1.0s)
    epoch 11/34 loss 0.6085 val acc 0.8387 (1.0s)
    epoch 12/34 loss 0.5891 val acc 0.8710 (1.0s)
    epoch 13/34 loss 0.5817 val acc 0.8387 (1.0s)
    epoch 14/34 loss 0.5781 val acc 0.7742 (1.0s)
    epoch 15/34 loss 0.5717 val acc 0.6774 (1.0s)
    epoch 16/34 loss 0.5616 val acc 0.8387 (1.0s)
    epoch 17/34 loss 0.5815 val acc 0.5806 (1.0s)
    epoch 18/34 loss 0.5583 val acc 0.7742 (1.0s)
    epoch 19/34 loss 0.5551 val acc 0.7419 (1.0s)
    epoch 20/34 loss 0.5486 val acc 0.6774 (1.0s)
    epoch 21/34 loss 0.5479 val acc 0.6452 (1.0s)
    epoch 22/34 loss 0.5475 val acc 0.7742 (0.8s)
    epoch 23/34 loss 0.5449 val acc 0.7742 (0.7s)
    epoch 24/34 loss 0.5444 val acc 0.6129 (0.7s)
    epoch 25/34 loss 0.5438 val acc 0.7419 (0.7s)
    epoch 26/34 loss 0.5431 val acc 0.6129 (0.7s)
    epoch 27/34 loss 0.5443 val acc 0.6129 (0.7s)
    epoch 28/34 loss 0.5429 val acc 0.6129 (0.7s)
    epoch 29/34 loss 0.5424 val acc 0.7097 (0.7s)
    epoch 30/34 loss 0.5417 val acc 0.6129 (0.7s)
    epoch 31/34 loss 0.5415 val acc 0.6129 (0.7s)
    epoch 32/34 loss 0.5414 val acc 0.6452 (0.9s)
    epoch 33/34 loss 0.5414 val acc 0.6452 (1.0s)
    epoch 34/34 loss 0.5414 val acc 0.6129 (1.0s)
  [customer_service.needs_human] test acc 0.7900 macro-F1 0.7367 ECE 0.098 (T=0.98, 32s, 10.03M params)
  [customer_service.urgency] blocks split=14 depth=2, 4 labels, 269 train
    epoch 1/34 loss 1.3037 val acc 0.3871 (1.0s)
    epoch 2/34 loss 1.2215 val acc 0.5161 (1.1s)
    epoch 3/34 loss 1.2153 val acc 0.2581 (1.1s)
    epoch 4/34 loss 1.1876 val acc 0.4839 (1.0s)
    epoch 5/34 loss 1.1694 val acc 0.5161 (1.1s)
    epoch 6/34 loss 1.1490 val acc 0.4194 (0.9s)
    epoch 7/34 loss 1.1191 val acc 0.5484 (0.8s)
    epoch 8/34 loss 1.0574 val acc 0.5161 (0.8s)
    epoch 9/34 loss 0.9889 val acc 0.5806 (0.8s)
    epoch 10/34 loss 1.0082 val acc 0.6129 (0.8s)
    epoch 11/34 loss 0.9714 val acc 0.7419 (0.8s)
    epoch 12/34 loss 0.9173 val acc 0.7419 (0.8s)
    epoch 13/34 loss 0.9074 val acc 0.6129 (0.8s)
    epoch 14/34 loss 0.8911 val acc 0.6774 (0.8s)
    epoch 15/34 loss 0.8735 val acc 0.6774 (0.8s)
    epoch 16/34 loss 0.8737 val acc 0.7097 (0.8s)
    epoch 17/34 loss 0.8657 val acc 0.7097 (0.8s)
    epoch 18/34 loss 0.8561 val acc 0.7097 (0.8s)
    epoch 19/34 loss 0.8526 val acc 0.6452 (0.8s)
    epoch 20/34 loss 0.8510 val acc 0.6774 (0.8s)
    epoch 21/34 loss 0.8474 val acc 0.7097 (0.8s)
    epoch 22/34 loss 0.8456 val acc 0.7097 (0.8s)
    epoch 23/34 loss 0.8440 val acc 0.7097 (0.8s)
    epoch 24/34 loss 0.8428 val acc 0.6774 (0.8s)
    epoch 25/34 loss 0.8413 val acc 0.7097 (0.8s)
    epoch 26/34 loss 0.8399 val acc 0.6774 (0.8s)
    epoch 27/34 loss 0.8390 val acc 0.7097 (0.8s)
    epoch 28/34 loss 0.8393 val acc 0.6774 (0.8s)
    epoch 29/34 loss 0.8389 val acc 0.6774 (0.8s)
    epoch 30/34 loss 0.8388 val acc 0.7097 (0.8s)
    epoch 31/34 loss 0.8384 val acc 0.7097 (0.8s)
    epoch 32/34 loss 0.8387 val acc 0.6774 (0.8s)
    epoch 33/34 loss 0.8380 val acc 0.6774 (0.8s)
    epoch 34/34 loss 0.8377 val acc 0.6774 (0.8s)
  [customer_service.urgency] test acc 0.7200 macro-F1 0.5259 ECE 0.147 (T=1.03, 30s, 10.03M params)
  [invoice_processing.discrepancy_severity] blocks split=14 depth=2, 4 labels, 259 train
    epoch 1/34 loss 1.6418 val acc 0.2683 (0.8s)
    epoch 2/34 loss 1.3729 val acc 0.2927 (0.8s)
    epoch 3/34 loss 1.3115 val acc 0.2927 (0.8s)
    epoch 4/34 loss 1.3017 val acc 0.2927 (0.8s)
    epoch 5/34 loss 1.2758 val acc 0.2683 (0.8s)
    epoch 6/34 loss 1.3741 val acc 0.2927 (0.8s)
    epoch 7/34 loss 1.2571 val acc 0.2927 (0.8s)
    epoch 8/34 loss 1.2239 val acc 0.4390 (0.8s)
    epoch 9/34 loss 1.2576 val acc 0.3902 (0.8s)
    epoch 10/34 loss 1.1889 val acc 0.6098 (0.8s)
    epoch 11/34 loss 1.1203 val acc 0.4634 (0.8s)
    epoch 12/34 loss 1.1382 val acc 0.4146 (0.8s)
    epoch 13/34 loss 1.0824 val acc 0.4878 (0.8s)
    epoch 14/34 loss 1.0437 val acc 0.5366 (0.8s)
    epoch 15/34 loss 1.0308 val acc 0.5122 (0.8s)
    epoch 16/34 loss 0.9823 val acc 0.4634 (0.8s)
    epoch 17/34 loss 0.9396 val acc 0.4878 (0.8s)
    epoch 18/34 loss 0.8964 val acc 0.4634 (0.8s)
    epoch 19/34 loss 0.8750 val acc 0.5854 (0.8s)
    epoch 20/34 loss 0.8549 val acc 0.4634 (0.8s)
    epoch 21/34 loss 0.8514 val acc 0.5366 (0.8s)
    epoch 22/34 loss 0.8172 val acc 0.6098 (0.8s)
    epoch 23/34 loss 0.7983 val acc 0.6098 (0.8s)
    epoch 24/34 loss 0.7916 val acc 0.5610 (0.8s)
    epoch 25/34 loss 0.7880 val acc 0.5610 (0.8s)
    epoch 26/34 loss 0.7743 val acc 0.5854 (0.8s)
    epoch 27/34 loss 0.7699 val acc 0.5854 (0.8s)
    epoch 28/34 loss 0.7660 val acc 0.5610 (0.8s)
    epoch 29/34 loss 0.7665 val acc 0.5854 (0.8s)
    epoch 30/34 loss 0.7605 val acc 0.6098 (0.8s)
    epoch 31/34 loss 0.7592 val acc 0.5854 (0.8s)
    epoch 32/34 loss 0.7573 val acc 0.5854 (0.8s)
    epoch 33/34 loss 0.7570 val acc 0.5854 (0.8s)
    epoch 34/34 loss 0.7538 val acc 0.5854 (0.8s)
  [invoice_processing.discrepancy_severity] test acc 0.7400 macro-F1 0.4999 ECE 0.122 (T=1.22, 28s, 10.03M params)
  [invoice_processing.disposition] blocks split=14 depth=2, 4 labels, 259 train
    epoch 1/34 loss 1.6813 val acc 0.4634 (0.8s)
    epoch 2/34 loss 1.3817 val acc 0.2439 (0.8s)
    epoch 3/34 loss 1.3128 val acc 0.2439 (0.8s)
    epoch 4/34 loss 1.3049 val acc 0.2439 (0.8s)
    epoch 5/34 loss 1.2697 val acc 0.4634 (0.8s)
    epoch 6/34 loss 1.3261 val acc 0.2439 (0.8s)
    epoch 7/34 loss 1.2532 val acc 0.2439 (0.8s)
    epoch 8/34 loss 1.2724 val acc 0.2439 (0.8s)
    epoch 9/34 loss 1.2790 val acc 0.4878 (0.8s)
    epoch 10/34 loss 1.2068 val acc 0.4146 (0.8s)
    epoch 11/34 loss 1.2175 val acc 0.3659 (0.8s)
    epoch 12/34 loss 1.1925 val acc 0.4878 (0.8s)
    epoch 13/34 loss 1.1504 val acc 0.6341 (0.8s)
    epoch 14/34 loss 1.1281 val acc 0.6585 (0.8s)
    epoch 15/34 loss 1.1458 val acc 0.4878 (0.8s)
    epoch 16/34 loss 1.0954 val acc 0.6585 (0.8s)
    epoch 17/34 loss 1.0687 val acc 0.6098 (0.8s)
    epoch 18/34 loss 1.0387 val acc 0.5854 (0.8s)
    epoch 19/34 loss 1.0185 val acc 0.5610 (0.8s)
    epoch 20/34 loss 1.0065 val acc 0.5854 (0.8s)
    epoch 21/34 loss 0.9695 val acc 0.6341 (0.8s)
    epoch 22/34 loss 0.9649 val acc 0.7073 (0.8s)
    epoch 23/34 loss 0.9658 val acc 0.6829 (0.8s)
    epoch 24/34 loss 0.9423 val acc 0.7073 (0.8s)
    epoch 25/34 loss 0.9399 val acc 0.6829 (0.8s)
    epoch 26/34 loss 0.9255 val acc 0.7073 (0.8s)
    epoch 27/34 loss 0.9212 val acc 0.6829 (0.8s)
    epoch 28/34 loss 0.9179 val acc 0.7073 (0.8s)
    epoch 29/34 loss 0.9182 val acc 0.7073 (0.8s)
    epoch 30/34 loss 0.9154 val acc 0.6829 (0.8s)
    epoch 31/34 loss 0.9135 val acc 0.6829 (0.8s)
    epoch 32/34 loss 0.9130 val acc 0.6829 (0.8s)
    epoch 33/34 loss 0.9116 val acc 0.6829 (0.8s)
    epoch 34/34 loss 0.9101 val acc 0.6829 (0.8s)
  [invoice_processing.disposition] test acc 0.7400 macro-F1 0.4940 ECE 0.196 (T=1.22, 28s, 10.03M params)
  [invoice_processing.duplicate] blocks split=14 depth=2, 2 labels, 259 train
    epoch 1/34 loss 0.6081 val acc 0.8780 (0.8s)
    epoch 2/34 loss 0.3373 val acc 0.8780 (0.8s)
    epoch 3/34 loss 0.3654 val acc 0.8780 (0.8s)
    epoch 4/34 loss 0.3346 val acc 0.8780 (0.8s)
    epoch 5/34 loss 0.3248 val acc 0.8780 (0.8s)
    epoch 6/34 loss 0.3352 val acc 0.8780 (0.8s)
    epoch 7/34 loss 0.3254 val acc 0.8780 (0.8s)
    epoch 8/34 loss 0.3143 val acc 0.8780 (0.8s)
    epoch 9/34 loss 0.2978 val acc 0.8780 (0.8s)
    epoch 10/34 loss 0.2876 val acc 0.8780 (0.8s)
    epoch 11/34 loss 0.2314 val acc 0.8780 (0.8s)
    epoch 12/34 loss 0.2181 val acc 0.9024 (0.8s)
    epoch 13/34 loss 0.2049 val acc 0.9024 (0.8s)
    epoch 14/34 loss 0.2036 val acc 0.9024 (0.8s)
    epoch 15/34 loss 0.2013 val acc 0.9268 (0.8s)
    epoch 16/34 loss 0.2000 val acc 0.9268 (0.8s)
    epoch 17/34 loss 0.1940 val acc 0.9024 (0.8s)
    epoch 18/34 loss 0.1937 val acc 0.9024 (0.8s)
    epoch 19/34 loss 0.1928 val acc 0.9024 (0.8s)
    epoch 20/34 loss 0.1912 val acc 0.9268 (0.8s)
    epoch 21/34 loss 0.1909 val acc 0.9268 (0.8s)
    epoch 22/34 loss 0.1900 val acc 0.9024 (0.8s)
    epoch 23/34 loss 0.1892 val acc 0.9268 (0.8s)
    epoch 24/34 loss 0.1888 val acc 0.9268 (0.8s)
    epoch 25/34 loss 0.1888 val acc 0.9268 (0.8s)
    epoch 26/34 loss 0.1883 val acc 0.9268 (0.8s)
    epoch 27/34 loss 0.1880 val acc 0.9268 (0.8s)
    epoch 28/34 loss 0.1878 val acc 0.9268 (0.8s)
    epoch 29/34 loss 0.1878 val acc 0.9268 (0.8s)
    epoch 30/34 loss 0.1878 val acc 0.9268 (0.8s)
    epoch 31/34 loss 0.1875 val acc 0.9268 (0.8s)
    epoch 32/34 loss 0.1880 val acc 0.9268 (0.8s)
    epoch 33/34 loss 0.1879 val acc 0.9268 (0.8s)
    epoch 34/34 loss 0.1877 val acc 0.9268 (0.8s)
  [invoice_processing.duplicate] test acc 0.9000 macro-F1 0.6603 ECE 0.081 (T=1.12, 28s, 10.03M params)
  [invoice_processing.matches_order] blocks split=14 depth=2, 2 labels, 259 train
    epoch 1/34 loss 0.7001 val acc 0.3659 (0.8s)
    epoch 2/34 loss 0.7455 val acc 0.3659 (0.8s)
    epoch 3/34 loss 0.7688 val acc 0.3659 (0.8s)
    epoch 4/34 loss 0.7045 val acc 0.3659 (0.8s)
    epoch 5/34 loss 0.7188 val acc 0.6341 (0.8s)
    epoch 6/34 loss 0.7984 val acc 0.3659 (0.8s)
    epoch 7/34 loss 0.6574 val acc 0.7073 (0.8s)
    epoch 8/34 loss 0.6829 val acc 0.7561 (0.8s)
    epoch 9/34 loss 0.5674 val acc 0.5854 (0.8s)
    epoch 10/34 loss 0.5554 val acc 0.8293 (0.8s)
    epoch 11/34 loss 0.5111 val acc 0.7561 (0.8s)
    epoch 12/34 loss 0.6524 val acc 0.7561 (0.8s)
    epoch 13/34 loss 0.4615 val acc 0.7805 (0.8s)
    epoch 14/34 loss 0.4727 val acc 0.7805 (0.8s)
    epoch 15/34 loss 0.4244 val acc 0.7561 (0.8s)
    epoch 16/34 loss 0.4135 val acc 0.7561 (0.8s)
    epoch 17/34 loss 0.3751 val acc 0.8049 (0.8s)
    epoch 18/34 loss 0.3640 val acc 0.8049 (0.8s)
    epoch 19/34 loss 0.3453 val acc 0.7561 (0.8s)
    epoch 20/34 loss 0.3456 val acc 0.7317 (0.8s)
    epoch 21/34 loss 0.3276 val acc 0.7805 (0.8s)
    epoch 22/34 loss 0.3188 val acc 0.7805 (0.8s)
    epoch 23/34 loss 0.3146 val acc 0.7805 (0.8s)
    epoch 24/34 loss 0.3080 val acc 0.7561 (0.8s)
    epoch 25/34 loss 0.3093 val acc 0.7805 (0.8s)
    epoch 26/34 loss 0.3043 val acc 0.7805 (0.8s)
    epoch 27/34 loss 0.3018 val acc 0.7805 (0.8s)
    epoch 28/34 loss 0.2992 val acc 0.7805 (0.8s)
    epoch 29/34 loss 0.2989 val acc 0.7805 (0.8s)
    epoch 30/34 loss 0.2959 val acc 0.7805 (0.8s)
    epoch 31/34 loss 0.2977 val acc 0.7805 (0.8s)
    epoch 32/34 loss 0.2974 val acc 0.7805 (0.8s)
    epoch 33/34 loss 0.2975 val acc 0.7805 (0.8s)
    epoch 34/34 loss 0.2961 val acc 0.7805 (0.8s)
  [invoice_processing.matches_order] test acc 0.9000 macro-F1 0.8990 ECE 0.115 (T=1.34, 28s, 10.03M params)
  [invoice_processing.urgency] blocks split=14 depth=2, 4 labels, 259 train
    epoch 1/34 loss 1.4459 val acc 0.4878 (0.8s)
    epoch 2/34 loss 1.2473 val acc 0.4878 (0.8s)
    epoch 3/34 loss 1.2463 val acc 0.4878 (0.8s)
    epoch 4/34 loss 1.2172 val acc 0.4634 (0.8s)
    epoch 5/34 loss 1.1999 val acc 0.5366 (0.8s)
    epoch 6/34 loss 1.1464 val acc 0.7317 (0.8s)
    epoch 7/34 loss 1.1066 val acc 0.7805 (0.8s)
    epoch 8/34 loss 1.1004 val acc 0.8293 (0.8s)
    epoch 9/34 loss 1.0990 val acc 0.8293 (1.0s)
    epoch 10/34 loss 1.0868 val acc 0.8293 (1.1s)
    epoch 11/34 loss 1.0666 val acc 0.8293 (1.0s)
    epoch 12/34 loss 1.0369 val acc 0.6585 (1.1s)
    epoch 13/34 loss 1.0119 val acc 0.5854 (1.1s)
    epoch 14/34 loss 1.0101 val acc 0.8537 (0.8s)
    epoch 15/34 loss 0.9930 val acc 0.6585 (0.8s)
    epoch 16/34 loss 0.9958 val acc 0.9024 (0.8s)
    epoch 17/34 loss 0.9856 val acc 0.9024 (0.8s)
    epoch 18/34 loss 0.9796 val acc 0.8780 (0.8s)
    epoch 19/34 loss 0.9793 val acc 0.8780 (0.8s)
    epoch 20/34 loss 0.9793 val acc 0.7561 (0.8s)
    epoch 21/34 loss 0.9765 val acc 0.8780 (0.8s)
    epoch 22/34 loss 0.9737 val acc 0.9024 (0.8s)
    epoch 23/34 loss 0.9719 val acc 0.8780 (0.8s)
    epoch 24/34 loss 0.9707 val acc 0.8537 (0.8s)
    epoch 25/34 loss 0.9690 val acc 0.9024 (0.8s)
    epoch 26/34 loss 0.9672 val acc 0.8780 (0.8s)
    epoch 27/34 loss 0.9673 val acc 0.9024 (0.8s)
    epoch 28/34 loss 0.9656 val acc 0.9024 (0.8s)
    epoch 29/34 loss 0.9662 val acc 0.9024 (0.8s)
    epoch 30/34 loss 0.9656 val acc 0.9024 (0.8s)
    epoch 31/34 loss 0.9672 val acc 0.9024 (0.8s)
    epoch 32/34 loss 0.9663 val acc 0.9024 (0.8s)
    epoch 33/34 loss 0.9650 val acc 0.9024 (0.8s)
    epoch 34/34 loss 0.9650 val acc 0.9024 (0.8s)
  [invoice_processing.urgency] test acc 0.7500 macro-F1 0.4605 ECE 0.236 (T=1.07, 29s, 10.03M params)
  [security_incidents.credential_compromise] blocks split=14 depth=2, 2 labels, 278 train
    epoch 1/34 loss 0.7021 val acc 0.4091 (0.7s)
    epoch 2/34 loss 0.7013 val acc 0.4091 (0.7s)
    epoch 3/34 loss 0.6898 val acc 0.5455 (0.7s)
    epoch 4/34 loss 0.6840 val acc 0.5909 (0.7s)
    epoch 5/34 loss 0.6822 val acc 0.6818 (0.7s)
    epoch 6/34 loss 0.6871 val acc 0.6818 (0.7s)
    epoch 7/34 loss 0.6509 val acc 0.7273 (0.7s)
    epoch 8/34 loss 0.6559 val acc 0.7727 (0.7s)
    epoch 9/34 loss 0.6745 val acc 0.7727 (0.7s)
    epoch 10/34 loss 0.6446 val acc 0.7727 (0.7s)
    epoch 11/34 loss 0.6324 val acc 0.8182 (0.7s)
    epoch 12/34 loss 0.6348 val acc 0.6818 (0.7s)
    epoch 13/34 loss 0.6341 val acc 0.6818 (0.7s)
    epoch 14/34 loss 0.6339 val acc 0.8182 (0.7s)
    epoch 15/34 loss 0.6267 val acc 0.8636 (0.7s)
    epoch 16/34 loss 0.6223 val acc 0.8182 (0.7s)
    epoch 17/34 loss 0.6161 val acc 0.8182 (0.7s)
    epoch 18/34 loss 0.6183 val acc 0.8636 (0.7s)
    epoch 19/34 loss 0.6259 val acc 0.8636 (0.7s)
    epoch 20/34 loss 0.6233 val acc 0.7273 (1.1s)
    epoch 21/34 loss 0.6121 val acc 0.7273 (1.1s)
    epoch 22/34 loss 0.6139 val acc 0.9091 (1.2s)
    epoch 23/34 loss 0.6105 val acc 0.8182 (0.8s)
    epoch 24/34 loss 0.6115 val acc 0.8182 (0.8s)
    epoch 25/34 loss 0.6052 val acc 0.8182 (0.8s)
    epoch 26/34 loss 0.6035 val acc 0.8182 (0.8s)
    epoch 27/34 loss 0.6034 val acc 0.8182 (0.8s)
    epoch 28/34 loss 0.6033 val acc 0.8182 (0.8s)
    epoch 29/34 loss 0.6029 val acc 0.8182 (0.8s)
    epoch 30/34 loss 0.6017 val acc 0.8182 (0.8s)
    epoch 31/34 loss 0.6014 val acc 0.8182 (0.8s)
    epoch 32/34 loss 0.6016 val acc 0.8182 (0.8s)
    epoch 33/34 loss 0.6021 val acc 0.8182 (0.8s)
    epoch 34/34 loss 0.6014 val acc 0.8182 (0.8s)
  [security_incidents.credential_compromise] test acc 0.7500 macro-F1 0.7494 ECE 0.108 (T=1.00, 25s, 10.03M params)
  [security_incidents.disposition] blocks split=14 depth=2, 4 labels, 278 train
    epoch 1/34 loss 1.3006 val acc 0.7273 (0.8s)
    epoch 2/34 loss 1.2817 val acc 0.7273 (0.8s)
    epoch 3/34 loss 1.2482 val acc 0.7273 (0.8s)
    epoch 4/34 loss 1.2479 val acc 0.7273 (0.8s)
    epoch 5/34 loss 1.2241 val acc 0.7273 (0.7s)
    epoch 6/34 loss 1.2250 val acc 0.7273 (0.8s)
    epoch 7/34 loss 1.2056 val acc 0.7273 (0.8s)
    epoch 8/34 loss 1.1719 val acc 0.7273 (0.8s)
    epoch 9/34 loss 1.1535 val acc 0.7727 (0.8s)
    epoch 10/34 loss 1.1324 val acc 0.7727 (0.8s)
    epoch 11/34 loss 1.1088 val acc 0.8182 (0.8s)
    epoch 12/34 loss 1.0962 val acc 0.8636 (0.8s)
    epoch 13/34 loss 1.0888 val acc 0.8182 (0.8s)
    epoch 14/34 loss 1.0880 val acc 0.7273 (0.8s)
    epoch 15/34 loss 1.0833 val acc 0.7727 (0.8s)
    epoch 16/34 loss 1.0701 val acc 0.8182 (0.7s)
    epoch 17/34 loss 1.0616 val acc 0.7727 (0.8s)
    epoch 18/34 loss 1.0515 val acc 0.8182 (0.8s)
    epoch 19/34 loss 1.0426 val acc 0.7727 (0.8s)
    epoch 20/34 loss 1.0399 val acc 0.7727 (0.8s)
    epoch 21/34 loss 1.0315 val acc 0.7727 (0.8s)
    epoch 22/34 loss 1.0278 val acc 0.7727 (0.8s)
    epoch 23/34 loss 1.0247 val acc 0.7273 (0.9s)
    epoch 24/34 loss 1.0238 val acc 0.7727 (0.9s)
    epoch 25/34 loss 1.0181 val acc 0.7273 (0.9s)
    epoch 26/34 loss 1.0170 val acc 0.7727 (0.9s)
    epoch 27/34 loss 1.0158 val acc 0.7727 (0.9s)
    epoch 28/34 loss 1.0156 val acc 0.7727 (0.8s)
    epoch 29/34 loss 1.0141 val acc 0.7727 (0.9s)
    epoch 30/34 loss 1.0130 val acc 0.7727 (0.9s)
    epoch 31/34 loss 1.0122 val acc 0.7727 (0.9s)
    epoch 32/34 loss 1.0126 val acc 0.7727 (0.9s)
    epoch 33/34 loss 1.0118 val acc 0.7727 (0.9s)
    epoch 34/34 loss 1.0134 val acc 0.7727 (0.9s)
  [security_incidents.disposition] test acc 0.7600 macro-F1 0.3628 ECE 0.213 (T=1.00, 28s, 10.03M params)
  [security_incidents.severity] blocks split=14 depth=2, 5 labels, 278 train
    epoch 1/34 loss 1.5480 val acc 0.5909 (0.9s)
    epoch 2/34 loss 1.4907 val acc 0.5455 (0.9s)
    epoch 3/34 loss 1.4765 val acc 0.5909 (0.9s)
    epoch 4/34 loss 1.4522 val acc 0.5909 (0.8s)
    epoch 5/34 loss 1.4350 val acc 0.7273 (0.8s)
    epoch 6/34 loss 1.4297 val acc 0.7727 (0.9s)
    epoch 7/34 loss 1.3710 val acc 0.6364 (0.9s)
    epoch 8/34 loss 1.3534 val acc 0.8182 (0.9s)
    epoch 9/34 loss 1.3029 val acc 0.8182 (0.9s)
    epoch 10/34 loss 1.2458 val acc 0.8182 (0.9s)
    epoch 11/34 loss 1.2077 val acc 0.8636 (0.9s)
    epoch 12/34 loss 1.1899 val acc 0.9091 (0.9s)
    epoch 13/34 loss 1.1832 val acc 0.9091 (0.9s)
    epoch 14/34 loss 1.1823 val acc 0.9545 (0.9s)
    epoch 15/34 loss 1.1670 val acc 0.9545 (0.8s)
    epoch 16/34 loss 1.1690 val acc 0.9545 (0.9s)
    epoch 17/34 loss 1.1579 val acc 0.9545 (0.9s)
    epoch 18/34 loss 1.1535 val acc 0.9545 (0.6s)
    epoch 19/34 loss 1.1486 val acc 0.9545 (0.6s)
    epoch 20/34 loss 1.1499 val acc 0.8636 (0.6s)
    epoch 21/34 loss 1.1528 val acc 0.9091 (0.6s)
    epoch 22/34 loss 1.1466 val acc 0.9545 (0.6s)
    epoch 23/34 loss 1.1408 val acc 0.9091 (0.6s)
    epoch 24/34 loss 1.1448 val acc 0.9545 (0.6s)
    epoch 25/34 loss 1.1390 val acc 0.9091 (0.6s)
    epoch 26/34 loss 1.1373 val acc 0.9545 (0.6s)
    epoch 27/34 loss 1.1340 val acc 0.9091 (0.6s)
    epoch 28/34 loss 1.1336 val acc 0.9091 (0.6s)
    epoch 29/34 loss 1.1331 val acc 0.9091 (0.6s)
    epoch 30/34 loss 1.1305 val acc 0.9091 (0.6s)
    epoch 31/34 loss 1.1319 val acc 0.9091 (0.7s)
    epoch 32/34 loss 1.1322 val acc 0.9091 (0.8s)
    epoch 33/34 loss 1.1312 val acc 0.9091 (0.8s)
    epoch 34/34 loss 1.1314 val acc 0.9091 (0.8s)
  [security_incidents.severity] test acc 0.7600 macro-F1 0.5844 ECE 0.266 (T=1.00, 25s, 10.03M params)
  [security_incidents.true_positive] blocks split=14 depth=2, 2 labels, 278 train
    epoch 1/34 loss 0.6763 val acc 0.6364 (0.8s)
    epoch 2/34 loss 0.6763 val acc 0.6364 (0.8s)
    epoch 3/34 loss 0.6669 val acc 0.6364 (0.8s)
    epoch 4/34 loss 0.6550 val acc 0.7273 (0.8s)
    epoch 5/34 loss 0.6488 val acc 0.6818 (0.8s)
    epoch 6/34 loss 0.6271 val acc 0.6364 (0.8s)
    epoch 7/34 loss 0.6365 val acc 0.7727 (0.8s)
    epoch 8/34 loss 0.6095 val acc 0.7727 (0.7s)
    epoch 9/34 loss 0.6205 val acc 0.6818 (0.7s)
    epoch 10/34 loss 0.6234 val acc 0.8182 (0.7s)
    epoch 11/34 loss 0.6081 val acc 0.8182 (0.7s)
    epoch 12/34 loss 0.6182 val acc 0.7727 (0.7s)
    epoch 13/34 loss 0.6066 val acc 0.7727 (0.7s)
    epoch 14/34 loss 0.5992 val acc 0.7727 (0.7s)
    epoch 15/34 loss 0.5877 val acc 0.8182 (0.7s)
    epoch 16/34 loss 0.5840 val acc 0.8182 (0.7s)
    epoch 17/34 loss 0.5800 val acc 0.8636 (0.7s)
    epoch 18/34 loss 0.5802 val acc 0.8636 (0.7s)
    epoch 19/34 loss 0.5923 val acc 0.8636 (0.7s)
    epoch 20/34 loss 0.5880 val acc 0.8182 (0.7s)
    epoch 21/34 loss 0.5799 val acc 0.7727 (0.7s)
    epoch 22/34 loss 0.5749 val acc 0.8636 (0.7s)
    epoch 23/34 loss 0.5715 val acc 0.9091 (0.7s)
    epoch 24/34 loss 0.5708 val acc 0.7727 (0.7s)
    epoch 25/34 loss 0.5686 val acc 0.7727 (0.7s)
    epoch 26/34 loss 0.5651 val acc 0.8182 (0.7s)
    epoch 27/34 loss 0.5654 val acc 0.7727 (0.7s)
    epoch 28/34 loss 0.5645 val acc 0.8182 (0.7s)
    epoch 29/34 loss 0.5644 val acc 0.7727 (0.7s)
    epoch 30/34 loss 0.5635 val acc 0.7727 (0.7s)
    epoch 31/34 loss 0.5626 val acc 0.8182 (0.6s)
    epoch 32/34 loss 0.5634 val acc 0.7727 (0.7s)
    epoch 33/34 loss 0.5629 val acc 0.7727 (0.7s)
    epoch 34/34 loss 0.5630 val acc 0.7727 (0.7s)
  [security_incidents.true_positive] test acc 0.7700 macro-F1 0.7178 ECE 0.138 (T=1.00, 23s, 10.03M params)
  [security_incidents.urgency] blocks split=14 depth=2, 4 labels, 278 train
    epoch 1/34 loss 1.3507 val acc 0.5909 (0.7s)
    epoch 2/34 loss 1.2672 val acc 0.5909 (0.7s)
    epoch 3/34 loss 1.2565 val acc 0.5909 (0.7s)
    epoch 4/34 loss 1.2403 val acc 0.5909 (0.7s)
    epoch 5/34 loss 1.2177 val acc 0.5455 (0.7s)
    epoch 6/34 loss 1.2082 val acc 0.5455 (0.7s)
    epoch 7/34 loss 1.1707 val acc 0.5455 (0.7s)
    epoch 8/34 loss 1.1519 val acc 0.4545 (0.7s)
    epoch 9/34 loss 1.1323 val acc 0.6364 (0.7s)
    epoch 10/34 loss 1.1121 val acc 0.5909 (0.7s)
    epoch 11/34 loss 1.0958 val acc 0.5909 (0.7s)
    epoch 12/34 loss 1.0738 val acc 0.6818 (0.7s)
    epoch 13/34 loss 1.0802 val acc 0.6364 (0.7s)
    epoch 14/34 loss 1.0762 val acc 0.6818 (0.7s)
    epoch 15/34 loss 1.0571 val acc 0.6818 (0.7s)
    epoch 16/34 loss 1.0450 val acc 0.7273 (0.7s)
    epoch 17/34 loss 1.0346 val acc 0.6818 (0.7s)
    epoch 18/34 loss 1.0308 val acc 0.7273 (0.7s)
    epoch 19/34 loss 1.0260 val acc 0.6364 (0.7s)
    epoch 20/34 loss 1.0315 val acc 0.6818 (0.7s)
    epoch 21/34 loss 1.0575 val acc 0.5455 (0.7s)
    epoch 22/34 loss 1.0440 val acc 0.6364 (0.7s)
    epoch 23/34 loss 1.0398 val acc 0.5909 (0.7s)
    epoch 24/34 loss 1.0189 val acc 0.6818 (0.7s)
    epoch 25/34 loss 1.0156 val acc 0.6364 (0.7s)
    epoch 26/34 loss 1.0121 val acc 0.5909 (0.7s)
    epoch 27/34 loss 1.0120 val acc 0.6818 (0.7s)
    epoch 28/34 loss 1.0101 val acc 0.7273 (0.7s)
    epoch 29/34 loss 1.0070 val acc 0.7273 (0.7s)
    epoch 30/34 loss 1.0066 val acc 0.6818 (0.7s)
    epoch 31/34 loss 1.0071 val acc 0.6818 (0.7s)
    epoch 32/34 loss 1.0058 val acc 0.6818 (0.7s)
    epoch 33/34 loss 1.0068 val acc 0.6818 (0.7s)
    epoch 34/34 loss 1.0064 val acc 0.6818 (0.7s)
  [security_incidents.urgency] test acc 0.6500 macro-F1 0.4428 ECE 0.153 (T=1.00, 22s, 10.03M params)
   blocks@14+2 mean: {"acc": 0.7695, "macro_f1": 0.6399, "ece": 0.1676, "nll": 0.6388}
done
