Loading weights:   0%|          | 0/134 [00:00<?, ?it/s]Loading weights: 100%|██████████| 134/134 [00:00<00:00, 3717.03it/s]
Loading weights:   0%|          | 0/134 [00:00<?, ?it/s]Loading weights: 100%|██████████| 134/134 [00:00<00:00, 8638.88it/s]
Writing model shards:   0%|          | 0/1 [00:00<?, ?it/s]Writing model shards: 100%|██████████| 1/1 [00:00<00:00,  2.74it/s]Writing model shards: 100%|██████████| 1/1 [00:00<00:00,  2.74it/s]
probe cold 105.3 ms
probe warm 102.8 ms
blocks+1 cold 114.6 ms
blocks+1 warm 110.6 ms
blocks+2 cold 124.4 ms
blocks+2 warm 118.5 ms
Loading weights:   0%|          | 0/134 [00:00<?, ?it/s]Loading weights: 100%|██████████| 134/134 [00:00<00:00, 4260.18it/s]
Loading weights:   0%|          | 0/134 [00:00<?, ?it/s]Loading weights: 100%|██████████| 134/134 [00:00<00:00, 4363.64it/s]
Loading weights:   0%|          | 0/134 [00:00<?, ?it/s]Loading weights: 100%|██████████| 134/134 [00:00<00:00, 4357.92it/s]
full_copy cold 180.3 ms
Loading weights:   0%|          | 0/134 [00:00<?, ?it/s]Loading weights: 100%|██████████| 134/134 [00:00<00:00, 8183.41it/s]
Loading weights:   0%|          | 0/134 [00:00<?, ?it/s]Loading weights: 100%|██████████| 134/134 [00:00<00:00, 8041.50it/s]
Loading weights:   0%|          | 0/134 [00:00<?, ?it/s]Loading weights: 100%|██████████| 134/134 [00:00<00:00, 8109.61it/s]
full_copy warm 90.7 ms
laya_checkpoint cold 432.0 ms
laya_checkpoint warm 313.7 ms
{
 "device": "cpu",
 "cold_cache": true,
 "load_first_decision_ms": {
  "probe|cold": 105.3,
  "probe|warm": 102.8,
  "blocks+1|cold": 114.6,
  "blocks+1|warm": 110.6,
  "blocks+2|cold": 124.4,
  "blocks+2|warm": 118.5,
  "full_copy|cold": 180.3,
  "full_copy|warm": 90.7,
  "laya_checkpoint|cold": 432.0,
  "laya_checkpoint|warm": 313.7
 },
 "bytes": {
  "probe": 34188,
  "blocks+1": 10063244,
  "blocks+2": 20093892,
  "full_copy": 596072034
 },
 "resident_5_tasks_MB": {}
}
