Loading weights:   0%|          | 0/134 [00:00<?, ?it/s]Loading weights: 100%|██████████| 134/134 [00:00<00:00, 9104.46it/s]
Using the latest cached version of the dataset since LocalLLaMA/typed-decisions couldn't be found on the Hugging Face Hub (offline mode is enabled).
Found the latest cached dataset configuration 'all' at /home/ubuntu/.cache/huggingface/datasets/LocalLLaMA___typed-decisions/all/0.0.0/f7a2487edd7a043a5441a5e9ccc7fe5ddbd9ebe8 (last modified on Sun Sep 27 18:59:51 2026).
Using the latest cached version of the dataset since LocalLLaMA/typed-decisions couldn't be found on the Hugging Face Hub (offline mode is enabled).
Found the latest cached dataset configuration 'all' at /home/ubuntu/.cache/huggingface/datasets/LocalLLaMA___typed-decisions/all/0.0.0/f7a2487edd7a043a5441a5e9ccc7fe5ddbd9ebe8 (last modified on Sun Sep 27 18:59:51 2026).
== typed-decisions: 1080/120/400 messages (train/val/test), tasks: agent_trace_observability.action(4), agent_trace_observability.needs_review(2), agent_trace_observability.outcome(4), agent_trace_observability.risk(4), agent_trace_observability.urgency(4), customer_service.action(5), customer_service.category(5), customer_service.churn_risk(4), customer_service.needs_human(2), customer_service.urgency(4), invoice_processing.discrepancy_severity(4), invoice_processing.disposition(4), invoice_processing.duplicate(2), invoice_processing.matches_order(2), invoice_processing.urgency(4), security_incidents.credential_compromise(2), security_incidents.disposition(4), security_incidents.severity(5), security_incidents.true_positive(2), security_incidents.urgency(4) | base answerdotai/ModernBERT-base on cuda | seed 1
-- probe@22
  cached trunk depth 22 for 1600 messages in 15.4s (559 MB)
  [agent_trace_observability.action] probe split=22, 4 labels, 274 train
    epoch 1/34 loss 1.3607 val acc 0.5385 (0.3s)
    epoch 2/34 loss 1.2746 val acc 0.5385 (0.1s)
    epoch 3/34 loss 1.2633 val acc 0.5000 (0.1s)
    epoch 4/34 loss 1.2563 val acc 0.4231 (0.1s)
    epoch 5/34 loss 1.2474 val acc 0.5385 (0.1s)
    epoch 6/34 loss 1.2311 val acc 0.5385 (0.1s)
    epoch 7/34 loss 1.2195 val acc 0.6154 (0.1s)
    epoch 8/34 loss 1.2228 val acc 0.5769 (0.1s)
    epoch 9/34 loss 1.2017 val acc 0.5385 (0.1s)
    epoch 10/34 loss 1.2030 val acc 0.5769 (0.1s)
    epoch 11/34 loss 1.1889 val acc 0.5769 (0.1s)
    epoch 12/34 loss 1.1947 val acc 0.6538 (0.1s)
    epoch 13/34 loss 1.1838 val acc 0.5385 (0.1s)
    epoch 14/34 loss 1.1806 val acc 0.7308 (0.1s)
    epoch 15/34 loss 1.1681 val acc 0.7308 (0.1s)
    epoch 16/34 loss 1.1640 val acc 0.7308 (0.1s)
    epoch 17/34 loss 1.1624 val acc 0.5769 (0.1s)
    epoch 18/34 loss 1.1584 val acc 0.6923 (0.1s)
    epoch 19/34 loss 1.1552 val acc 0.8077 (0.1s)
    epoch 20/34 loss 1.1522 val acc 0.6923 (0.1s)
    epoch 21/34 loss 1.1523 val acc 0.5769 (0.1s)
    epoch 22/34 loss 1.1475 val acc 0.6538 (0.1s)
    epoch 23/34 loss 1.1458 val acc 0.8077 (0.1s)
    epoch 24/34 loss 1.1484 val acc 0.7308 (0.1s)
    epoch 25/34 loss 1.1499 val acc 0.7308 (0.1s)
    epoch 26/34 loss 1.1443 val acc 0.7692 (0.1s)
    epoch 27/34 loss 1.1420 val acc 0.6923 (0.1s)
    epoch 28/34 loss 1.1409 val acc 0.7308 (0.1s)
    epoch 29/34 loss 1.1438 val acc 0.7692 (0.1s)
    epoch 30/34 loss 1.1411 val acc 0.7692 (0.1s)
    epoch 31/34 loss 1.1424 val acc 0.7308 (0.1s)
    epoch 32/34 loss 1.1425 val acc 0.7692 (0.1s)
    epoch 33/34 loss 1.1416 val acc 0.7692 (0.1s)
    epoch 34/34 loss 1.1389 val acc 0.7692 (0.1s)
  [agent_trace_observability.action] test acc 0.4900 macro-F1 0.3148 ECE 0.137 (T=1.00, 5s, 0.00M params)
  [agent_trace_observability.needs_review] probe split=22, 2 labels, 274 train
    epoch 1/34 loss 0.7080 val acc 0.4615 (0.1s)
    epoch 2/34 loss 0.6938 val acc 0.5385 (0.1s)
    epoch 3/34 loss 0.6892 val acc 0.6923 (0.1s)
    epoch 4/34 loss 0.6757 val acc 0.5000 (0.1s)
    epoch 5/34 loss 0.6758 val acc 0.5000 (0.1s)
    epoch 6/34 loss 0.6792 val acc 0.6923 (0.1s)
    epoch 7/34 loss 0.6526 val acc 0.6538 (0.1s)
    epoch 8/34 loss 0.6472 val acc 0.7308 (0.1s)
    epoch 9/34 loss 0.6401 val acc 0.8077 (0.1s)
    epoch 10/34 loss 0.6688 val acc 0.7308 (0.1s)
    epoch 11/34 loss 0.6377 val acc 0.7692 (0.1s)
    epoch 12/34 loss 0.6242 val acc 0.7308 (0.1s)
    epoch 13/34 loss 0.6205 val acc 0.7692 (0.1s)
    epoch 14/34 loss 0.6186 val acc 0.7692 (0.1s)
    epoch 15/34 loss 0.6148 val acc 0.7692 (0.1s)
    epoch 16/34 loss 0.6084 val acc 0.7308 (0.1s)
    epoch 17/34 loss 0.6056 val acc 0.7692 (0.1s)
    epoch 18/34 loss 0.6082 val acc 0.6923 (0.1s)
    epoch 19/34 loss 0.6052 val acc 0.7692 (0.1s)
    epoch 20/34 loss 0.6034 val acc 0.8077 (0.1s)
    epoch 21/34 loss 0.6025 val acc 0.7692 (0.1s)
    epoch 22/34 loss 0.6081 val acc 0.6923 (0.1s)
    epoch 23/34 loss 0.6017 val acc 0.8077 (0.1s)
    epoch 24/34 loss 0.6032 val acc 0.7692 (0.1s)
    epoch 25/34 loss 0.6027 val acc 0.7692 (0.1s)
    epoch 26/34 loss 0.5992 val acc 0.8077 (0.1s)
    epoch 27/34 loss 0.5960 val acc 0.7692 (0.1s)
    epoch 28/34 loss 0.5974 val acc 0.8077 (0.1s)
    epoch 29/34 loss 0.6001 val acc 0.7692 (0.1s)
    epoch 30/34 loss 0.5961 val acc 0.8077 (0.1s)
    epoch 31/34 loss 0.5968 val acc 0.8077 (0.1s)
    epoch 32/34 loss 0.5980 val acc 0.8077 (0.1s)
    epoch 33/34 loss 0.5969 val acc 0.7692 (0.1s)
    epoch 34/34 loss 0.5947 val acc 0.7692 (0.1s)
  [agent_trace_observability.needs_review] test acc 0.8200 macro-F1 0.8182 ECE 0.168 (T=1.00, 5s, 0.00M params)
  [agent_trace_observability.outcome] probe split=22, 4 labels, 274 train
    epoch 1/34 loss 1.4050 val acc 0.5769 (0.1s)
    epoch 2/34 loss 1.3424 val acc 0.5769 (0.1s)
    epoch 3/34 loss 1.3609 val acc 0.3077 (0.1s)
    epoch 4/34 loss 1.3289 val acc 0.5769 (0.1s)
    epoch 5/34 loss 1.3234 val acc 0.3077 (0.1s)
    epoch 6/34 loss 1.3143 val acc 0.5769 (0.1s)
    epoch 7/34 loss 1.3003 val acc 0.3462 (0.1s)
    epoch 8/34 loss 1.3053 val acc 0.4231 (0.1s)
    epoch 9/34 loss 1.2705 val acc 0.5769 (0.1s)
    epoch 10/34 loss 1.2785 val acc 0.5769 (0.1s)
    epoch 11/34 loss 1.2556 val acc 0.3846 (0.1s)
    epoch 12/34 loss 1.2683 val acc 0.6154 (0.1s)
    epoch 13/34 loss 1.2552 val acc 0.6538 (0.1s)
    epoch 14/34 loss 1.2353 val acc 0.6154 (0.1s)
    epoch 15/34 loss 1.2290 val acc 0.6154 (0.1s)
    epoch 16/34 loss 1.2276 val acc 0.6538 (0.1s)
    epoch 17/34 loss 1.2184 val acc 0.6538 (0.1s)
    epoch 18/34 loss 1.2119 val acc 0.6923 (0.1s)
    epoch 19/34 loss 1.2199 val acc 0.6154 (0.1s)
    epoch 20/34 loss 1.2003 val acc 0.6538 (0.1s)
    epoch 21/34 loss 1.1974 val acc 0.6538 (0.1s)
    epoch 22/34 loss 1.1948 val acc 0.6154 (0.1s)
    epoch 23/34 loss 1.1937 val acc 0.6538 (0.1s)
    epoch 24/34 loss 1.1960 val acc 0.6538 (0.1s)
    epoch 25/34 loss 1.2002 val acc 0.6538 (0.1s)
    epoch 26/34 loss 1.1871 val acc 0.6923 (0.1s)
    epoch 27/34 loss 1.1821 val acc 0.7308 (0.1s)
    epoch 28/34 loss 1.1809 val acc 0.6538 (0.1s)
    epoch 29/34 loss 1.1863 val acc 0.7308 (0.1s)
    epoch 30/34 loss 1.1796 val acc 0.7308 (0.1s)
    epoch 31/34 loss 1.1802 val acc 0.7308 (0.1s)
    epoch 32/34 loss 1.1820 val acc 0.7308 (0.1s)
    epoch 33/34 loss 1.1810 val acc 0.7308 (0.1s)
    epoch 34/34 loss 1.1789 val acc 0.7308 (0.1s)
  [agent_trace_observability.outcome] test acc 0.4300 macro-F1 0.3377 ECE 0.055 (T=1.00, 5s, 0.00M params)
  [agent_trace_observability.risk] probe split=22, 4 labels, 274 train
    epoch 1/34 loss 1.3648 val acc 0.2692 (0.1s)
    epoch 2/34 loss 1.3696 val acc 0.3462 (0.1s)
    epoch 3/34 loss 1.3595 val acc 0.2692 (0.1s)
    epoch 4/34 loss 1.3529 val acc 0.2692 (0.1s)
    epoch 5/34 loss 1.3294 val acc 0.4231 (0.1s)
    epoch 6/34 loss 1.3192 val acc 0.3846 (0.1s)
    epoch 7/34 loss 1.2999 val acc 0.5385 (0.1s)
    epoch 8/34 loss 1.3081 val acc 0.5000 (0.1s)
    epoch 9/34 loss 1.2765 val acc 0.2692 (0.1s)
    epoch 10/34 loss 1.2730 val acc 0.4231 (0.1s)
    epoch 11/34 loss 1.2457 val acc 0.4231 (0.1s)
    epoch 12/34 loss 1.2406 val acc 0.4615 (0.1s)
    epoch 13/34 loss 1.2247 val acc 0.5385 (0.1s)
    epoch 14/34 loss 1.2111 val acc 0.4615 (0.1s)
    epoch 15/34 loss 1.1982 val acc 0.5000 (0.1s)
    epoch 16/34 loss 1.2045 val acc 0.4615 (0.1s)
    epoch 17/34 loss 1.1988 val acc 0.5000 (0.1s)
    epoch 18/34 loss 1.1821 val acc 0.6154 (0.1s)
    epoch 19/34 loss 1.1774 val acc 0.5000 (0.1s)
    epoch 20/34 loss 1.1676 val acc 0.5385 (0.1s)
    epoch 21/34 loss 1.1709 val acc 0.5769 (0.1s)
    epoch 22/34 loss 1.1619 val acc 0.5769 (0.1s)
    epoch 23/34 loss 1.1559 val acc 0.5769 (0.1s)
    epoch 24/34 loss 1.1541 val acc 0.5769 (0.1s)
    epoch 25/34 loss 1.1616 val acc 0.5769 (0.1s)
    epoch 26/34 loss 1.1495 val acc 0.6154 (0.1s)
    epoch 27/34 loss 1.1453 val acc 0.5769 (0.1s)
    epoch 28/34 loss 1.1469 val acc 0.5769 (0.1s)
    epoch 29/34 loss 1.1481 val acc 0.5769 (0.1s)
    epoch 30/34 loss 1.1420 val acc 0.5769 (0.1s)
    epoch 31/34 loss 1.1423 val acc 0.5769 (0.1s)
    epoch 32/34 loss 1.1432 val acc 0.5769 (0.1s)
    epoch 33/34 loss 1.1420 val acc 0.5769 (0.1s)
    epoch 34/34 loss 1.1393 val acc 0.5769 (0.1s)
  [agent_trace_observability.risk] test acc 0.5500 macro-F1 0.5400 ECE 0.153 (T=1.00, 5s, 0.00M params)
  [agent_trace_observability.urgency] probe split=22, 4 labels, 274 train
    epoch 1/34 loss 1.3374 val acc 0.6154 (0.1s)
    epoch 2/34 loss 1.3403 val acc 0.6154 (0.1s)
    epoch 3/34 loss 1.3368 val acc 0.2308 (0.1s)
    epoch 4/34 loss 1.3180 val acc 0.5769 (0.1s)
    epoch 5/34 loss 1.3121 val acc 0.1923 (0.1s)
    epoch 6/34 loss 1.3061 val acc 0.5769 (0.1s)
    epoch 7/34 loss 1.2865 val acc 0.6538 (0.1s)
    epoch 8/34 loss 1.2898 val acc 0.5385 (0.1s)
    epoch 9/34 loss 1.2668 val acc 0.5769 (0.1s)
    epoch 10/34 loss 1.2766 val acc 0.5769 (0.1s)
    epoch 11/34 loss 1.2441 val acc 0.6538 (0.1s)
    epoch 12/34 loss 1.2444 val acc 0.5385 (0.1s)
    epoch 13/34 loss 1.2425 val acc 0.6154 (0.1s)
    epoch 14/34 loss 1.2298 val acc 0.6154 (0.1s)
    epoch 15/34 loss 1.2152 val acc 0.3846 (0.1s)
    epoch 16/34 loss 1.2154 val acc 0.6538 (0.1s)
    epoch 17/34 loss 1.2114 val acc 0.5769 (0.1s)
    epoch 18/34 loss 1.2104 val acc 0.5385 (0.1s)
    epoch 19/34 loss 1.2045 val acc 0.6538 (0.1s)
    epoch 20/34 loss 1.1987 val acc 0.6154 (0.1s)
    epoch 21/34 loss 1.1986 val acc 0.5385 (0.1s)
    epoch 22/34 loss 1.1991 val acc 0.6154 (0.1s)
    epoch 23/34 loss 1.1901 val acc 0.6154 (0.1s)
    epoch 24/34 loss 1.1890 val acc 0.6154 (0.1s)
    epoch 25/34 loss 1.1859 val acc 0.6154 (0.1s)
    epoch 26/34 loss 1.1842 val acc 0.5769 (0.1s)
    epoch 27/34 loss 1.1823 val acc 0.6538 (0.1s)
    epoch 28/34 loss 1.1824 val acc 0.5385 (0.1s)
    epoch 29/34 loss 1.1830 val acc 0.5769 (0.1s)
    epoch 30/34 loss 1.1770 val acc 0.5769 (0.1s)
    epoch 31/34 loss 1.1776 val acc 0.6154 (0.1s)
    epoch 32/34 loss 1.1791 val acc 0.6154 (0.1s)
    epoch 33/34 loss 1.1784 val acc 0.6154 (0.1s)
    epoch 34/34 loss 1.1733 val acc 0.6154 (0.1s)
  [agent_trace_observability.urgency] test acc 0.4500 macro-F1 0.3216 ECE 0.095 (T=1.00, 5s, 0.00M params)
  [customer_service.action] probe split=22, 5 labels, 269 train
    epoch 1/34 loss 1.5759 val acc 0.5484 (0.2s)
    epoch 2/34 loss 1.3181 val acc 0.5484 (0.2s)
    epoch 3/34 loss 1.2784 val acc 0.5484 (0.2s)
    epoch 4/34 loss 1.2504 val acc 0.5484 (0.2s)
    epoch 5/34 loss 1.2283 val acc 0.5161 (0.2s)
    epoch 6/34 loss 1.2058 val acc 0.3871 (0.2s)
    epoch 7/34 loss 1.2054 val acc 0.6129 (0.2s)
    epoch 8/34 loss 1.1756 val acc 0.5806 (0.2s)
    epoch 9/34 loss 1.1721 val acc 0.5484 (0.2s)
    epoch 10/34 loss 1.1553 val acc 0.4839 (0.2s)
    epoch 11/34 loss 1.1552 val acc 0.5484 (0.2s)
    epoch 12/34 loss 1.1635 val acc 0.6129 (0.2s)
    epoch 13/34 loss 1.1485 val acc 0.5806 (0.2s)
    epoch 14/34 loss 1.1473 val acc 0.6129 (0.2s)
    epoch 15/34 loss 1.1346 val acc 0.6129 (0.2s)
    epoch 16/34 loss 1.1252 val acc 0.6452 (0.2s)
    epoch 17/34 loss 1.1220 val acc 0.6452 (0.2s)
    epoch 18/34 loss 1.1177 val acc 0.6129 (0.2s)
    epoch 19/34 loss 1.1177 val acc 0.6452 (0.2s)
    epoch 20/34 loss 1.1129 val acc 0.6774 (0.2s)
    epoch 21/34 loss 1.1128 val acc 0.7097 (0.2s)
    epoch 22/34 loss 1.1071 val acc 0.6452 (0.2s)
    epoch 23/34 loss 1.1128 val acc 0.7097 (0.2s)
    epoch 24/34 loss 1.1014 val acc 0.6774 (0.2s)
    epoch 25/34 loss 1.1054 val acc 0.6774 (0.2s)
    epoch 26/34 loss 1.1000 val acc 0.6774 (0.2s)
    epoch 27/34 loss 1.1003 val acc 0.6774 (0.2s)
    epoch 28/34 loss 1.1003 val acc 0.6774 (0.2s)
    epoch 29/34 loss 1.0987 val acc 0.6774 (0.2s)
    epoch 30/34 loss 1.1008 val acc 0.6774 (0.2s)
    epoch 31/34 loss 1.0967 val acc 0.6774 (0.2s)
    epoch 32/34 loss 1.0997 val acc 0.6774 (0.2s)
    epoch 33/34 loss 1.1002 val acc 0.6774 (0.2s)
    epoch 34/34 loss 1.0995 val acc 0.6774 (0.2s)
  [customer_service.action] test acc 0.6400 macro-F1 0.3138 ECE 0.140 (T=0.93, 5s, 0.01M params)
  [customer_service.category] probe split=22, 5 labels, 269 train
    epoch 1/34 loss 1.5780 val acc 0.2903 (0.2s)
    epoch 2/34 loss 1.5583 val acc 0.2258 (0.2s)
    epoch 3/34 loss 1.5310 val acc 0.4839 (0.2s)
    epoch 4/34 loss 1.4333 val acc 0.6129 (0.2s)
    epoch 5/34 loss 1.3527 val acc 0.2581 (0.2s)
    epoch 6/34 loss 1.3095 val acc 0.4839 (0.2s)
    epoch 7/34 loss 1.2089 val acc 0.5806 (0.2s)
    epoch 8/34 loss 1.1628 val acc 0.3548 (0.2s)
    epoch 9/34 loss 1.1147 val acc 0.5484 (0.2s)
    epoch 10/34 loss 1.0615 val acc 0.5161 (0.2s)
    epoch 11/34 loss 1.0415 val acc 0.5806 (0.2s)
    epoch 12/34 loss 0.9924 val acc 0.6129 (0.2s)
    epoch 13/34 loss 0.9481 val acc 0.5484 (0.1s)
    epoch 14/34 loss 0.9378 val acc 0.7097 (0.2s)
    epoch 15/34 loss 0.9033 val acc 0.6774 (0.2s)
    epoch 16/34 loss 0.8820 val acc 0.6129 (0.2s)
    epoch 17/34 loss 0.8630 val acc 0.6129 (0.2s)
    epoch 18/34 loss 0.8402 val acc 0.6452 (0.2s)
    epoch 19/34 loss 0.8173 val acc 0.6129 (0.2s)
    epoch 20/34 loss 0.8276 val acc 0.6774 (0.2s)
    epoch 21/34 loss 0.8070 val acc 0.6774 (0.2s)
    epoch 22/34 loss 0.7837 val acc 0.7097 (0.2s)
    epoch 23/34 loss 0.7832 val acc 0.6452 (0.2s)
    epoch 24/34 loss 0.7739 val acc 0.6774 (0.2s)
    epoch 25/34 loss 0.7772 val acc 0.7097 (0.2s)
    epoch 26/34 loss 0.7535 val acc 0.6774 (0.2s)
    epoch 27/34 loss 0.7597 val acc 0.7097 (0.2s)
    epoch 28/34 loss 0.7504 val acc 0.7097 (0.2s)
    epoch 29/34 loss 0.7525 val acc 0.7097 (0.2s)
    epoch 30/34 loss 0.7488 val acc 0.7097 (0.2s)
    epoch 31/34 loss 0.7436 val acc 0.7097 (0.2s)
    epoch 32/34 loss 0.7448 val acc 0.7097 (0.2s)
    epoch 33/34 loss 0.7410 val acc 0.7097 (0.2s)
    epoch 34/34 loss 0.7405 val acc 0.7097 (0.2s)
  [customer_service.category] test acc 0.7900 macro-F1 0.7082 ECE 0.137 (T=0.66, 5s, 0.01M params)
  [customer_service.churn_risk] probe split=22, 4 labels, 269 train
    epoch 1/34 loss 1.3575 val acc 0.5161 (0.2s)
    epoch 2/34 loss 1.3081 val acc 0.5161 (0.2s)
    epoch 3/34 loss 1.3105 val acc 0.5484 (0.2s)
    epoch 4/34 loss 1.2848 val acc 0.5161 (0.2s)
    epoch 5/34 loss 1.2655 val acc 0.5484 (0.2s)
    epoch 6/34 loss 1.2441 val acc 0.6774 (0.2s)
    epoch 7/34 loss 1.2226 val acc 0.4839 (0.2s)
    epoch 8/34 loss 1.2142 val acc 0.5161 (0.2s)
    epoch 9/34 loss 1.1946 val acc 0.6452 (0.2s)
    epoch 10/34 loss 1.1855 val acc 0.6452 (0.2s)
    epoch 11/34 loss 1.1776 val acc 0.7419 (0.2s)
    epoch 12/34 loss 1.1609 val acc 0.6129 (0.2s)
    epoch 13/34 loss 1.1527 val acc 0.5484 (0.2s)
    epoch 14/34 loss 1.1344 val acc 0.7097 (0.2s)
    epoch 15/34 loss 1.1331 val acc 0.6129 (0.2s)
    epoch 16/34 loss 1.1217 val acc 0.6129 (0.2s)
    epoch 17/34 loss 1.1137 val acc 0.6129 (0.2s)
    epoch 18/34 loss 1.1115 val acc 0.5806 (0.2s)
    epoch 19/34 loss 1.1060 val acc 0.5806 (0.2s)
    epoch 20/34 loss 1.0968 val acc 0.6129 (0.2s)
    epoch 21/34 loss 1.0953 val acc 0.5806 (0.2s)
    epoch 22/34 loss 1.0906 val acc 0.6774 (0.2s)
    epoch 23/34 loss 1.0859 val acc 0.6452 (0.2s)
    epoch 24/34 loss 1.0892 val acc 0.6774 (0.2s)
    epoch 25/34 loss 1.0893 val acc 0.6452 (0.2s)
    epoch 26/34 loss 1.0853 val acc 0.6452 (0.2s)
    epoch 27/34 loss 1.0831 val acc 0.6774 (0.2s)
    epoch 28/34 loss 1.0817 val acc 0.6452 (0.2s)
    epoch 29/34 loss 1.0781 val acc 0.6452 (0.2s)
    epoch 30/34 loss 1.0814 val acc 0.6129 (0.2s)
    epoch 31/34 loss 1.0816 val acc 0.6452 (0.2s)
    epoch 32/34 loss 1.0795 val acc 0.6452 (0.2s)
    epoch 33/34 loss 1.0838 val acc 0.6452 (0.2s)
    epoch 34/34 loss 1.0784 val acc 0.6452 (0.2s)
  [customer_service.churn_risk] test acc 0.7000 macro-F1 0.5045 ECE 0.247 (T=0.87, 5s, 0.00M params)
  [customer_service.needs_human] probe split=22, 2 labels, 269 train
    epoch 1/34 loss 0.6770 val acc 0.7419 (0.1s)
    epoch 2/34 loss 0.6887 val acc 0.7419 (0.2s)
    epoch 3/34 loss 0.7045 val acc 0.7419 (0.2s)
    epoch 4/34 loss 0.7330 val acc 0.3871 (0.2s)
    epoch 5/34 loss 0.6896 val acc 0.2903 (0.2s)
    epoch 6/34 loss 0.7499 val acc 0.7419 (0.2s)
    epoch 7/34 loss 0.6427 val acc 0.7419 (0.2s)
    epoch 8/34 loss 0.6626 val acc 0.8065 (0.2s)
    epoch 9/34 loss 0.6553 val acc 0.7742 (0.2s)
    epoch 10/34 loss 0.6296 val acc 0.5806 (0.2s)
    epoch 11/34 loss 0.6279 val acc 0.6774 (0.2s)
    epoch 12/34 loss 0.6289 val acc 0.7419 (0.2s)
    epoch 13/34 loss 0.6264 val acc 0.8065 (0.2s)
    epoch 14/34 loss 0.6240 val acc 0.8065 (0.2s)
    epoch 15/34 loss 0.6145 val acc 0.8387 (0.2s)
    epoch 16/34 loss 0.6182 val acc 0.8065 (0.2s)
    epoch 17/34 loss 0.6134 val acc 0.7742 (0.2s)
    epoch 18/34 loss 0.6146 val acc 0.7742 (0.2s)
    epoch 19/34 loss 0.6130 val acc 0.8710 (0.2s)
    epoch 20/34 loss 0.6102 val acc 0.7419 (0.2s)
    epoch 21/34 loss 0.6115 val acc 0.8065 (0.2s)
    epoch 22/34 loss 0.6081 val acc 0.7742 (0.2s)
    epoch 23/34 loss 0.6140 val acc 0.7742 (0.2s)
    epoch 24/34 loss 0.6062 val acc 0.8065 (0.2s)
    epoch 25/34 loss 0.6096 val acc 0.7419 (0.2s)
    epoch 26/34 loss 0.6059 val acc 0.7742 (0.2s)
    epoch 27/34 loss 0.6045 val acc 0.8065 (0.2s)
    epoch 28/34 loss 0.6043 val acc 0.7742 (0.2s)
    epoch 29/34 loss 0.6031 val acc 0.8065 (0.2s)
    epoch 30/34 loss 0.6054 val acc 0.8065 (0.2s)
    epoch 31/34 loss 0.6034 val acc 0.8065 (0.2s)
    epoch 32/34 loss 0.6040 val acc 0.8065 (0.2s)
    epoch 33/34 loss 0.6056 val acc 0.8065 (0.2s)
    epoch 34/34 loss 0.6036 val acc 0.8065 (0.2s)
  [customer_service.needs_human] test acc 0.8100 macro-F1 0.7561 ECE 0.122 (T=0.72, 5s, 0.00M params)
  [customer_service.urgency] probe split=22, 4 labels, 269 train
    epoch 1/34 loss 1.3571 val acc 0.2903 (0.2s)
    epoch 2/34 loss 1.2061 val acc 0.2581 (0.2s)
    epoch 3/34 loss 1.1971 val acc 0.2581 (0.2s)
    epoch 4/34 loss 1.1726 val acc 0.5806 (0.2s)
    epoch 5/34 loss 1.1578 val acc 0.6129 (0.2s)
    epoch 6/34 loss 1.1588 val acc 0.2258 (0.2s)
    epoch 7/34 loss 1.1975 val acc 0.4839 (0.1s)
    epoch 8/34 loss 1.1349 val acc 0.6129 (0.2s)
    epoch 9/34 loss 1.1176 val acc 0.5484 (0.2s)
    epoch 10/34 loss 1.1044 val acc 0.5806 (0.2s)
    epoch 11/34 loss 1.1007 val acc 0.6129 (0.2s)
    epoch 12/34 loss 1.0892 val acc 0.6129 (0.2s)
    epoch 13/34 loss 1.0983 val acc 0.6774 (0.2s)
    epoch 14/34 loss 1.0753 val acc 0.7419 (0.2s)
    epoch 15/34 loss 1.0684 val acc 0.7097 (0.2s)
    epoch 16/34 loss 1.0566 val acc 0.6452 (0.2s)
    epoch 17/34 loss 1.0655 val acc 0.5806 (0.2s)
    epoch 18/34 loss 1.0534 val acc 0.6129 (0.2s)
    epoch 19/34 loss 1.0451 val acc 0.6452 (0.2s)
    epoch 20/34 loss 1.0374 val acc 0.6129 (0.2s)
    epoch 21/34 loss 1.0357 val acc 0.5484 (0.2s)
    epoch 22/34 loss 1.0354 val acc 0.7097 (0.2s)
    epoch 23/34 loss 1.0271 val acc 0.5484 (0.2s)
    epoch 24/34 loss 1.0275 val acc 0.6774 (0.2s)
    epoch 25/34 loss 1.0288 val acc 0.6129 (0.2s)
    epoch 26/34 loss 1.0239 val acc 0.6774 (0.2s)
    epoch 27/34 loss 1.0238 val acc 0.6774 (0.2s)
    epoch 28/34 loss 1.0167 val acc 0.6129 (0.2s)
    epoch 29/34 loss 1.0180 val acc 0.6129 (0.2s)
    epoch 30/34 loss 1.0206 val acc 0.6452 (0.2s)
    epoch 31/34 loss 1.0186 val acc 0.6774 (0.2s)
    epoch 32/34 loss 1.0192 val acc 0.6774 (0.2s)
    epoch 33/34 loss 1.0149 val acc 0.6774 (0.2s)
    epoch 34/34 loss 1.0197 val acc 0.6774 (0.2s)
  [customer_service.urgency] test acc 0.6300 macro-F1 0.4547 ECE 0.145 (T=0.88, 5s, 0.00M params)
  [invoice_processing.discrepancy_severity] probe split=22, 4 labels, 259 train
    epoch 1/34 loss 1.4133 val acc 0.2927 (0.1s)
    epoch 2/34 loss 1.2674 val acc 0.2927 (0.1s)
    epoch 3/34 loss 1.3373 val acc 0.4390 (0.1s)
    epoch 4/34 loss 1.3206 val acc 0.6098 (0.1s)
    epoch 5/34 loss 1.2653 val acc 0.2927 (0.1s)
    epoch 6/34 loss 1.2691 val acc 0.4634 (0.1s)
    epoch 7/34 loss 1.2429 val acc 0.2927 (0.1s)
    epoch 8/34 loss 1.2898 val acc 0.2927 (0.1s)
    epoch 9/34 loss 1.2368 val acc 0.2683 (0.1s)
    epoch 10/34 loss 1.3992 val acc 0.2927 (0.1s)
    epoch 11/34 loss 1.2504 val acc 0.5122 (0.1s)
    epoch 12/34 loss 1.2350 val acc 0.2927 (0.1s)
    epoch 13/34 loss 1.2544 val acc 0.2927 (0.1s)
    epoch 14/34 loss 1.2338 val acc 0.4634 (0.2s)
    epoch 15/34 loss 1.2294 val acc 0.3171 (0.2s)
    epoch 16/34 loss 1.1974 val acc 0.2927 (0.1s)
    epoch 17/34 loss 1.2099 val acc 0.4634 (0.2s)
    epoch 18/34 loss 1.1972 val acc 0.3415 (0.1s)
    epoch 19/34 loss 1.1830 val acc 0.3171 (0.1s)
    epoch 20/34 loss 1.1593 val acc 0.3415 (0.2s)
    epoch 21/34 loss 1.1621 val acc 0.3171 (0.1s)
    epoch 22/34 loss 1.1590 val acc 0.3171 (0.1s)
    epoch 23/34 loss 1.1687 val acc 0.4634 (0.1s)
    epoch 24/34 loss 1.1439 val acc 0.3171 (0.2s)
    epoch 25/34 loss 1.1508 val acc 0.3171 (0.1s)
    epoch 26/34 loss 1.1390 val acc 0.5366 (0.1s)
    epoch 27/34 loss 1.1511 val acc 0.4146 (0.1s)
    epoch 28/34 loss 1.1329 val acc 0.3171 (0.1s)
    epoch 29/34 loss 1.1358 val acc 0.3171 (0.1s)
    epoch 30/34 loss 1.1331 val acc 0.3171 (0.1s)
    epoch 31/34 loss 1.1411 val acc 0.3171 (0.1s)
    epoch 32/34 loss 1.1370 val acc 0.3171 (0.1s)
    epoch 33/34 loss 1.1368 val acc 0.3415 (0.1s)
    epoch 34/34 loss 1.1410 val acc 0.3415 (0.1s)
  [invoice_processing.discrepancy_severity] test acc 0.5700 macro-F1 0.3052 ECE 0.140 (T=0.96, 5s, 0.00M params)
  [invoice_processing.disposition] probe split=22, 4 labels, 259 train
    epoch 1/34 loss 1.3319 val acc 0.2439 (0.1s)
    epoch 2/34 loss 1.2821 val acc 0.2439 (0.1s)
    epoch 3/34 loss 1.3021 val acc 0.4634 (0.1s)
    epoch 4/34 loss 1.2931 val acc 0.2439 (0.1s)
    epoch 5/34 loss 1.2840 val acc 0.4634 (0.1s)
    epoch 6/34 loss 1.2783 val acc 0.4634 (0.1s)
    epoch 7/34 loss 1.2677 val acc 0.2439 (0.1s)
    epoch 8/34 loss 1.2751 val acc 0.2439 (0.1s)
    epoch 9/34 loss 1.2369 val acc 0.4634 (0.1s)
    epoch 10/34 loss 1.4017 val acc 0.2439 (0.1s)
    epoch 11/34 loss 1.2523 val acc 0.4634 (0.1s)
    epoch 12/34 loss 1.2598 val acc 0.2439 (0.1s)
    epoch 13/34 loss 1.2268 val acc 0.2439 (0.2s)
    epoch 14/34 loss 1.2378 val acc 0.5366 (0.1s)
    epoch 15/34 loss 1.2153 val acc 0.5366 (0.1s)
    epoch 16/34 loss 1.2262 val acc 0.2439 (0.1s)
    epoch 17/34 loss 1.2351 val acc 0.4634 (0.1s)
    epoch 18/34 loss 1.2170 val acc 0.4634 (0.1s)
    epoch 19/34 loss 1.2008 val acc 0.5366 (0.1s)
    epoch 20/34 loss 1.1862 val acc 0.3415 (0.1s)
    epoch 21/34 loss 1.1674 val acc 0.4146 (0.2s)
    epoch 22/34 loss 1.1667 val acc 0.5366 (0.2s)
    epoch 23/34 loss 1.1859 val acc 0.5854 (0.1s)
    epoch 24/34 loss 1.1546 val acc 0.2683 (0.1s)
    epoch 25/34 loss 1.1652 val acc 0.3902 (0.1s)
    epoch 26/34 loss 1.1522 val acc 0.6341 (0.2s)
    epoch 27/34 loss 1.1717 val acc 0.6341 (0.1s)
    epoch 28/34 loss 1.1530 val acc 0.4634 (0.1s)
    epoch 29/34 loss 1.1501 val acc 0.3659 (0.1s)
    epoch 30/34 loss 1.1480 val acc 0.3415 (0.1s)
    epoch 31/34 loss 1.1513 val acc 0.3902 (0.1s)
    epoch 32/34 loss 1.1518 val acc 0.4146 (0.1s)
    epoch 33/34 loss 1.1529 val acc 0.4390 (0.1s)
    epoch 34/34 loss 1.1529 val acc 0.4390 (0.2s)
  [invoice_processing.disposition] test acc 0.6100 macro-F1 0.3291 ECE 0.209 (T=1.17, 5s, 0.00M params)
  [invoice_processing.duplicate] probe split=22, 2 labels, 259 train
    epoch 1/34 loss 0.7555 val acc 0.8780 (0.1s)
    epoch 2/34 loss 0.3860 val acc 0.8780 (0.1s)
    epoch 3/34 loss 0.3620 val acc 0.8780 (0.2s)
    epoch 4/34 loss 0.3534 val acc 0.8780 (0.1s)
    epoch 5/34 loss 0.3242 val acc 0.8780 (0.1s)
    epoch 6/34 loss 0.3216 val acc 0.8780 (0.1s)
    epoch 7/34 loss 0.3305 val acc 0.8780 (0.1s)
    epoch 8/34 loss 0.3313 val acc 0.8780 (0.1s)
    epoch 9/34 loss 0.3247 val acc 0.8780 (0.1s)
    epoch 10/34 loss 0.3202 val acc 0.8780 (0.1s)
    epoch 11/34 loss 0.3273 val acc 0.8780 (0.1s)
    epoch 12/34 loss 0.3124 val acc 0.8780 (0.1s)
    epoch 13/34 loss 0.3295 val acc 0.8780 (0.1s)
    epoch 14/34 loss 0.3113 val acc 0.8780 (0.1s)
    epoch 15/34 loss 0.3065 val acc 0.8780 (0.1s)
    epoch 16/34 loss 0.3198 val acc 0.8780 (0.1s)
    epoch 17/34 loss 0.3199 val acc 0.8780 (0.1s)
    epoch 18/34 loss 0.3120 val acc 0.8780 (0.1s)
    epoch 19/34 loss 0.3074 val acc 0.8780 (0.1s)
    epoch 20/34 loss 0.3089 val acc 0.8780 (0.2s)
    epoch 21/34 loss 0.3192 val acc 0.8780 (0.1s)
    epoch 22/34 loss 0.3031 val acc 0.8780 (0.1s)
    epoch 23/34 loss 0.3020 val acc 0.8780 (0.1s)
    epoch 24/34 loss 0.2967 val acc 0.8780 (0.1s)
    epoch 25/34 loss 0.2987 val acc 0.8780 (0.1s)
    epoch 26/34 loss 0.2969 val acc 0.8780 (0.1s)
    epoch 27/34 loss 0.3004 val acc 0.8780 (0.1s)
    epoch 28/34 loss 0.2992 val acc 0.8780 (0.1s)
    epoch 29/34 loss 0.2937 val acc 0.8780 (0.1s)
    epoch 30/34 loss 0.2942 val acc 0.8780 (0.2s)
    epoch 31/34 loss 0.2943 val acc 0.8780 (0.1s)
    epoch 32/34 loss 0.2937 val acc 0.8780 (0.1s)
    epoch 33/34 loss 0.2968 val acc 0.8780 (0.1s)
    epoch 34/34 loss 0.2963 val acc 0.8780 (0.1s)
  [invoice_processing.duplicate] test acc 0.8900 macro-F1 0.4709 ECE 0.032 (T=1.06, 5s, 0.00M params)
  [invoice_processing.matches_order] probe split=22, 2 labels, 259 train
    epoch 1/34 loss 0.7215 val acc 0.3659 (0.1s)
    epoch 2/34 loss 0.7397 val acc 0.3659 (0.1s)
    epoch 3/34 loss 0.8163 val acc 0.6341 (0.1s)
    epoch 4/34 loss 0.9122 val acc 0.3659 (0.1s)
    epoch 5/34 loss 0.7752 val acc 0.6341 (0.1s)
    epoch 6/34 loss 0.7428 val acc 0.6585 (0.1s)
    epoch 7/34 loss 0.7757 val acc 0.3902 (0.1s)
    epoch 8/34 loss 0.6961 val acc 0.3659 (0.1s)
    epoch 9/34 loss 0.6624 val acc 0.7317 (0.1s)
    epoch 10/34 loss 0.7386 val acc 0.3659 (0.1s)
    epoch 11/34 loss 0.6819 val acc 0.6341 (0.1s)
    epoch 12/34 loss 0.6624 val acc 0.7561 (0.1s)
    epoch 13/34 loss 0.8587 val acc 0.7561 (0.1s)
    epoch 14/34 loss 0.6243 val acc 0.3659 (0.1s)
    epoch 15/34 loss 0.6562 val acc 0.6341 (0.1s)
    epoch 16/34 loss 0.7443 val acc 0.3659 (0.1s)
    epoch 17/34 loss 0.7065 val acc 0.6341 (0.1s)
    epoch 18/34 loss 0.6461 val acc 0.6098 (0.1s)
    epoch 19/34 loss 0.6168 val acc 0.4634 (0.1s)
    epoch 20/34 loss 0.6059 val acc 0.4878 (0.1s)
    epoch 21/34 loss 0.6087 val acc 0.5366 (0.2s)
    epoch 22/34 loss 0.5991 val acc 0.7561 (0.2s)
    epoch 23/34 loss 0.6033 val acc 0.7805 (0.1s)
    epoch 24/34 loss 0.5952 val acc 0.4390 (0.1s)
    epoch 25/34 loss 0.6018 val acc 0.7561 (0.1s)
    epoch 26/34 loss 0.5954 val acc 0.7561 (0.1s)
    epoch 27/34 loss 0.5946 val acc 0.7073 (0.1s)
    epoch 28/34 loss 0.5880 val acc 0.6341 (0.2s)
    epoch 29/34 loss 0.5936 val acc 0.6341 (0.1s)
    epoch 30/34 loss 0.5919 val acc 0.6585 (0.1s)
    epoch 31/34 loss 0.5932 val acc 0.6585 (0.1s)
    epoch 32/34 loss 0.5885 val acc 0.7073 (0.1s)
    epoch 33/34 loss 0.5876 val acc 0.7073 (0.1s)
    epoch 34/34 loss 0.5919 val acc 0.7073 (0.1s)
  [invoice_processing.matches_order] test acc 0.7700 macro-F1 0.7647 ECE 0.179 (T=0.05, 5s, 0.00M params)
  [invoice_processing.urgency] probe split=22, 4 labels, 259 train
    epoch 1/34 loss 1.3262 val acc 0.5122 (0.1s)
    epoch 2/34 loss 1.2178 val acc 0.4634 (0.1s)
    epoch 3/34 loss 1.2059 val acc 0.4634 (0.1s)
    epoch 4/34 loss 1.2021 val acc 0.4634 (0.1s)
    epoch 5/34 loss 1.2020 val acc 0.4634 (0.1s)
    epoch 6/34 loss 1.1985 val acc 0.4634 (0.1s)
    epoch 7/34 loss 1.1904 val acc 0.4634 (0.1s)
    epoch 8/34 loss 1.1790 val acc 0.7317 (0.1s)
    epoch 9/34 loss 1.1765 val acc 0.4878 (0.1s)
    epoch 10/34 loss 1.1556 val acc 0.7805 (0.1s)
    epoch 11/34 loss 1.1674 val acc 0.5122 (0.1s)
    epoch 12/34 loss 1.1550 val acc 0.7561 (0.1s)
    epoch 13/34 loss 1.1500 val acc 0.4634 (0.1s)
    epoch 14/34 loss 1.1553 val acc 0.5122 (0.1s)
    epoch 15/34 loss 1.1387 val acc 0.8293 (0.2s)
    epoch 16/34 loss 1.1402 val acc 0.5122 (0.1s)
    epoch 17/34 loss 1.1391 val acc 0.5610 (0.1s)
    epoch 18/34 loss 1.1368 val acc 0.7561 (0.1s)
    epoch 19/34 loss 1.1221 val acc 0.7805 (0.1s)
    epoch 20/34 loss 1.1236 val acc 0.7805 (0.1s)
    epoch 21/34 loss 1.1184 val acc 0.8293 (0.1s)
    epoch 22/34 loss 1.1215 val acc 0.7805 (0.2s)
    epoch 23/34 loss 1.1126 val acc 0.7805 (0.2s)
    epoch 24/34 loss 1.1145 val acc 0.8293 (0.2s)
    epoch 25/34 loss 1.1105 val acc 0.8049 (0.1s)
    epoch 26/34 loss 1.1038 val acc 0.8293 (0.1s)
    epoch 27/34 loss 1.1066 val acc 0.8293 (0.1s)
    epoch 28/34 loss 1.1058 val acc 0.7561 (0.1s)
    epoch 29/34 loss 1.1107 val acc 0.8049 (0.1s)
    epoch 30/34 loss 1.1128 val acc 0.8049 (0.1s)
    epoch 31/34 loss 1.1106 val acc 0.8293 (0.1s)
    epoch 32/34 loss 1.1074 val acc 0.8293 (0.2s)
    epoch 33/34 loss 1.1030 val acc 0.8293 (0.1s)
    epoch 34/34 loss 1.1040 val acc 0.8293 (0.2s)
  [invoice_processing.urgency] test acc 0.6100 macro-F1 0.3352 ECE 0.142 (T=0.83, 5s, 0.00M params)
  [security_incidents.credential_compromise] probe split=22, 2 labels, 278 train
    epoch 1/34 loss 0.7107 val acc 0.4091 (0.2s)
    epoch 2/34 loss 0.7039 val acc 0.4091 (0.2s)
    epoch 3/34 loss 0.7070 val acc 0.6364 (0.2s)
    epoch 4/34 loss 0.6940 val acc 0.5909 (0.2s)
    epoch 5/34 loss 0.6902 val acc 0.6364 (0.2s)
    epoch 6/34 loss 0.6832 val acc 0.4091 (0.2s)
    epoch 7/34 loss 0.6803 val acc 0.5909 (0.2s)
    epoch 8/34 loss 0.6790 val acc 0.7727 (0.2s)
    epoch 9/34 loss 0.6665 val acc 0.5909 (0.2s)
    epoch 10/34 loss 0.6591 val acc 0.5909 (0.2s)
    epoch 11/34 loss 0.6606 val acc 0.5909 (0.2s)
    epoch 12/34 loss 0.6611 val acc 0.7727 (0.2s)
    epoch 13/34 loss 0.6593 val acc 0.6364 (0.2s)
    epoch 14/34 loss 0.6715 val acc 0.7727 (0.2s)
    epoch 15/34 loss 0.6544 val acc 0.6818 (0.2s)
    epoch 16/34 loss 0.6584 val acc 0.5455 (0.2s)
    epoch 17/34 loss 0.6636 val acc 0.5000 (0.2s)
    epoch 18/34 loss 0.6757 val acc 0.7727 (0.2s)
    epoch 19/34 loss 0.6658 val acc 0.7273 (0.2s)
    epoch 20/34 loss 0.6623 val acc 0.5000 (0.2s)
    epoch 21/34 loss 0.6632 val acc 0.7727 (0.2s)
    epoch 22/34 loss 0.6551 val acc 0.5909 (0.2s)
    epoch 23/34 loss 0.6473 val acc 0.6818 (0.2s)
    epoch 24/34 loss 0.6459 val acc 0.6818 (0.2s)
    epoch 25/34 loss 0.6438 val acc 0.6818 (0.2s)
    epoch 26/34 loss 0.6457 val acc 0.6818 (0.2s)
    epoch 27/34 loss 0.6463 val acc 0.6364 (0.2s)
    epoch 28/34 loss 0.6440 val acc 0.6364 (0.2s)
    epoch 29/34 loss 0.6453 val acc 0.6818 (0.2s)
    epoch 30/34 loss 0.6428 val acc 0.6818 (0.2s)
    epoch 31/34 loss 0.6425 val acc 0.6818 (0.2s)
    epoch 32/34 loss 0.6416 val acc 0.6364 (0.2s)
    epoch 33/34 loss 0.6418 val acc 0.6364 (0.2s)
    epoch 34/34 loss 0.6455 val acc 0.6364 (0.2s)
  [security_incidents.credential_compromise] test acc 0.6800 macro-F1 0.6799 ECE 0.108 (T=1.00, 5s, 0.00M params)
  [security_incidents.disposition] probe split=22, 4 labels, 278 train
    epoch 1/34 loss 1.3369 val acc 0.7273 (0.2s)
    epoch 2/34 loss 1.2584 val acc 0.7273 (0.1s)
    epoch 3/34 loss 1.2399 val acc 0.7273 (0.2s)
    epoch 4/34 loss 1.2152 val acc 0.7273 (0.2s)
    epoch 5/34 loss 1.2093 val acc 0.7273 (0.2s)
    epoch 6/34 loss 1.1976 val acc 0.7273 (0.2s)
    epoch 7/34 loss 1.1941 val acc 0.7273 (0.2s)
    epoch 8/34 loss 1.1873 val acc 0.7273 (0.2s)
    epoch 9/34 loss 1.1897 val acc 0.7273 (0.2s)
    epoch 10/34 loss 1.1867 val acc 0.7727 (0.2s)
    epoch 11/34 loss 1.1739 val acc 0.7273 (0.2s)
    epoch 12/34 loss 1.1654 val acc 0.7273 (0.2s)
    epoch 13/34 loss 1.1662 val acc 0.7273 (0.2s)
    epoch 14/34 loss 1.1616 val acc 0.7273 (0.2s)
    epoch 15/34 loss 1.1516 val acc 0.7273 (0.2s)
    epoch 16/34 loss 1.1513 val acc 0.7273 (0.2s)
    epoch 17/34 loss 1.1512 val acc 0.7273 (0.2s)
    epoch 18/34 loss 1.1535 val acc 0.7273 (0.1s)
    epoch 19/34 loss 1.1481 val acc 0.7273 (0.2s)
    epoch 20/34 loss 1.1421 val acc 0.7273 (0.2s)
    epoch 21/34 loss 1.1406 val acc 0.7273 (0.2s)
    epoch 22/34 loss 1.1367 val acc 0.7273 (0.2s)
    epoch 23/34 loss 1.1384 val acc 0.7273 (0.2s)
    epoch 24/34 loss 1.1346 val acc 0.7273 (0.2s)
    epoch 25/34 loss 1.1336 val acc 0.7273 (0.1s)
    epoch 26/34 loss 1.1322 val acc 0.7273 (0.1s)
    epoch 27/34 loss 1.1323 val acc 0.7273 (0.2s)
    epoch 28/34 loss 1.1307 val acc 0.7273 (0.2s)
    epoch 29/34 loss 1.1323 val acc 0.7273 (0.2s)
    epoch 30/34 loss 1.1288 val acc 0.7273 (0.2s)
    epoch 31/34 loss 1.1304 val acc 0.7273 (0.2s)
    epoch 32/34 loss 1.1240 val acc 0.7273 (0.2s)
    epoch 33/34 loss 1.1249 val acc 0.7273 (0.2s)
    epoch 34/34 loss 1.1303 val acc 0.7273 (0.2s)
  [security_incidents.disposition] test acc 0.7700 macro-F1 0.2997 ECE 0.261 (T=1.00, 5s, 0.00M params)
  [security_incidents.severity] probe split=22, 5 labels, 278 train
    epoch 1/34 loss 1.6035 val acc 0.3182 (0.2s)
    epoch 2/34 loss 1.4906 val acc 0.4545 (0.2s)
    epoch 3/34 loss 1.4808 val acc 0.5909 (0.2s)
    epoch 4/34 loss 1.4666 val acc 0.6818 (0.1s)
    epoch 5/34 loss 1.4517 val acc 0.6818 (0.1s)
    epoch 6/34 loss 1.4339 val acc 0.5909 (0.1s)
    epoch 7/34 loss 1.4086 val acc 0.5909 (0.1s)
    epoch 8/34 loss 1.4010 val acc 0.6364 (0.1s)
    epoch 9/34 loss 1.3931 val acc 0.5909 (0.1s)
    epoch 10/34 loss 1.3825 val acc 0.5909 (0.1s)
    epoch 11/34 loss 1.3740 val acc 0.5909 (0.1s)
    epoch 12/34 loss 1.3739 val acc 0.6818 (0.1s)
    epoch 13/34 loss 1.3639 val acc 0.5455 (0.1s)
    epoch 14/34 loss 1.3534 val acc 0.6364 (0.1s)
    epoch 15/34 loss 1.3456 val acc 0.7273 (0.1s)
    epoch 16/34 loss 1.3419 val acc 0.7273 (0.1s)
    epoch 17/34 loss 1.3467 val acc 0.5909 (0.1s)
    epoch 18/34 loss 1.3372 val acc 0.5455 (0.1s)
    epoch 19/34 loss 1.3389 val acc 0.7273 (0.1s)
    epoch 20/34 loss 1.3292 val acc 0.6818 (0.1s)
    epoch 21/34 loss 1.3238 val acc 0.6364 (0.1s)
    epoch 22/34 loss 1.3242 val acc 0.7727 (0.2s)
    epoch 23/34 loss 1.3203 val acc 0.7727 (0.2s)
    epoch 24/34 loss 1.3194 val acc 0.7727 (0.2s)
    epoch 25/34 loss 1.3152 val acc 0.7273 (0.1s)
    epoch 26/34 loss 1.3218 val acc 0.7727 (0.1s)
    epoch 27/34 loss 1.3162 val acc 0.7727 (0.1s)
    epoch 28/34 loss 1.3120 val acc 0.7273 (0.1s)
    epoch 29/34 loss 1.3113 val acc 0.7727 (0.1s)
    epoch 30/34 loss 1.3075 val acc 0.7273 (0.1s)
    epoch 31/34 loss 1.3130 val acc 0.7273 (0.1s)
    epoch 32/34 loss 1.3092 val acc 0.7273 (0.1s)
    epoch 33/34 loss 1.3086 val acc 0.7273 (0.1s)
    epoch 34/34 loss 1.3105 val acc 0.7273 (0.1s)
  [security_incidents.severity] test acc 0.5800 macro-F1 0.3146 ECE 0.180 (T=1.00, 3s, 0.01M params)
  [security_incidents.true_positive] probe split=22, 2 labels, 278 train
    epoch 1/34 loss 0.6807 val acc 0.6364 (0.1s)
    epoch 2/34 loss 0.6729 val acc 0.7273 (0.1s)
    epoch 3/34 loss 0.6682 val acc 0.6818 (0.1s)
    epoch 4/34 loss 0.6758 val acc 0.6364 (0.1s)
    epoch 5/34 loss 0.6610 val acc 0.6818 (0.1s)
    epoch 6/34 loss 0.6411 val acc 0.6364 (0.1s)
    epoch 7/34 loss 0.6393 val acc 0.6818 (0.1s)
    epoch 8/34 loss 0.6321 val acc 0.6818 (0.1s)
    epoch 9/34 loss 0.6317 val acc 0.7727 (0.1s)
    epoch 10/34 loss 0.6287 val acc 0.7273 (0.1s)
    epoch 11/34 loss 0.6360 val acc 0.6364 (0.1s)
    epoch 12/34 loss 0.6387 val acc 0.6364 (0.1s)
    epoch 13/34 loss 0.6304 val acc 0.6364 (0.1s)
    epoch 14/34 loss 0.6313 val acc 0.7727 (0.1s)
    epoch 15/34 loss 0.6177 val acc 0.7727 (0.1s)
    epoch 16/34 loss 0.6221 val acc 0.6818 (0.1s)
    epoch 17/34 loss 0.6273 val acc 0.5909 (0.1s)
    epoch 18/34 loss 0.6377 val acc 0.7273 (0.1s)
    epoch 19/34 loss 0.6226 val acc 0.7273 (0.1s)
    epoch 20/34 loss 0.6127 val acc 0.8182 (0.1s)
    epoch 21/34 loss 0.6151 val acc 0.7727 (0.1s)
    epoch 22/34 loss 0.6147 val acc 0.7727 (0.1s)
    epoch 23/34 loss 0.6141 val acc 0.8636 (0.1s)
    epoch 24/34 loss 0.6123 val acc 0.7727 (0.1s)
    epoch 25/34 loss 0.6106 val acc 0.7727 (0.1s)
    epoch 26/34 loss 0.6100 val acc 0.7727 (0.1s)
    epoch 27/34 loss 0.6118 val acc 0.7727 (0.1s)
    epoch 28/34 loss 0.6089 val acc 0.7727 (0.1s)
    epoch 29/34 loss 0.6106 val acc 0.7727 (0.1s)
    epoch 30/34 loss 0.6099 val acc 0.8182 (0.1s)
    epoch 31/34 loss 0.6102 val acc 0.7727 (0.1s)
    epoch 32/34 loss 0.6068 val acc 0.7727 (0.1s)
    epoch 33/34 loss 0.6077 val acc 0.7727 (0.1s)
    epoch 34/34 loss 0.6125 val acc 0.7727 (0.1s)
  [security_incidents.true_positive] test acc 0.7700 macro-F1 0.7048 ECE 0.138 (T=1.00, 2s, 0.00M params)
  [security_incidents.urgency] probe split=22, 4 labels, 278 train
    epoch 1/34 loss 1.3799 val acc 0.5455 (0.1s)
    epoch 2/34 loss 1.2821 val acc 0.5000 (0.1s)
    epoch 3/34 loss 1.2693 val acc 0.5455 (0.1s)
    epoch 4/34 loss 1.2424 val acc 0.5455 (0.1s)
    epoch 5/34 loss 1.2305 val acc 0.5909 (0.1s)
    epoch 6/34 loss 1.2088 val acc 0.5909 (0.1s)
    epoch 7/34 loss 1.2142 val acc 0.5455 (0.1s)
    epoch 8/34 loss 1.1922 val acc 0.5909 (0.1s)
    epoch 9/34 loss 1.1914 val acc 0.5909 (0.1s)
    epoch 10/34 loss 1.2043 val acc 0.4545 (0.1s)
    epoch 11/34 loss 1.1993 val acc 0.5909 (0.1s)
    epoch 12/34 loss 1.1763 val acc 0.5909 (0.1s)
    epoch 13/34 loss 1.1692 val acc 0.5909 (0.1s)
    epoch 14/34 loss 1.1612 val acc 0.5909 (0.1s)
    epoch 15/34 loss 1.1613 val acc 0.5909 (0.1s)
    epoch 16/34 loss 1.1552 val acc 0.5000 (0.1s)
    epoch 17/34 loss 1.1554 val acc 0.5000 (0.1s)
    epoch 18/34 loss 1.1633 val acc 0.5909 (0.1s)
    epoch 19/34 loss 1.1600 val acc 0.6364 (0.1s)
    epoch 20/34 loss 1.1538 val acc 0.5455 (0.1s)
    epoch 21/34 loss 1.1406 val acc 0.6364 (0.1s)
    epoch 22/34 loss 1.1481 val acc 0.5455 (0.1s)
    epoch 23/34 loss 1.1408 val acc 0.5909 (0.1s)
    epoch 24/34 loss 1.1400 val acc 0.5455 (0.1s)
    epoch 25/34 loss 1.1359 val acc 0.5909 (0.1s)
    epoch 26/34 loss 1.1388 val acc 0.5909 (0.1s)
    epoch 27/34 loss 1.1387 val acc 0.5455 (0.1s)
    epoch 28/34 loss 1.1331 val acc 0.5909 (0.1s)
    epoch 29/34 loss 1.1325 val acc 0.5909 (0.1s)
    epoch 30/34 loss 1.1329 val acc 0.5909 (0.1s)
    epoch 31/34 loss 1.1354 val acc 0.5909 (0.1s)
    epoch 32/34 loss 1.1291 val acc 0.5909 (0.1s)
    epoch 33/34 loss 1.1299 val acc 0.5909 (0.1s)
    epoch 34/34 loss 1.1356 val acc 0.5909 (0.1s)
  [security_incidents.urgency] test acc 0.5500 macro-F1 0.2947 ECE 0.107 (T=1.00, 2s, 0.00M params)
   probe@22 mean: {"acc": 0.6555, "macro_f1": 0.4784, "ece": 0.1448, "nll": 0.859}
-- blocks@14+2
  cached trunk depth 14 for 1600 messages in 5.1s (559 MB)
  [agent_trace_observability.action] blocks split=14 depth=2, 4 labels, 274 train
    epoch 1/34 loss 1.3043 val acc 0.5385 (0.5s)
    epoch 2/34 loss 1.2812 val acc 0.3846 (0.5s)
    epoch 3/34 loss 1.2758 val acc 0.3077 (0.6s)
    epoch 4/34 loss 1.2567 val acc 0.5385 (0.5s)
    epoch 5/34 loss 1.2388 val acc 0.5385 (0.5s)
    epoch 6/34 loss 1.1979 val acc 0.6538 (0.6s)
    epoch 7/34 loss 1.1271 val acc 0.7308 (0.6s)
    epoch 8/34 loss 1.1121 val acc 0.7692 (0.5s)
    epoch 9/34 loss 1.1025 val acc 0.6923 (0.5s)
    epoch 10/34 loss 1.1136 val acc 0.8462 (0.6s)
    epoch 11/34 loss 1.1009 val acc 0.8077 (0.6s)
    epoch 12/34 loss 1.0955 val acc 0.6923 (0.5s)
    epoch 13/34 loss 1.1098 val acc 0.7308 (0.5s)
    epoch 14/34 loss 1.1025 val acc 0.6923 (0.5s)
    epoch 15/34 loss 1.0950 val acc 0.8077 (0.6s)
    epoch 16/34 loss 1.0924 val acc 0.7308 (0.5s)
    epoch 17/34 loss 1.0860 val acc 0.7692 (0.5s)
    epoch 18/34 loss 1.0852 val acc 0.7692 (0.5s)
    epoch 19/34 loss 1.0807 val acc 0.7308 (0.6s)
    epoch 20/34 loss 1.0789 val acc 0.6923 (0.5s)
    epoch 21/34 loss 1.0778 val acc 0.7308 (0.5s)
    epoch 22/34 loss 1.0774 val acc 0.7692 (0.6s)
    epoch 23/34 loss 1.0757 val acc 0.7692 (0.6s)
    epoch 24/34 loss 1.0743 val acc 0.7692 (0.6s)
    epoch 25/34 loss 1.0771 val acc 0.7692 (0.6s)
    epoch 26/34 loss 1.0735 val acc 0.7308 (0.5s)
    epoch 27/34 loss 1.0737 val acc 0.7692 (0.6s)
    epoch 28/34 loss 1.0727 val acc 0.6923 (0.6s)
    epoch 29/34 loss 1.0720 val acc 0.6923 (0.5s)
    epoch 30/34 loss 1.0724 val acc 0.7308 (0.6s)
    epoch 31/34 loss 1.0712 val acc 0.7308 (0.5s)
    epoch 32/34 loss 1.0712 val acc 0.7308 (0.6s)
    epoch 33/34 loss 1.0708 val acc 0.7308 (0.6s)
    epoch 34/34 loss 1.0725 val acc 0.7308 (0.6s)
  [agent_trace_observability.action] test acc 0.7400 macro-F1 0.5525 ECE 0.230 (T=1.00, 19s, 10.03M params)
  [agent_trace_observability.needs_review] blocks split=14 depth=2, 2 labels, 274 train
    epoch 1/34 loss 0.7045 val acc 0.5000 (0.6s)
    epoch 2/34 loss 0.7067 val acc 0.5000 (0.6s)
    epoch 3/34 loss 0.6984 val acc 0.6154 (0.5s)
    epoch 4/34 loss 0.6706 val acc 0.6154 (0.5s)
    epoch 5/34 loss 0.6184 val acc 0.6923 (0.6s)
    epoch 6/34 loss 0.6034 val acc 0.7692 (0.5s)
    epoch 7/34 loss 0.5798 val acc 0.8846 (0.5s)
    epoch 8/34 loss 0.5767 val acc 0.8462 (0.5s)
    epoch 9/34 loss 0.5719 val acc 0.8462 (0.5s)
    epoch 10/34 loss 0.5717 val acc 0.9615 (0.5s)
    epoch 11/34 loss 0.5687 val acc 0.9231 (0.6s)
    epoch 12/34 loss 0.5682 val acc 0.8462 (0.5s)
    epoch 13/34 loss 0.5666 val acc 0.8462 (0.6s)
    epoch 14/34 loss 0.5641 val acc 0.8846 (0.5s)
    epoch 15/34 loss 0.5645 val acc 0.8846 (0.6s)
    epoch 16/34 loss 0.5635 val acc 0.8846 (0.5s)
    epoch 17/34 loss 0.5615 val acc 0.8462 (0.6s)
    epoch 18/34 loss 0.5631 val acc 0.8462 (0.6s)
    epoch 19/34 loss 0.5614 val acc 0.8846 (0.6s)
    epoch 20/34 loss 0.5589 val acc 0.8462 (0.5s)
    epoch 21/34 loss 0.5585 val acc 0.8462 (0.6s)
    epoch 22/34 loss 0.5580 val acc 0.8462 (0.6s)
    epoch 23/34 loss 0.5577 val acc 0.8462 (0.6s)
    epoch 24/34 loss 0.5575 val acc 0.8846 (0.6s)
    epoch 25/34 loss 0.5583 val acc 0.8462 (0.5s)
    epoch 26/34 loss 0.5572 val acc 0.8462 (0.6s)
    epoch 27/34 loss 0.5569 val acc 0.8462 (0.5s)
    epoch 28/34 loss 0.5564 val acc 0.8462 (0.5s)
    epoch 29/34 loss 0.5565 val acc 0.8462 (0.5s)
    epoch 30/34 loss 0.5559 val acc 0.8462 (0.6s)
    epoch 31/34 loss 0.5560 val acc 0.8462 (0.6s)
    epoch 32/34 loss 0.5561 val acc 0.8462 (0.6s)
    epoch 33/34 loss 0.5555 val acc 0.8462 (0.6s)
    epoch 34/34 loss 0.5561 val acc 0.8462 (0.5s)
  [agent_trace_observability.needs_review] test acc 0.8900 macro-F1 0.8891 ECE 0.173 (T=1.00, 19s, 10.03M params)
  [agent_trace_observability.outcome] blocks split=14 depth=2, 4 labels, 274 train
    epoch 1/34 loss 1.5046 val acc 0.5769 (0.6s)
    epoch 2/34 loss 1.3736 val acc 0.2692 (0.6s)
    epoch 3/34 loss 1.3628 val acc 0.5769 (0.5s)
    epoch 4/34 loss 1.3390 val acc 0.5769 (0.5s)
    epoch 5/34 loss 1.3431 val acc 0.3846 (0.6s)
    epoch 6/34 loss 1.3074 val acc 0.7308 (0.5s)
    epoch 7/34 loss 1.1768 val acc 0.9231 (0.5s)
    epoch 8/34 loss 1.0837 val acc 0.9231 (0.5s)
    epoch 9/34 loss 1.0628 val acc 0.8846 (0.5s)
    epoch 10/34 loss 1.0570 val acc 0.9231 (0.6s)
    epoch 11/34 loss 1.0395 val acc 0.9231 (0.6s)
    epoch 12/34 loss 1.0288 val acc 0.8846 (0.6s)
    epoch 13/34 loss 1.0460 val acc 0.9615 (0.5s)
    epoch 14/34 loss 1.0225 val acc 0.9615 (0.6s)
    epoch 15/34 loss 1.0216 val acc 0.9615 (0.6s)
    epoch 16/34 loss 1.0281 val acc 1.0000 (0.5s)
    epoch 17/34 loss 1.0218 val acc 0.9231 (0.6s)
    epoch 18/34 loss 1.0096 val acc 0.9231 (0.5s)
    epoch 19/34 loss 1.0139 val acc 0.9231 (0.6s)
    epoch 20/34 loss 1.0083 val acc 0.8462 (0.6s)
    epoch 21/34 loss 1.0109 val acc 0.9231 (0.5s)
    epoch 22/34 loss 1.0092 val acc 0.8846 (0.5s)
    epoch 23/34 loss 1.0049 val acc 0.9615 (0.6s)
    epoch 24/34 loss 1.0126 val acc 0.8846 (0.6s)
    epoch 25/34 loss 1.0084 val acc 0.9231 (0.5s)
    epoch 26/34 loss 1.0028 val acc 0.8846 (0.6s)
    epoch 27/34 loss 1.0006 val acc 0.9615 (0.5s)
    epoch 28/34 loss 1.0010 val acc 0.8846 (0.5s)
    epoch 29/34 loss 0.9990 val acc 0.8846 (0.6s)
    epoch 30/34 loss 0.9990 val acc 0.9231 (0.5s)
    epoch 31/34 loss 0.9995 val acc 0.9615 (0.6s)
    epoch 32/34 loss 0.9990 val acc 0.9231 (0.6s)
    epoch 33/34 loss 0.9986 val acc 0.9231 (0.5s)
    epoch 34/34 loss 0.9982 val acc 0.9231 (0.5s)
  [agent_trace_observability.outcome] test acc 0.7100 macro-F1 0.7319 ECE 0.160 (T=1.00, 19s, 10.03M params)
  [agent_trace_observability.risk] blocks split=14 depth=2, 4 labels, 274 train
    epoch 1/34 loss 1.4107 val acc 0.2692 (0.5s)
    epoch 2/34 loss 1.3927 val acc 0.2692 (0.6s)
    epoch 3/34 loss 1.3635 val acc 0.3462 (0.5s)
    epoch 4/34 loss 1.3581 val acc 0.2692 (0.5s)
    epoch 5/34 loss 1.3441 val acc 0.4615 (0.6s)
    epoch 6/34 loss 1.2674 val acc 0.4615 (0.5s)
    epoch 7/34 loss 1.0590 val acc 0.6154 (0.5s)
    epoch 8/34 loss 1.0253 val acc 0.8846 (0.5s)
    epoch 9/34 loss 1.0002 val acc 0.8077 (0.5s)
    epoch 10/34 loss 1.0245 val acc 0.8077 (0.6s)
    epoch 11/34 loss 1.0005 val acc 0.7692 (0.6s)
    epoch 12/34 loss 0.9890 val acc 0.9231 (0.6s)
    epoch 13/34 loss 0.9790 val acc 0.8846 (0.6s)
    epoch 14/34 loss 0.9808 val acc 0.8077 (0.5s)
    epoch 15/34 loss 0.9712 val acc 0.9615 (0.6s)
    epoch 16/34 loss 0.9716 val acc 0.9615 (0.5s)
    epoch 17/34 loss 0.9621 val acc 0.8846 (0.6s)
    epoch 18/34 loss 0.9659 val acc 1.0000 (0.5s)
    epoch 19/34 loss 0.9615 val acc 1.0000 (0.6s)
    epoch 20/34 loss 0.9554 val acc 0.9231 (0.6s)
    epoch 21/34 loss 0.9595 val acc 0.9231 (0.5s)
    epoch 22/34 loss 0.9543 val acc 1.0000 (0.6s)
    epoch 23/34 loss 0.9523 val acc 1.0000 (0.5s)
    epoch 24/34 loss 0.9506 val acc 1.0000 (0.6s)
    epoch 25/34 loss 0.9515 val acc 0.9615 (0.5s)
    epoch 26/34 loss 0.9489 val acc 1.0000 (0.6s)
    epoch 27/34 loss 0.9508 val acc 1.0000 (0.6s)
    epoch 28/34 loss 0.9497 val acc 0.9615 (0.5s)
    epoch 29/34 loss 0.9495 val acc 1.0000 (0.5s)
    epoch 30/34 loss 0.9487 val acc 1.0000 (0.6s)
    epoch 31/34 loss 0.9481 val acc 0.9615 (0.6s)
    epoch 32/34 loss 0.9467 val acc 0.9615 (0.5s)
    epoch 33/34 loss 0.9449 val acc 1.0000 (0.6s)
    epoch 34/34 loss 0.9484 val acc 1.0000 (0.5s)
  [agent_trace_observability.risk] test acc 0.7700 macro-F1 0.7940 ECE 0.196 (T=1.00, 19s, 10.03M params)
  [agent_trace_observability.urgency] blocks split=14 depth=2, 4 labels, 274 train
    epoch 1/34 loss 1.3761 val acc 0.6154 (0.5s)
    epoch 2/34 loss 1.3590 val acc 0.6154 (0.5s)
    epoch 3/34 loss 1.3534 val acc 0.5769 (0.5s)
    epoch 4/34 loss 1.3355 val acc 0.6154 (0.6s)
    epoch 5/34 loss 1.3220 val acc 0.1923 (0.5s)
    epoch 6/34 loss 1.2237 val acc 0.4231 (0.6s)
    epoch 7/34 loss 1.1338 val acc 0.8462 (0.5s)
    epoch 8/34 loss 1.1051 val acc 0.6538 (0.5s)
    epoch 9/34 loss 1.1026 val acc 0.8462 (0.5s)
    epoch 10/34 loss 1.0996 val acc 0.6923 (0.5s)
    epoch 11/34 loss 1.1117 val acc 0.7692 (0.5s)
    epoch 12/34 loss 1.0833 val acc 0.8077 (0.5s)
    epoch 13/34 loss 1.0880 val acc 0.8077 (0.6s)
    epoch 14/34 loss 1.0879 val acc 0.8462 (0.6s)
    epoch 15/34 loss 1.0813 val acc 0.8077 (0.5s)
    epoch 16/34 loss 1.0777 val acc 0.7308 (0.6s)
    epoch 17/34 loss 1.0800 val acc 0.8462 (0.6s)
    epoch 18/34 loss 1.0732 val acc 0.8077 (0.6s)
    epoch 19/34 loss 1.0697 val acc 0.8077 (0.5s)
    epoch 20/34 loss 1.0710 val acc 0.8077 (0.6s)
    epoch 21/34 loss 1.0696 val acc 0.7308 (0.5s)
    epoch 22/34 loss 1.0701 val acc 0.8077 (0.5s)
    epoch 23/34 loss 1.0696 val acc 0.7692 (0.6s)
    epoch 24/34 loss 1.0665 val acc 0.8077 (0.5s)
    epoch 25/34 loss 1.0638 val acc 0.8077 (0.5s)
    epoch 26/34 loss 1.0609 val acc 0.8462 (0.6s)
    epoch 27/34 loss 1.0602 val acc 0.8077 (0.6s)
    epoch 28/34 loss 1.0599 val acc 0.8462 (0.6s)
    epoch 29/34 loss 1.0607 val acc 0.8462 (0.5s)
    epoch 30/34 loss 1.0582 val acc 0.8462 (0.5s)
    epoch 31/34 loss 1.0574 val acc 0.8462 (0.5s)
    epoch 32/34 loss 1.0575 val acc 0.8462 (0.5s)
    epoch 33/34 loss 1.0568 val acc 0.8462 (0.6s)
    epoch 34/34 loss 1.0593 val acc 0.8462 (0.5s)
  [agent_trace_observability.urgency] test acc 0.6300 macro-F1 0.5897 ECE 0.148 (T=1.00, 19s, 10.03M params)
  [customer_service.action] blocks split=14 depth=2, 5 labels, 269 train
    epoch 1/34 loss 1.4325 val acc 0.5484 (1.4s)
    epoch 2/34 loss 1.3169 val acc 0.5484 (1.5s)
    epoch 3/34 loss 1.2731 val acc 0.5484 (1.5s)
    epoch 4/34 loss 1.2425 val acc 0.5484 (1.5s)
    epoch 5/34 loss 1.2203 val acc 0.5161 (1.5s)
    epoch 6/34 loss 1.1908 val acc 0.4839 (1.5s)
    epoch 7/34 loss 1.1835 val acc 0.5806 (1.5s)
    epoch 8/34 loss 1.1565 val acc 0.6129 (1.5s)
    epoch 9/34 loss 1.1368 val acc 0.4839 (1.5s)
    epoch 10/34 loss 1.1153 val acc 0.5161 (1.5s)
    epoch 11/34 loss 1.0878 val acc 0.7097 (1.5s)
    epoch 12/34 loss 1.0758 val acc 0.6129 (1.5s)
    epoch 13/34 loss 1.0508 val acc 0.6452 (1.5s)
    epoch 14/34 loss 1.0278 val acc 0.6452 (1.5s)
    epoch 15/34 loss 1.0177 val acc 0.6452 (1.5s)
    epoch 16/34 loss 1.0366 val acc 0.4194 (1.5s)
    epoch 17/34 loss 1.0085 val acc 0.5806 (1.5s)
    epoch 18/34 loss 0.9899 val acc 0.6452 (1.5s)
    epoch 19/34 loss 1.0039 val acc 0.6452 (1.5s)
    epoch 20/34 loss 1.0020 val acc 0.6129 (1.5s)
    epoch 21/34 loss 0.9945 val acc 0.6129 (1.5s)
    epoch 22/34 loss 0.9697 val acc 0.6774 (1.5s)
    epoch 23/34 loss 0.9650 val acc 0.6452 (1.5s)
    epoch 24/34 loss 0.9617 val acc 0.6774 (1.5s)
    epoch 25/34 loss 0.9562 val acc 0.7097 (1.5s)
    epoch 26/34 loss 0.9535 val acc 0.7097 (1.5s)
    epoch 27/34 loss 0.9522 val acc 0.6452 (1.5s)
    epoch 28/34 loss 0.9515 val acc 0.7097 (1.5s)
    epoch 29/34 loss 0.9514 val acc 0.6452 (1.5s)
    epoch 30/34 loss 0.9495 val acc 0.7097 (1.5s)
    epoch 31/34 loss 0.9468 val acc 0.7097 (1.5s)
    epoch 32/34 loss 0.9480 val acc 0.6774 (1.5s)
    epoch 33/34 loss 0.9488 val acc 0.6774 (1.5s)
    epoch 34/34 loss 0.9476 val acc 0.6774 (1.5s)
  [customer_service.action] test acc 0.6200 macro-F1 0.3436 ECE 0.101 (T=1.12, 51s, 10.03M params)
  [customer_service.category] blocks split=14 depth=2, 5 labels, 269 train
    epoch 1/34 loss 1.6386 val acc 0.2903 (1.4s)
    epoch 2/34 loss 1.5792 val acc 0.1290 (1.5s)
    epoch 3/34 loss 1.5664 val acc 0.5161 (1.5s)
    epoch 4/34 loss 1.4871 val acc 0.2903 (1.5s)
    epoch 5/34 loss 1.3318 val acc 0.2258 (1.5s)
    epoch 6/34 loss 1.0009 val acc 0.6452 (1.5s)
    epoch 7/34 loss 0.6562 val acc 0.7419 (1.5s)
    epoch 8/34 loss 0.5577 val acc 0.8387 (1.5s)
    epoch 9/34 loss 0.5239 val acc 0.8065 (1.5s)
    epoch 10/34 loss 0.4783 val acc 0.8065 (1.5s)
    epoch 11/34 loss 0.4567 val acc 0.8065 (1.5s)
    epoch 12/34 loss 0.4477 val acc 0.8065 (1.5s)
    epoch 13/34 loss 0.4349 val acc 0.8065 (1.5s)
    epoch 14/34 loss 0.4410 val acc 0.7742 (1.5s)
    epoch 15/34 loss 0.4292 val acc 0.8065 (1.5s)
    epoch 16/34 loss 0.4277 val acc 0.8065 (1.5s)
    epoch 17/34 loss 0.4225 val acc 0.7742 (1.5s)
    epoch 18/34 loss 0.4193 val acc 0.8065 (1.5s)
    epoch 19/34 loss 0.4137 val acc 0.8065 (1.5s)
    epoch 20/34 loss 0.4125 val acc 0.8387 (1.5s)
    epoch 21/34 loss 0.4105 val acc 0.8065 (1.5s)
    epoch 22/34 loss 0.4096 val acc 0.8065 (1.5s)
    epoch 23/34 loss 0.4079 val acc 0.8065 (1.5s)
    epoch 24/34 loss 0.4081 val acc 0.8065 (1.5s)
    epoch 25/34 loss 0.4067 val acc 0.8065 (1.5s)
    epoch 26/34 loss 0.4070 val acc 0.8065 (1.5s)
    epoch 27/34 loss 0.4062 val acc 0.8065 (1.5s)
    epoch 28/34 loss 0.4059 val acc 0.8065 (1.5s)
    epoch 29/34 loss 0.4052 val acc 0.8065 (1.5s)
    epoch 30/34 loss 0.4055 val acc 0.8065 (1.5s)
    epoch 31/34 loss 0.4049 val acc 0.8065 (1.5s)
    epoch 32/34 loss 0.4056 val acc 0.8065 (1.5s)
    epoch 33/34 loss 0.4049 val acc 0.8065 (1.5s)
    epoch 34/34 loss 0.4050 val acc 0.8065 (1.5s)
  [customer_service.category] test acc 0.9000 macro-F1 0.9019 ECE 0.150 (T=1.06, 51s, 10.03M params)
  [customer_service.churn_risk] blocks split=14 depth=2, 4 labels, 269 train
    epoch 1/34 loss 1.5318 val acc 0.5161 (1.4s)
    epoch 2/34 loss 1.3504 val acc 0.5161 (1.5s)
    epoch 3/34 loss 1.3237 val acc 0.5161 (1.5s)
    epoch 4/34 loss 1.2794 val acc 0.4839 (1.5s)
    epoch 5/34 loss 1.2621 val acc 0.5161 (1.5s)
    epoch 6/34 loss 1.2489 val acc 0.6774 (1.5s)
    epoch 7/34 loss 1.2048 val acc 0.5484 (1.5s)
    epoch 8/34 loss 1.1216 val acc 0.6452 (1.5s)
    epoch 9/34 loss 1.1217 val acc 0.7742 (1.5s)
    epoch 10/34 loss 1.0535 val acc 0.7742 (1.5s)
    epoch 11/34 loss 1.0132 val acc 0.6452 (1.5s)
    epoch 12/34 loss 0.9811 val acc 0.7742 (1.5s)
    epoch 13/34 loss 0.9901 val acc 0.7419 (1.5s)
    epoch 14/34 loss 0.9427 val acc 0.7097 (1.5s)
    epoch 15/34 loss 0.9334 val acc 0.7097 (1.5s)
    epoch 16/34 loss 0.9216 val acc 0.7742 (1.5s)
    epoch 17/34 loss 0.9209 val acc 0.7742 (1.5s)
    epoch 18/34 loss 0.9137 val acc 0.7742 (1.5s)
    epoch 19/34 loss 0.9120 val acc 0.7097 (1.5s)
    epoch 20/34 loss 0.9075 val acc 0.6774 (1.5s)
    epoch 21/34 loss 0.9000 val acc 0.7097 (1.5s)
    epoch 22/34 loss 0.8964 val acc 0.7097 (1.5s)
    epoch 23/34 loss 0.8922 val acc 0.7742 (1.5s)
    epoch 24/34 loss 0.8922 val acc 0.7419 (1.5s)
    epoch 25/34 loss 0.8891 val acc 0.7097 (1.5s)
    epoch 26/34 loss 0.8883 val acc 0.7097 (1.5s)
    epoch 27/34 loss 0.8871 val acc 0.7097 (1.5s)
    epoch 28/34 loss 0.8870 val acc 0.7097 (1.5s)
    epoch 29/34 loss 0.8858 val acc 0.7097 (1.5s)
    epoch 30/34 loss 0.8847 val acc 0.7097 (1.5s)
    epoch 31/34 loss 0.8846 val acc 0.7419 (1.5s)
    epoch 32/34 loss 0.8845 val acc 0.7097 (1.5s)
    epoch 33/34 loss 0.8849 val acc 0.7097 (1.5s)
    epoch 34/34 loss 0.8835 val acc 0.7097 (1.5s)
  [customer_service.churn_risk] test acc 0.8000 macro-F1 0.6036 ECE 0.246 (T=1.21, 51s, 10.03M params)
  [customer_service.needs_human] blocks split=14 depth=2, 2 labels, 269 train
    epoch 1/34 loss 0.7042 val acc 0.7419 (1.4s)
    epoch 2/34 loss 0.6953 val acc 0.7419 (1.5s)
    epoch 3/34 loss 0.7086 val acc 0.7419 (1.5s)
    epoch 4/34 loss 0.6771 val acc 0.7419 (1.5s)
    epoch 5/34 loss 0.6579 val acc 0.2903 (1.5s)
    epoch 6/34 loss 0.6911 val acc 0.6774 (1.5s)
    epoch 7/34 loss 0.6538 val acc 0.7419 (1.5s)
    epoch 8/34 loss 0.6388 val acc 0.7742 (1.5s)
    epoch 9/34 loss 0.6325 val acc 0.8387 (1.5s)
    epoch 10/34 loss 0.6213 val acc 0.3548 (1.5s)
    epoch 11/34 loss 0.6752 val acc 0.9032 (1.5s)
    epoch 12/34 loss 0.6078 val acc 0.9032 (1.5s)
    epoch 13/34 loss 0.6275 val acc 0.6774 (1.5s)
    epoch 14/34 loss 0.5898 val acc 0.7419 (1.5s)
    epoch 15/34 loss 0.5965 val acc 0.6129 (1.5s)
    epoch 16/34 loss 0.5838 val acc 0.7742 (1.5s)
    epoch 17/34 loss 0.5822 val acc 0.9032 (1.5s)
    epoch 18/34 loss 0.5885 val acc 0.7742 (1.5s)
    epoch 19/34 loss 0.5664 val acc 0.6452 (1.5s)
    epoch 20/34 loss 0.5687 val acc 0.7742 (1.5s)
    epoch 21/34 loss 0.5633 val acc 0.7742 (1.5s)
    epoch 22/34 loss 0.5597 val acc 0.7097 (1.5s)
    epoch 23/34 loss 0.5562 val acc 0.8065 (1.5s)
    epoch 24/34 loss 0.5514 val acc 0.7742 (1.5s)
    epoch 25/34 loss 0.5494 val acc 0.8065 (1.5s)
    epoch 26/34 loss 0.5472 val acc 0.7742 (1.5s)
    epoch 27/34 loss 0.5471 val acc 0.7742 (1.5s)
    epoch 28/34 loss 0.5460 val acc 0.7419 (1.5s)
    epoch 29/34 loss 0.5456 val acc 0.8065 (1.5s)
    epoch 30/34 loss 0.5452 val acc 0.7742 (1.5s)
    epoch 31/34 loss 0.5447 val acc 0.7419 (1.5s)
    epoch 32/34 loss 0.5447 val acc 0.7419 (1.5s)
    epoch 33/34 loss 0.5447 val acc 0.7419 (1.5s)
    epoch 34/34 loss 0.5442 val acc 0.7419 (1.5s)
  [customer_service.needs_human] test acc 0.8200 macro-F1 0.7768 ECE 0.139 (T=0.89, 51s, 10.03M params)
  [customer_service.urgency] blocks split=14 depth=2, 4 labels, 269 train
    epoch 1/34 loss 1.6672 val acc 0.2581 (1.5s)
    epoch 2/34 loss 1.3153 val acc 0.5161 (1.5s)
    epoch 3/34 loss 1.2055 val acc 0.3871 (1.5s)
    epoch 4/34 loss 1.1932 val acc 0.5806 (1.5s)
    epoch 5/34 loss 1.1740 val acc 0.2903 (1.5s)
    epoch 6/34 loss 1.1851 val acc 0.5484 (1.5s)
    epoch 7/34 loss 1.1434 val acc 0.3226 (1.5s)
    epoch 8/34 loss 1.1146 val acc 0.5484 (1.5s)
    epoch 9/34 loss 1.0272 val acc 0.6452 (1.5s)
    epoch 10/34 loss 0.9881 val acc 0.6129 (1.5s)
    epoch 11/34 loss 0.9539 val acc 0.6452 (1.5s)
    epoch 12/34 loss 0.9288 val acc 0.6452 (1.5s)
    epoch 13/34 loss 0.9065 val acc 0.5806 (1.5s)
    epoch 14/34 loss 0.8904 val acc 0.6129 (1.5s)
    epoch 15/34 loss 0.8781 val acc 0.6774 (1.5s)
    epoch 16/34 loss 0.8683 val acc 0.7097 (1.5s)
    epoch 17/34 loss 0.8650 val acc 0.6774 (1.5s)
    epoch 18/34 loss 0.8593 val acc 0.6774 (1.5s)
    epoch 19/34 loss 0.8528 val acc 0.7419 (1.5s)
    epoch 20/34 loss 0.8503 val acc 0.6774 (1.5s)
    epoch 21/34 loss 0.8467 val acc 0.6774 (1.5s)
    epoch 22/34 loss 0.8455 val acc 0.7097 (1.5s)
    epoch 23/34 loss 0.8429 val acc 0.6774 (1.5s)
    epoch 24/34 loss 0.8410 val acc 0.7097 (1.5s)
    epoch 25/34 loss 0.8408 val acc 0.7097 (1.5s)
    epoch 26/34 loss 0.8402 val acc 0.7097 (1.5s)
    epoch 27/34 loss 0.8391 val acc 0.6774 (1.5s)
    epoch 28/34 loss 0.8388 val acc 0.7097 (1.5s)
    epoch 29/34 loss 0.8382 val acc 0.6774 (1.5s)
    epoch 30/34 loss 0.8382 val acc 0.7097 (1.5s)
    epoch 31/34 loss 0.8390 val acc 0.7097 (1.5s)
    epoch 32/34 loss 0.8387 val acc 0.7097 (1.5s)
    epoch 33/34 loss 0.8376 val acc 0.7097 (1.5s)
    epoch 34/34 loss 0.8378 val acc 0.7097 (1.5s)
  [customer_service.urgency] test acc 0.7500 macro-F1 0.5434 ECE 0.171 (T=1.04, 51s, 10.03M params)
  [invoice_processing.discrepancy_severity] blocks split=14 depth=2, 4 labels, 259 train
    epoch 1/34 loss 1.3935 val acc 0.2927 (1.4s)
    epoch 2/34 loss 1.3006 val acc 0.2927 (1.4s)
    epoch 3/34 loss 1.3041 val acc 0.3902 (1.4s)
    epoch 4/34 loss 1.2801 val acc 0.2927 (1.5s)
    epoch 5/34 loss 1.2529 val acc 0.2927 (1.4s)
    epoch 6/34 loss 1.2733 val acc 0.2927 (1.5s)
    epoch 7/34 loss 1.2439 val acc 0.2927 (1.5s)
    epoch 8/34 loss 1.1924 val acc 0.2927 (1.5s)
    epoch 9/34 loss 1.1297 val acc 0.4146 (1.5s)
    epoch 10/34 loss 1.3172 val acc 0.3659 (1.5s)
    epoch 11/34 loss 1.0437 val acc 0.3659 (1.5s)
    epoch 12/34 loss 0.9905 val acc 0.4634 (1.5s)
    epoch 13/34 loss 0.9930 val acc 0.4146 (1.5s)
    epoch 14/34 loss 0.9524 val acc 0.3902 (1.5s)
    epoch 15/34 loss 0.9142 val acc 0.5122 (1.5s)
    epoch 16/34 loss 0.8903 val acc 0.5366 (1.5s)
    epoch 17/34 loss 0.8634 val acc 0.5122 (1.5s)
    epoch 18/34 loss 0.8508 val acc 0.5366 (1.5s)
    epoch 19/34 loss 0.8283 val acc 0.5366 (1.4s)
    epoch 20/34 loss 0.8198 val acc 0.5610 (1.5s)
    epoch 21/34 loss 0.7930 val acc 0.4878 (1.5s)
    epoch 22/34 loss 0.7881 val acc 0.5366 (1.5s)
    epoch 23/34 loss 0.7738 val acc 0.5854 (1.5s)
    epoch 24/34 loss 0.7676 val acc 0.5610 (1.5s)
    epoch 25/34 loss 0.7626 val acc 0.5610 (1.5s)
    epoch 26/34 loss 0.7545 val acc 0.6341 (1.5s)
    epoch 27/34 loss 0.7520 val acc 0.5854 (1.4s)
    epoch 28/34 loss 0.7483 val acc 0.6585 (1.5s)
    epoch 29/34 loss 0.7486 val acc 0.5854 (1.5s)
    epoch 30/34 loss 0.7435 val acc 0.6098 (1.5s)
    epoch 31/34 loss 0.7441 val acc 0.6585 (1.5s)
    epoch 32/34 loss 0.7442 val acc 0.6341 (1.5s)
    epoch 33/34 loss 0.7412 val acc 0.6341 (1.5s)
    epoch 34/34 loss 0.7410 val acc 0.6341 (1.4s)
  [invoice_processing.discrepancy_severity] test acc 0.7900 macro-F1 0.5486 ECE 0.222 (T=1.49, 50s, 10.03M params)
  [invoice_processing.disposition] blocks split=14 depth=2, 4 labels, 259 train
    epoch 1/34 loss 1.2583 val acc 0.2439 (1.5s)
    epoch 2/34 loss 1.2702 val acc 0.2439 (1.5s)
    epoch 3/34 loss 1.2906 val acc 0.4634 (1.5s)
    epoch 4/34 loss 1.2785 val acc 0.4146 (1.5s)
    epoch 5/34 loss 1.2568 val acc 0.4634 (1.5s)
    epoch 6/34 loss 1.2587 val acc 0.4878 (1.5s)
    epoch 7/34 loss 1.2335 val acc 0.2439 (1.5s)
    epoch 8/34 loss 1.2122 val acc 0.3415 (1.5s)
    epoch 9/34 loss 1.1523 val acc 0.6098 (1.5s)
    epoch 10/34 loss 1.1294 val acc 0.5854 (1.5s)
    epoch 11/34 loss 1.1240 val acc 0.5854 (1.5s)
    epoch 12/34 loss 1.0450 val acc 0.6829 (1.5s)
    epoch 13/34 loss 1.0425 val acc 0.6829 (1.5s)
    epoch 14/34 loss 1.0055 val acc 0.5854 (1.5s)
    epoch 15/34 loss 0.9908 val acc 0.6829 (1.4s)
    epoch 16/34 loss 0.9839 val acc 0.6585 (1.5s)
    epoch 17/34 loss 0.9635 val acc 0.6341 (1.5s)
    epoch 18/34 loss 0.9592 val acc 0.6341 (1.5s)
    epoch 19/34 loss 0.9309 val acc 0.6829 (1.5s)
    epoch 20/34 loss 0.9217 val acc 0.6585 (1.5s)
    epoch 21/34 loss 0.8957 val acc 0.7073 (1.5s)
    epoch 22/34 loss 0.8910 val acc 0.7073 (1.5s)
    epoch 23/34 loss 0.8888 val acc 0.6341 (1.5s)
    epoch 24/34 loss 0.8860 val acc 0.6341 (1.5s)
    epoch 25/34 loss 0.8731 val acc 0.6585 (1.5s)
    epoch 26/34 loss 0.8680 val acc 0.6341 (1.5s)
    epoch 27/34 loss 0.8691 val acc 0.6585 (1.5s)
    epoch 28/34 loss 0.8677 val acc 0.6341 (1.5s)
    epoch 29/34 loss 0.8652 val acc 0.6585 (1.5s)
    epoch 30/34 loss 0.8654 val acc 0.6098 (1.5s)
    epoch 31/34 loss 0.8628 val acc 0.6098 (1.5s)
    epoch 32/34 loss 0.8624 val acc 0.6585 (1.5s)
    epoch 33/34 loss 0.8616 val acc 0.6585 (1.5s)
    epoch 34/34 loss 0.8639 val acc 0.6585 (1.4s)
  [invoice_processing.disposition] test acc 0.7100 macro-F1 0.5848 ECE 0.153 (T=1.11, 50s, 10.03M params)
  [invoice_processing.duplicate] blocks split=14 depth=2, 2 labels, 259 train
    epoch 1/34 loss 0.4967 val acc 0.8780 (1.5s)
    epoch 2/34 loss 0.3694 val acc 0.8780 (1.4s)
    epoch 3/34 loss 0.3501 val acc 0.8780 (1.5s)
    epoch 4/34 loss 0.3368 val acc 0.8780 (1.4s)
    epoch 5/34 loss 0.3243 val acc 0.8780 (1.5s)
    epoch 6/34 loss 0.3180 val acc 0.8780 (1.5s)
    epoch 7/34 loss 0.3182 val acc 0.8780 (1.5s)
    epoch 8/34 loss 0.2935 val acc 0.8780 (1.5s)
    epoch 9/34 loss 0.2465 val acc 0.9024 (1.5s)
    epoch 10/34 loss 0.2651 val acc 0.9024 (1.5s)
    epoch 11/34 loss 0.2457 val acc 0.8537 (1.5s)
    epoch 12/34 loss 0.2211 val acc 0.8537 (1.5s)
    epoch 13/34 loss 0.2106 val acc 0.8537 (1.5s)
    epoch 14/34 loss 0.2037 val acc 0.9024 (1.5s)
    epoch 15/34 loss 0.1985 val acc 0.9024 (1.5s)
    epoch 16/34 loss 0.1979 val acc 0.9024 (1.5s)
    epoch 17/34 loss 0.1986 val acc 0.8780 (1.4s)
    epoch 18/34 loss 0.1954 val acc 0.9024 (1.5s)
    epoch 19/34 loss 0.1935 val acc 0.9024 (1.5s)
    epoch 20/34 loss 0.1909 val acc 0.9024 (1.5s)
    epoch 21/34 loss 0.1911 val acc 0.9024 (1.5s)
    epoch 22/34 loss 0.1902 val acc 0.9024 (1.5s)
    epoch 23/34 loss 0.1906 val acc 0.9024 (1.5s)
    epoch 24/34 loss 0.1898 val acc 0.9024 (1.5s)
    epoch 25/34 loss 0.1884 val acc 0.9268 (1.4s)
    epoch 26/34 loss 0.1882 val acc 0.9024 (1.5s)
    epoch 27/34 loss 0.1880 val acc 0.9024 (1.4s)
    epoch 28/34 loss 0.1878 val acc 0.9024 (1.5s)
    epoch 29/34 loss 0.1881 val acc 0.9024 (1.5s)
    epoch 30/34 loss 0.1876 val acc 0.9024 (1.5s)
    epoch 31/34 loss 0.1876 val acc 0.9024 (1.5s)
    epoch 32/34 loss 0.1879 val acc 0.9024 (1.5s)
    epoch 33/34 loss 0.1874 val acc 0.9024 (1.5s)
    epoch 34/34 loss 0.1875 val acc 0.9024 (1.4s)
  [invoice_processing.duplicate] test acc 0.9200 macro-F1 0.7558 ECE 0.075 (T=1.11, 49s, 10.03M params)
  [invoice_processing.matches_order] blocks split=14 depth=2, 2 labels, 259 train
    epoch 1/34 loss 0.7215 val acc 0.3659 (1.5s)
    epoch 2/34 loss 0.7128 val acc 0.6341 (1.5s)
    epoch 3/34 loss 0.7190 val acc 0.6341 (1.5s)
    epoch 4/34 loss 0.7092 val acc 0.3659 (1.5s)
    epoch 5/34 loss 0.7094 val acc 0.6585 (1.5s)
    epoch 6/34 loss 0.7536 val acc 0.6341 (1.5s)
    epoch 7/34 loss 0.8659 val acc 0.7317 (1.5s)
    epoch 8/34 loss 0.5210 val acc 0.7561 (1.5s)
    epoch 9/34 loss 0.4698 val acc 0.7561 (1.5s)
    epoch 10/34 loss 0.4682 val acc 0.7561 (1.5s)
    epoch 11/34 loss 0.4769 val acc 0.5610 (1.4s)
    epoch 12/34 loss 0.4386 val acc 0.7561 (1.5s)
    epoch 13/34 loss 0.3977 val acc 0.7317 (1.5s)
    epoch 14/34 loss 0.3816 val acc 0.7073 (1.5s)
    epoch 15/34 loss 0.3738 val acc 0.7561 (1.5s)
    epoch 16/34 loss 0.3636 val acc 0.8049 (1.5s)
    epoch 17/34 loss 0.3530 val acc 0.8049 (1.5s)
    epoch 18/34 loss 0.3448 val acc 0.7805 (1.5s)
    epoch 19/34 loss 0.3321 val acc 0.7073 (1.5s)
    epoch 20/34 loss 0.3161 val acc 0.7073 (1.5s)
    epoch 21/34 loss 0.3465 val acc 0.8049 (1.5s)
    epoch 22/34 loss 0.3243 val acc 0.6585 (1.5s)
    epoch 23/34 loss 0.3213 val acc 0.8537 (1.4s)
    epoch 24/34 loss 0.3110 val acc 0.7073 (1.5s)
    epoch 25/34 loss 0.2993 val acc 0.8537 (1.5s)
    epoch 26/34 loss 0.3002 val acc 0.8049 (1.5s)
    epoch 27/34 loss 0.2941 val acc 0.8049 (1.5s)
    epoch 28/34 loss 0.2930 val acc 0.8049 (1.5s)
    epoch 29/34 loss 0.2921 val acc 0.8049 (1.5s)
    epoch 30/34 loss 0.2906 val acc 0.8049 (1.5s)
    epoch 31/34 loss 0.2904 val acc 0.8293 (1.5s)
    epoch 32/34 loss 0.2904 val acc 0.8293 (1.5s)
    epoch 33/34 loss 0.2894 val acc 0.8293 (1.5s)
    epoch 34/34 loss 0.2906 val acc 0.8293 (1.4s)
  [invoice_processing.matches_order] test acc 0.9200 macro-F1 0.9188 ECE 0.115 (T=1.23, 50s, 10.03M params)
  [invoice_processing.urgency] blocks split=14 depth=2, 4 labels, 259 train
    epoch 1/34 loss 1.4626 val acc 0.4878 (1.5s)
    epoch 2/34 loss 1.2327 val acc 0.4634 (1.5s)
    epoch 3/34 loss 1.2248 val acc 0.4634 (1.5s)
    epoch 4/34 loss 1.1917 val acc 0.4634 (1.5s)
    epoch 5/34 loss 1.2211 val acc 0.4878 (1.5s)
    epoch 6/34 loss 1.1891 val acc 0.4878 (1.5s)
    epoch 7/34 loss 1.1301 val acc 0.7317 (1.5s)
    epoch 8/34 loss 1.1193 val acc 0.7561 (1.5s)
    epoch 9/34 loss 1.0828 val acc 0.5854 (1.5s)
    epoch 10/34 loss 1.0844 val acc 0.7561 (1.5s)
    epoch 11/34 loss 1.0864 val acc 0.8293 (1.5s)
    epoch 12/34 loss 1.0756 val acc 0.8293 (1.5s)
    epoch 13/34 loss 1.0689 val acc 0.6585 (1.5s)
    epoch 14/34 loss 1.0567 val acc 0.8293 (1.5s)
    epoch 15/34 loss 1.0503 val acc 0.8049 (1.5s)
    epoch 16/34 loss 1.0286 val acc 0.8293 (1.4s)
    epoch 17/34 loss 1.0137 val acc 0.9024 (1.5s)
    epoch 18/34 loss 0.9951 val acc 0.8293 (1.5s)
    epoch 19/34 loss 1.0063 val acc 0.8293 (1.5s)
    epoch 20/34 loss 1.0037 val acc 0.6829 (1.5s)
    epoch 21/34 loss 0.9850 val acc 0.8780 (1.5s)
    epoch 22/34 loss 0.9837 val acc 0.8780 (1.5s)
    epoch 23/34 loss 0.9776 val acc 0.8537 (1.5s)
    epoch 24/34 loss 0.9825 val acc 0.8537 (1.5s)
    epoch 25/34 loss 0.9771 val acc 0.8780 (1.5s)
    epoch 26/34 loss 0.9736 val acc 0.8537 (1.5s)
    epoch 27/34 loss 0.9745 val acc 0.9268 (1.4s)
    epoch 28/34 loss 0.9724 val acc 0.8537 (1.5s)
    epoch 29/34 loss 0.9736 val acc 0.8537 (1.5s)
    epoch 30/34 loss 0.9707 val acc 0.8780 (1.5s)
    epoch 31/34 loss 0.9701 val acc 0.8780 (1.5s)
    epoch 32/34 loss 0.9700 val acc 0.8780 (1.5s)
    epoch 33/34 loss 0.9701 val acc 0.8780 (1.5s)
    epoch 34/34 loss 0.9715 val acc 0.8780 (1.4s)
  [invoice_processing.urgency] test acc 0.7300 macro-F1 0.4321 ECE 0.254 (T=1.07, 50s, 10.03M params)
  [security_incidents.credential_compromise] blocks split=14 depth=2, 2 labels, 278 train
    epoch 1/34 loss 0.7033 val acc 0.6364 (1.2s)
    epoch 2/34 loss 0.7011 val acc 0.4091 (1.2s)
    epoch 3/34 loss 0.7247 val acc 0.5909 (1.2s)
    epoch 4/34 loss 0.7037 val acc 0.5909 (1.2s)
    epoch 5/34 loss 0.6875 val acc 0.6364 (1.2s)
    epoch 6/34 loss 0.6746 val acc 0.6364 (1.2s)
    epoch 7/34 loss 0.7013 val acc 0.8182 (1.2s)
    epoch 8/34 loss 0.6475 val acc 0.7273 (1.2s)
    epoch 9/34 loss 0.6518 val acc 0.7273 (1.1s)
    epoch 10/34 loss 0.6570 val acc 0.7273 (1.2s)
    epoch 11/34 loss 0.6369 val acc 0.8182 (1.2s)
    epoch 12/34 loss 0.6372 val acc 0.7727 (1.2s)
    epoch 13/34 loss 0.6435 val acc 0.7273 (1.2s)
    epoch 14/34 loss 0.6812 val acc 0.6818 (1.2s)
    epoch 15/34 loss 0.6414 val acc 0.7273 (1.2s)
    epoch 16/34 loss 0.6333 val acc 0.8182 (1.2s)
    epoch 17/34 loss 0.6305 val acc 0.8182 (1.2s)
    epoch 18/34 loss 0.6236 val acc 0.8636 (1.2s)
    epoch 19/34 loss 0.6193 val acc 0.8636 (1.2s)
    epoch 20/34 loss 0.6161 val acc 0.7727 (1.2s)
    epoch 21/34 loss 0.6148 val acc 0.8182 (1.2s)
    epoch 22/34 loss 0.6108 val acc 0.8636 (1.2s)
    epoch 23/34 loss 0.6112 val acc 0.8182 (1.2s)
    epoch 24/34 loss 0.6115 val acc 0.8182 (1.2s)
    epoch 25/34 loss 0.6064 val acc 0.7727 (1.2s)
    epoch 26/34 loss 0.6092 val acc 0.8182 (1.2s)
    epoch 27/34 loss 0.6052 val acc 0.7727 (1.2s)
    epoch 28/34 loss 0.6062 val acc 0.8182 (1.2s)
    epoch 29/34 loss 0.6038 val acc 0.8182 (1.2s)
    epoch 30/34 loss 0.6023 val acc 0.8182 (1.2s)
    epoch 31/34 loss 0.6029 val acc 0.8182 (1.2s)
    epoch 32/34 loss 0.6035 val acc 0.8182 (1.2s)
    epoch 33/34 loss 0.6027 val acc 0.8182 (1.1s)
    epoch 34/34 loss 0.6022 val acc 0.8182 (1.2s)
  [security_incidents.credential_compromise] test acc 0.7300 macro-F1 0.7287 ECE 0.118 (T=1.00, 40s, 10.03M params)
  [security_incidents.disposition] blocks split=14 depth=2, 4 labels, 278 train
    epoch 1/34 loss 1.3399 val acc 0.7273 (1.2s)
    epoch 2/34 loss 1.2657 val acc 0.7273 (1.2s)
    epoch 3/34 loss 1.2468 val acc 0.7273 (1.2s)
    epoch 4/34 loss 1.2342 val acc 0.7273 (1.2s)
    epoch 5/34 loss 1.2194 val acc 0.7273 (1.2s)
    epoch 6/34 loss 1.2090 val acc 0.7273 (1.2s)
    epoch 7/34 loss 1.1991 val acc 0.7273 (1.2s)
    epoch 8/34 loss 1.1514 val acc 0.7273 (1.2s)
    epoch 9/34 loss 1.1430 val acc 0.7727 (1.2s)
    epoch 10/34 loss 1.1136 val acc 0.8636 (1.2s)
    epoch 11/34 loss 1.1063 val acc 0.8182 (1.2s)
    epoch 12/34 loss 1.0973 val acc 0.7727 (1.2s)
    epoch 13/34 loss 1.0962 val acc 0.8182 (1.2s)
    epoch 14/34 loss 1.0892 val acc 0.8182 (1.2s)
    epoch 15/34 loss 1.0702 val acc 0.8182 (1.2s)
    epoch 16/34 loss 1.0724 val acc 0.8636 (1.2s)
    epoch 17/34 loss 1.0606 val acc 0.8636 (1.2s)
    epoch 18/34 loss 1.0559 val acc 0.8182 (1.2s)
    epoch 19/34 loss 1.0523 val acc 0.7727 (1.2s)
    epoch 20/34 loss 1.0500 val acc 0.8182 (1.2s)
    epoch 21/34 loss 1.0426 val acc 0.8636 (1.2s)
    epoch 22/34 loss 1.0342 val acc 0.8636 (1.2s)
    epoch 23/34 loss 1.0334 val acc 0.7727 (1.2s)
    epoch 24/34 loss 1.0353 val acc 0.8636 (1.2s)
    epoch 25/34 loss 1.0284 val acc 0.8182 (1.2s)
    epoch 26/34 loss 1.0252 val acc 0.7727 (1.2s)
    epoch 27/34 loss 1.0229 val acc 0.7727 (1.2s)
    epoch 28/34 loss 1.0217 val acc 0.8182 (1.2s)
    epoch 29/34 loss 1.0201 val acc 0.8182 (1.2s)
    epoch 30/34 loss 1.0173 val acc 0.8182 (1.2s)
    epoch 31/34 loss 1.0183 val acc 0.8182 (1.2s)
    epoch 32/34 loss 1.0181 val acc 0.8182 (1.2s)
    epoch 33/34 loss 1.0185 val acc 0.8182 (1.2s)
    epoch 34/34 loss 1.0174 val acc 0.8182 (1.2s)
  [security_incidents.disposition] test acc 0.7500 macro-F1 0.3538 ECE 0.184 (T=1.00, 40s, 10.03M params)
  [security_incidents.severity] blocks split=14 depth=2, 5 labels, 278 train
    epoch 1/34 loss 1.8074 val acc 0.3182 (1.2s)
    epoch 2/34 loss 1.5250 val acc 0.5909 (1.2s)
    epoch 3/34 loss 1.5038 val acc 0.5909 (1.2s)
    epoch 4/34 loss 1.4664 val acc 0.6818 (1.2s)
    epoch 5/34 loss 1.4510 val acc 0.6364 (1.2s)
    epoch 6/34 loss 1.4206 val acc 0.7727 (1.2s)
    epoch 7/34 loss 1.3795 val acc 0.7727 (1.2s)
    epoch 8/34 loss 1.3344 val acc 0.8182 (1.2s)
    epoch 9/34 loss 1.2719 val acc 0.7273 (1.2s)
    epoch 10/34 loss 1.2476 val acc 0.7273 (1.2s)
    epoch 11/34 loss 1.2500 val acc 0.8636 (1.2s)
    epoch 12/34 loss 1.2301 val acc 0.9091 (1.2s)
    epoch 13/34 loss 1.2024 val acc 0.9091 (1.2s)
    epoch 14/34 loss 1.1879 val acc 0.9091 (1.2s)
    epoch 15/34 loss 1.1865 val acc 0.9091 (1.2s)
    epoch 16/34 loss 1.1831 val acc 0.9091 (1.2s)
    epoch 17/34 loss 1.1748 val acc 0.9091 (1.2s)
    epoch 18/34 loss 1.1733 val acc 0.6818 (1.2s)
    epoch 19/34 loss 1.1779 val acc 0.8636 (1.2s)
    epoch 20/34 loss 1.1636 val acc 0.9091 (1.2s)
    epoch 21/34 loss 1.1644 val acc 0.9545 (1.2s)
    epoch 22/34 loss 1.1567 val acc 0.9091 (1.2s)
    epoch 23/34 loss 1.1523 val acc 0.9545 (1.2s)
    epoch 24/34 loss 1.1490 val acc 0.9545 (1.2s)
    epoch 25/34 loss 1.1488 val acc 0.9545 (1.2s)
    epoch 26/34 loss 1.1461 val acc 0.9545 (1.2s)
    epoch 27/34 loss 1.1463 val acc 0.9091 (1.2s)
    epoch 28/34 loss 1.1433 val acc 0.9545 (1.2s)
    epoch 29/34 loss 1.1430 val acc 0.9091 (1.2s)
    epoch 30/34 loss 1.1423 val acc 0.9545 (1.2s)
    epoch 31/34 loss 1.1400 val acc 0.9545 (1.2s)
    epoch 32/34 loss 1.1404 val acc 0.9545 (1.2s)
    epoch 33/34 loss 1.1407 val acc 0.9545 (1.2s)
    epoch 34/34 loss 1.1406 val acc 0.9545 (1.2s)
  [security_incidents.severity] test acc 0.7600 macro-F1 0.5768 ECE 0.270 (T=1.00, 40s, 10.03M params)
  [security_incidents.true_positive] blocks split=14 depth=2, 2 labels, 278 train
    epoch 1/34 loss 0.7013 val acc 0.6364 (1.2s)
    epoch 2/34 loss 0.6865 val acc 0.5000 (1.2s)
    epoch 3/34 loss 0.6775 val acc 0.7273 (1.2s)
    epoch 4/34 loss 0.6652 val acc 0.6364 (1.2s)
    epoch 5/34 loss 0.6519 val acc 0.6364 (1.2s)
    epoch 6/34 loss 0.6401 val acc 0.6818 (1.2s)
    epoch 7/34 loss 0.6238 val acc 0.7727 (1.2s)
    epoch 8/34 loss 0.6172 val acc 0.8182 (1.2s)
    epoch 9/34 loss 0.5999 val acc 0.8636 (1.2s)
    epoch 10/34 loss 0.6054 val acc 0.7727 (1.2s)
    epoch 11/34 loss 0.5987 val acc 0.8182 (1.2s)
    epoch 12/34 loss 0.5969 val acc 0.8182 (1.2s)
    epoch 13/34 loss 0.5896 val acc 0.8636 (1.2s)
    epoch 14/34 loss 0.5835 val acc 0.8182 (1.2s)
    epoch 15/34 loss 0.5843 val acc 0.8182 (1.2s)
    epoch 16/34 loss 0.5845 val acc 0.8182 (1.2s)
    epoch 17/34 loss 0.5787 val acc 0.7727 (1.2s)
    epoch 18/34 loss 0.5738 val acc 0.8182 (1.2s)
    epoch 19/34 loss 0.5785 val acc 0.8636 (1.2s)
    epoch 20/34 loss 0.5681 val acc 0.8182 (1.2s)
    epoch 21/34 loss 0.5685 val acc 0.8636 (1.2s)
    epoch 22/34 loss 0.5660 val acc 0.8636 (1.2s)
    epoch 23/34 loss 0.5741 val acc 0.9091 (1.2s)
    epoch 24/34 loss 0.5726 val acc 0.8182 (1.2s)
    epoch 25/34 loss 0.5659 val acc 0.9091 (1.2s)
    epoch 26/34 loss 0.5705 val acc 0.8636 (1.2s)
    epoch 27/34 loss 0.5656 val acc 0.9091 (1.2s)
    epoch 28/34 loss 0.5629 val acc 0.8636 (1.2s)
    epoch 29/34 loss 0.5618 val acc 0.8636 (1.2s)
    epoch 30/34 loss 0.5603 val acc 0.9091 (1.2s)
    epoch 31/34 loss 0.5613 val acc 0.8636 (1.2s)
    epoch 32/34 loss 0.5612 val acc 0.8636 (1.2s)
    epoch 33/34 loss 0.5611 val acc 0.8636 (1.2s)
    epoch 34/34 loss 0.5605 val acc 0.8636 (1.2s)
  [security_incidents.true_positive] test acc 0.7900 macro-F1 0.7305 ECE 0.127 (T=1.00, 40s, 10.03M params)
  [security_incidents.urgency] blocks split=14 depth=2, 4 labels, 278 train
    epoch 1/34 loss 1.6225 val acc 0.2273 (1.2s)
    epoch 2/34 loss 1.3217 val acc 0.5909 (1.2s)
    epoch 3/34 loss 1.2684 val acc 0.5909 (1.2s)
    epoch 4/34 loss 1.2454 val acc 0.3182 (1.2s)
    epoch 5/34 loss 1.2273 val acc 0.4091 (1.2s)
    epoch 6/34 loss 1.2106 val acc 0.5909 (1.2s)
    epoch 7/34 loss 1.1936 val acc 0.5909 (1.2s)
    epoch 8/34 loss 1.1965 val acc 0.5909 (1.2s)
    epoch 9/34 loss 1.2127 val acc 0.5000 (1.2s)
    epoch 10/34 loss 1.2380 val acc 0.2727 (1.2s)
    epoch 11/34 loss 1.1757 val acc 0.4545 (1.2s)
    epoch 12/34 loss 1.1398 val acc 0.5909 (1.2s)
    epoch 13/34 loss 1.1104 val acc 0.5455 (1.2s)
    epoch 14/34 loss 1.1104 val acc 0.5455 (1.2s)
    epoch 15/34 loss 1.0700 val acc 0.7273 (1.2s)
    epoch 16/34 loss 1.0644 val acc 0.6818 (1.2s)
    epoch 17/34 loss 1.0536 val acc 0.5909 (1.2s)
    epoch 18/34 loss 1.0609 val acc 0.5455 (1.2s)
    epoch 19/34 loss 1.0561 val acc 0.6818 (1.2s)
    epoch 20/34 loss 1.0398 val acc 0.7273 (1.2s)
    epoch 21/34 loss 1.0395 val acc 0.6818 (1.2s)
    epoch 22/34 loss 1.0332 val acc 0.7273 (1.2s)
    epoch 23/34 loss 1.0275 val acc 0.7273 (1.2s)
    epoch 24/34 loss 1.0259 val acc 0.7273 (1.2s)
    epoch 25/34 loss 1.0219 val acc 0.7273 (1.2s)
    epoch 26/34 loss 1.0198 val acc 0.7273 (1.2s)
    epoch 27/34 loss 1.0181 val acc 0.7273 (1.2s)
    epoch 28/34 loss 1.0160 val acc 0.7273 (1.2s)
    epoch 29/34 loss 1.0134 val acc 0.7273 (1.2s)
    epoch 30/34 loss 1.0139 val acc 0.7273 (1.2s)
    epoch 31/34 loss 1.0160 val acc 0.7273 (1.2s)
    epoch 32/34 loss 1.0145 val acc 0.7273 (1.2s)
    epoch 33/34 loss 1.0143 val acc 0.7273 (0.6s)
    epoch 34/34 loss 1.0142 val acc 0.7273 (0.6s)
  [security_incidents.urgency] test acc 0.7200 macro-F1 0.4989 ECE 0.212 (T=1.00, 39s, 10.03M params)
   blocks@14+2 mean: {"acc": 0.7725, "macro_f1": 0.6428, "ece": 0.1722, "nll": 0.6373}
done
