Loading weights:   0%|          | 0/134 [00:00<?, ?it/s]Loading weights: 100%|██████████| 134/134 [00:00<00:00, 8989.42it/s]
Using the latest cached version of the dataset since LocalLLaMA/typed-decisions couldn't be found on the Hugging Face Hub (offline mode is enabled).
Found the latest cached dataset configuration 'all' at /home/ubuntu/.cache/huggingface/datasets/LocalLLaMA___typed-decisions/all/0.0.0/f7a2487edd7a043a5441a5e9ccc7fe5ddbd9ebe8 (last modified on Sun Sep 27 18:59:51 2026).
Using the latest cached version of the dataset since LocalLLaMA/typed-decisions couldn't be found on the Hugging Face Hub (offline mode is enabled).
Found the latest cached dataset configuration 'all' at /home/ubuntu/.cache/huggingface/datasets/LocalLLaMA___typed-decisions/all/0.0.0/f7a2487edd7a043a5441a5e9ccc7fe5ddbd9ebe8 (last modified on Sun Sep 27 18:59:51 2026).
== typed-decisions: 1080/120/400 messages (train/val/test), tasks: agent_trace_observability.action(4), agent_trace_observability.needs_review(2), agent_trace_observability.outcome(4), agent_trace_observability.risk(4), agent_trace_observability.urgency(4), customer_service.action(5), customer_service.category(5), customer_service.churn_risk(4), customer_service.needs_human(2), customer_service.urgency(4), invoice_processing.discrepancy_severity(4), invoice_processing.disposition(4), invoice_processing.duplicate(2), invoice_processing.matches_order(2), invoice_processing.urgency(4), security_incidents.credential_compromise(2), security_incidents.disposition(4), security_incidents.severity(5), security_incidents.true_positive(2), security_incidents.urgency(4) | split 11 | trunk depths cached [11, 12, 13, 14] | cuda
  exactness: stream@11+2 vs trunk CLS at depth 13: max rel err 2.52e-07 (seq len 135)
  fused kvq (r=4) vs loop: max abs diff 3.58e-07
  cached depths [11, 12, 13, 14] for 1600 messages in 7.4s (2237 MB)
  probe seed 0: mean acc 0.6265 action=0.54 needs_revi=0.81 outcome=0.39 risk=0.44 urgency=0.39 action=0.61
  probe seed 1: mean acc 0.6275 action=0.54 needs_revi=0.83 outcome=0.41 risk=0.46 urgency=0.42 action=0.61
-- probe: mean acc 0.6270 (+-0.0005 over seeds) F1 0.4395 ECE 0.135 | 0.00M trainable | 0.000 GFLOP/decision at L=239 | trunk to 11 | 170s
  blocks:2 seed 0: mean acc 0.7520 action=0.71 needs_revi=0.85 outcome=0.67 risk=0.79 urgency=0.63 action=0.57
  blocks:2 seed 1: mean acc 0.7535 action=0.70 needs_revi=0.85 outcome=0.67 risk=0.79 urgency=0.65 action=0.62
-- blocks:2: mean acc 0.7528 (+-0.0007 over seeds) F1 0.6083 ECE 0.166 | 10.03M trainable | 5.144 GFLOP/decision at L=239 | trunk to 11 | 1587s
-- kvq:2:1: skipped (time budget of 27.0 min reached)
-- kvq:4:4: skipped (time budget of 27.0 min reached)
-- kvq:4:4:frozen: skipped (time budget of 27.0 min reached)
-- kvq:2:4: skipped (time budget of 27.0 min reached)
-- kvq:4:4:global: skipped (time budget of 27.0 min reached)
-- kvq:4:1:frozen: skipped (time budget of 27.0 min reached)
  latency median_len_message (299 tok) N=1: {"probe": 18.91, "blocks:2 (fused)": 20.22, "kvq:2:1 (fused)": 22.02, "kvq:2:4 (fused)": 21.62, "kvq:4:4 (fused)": 26.92, "trunk only to k": 16.84}
  latency median_len_message (299 tok) N=5: {"probe": 18.94, "blocks:2 (fused)": 26.12, "kvq:2:1 (fused)": 22.09, "kvq:2:4 (fused)": 21.81, "kvq:4:4 (fused)": 28.44, "trunk only to k": 16.61}
  latency median_len_message (299 tok) N=20: {"probe": 21.17, "blocks:2 (fused)": 43.74, "kvq:2:1 (fused)": 32.07, "kvq:2:4 (fused)": 32.49, "kvq:4:4 (fused)": 43.11, "trunk only to k": 16.25}
  latency short (12 tok) N=1: {"probe": 16.1, "blocks:2 (fused)": 16.3, "kvq:2:1 (fused)": 19.17, "kvq:2:4 (fused)": 19.1, "kvq:4:4 (fused)": 22.84, "trunk only to k": 15.15}
  latency short (12 tok) N=5: {"probe": 15.57, "blocks:2 (fused)": 18.87, "kvq:2:1 (fused)": 18.09, "kvq:2:4 (fused)": 19.67, "kvq:4:4 (fused)": 24.95, "trunk only to k": 14.93}
  latency short (12 tok) N=20: {"probe": 18.69, "blocks:2 (fused)": 26.33, "kvq:2:1 (fused)": 26.5, "kvq:2:4 (fused)": 26.59, "kvq:4:4 (fused)": 37.93, "trunk only to k": 14.77}
== summary (mean acc over tasks and seeds)
  probe              acc 0.6270  F1 0.4395  ECE 0.135  params   0.00M  GFLOP/decision 0.000
  blocks:2           acc 0.7528  F1 0.6083  ECE 0.166  params  10.03M  GFLOP/decision 5.144
done
