Loading weights:   0%|          | 0/134 [00:00<?, ?it/s]Loading weights: 100%|██████████| 134/134 [00:00<00:00, 9129.46it/s]
Using the latest cached version of the dataset since LocalLLaMA/typed-decisions couldn't be found on the Hugging Face Hub (offline mode is enabled).
Found the latest cached dataset configuration 'all' at /home/ubuntu/.cache/huggingface/datasets/LocalLLaMA___typed-decisions/all/0.0.0/f7a2487edd7a043a5441a5e9ccc7fe5ddbd9ebe8 (last modified on Sun Sep 27 18:59:51 2026).
Using the latest cached version of the dataset since LocalLLaMA/typed-decisions couldn't be found on the Hugging Face Hub (offline mode is enabled).
Found the latest cached dataset configuration 'all' at /home/ubuntu/.cache/huggingface/datasets/LocalLLaMA___typed-decisions/all/0.0.0/f7a2487edd7a043a5441a5e9ccc7fe5ddbd9ebe8 (last modified on Sun Sep 27 18:59:51 2026).
== template cancellation on typed-decisions: 1080/120/400 messages (train/val/test), tasks: agent_trace_observability.action(4), agent_trace_observability.needs_review(2), agent_trace_observability.outcome(4), agent_trace_observability.risk(4), agent_trace_observability.urgency(4), customer_service.action(5), customer_service.category(5), customer_service.churn_risk(4), customer_service.needs_human(2), customer_service.urgency(4), invoice_processing.discrepancy_severity(4), invoice_processing.disposition(4), invoice_processing.duplicate(2), invoice_processing.matches_order(2), invoice_processing.urgency(4), security_incidents.credential_compromise(2), security_incidents.disposition(4), security_incidents.severity(5), security_incidents.true_positive(2), security_incidents.urgency(4) | split 14+2, kinds ['probe', 'blocks'], conditions ['none', 'global', 'field'], 20 tasks, device cuda, smoke=False
  cached depth 14: 8.7s (559 MB)
  built 'global' cache in 0.5s
  built 'field' cache in 1.3s
  [agent_trace_observability.action]  probe/none  : acc 0.460 macro-F1 0.252 NLL 1.168 Brier 0.118 (306 steps, 5.8s)
  [agent_trace_observability.action]  probe/global: acc 0.540 macro-F1 0.333 NLL 1.083 Brier 0.096 (306 steps, 5.6s)
  [agent_trace_observability.action]  probe/field : acc 0.570 macro-F1 0.374 NLL 1.041 Brier 0.085 (306 steps, 5.7s)
  [agent_trace_observability.action] blocks/none  : acc 0.720 macro-F1 0.540 NLL 0.839 Brier 0.048 (306 steps, 24.0s)
  [agent_trace_observability.action] blocks/global: acc 0.720 macro-F1 0.536 NLL 0.847 Brier 0.051 (306 steps, 30.3s)
  [agent_trace_observability.action] blocks/field : acc 0.660 macro-F1 0.484 NLL 0.891 Brier 0.062 (306 steps, 28.9s)
  [agent_trace_observability.needs_review]  probe/none  : acc 0.790 macro-F1 0.790 NLL 0.623 Brier 0.118 (306 steps, 6.0s)
  [agent_trace_observability.needs_review]  probe/global: acc 0.830 macro-F1 0.829 NLL 0.554 Brier 0.084 (306 steps, 5.9s)
  [agent_trace_observability.needs_review]  probe/field : acc 0.830 macro-F1 0.829 NLL 0.504 Brier 0.065 (306 steps, 6.1s)
  [agent_trace_observability.needs_review] blocks/none  : acc 0.870 macro-F1 0.869 NLL 0.383 Brier 0.030 (306 steps, 28.0s)
  [agent_trace_observability.needs_review] blocks/global: acc 0.900 macro-F1 0.900 NLL 0.373 Brier 0.027 (306 steps, 28.3s)
  [agent_trace_observability.needs_review] blocks/field : acc 0.880 macro-F1 0.879 NLL 0.406 Brier 0.034 (306 steps, 28.1s)
  [agent_trace_observability.outcome]  probe/none  : acc 0.280 macro-F1 0.124 NLL 1.262 Brier 0.181 (306 steps, 6.3s)
  [agent_trace_observability.outcome]  probe/global: acc 0.370 macro-F1 0.240 NLL 1.189 Brier 0.161 (306 steps, 6.4s)
  [agent_trace_observability.outcome]  probe/field : acc 0.430 macro-F1 0.321 NLL 1.138 Brier 0.148 (306 steps, 6.3s)
  [agent_trace_observability.outcome] blocks/none  : acc 0.710 macro-F1 0.751 NLL 0.759 Brier 0.066 (306 steps, 28.0s)
  [agent_trace_observability.outcome] blocks/global: acc 0.730 macro-F1 0.758 NLL 0.757 Brier 0.069 (306 steps, 29.1s)
  [agent_trace_observability.outcome] blocks/field : acc 0.690 macro-F1 0.732 NLL 0.810 Brier 0.077 (306 steps, 28.8s)
  [agent_trace_observability.risk]  probe/none  : acc 0.320 macro-F1 0.185 NLL 1.310 Brier 0.196 (306 steps, 6.3s)
  [agent_trace_observability.risk]  probe/global: acc 0.370 macro-F1 0.296 NLL 1.213 Brier 0.166 (306 steps, 6.5s)
  [agent_trace_observability.risk]  probe/field : acc 0.450 macro-F1 0.405 NLL 1.145 Brier 0.147 (306 steps, 6.5s)
  [agent_trace_observability.risk] blocks/none  : acc 0.810 macro-F1 0.829 NLL 0.650 Brier 0.044 (306 steps, 28.8s)
  [agent_trace_observability.risk] blocks/global: acc 0.770 macro-F1 0.794 NLL 0.660 Brier 0.051 (306 steps, 28.0s)
  [agent_trace_observability.risk] blocks/field : acc 0.780 macro-F1 0.803 NLL 0.699 Brier 0.060 (306 steps, 28.2s)
  [agent_trace_observability.urgency]  probe/none  : acc 0.360 macro-F1 0.133 NLL 1.278 Brier 0.122 (306 steps, 6.3s)
  [agent_trace_observability.urgency]  probe/global: acc 0.340 macro-F1 0.166 NLL 1.208 Brier 0.103 (306 steps, 6.5s)
  [agent_trace_observability.urgency]  probe/field : acc 0.390 macro-F1 0.235 NLL 1.152 Brier 0.091 (306 steps, 3.8s)
  [agent_trace_observability.urgency] blocks/none  : acc 0.650 macro-F1 0.640 NLL 0.832 Brier 0.046 (306 steps, 22.3s)
  [agent_trace_observability.urgency] blocks/global: acc 0.670 macro-F1 0.666 NLL 0.818 Brier 0.046 (306 steps, 21.6s)
  [agent_trace_observability.urgency] blocks/field : acc 0.590 macro-F1 0.599 NLL 0.876 Brier 0.059 (306 steps, 21.6s)
  [customer_service.action]  probe/none  : acc 0.550 macro-F1 0.195 NLL 1.116 Brier 0.145 (306 steps, 5.5s)
  [customer_service.action]  probe/global: acc 0.580 macro-F1 0.261 NLL 1.050 Brier 0.136 (306 steps, 5.6s)
  [customer_service.action]  probe/field : acc 0.610 macro-F1 0.300 NLL 1.051 Brier 0.137 (306 steps, 5.9s)
  [customer_service.action] blocks/none  : acc 0.650 macro-F1 0.363 NLL 0.955 Brier 0.119 (306 steps, 53.4s)
  [customer_service.action] blocks/global: acc 0.590 macro-F1 0.313 NLL 1.022 Brier 0.127 (306 steps, 52.9s)
  [customer_service.action] blocks/field : acc 0.660 macro-F1 0.343 NLL 0.992 Brier 0.120 (306 steps, 53.3s)
  [customer_service.category]  probe/none  : acc 0.580 macro-F1 0.436 NLL 1.204 Brier 0.433 (306 steps, 5.8s)
  [customer_service.category]  probe/global: acc 0.640 macro-F1 0.502 NLL 0.922 Brier 0.322 (306 steps, 5.4s)
  [customer_service.category]  probe/field : acc 0.660 macro-F1 0.512 NLL 0.929 Brier 0.328 (306 steps, 6.0s)
  [customer_service.category] blocks/none  : acc 0.890 macro-F1 0.894 NLL 0.322 Brier 0.084 (306 steps, 53.8s)
  [customer_service.category] blocks/global: acc 0.870 macro-F1 0.821 NLL 0.384 Brier 0.099 (306 steps, 52.4s)
  [customer_service.category] blocks/field : acc 0.850 macro-F1 0.775 NLL 0.466 Brier 0.128 (306 steps, 52.9s)
  [customer_service.churn_risk]  probe/none  : acc 0.560 macro-F1 0.340 NLL 1.095 Brier 0.164 (306 steps, 5.8s)
  [customer_service.churn_risk]  probe/global: acc 0.630 macro-F1 0.422 NLL 1.001 Brier 0.139 (306 steps, 5.7s)
  [customer_service.churn_risk]  probe/field : acc 0.640 macro-F1 0.433 NLL 0.994 Brier 0.137 (306 steps, 5.7s)
  [customer_service.churn_risk] blocks/none  : acc 0.800 macro-F1 0.602 NLL 0.717 Brier 0.072 (306 steps, 51.0s)
  [customer_service.churn_risk] blocks/global: acc 0.720 macro-F1 0.532 NLL 0.811 Brier 0.095 (306 steps, 50.7s)
  [customer_service.churn_risk] blocks/field : acc 0.640 macro-F1 0.458 NLL 0.918 Brier 0.124 (306 steps, 53.6s)
  [customer_service.needs_human]  probe/none  : acc 0.740 macro-F1 0.608 NLL 0.545 Brier 0.072 (306 steps, 5.2s)
  [customer_service.needs_human]  probe/global: acc 0.770 macro-F1 0.680 NLL 0.480 Brier 0.066 (306 steps, 5.5s)
  [customer_service.needs_human]  probe/field : acc 0.780 macro-F1 0.707 NLL 0.474 Brier 0.068 (306 steps, 5.6s)
  [customer_service.needs_human] blocks/none  : acc 0.840 macro-F1 0.802 NLL 0.467 Brier 0.059 (306 steps, 52.7s)
  [customer_service.needs_human] blocks/global: acc 0.820 macro-F1 0.777 NLL 0.484 Brier 0.068 (306 steps, 52.8s)
  [customer_service.needs_human] blocks/field : acc 0.810 macro-F1 0.762 NLL 0.496 Brier 0.071 (306 steps, 53.7s)
  [customer_service.urgency]  probe/none  : acc 0.560 macro-F1 0.304 NLL 0.986 Brier 0.133 (306 steps, 6.0s)
  [customer_service.urgency]  probe/global: acc 0.620 macro-F1 0.437 NLL 0.907 Brier 0.112 (306 steps, 6.6s)
  [customer_service.urgency]  probe/field : acc 0.620 macro-F1 0.436 NLL 0.892 Brier 0.112 (306 steps, 6.5s)
  [customer_service.urgency] blocks/none  : acc 0.750 macro-F1 0.541 NLL 0.670 Brier 0.055 (306 steps, 52.2s)
  [customer_service.urgency] blocks/global: acc 0.630 macro-F1 0.449 NLL 0.823 Brier 0.088 (306 steps, 53.6s)
  [customer_service.urgency] blocks/field : acc 0.580 macro-F1 0.396 NLL 0.872 Brier 0.099 (306 steps, 51.7s)
  [invoice_processing.discrepancy_severity]  probe/none  : acc 0.470 macro-F1 0.160 NLL 1.114 Brier 0.310 (306 steps, 8.2s)
  [invoice_processing.discrepancy_severity]  probe/global: acc 0.670 macro-F1 0.405 NLL 0.933 Brier 0.236 (306 steps, 4.5s)
  [invoice_processing.discrepancy_severity]  probe/field : acc 0.670 macro-F1 0.385 NLL 0.923 Brier 0.231 (306 steps, 4.9s)
  [invoice_processing.discrepancy_severity] blocks/none  : acc 0.650 macro-F1 0.428 NLL 0.923 Brier 0.209 (306 steps, 50.8s)
  [invoice_processing.discrepancy_severity] blocks/global: acc 0.750 macro-F1 0.505 NLL 0.733 Brier 0.129 (306 steps, 52.0s)
  [invoice_processing.discrepancy_severity] blocks/field : acc 0.750 macro-F1 0.503 NLL 0.681 Brier 0.115 (306 steps, 71.0s)
  [invoice_processing.disposition]  probe/none  : acc 0.500 macro-F1 0.219 NLL 1.166 Brier 0.225 (306 steps, 6.3s)
  [invoice_processing.disposition]  probe/global: acc 0.630 macro-F1 0.350 NLL 1.027 Brier 0.182 (306 steps, 5.7s)
  [invoice_processing.disposition]  probe/field : acc 0.650 macro-F1 0.389 NLL 1.027 Brier 0.180 (306 steps, 5.8s)
  [invoice_processing.disposition] blocks/none  : acc 0.700 macro-F1 0.455 NLL 1.004 Brier 0.157 (306 steps, 72.2s)
  [invoice_processing.disposition] blocks/global: acc 0.750 macro-F1 0.526 NLL 0.785 Brier 0.102 (306 steps, 76.3s)
  [invoice_processing.disposition] blocks/field : acc 0.740 macro-F1 0.524 NLL 0.736 Brier 0.094 (306 steps, 68.4s)
  [invoice_processing.duplicate]  probe/none  : acc 0.890 macro-F1 0.471 NLL 0.340 Brier 0.075 (306 steps, 5.7s)
  [invoice_processing.duplicate]  probe/global: acc 0.890 macro-F1 0.471 NLL 0.318 Brier 0.068 (306 steps, 5.5s)
  [invoice_processing.duplicate]  probe/field : acc 0.890 macro-F1 0.471 NLL 0.320 Brier 0.069 (306 steps, 3.0s)
  [invoice_processing.duplicate] blocks/none  : acc 0.900 macro-F1 0.660 NLL 0.168 Brier 0.025 (306 steps, 51.8s)
  [invoice_processing.duplicate] blocks/global: acc 0.920 macro-F1 0.728 NLL 0.190 Brier 0.030 (306 steps, 45.8s)
  [invoice_processing.duplicate] blocks/field : acc 0.910 macro-F1 0.676 NLL 0.203 Brier 0.035 (306 steps, 54.7s)
  [invoice_processing.matches_order]  probe/none  : acc 0.700 macro-F1 0.661 NLL 0.663 Brier 0.324 (306 steps, 5.2s)
  [invoice_processing.matches_order]  probe/global: acc 0.800 macro-F1 0.799 NLL 0.460 Brier 0.185 (306 steps, 5.1s)
  [invoice_processing.matches_order]  probe/field : acc 0.840 macro-F1 0.838 NLL 0.458 Brier 0.181 (306 steps, 5.2s)
  [invoice_processing.matches_order] blocks/none  : acc 0.930 macro-F1 0.929 NLL 0.281 Brier 0.082 (306 steps, 56.8s)
  [invoice_processing.matches_order] blocks/global: acc 0.910 macro-F1 0.910 NLL 0.231 Brier 0.073 (306 steps, 69.0s)
  [invoice_processing.matches_order] blocks/field : acc 0.900 macro-F1 0.899 NLL 0.206 Brier 0.067 (306 steps, 70.6s)
  [invoice_processing.urgency]  probe/none  : acc 0.560 macro-F1 0.306 NLL 1.027 Brier 0.114 (306 steps, 6.9s)
  [invoice_processing.urgency]  probe/global: acc 0.590 macro-F1 0.324 NLL 0.904 Brier 0.085 (306 steps, 7.1s)
  [invoice_processing.urgency]  probe/field : acc 0.580 macro-F1 0.318 NLL 0.910 Brier 0.087 (306 steps, 7.0s)
  [invoice_processing.urgency] blocks/none  : acc 0.740 macro-F1 0.471 NLL 0.679 Brier 0.033 (306 steps, 74.7s)
  [invoice_processing.urgency] blocks/global: acc 0.740 macro-F1 0.507 NLL 0.727 Brier 0.039 (306 steps, 74.7s)
  [invoice_processing.urgency] blocks/field : acc 0.740 macro-F1 0.495 NLL 0.744 Brier 0.046 (306 steps, 74.8s)
  [security_incidents.credential_compromise]  probe/none  : acc 0.680 macro-F1 0.678 NLL 0.657 Brier 0.060 (306 steps, 7.6s)
  [security_incidents.credential_compromise]  probe/global: acc 0.690 macro-F1 0.689 NLL 0.618 Brier 0.050 (306 steps, 7.6s)
  [security_incidents.credential_compromise]  probe/field : acc 0.680 macro-F1 0.680 NLL 0.615 Brier 0.048 (306 steps, 7.5s)
  [security_incidents.credential_compromise] blocks/none  : acc 0.750 macro-F1 0.749 NLL 0.550 Brier 0.038 (306 steps, 60.2s)
  [security_incidents.credential_compromise] blocks/global: acc 0.730 macro-F1 0.730 NLL 0.562 Brier 0.039 (306 steps, 60.4s)
  [security_incidents.credential_compromise] blocks/field : acc 0.770 macro-F1 0.769 NLL 0.559 Brier 0.038 (306 steps, 61.6s)
  [security_incidents.disposition]  probe/none  : acc 0.740 macro-F1 0.213 NLL 0.912 Brier 0.080 (306 steps, 7.5s)
  [security_incidents.disposition]  probe/global: acc 0.780 macro-F1 0.323 NLL 0.859 Brier 0.072 (306 steps, 7.5s)
  [security_incidents.disposition]  probe/field : acc 0.780 macro-F1 0.323 NLL 0.860 Brier 0.072 (306 steps, 7.5s)
  [security_incidents.disposition] blocks/none  : acc 0.750 macro-F1 0.341 NLL 0.780 Brier 0.061 (306 steps, 61.5s)
  [security_incidents.disposition] blocks/global: acc 0.710 macro-F1 0.262 NLL 0.766 Brier 0.066 (306 steps, 61.5s)
  [security_incidents.disposition] blocks/field : acc 0.750 macro-F1 0.272 NLL 0.772 Brier 0.066 (306 steps, 61.6s)
  [security_incidents.severity]  probe/none  : acc 0.490 macro-F1 0.185 NLL 1.209 Brier 0.094 (306 steps, 7.4s)
  [security_incidents.severity]  probe/global: acc 0.590 macro-F1 0.291 NLL 1.126 Brier 0.081 (306 steps, 7.5s)
  [security_incidents.severity]  probe/field : acc 0.580 macro-F1 0.287 NLL 1.132 Brier 0.082 (306 steps, 7.6s)
  [security_incidents.severity] blocks/none  : acc 0.730 macro-F1 0.539 NLL 0.825 Brier 0.042 (306 steps, 60.1s)
  [security_incidents.severity] blocks/global: acc 0.730 macro-F1 0.541 NLL 0.846 Brier 0.044 (306 steps, 58.7s)
  [security_incidents.severity] blocks/field : acc 0.740 macro-F1 0.507 NLL 0.856 Brier 0.047 (306 steps, 59.7s)
  [security_incidents.true_positive]  probe/none  : acc 0.780 macro-F1 0.656 NLL 0.570 Brier 0.051 (306 steps, 7.4s)
  [security_incidents.true_positive]  probe/global: acc 0.760 macro-F1 0.696 NLL 0.536 Brier 0.042 (306 steps, 7.3s)
  [security_incidents.true_positive]  probe/field : acc 0.770 macro-F1 0.705 NLL 0.532 Brier 0.041 (306 steps, 7.3s)
  [security_incidents.true_positive] blocks/none  : acc 0.780 macro-F1 0.727 NLL 0.451 Brier 0.031 (306 steps, 59.9s)
  [security_incidents.true_positive] blocks/global: acc 0.770 macro-F1 0.718 NLL 0.485 Brier 0.033 (306 steps, 59.8s)
  [security_incidents.true_positive] blocks/field : acc 0.770 macro-F1 0.705 NLL 0.478 Brier 0.031 (306 steps, 57.5s)
  [security_incidents.urgency]  probe/none  : acc 0.500 macro-F1 0.180 NLL 1.061 Brier 0.085 (306 steps, 7.1s)
  [security_incidents.urgency]  probe/global: acc 0.550 macro-F1 0.313 NLL 1.002 Brier 0.074 (306 steps, 5.4s)
  [security_incidents.urgency]  probe/field : acc 0.570 macro-F1 0.298 NLL 1.009 Brier 0.075 (306 steps, 6.4s)
  [security_incidents.urgency] blocks/none  : acc 0.640 macro-F1 0.432 NLL 0.856 Brier 0.053 (306 steps, 48.5s)
  [security_incidents.urgency] blocks/global: acc 0.640 macro-F1 0.431 NLL 0.885 Brier 0.059 (306 steps, 48.2s)
  [security_incidents.urgency] blocks/field : acc 0.600 macro-F1 0.375 NLL 0.898 Brier 0.064 (306 steps, 49.0s)
== done in 3411.1s; wrote results/tarski/explore_template.json
      probe/none: mean acc 0.5755  macro-F1 0.3547  NLL 0.9652  Brier 0.1550
    probe/global: mean acc 0.6320  macro-F1 0.4414  NLL 0.8696  Brier 0.1231
     probe/field: mean acc 0.6495  macro-F1 0.4622  NLL 0.8552  Brier 0.1190
     blocks/none: mean acc 0.7630  macro-F1 0.6281  NLL 0.6555  Brier 0.0678
   blocks/global: mean acc 0.7535  macro-F1 0.6201  NLL 0.6595  Brier 0.0667
    blocks/field: mean acc 0.7405  macro-F1 0.5979  NLL 0.6780  Brier 0.0719
