Loading weights:   0%|          | 0/134 [00:00<?, ?it/s]Loading weights: 100%|██████████| 134/134 [00:00<00:00, 7893.11it/s]
Using the latest cached version of the dataset since LocalLLaMA/typed-decisions couldn't be found on the Hugging Face Hub (offline mode is enabled).
Found the latest cached dataset configuration 'all' at /home/ubuntu/.cache/huggingface/datasets/LocalLLaMA___typed-decisions/all/0.0.0/f7a2487edd7a043a5441a5e9ccc7fe5ddbd9ebe8 (last modified on Sun Sep 27 18:59:51 2026).
Using the latest cached version of the dataset since LocalLLaMA/typed-decisions couldn't be found on the Hugging Face Hub (offline mode is enabled).
Found the latest cached dataset configuration 'all' at /home/ubuntu/.cache/huggingface/datasets/LocalLLaMA___typed-decisions/all/0.0.0/f7a2487edd7a043a5441a5e9ccc7fe5ddbd9ebe8 (last modified on Sun Sep 27 18:59:51 2026).
== typed-decisions: 1080/120/400 messages (train/val/test), tasks: agent_trace_observability.action(4), agent_trace_observability.needs_review(2), agent_trace_observability.outcome(4), agent_trace_observability.risk(4), agent_trace_observability.urgency(4), customer_service.action(5), customer_service.category(5), customer_service.churn_risk(4), customer_service.needs_human(2), customer_service.urgency(4), invoice_processing.discrepancy_severity(4), invoice_processing.disposition(4), invoice_processing.duplicate(2), invoice_processing.matches_order(2), invoice_processing.urgency(4), security_incidents.credential_compromise(2), security_incidents.disposition(4), security_incidents.severity(5), security_incidents.true_positive(2), security_incidents.urgency(4) | base answerdotai/ModernBERT-base on cuda | seed 2
-- probe@22
  cached trunk depth 22 for 1600 messages in 9.0s (559 MB)
  [customer_service.action] probe split=22, 5 labels, 269 train
    epoch 1/34 loss 1.7533 val acc 0.1290 (0.4s)
    epoch 2/34 loss 1.3481 val acc 0.5484 (0.2s)
    epoch 3/34 loss 1.3282 val acc 0.5484 (0.2s)
    epoch 4/34 loss 1.2606 val acc 0.5161 (0.2s)
    epoch 5/34 loss 1.2343 val acc 0.5161 (0.2s)
    epoch 6/34 loss 1.2134 val acc 0.5161 (0.2s)
    epoch 7/34 loss 1.2000 val acc 0.5484 (0.2s)
    epoch 8/34 loss 1.1769 val acc 0.5161 (0.2s)
    epoch 9/34 loss 1.1685 val acc 0.5484 (0.2s)
    epoch 10/34 loss 1.1626 val acc 0.5484 (0.2s)
    epoch 11/34 loss 1.1572 val acc 0.5484 (0.2s)
    epoch 12/34 loss 1.1701 val acc 0.6129 (0.2s)
    epoch 13/34 loss 1.1554 val acc 0.4194 (0.2s)
    epoch 14/34 loss 1.1476 val acc 0.5161 (0.1s)
    epoch 15/34 loss 1.1503 val acc 0.5161 (0.1s)
    epoch 16/34 loss 1.1585 val acc 0.7097 (0.1s)
    epoch 17/34 loss 1.1393 val acc 0.7097 (0.1s)
    epoch 18/34 loss 1.1282 val acc 0.6129 (0.1s)
    epoch 19/34 loss 1.1370 val acc 0.5484 (0.1s)
    epoch 20/34 loss 1.1184 val acc 0.6129 (0.1s)
    epoch 21/34 loss 1.1191 val acc 0.6452 (0.1s)
    epoch 22/34 loss 1.1169 val acc 0.6774 (0.1s)
    epoch 23/34 loss 1.1154 val acc 0.6452 (0.1s)
    epoch 24/34 loss 1.1046 val acc 0.7097 (0.1s)
    epoch 25/34 loss 1.1023 val acc 0.6774 (0.1s)
    epoch 26/34 loss 1.1066 val acc 0.7097 (0.1s)
    epoch 27/34 loss 1.1060 val acc 0.7097 (0.1s)
    epoch 28/34 loss 1.1024 val acc 0.6774 (0.1s)
    epoch 29/34 loss 1.1060 val acc 0.7097 (0.1s)
    epoch 30/34 loss 1.1048 val acc 0.7097 (0.1s)
    epoch 31/34 loss 1.1016 val acc 0.7097 (0.1s)
    epoch 32/34 loss 1.1036 val acc 0.7097 (0.1s)
    epoch 33/34 loss 1.1034 val acc 0.7097 (0.1s)
    epoch 34/34 loss 1.1023 val acc 0.7097 (0.1s)
  [customer_service.action] test acc 0.6400 macro-F1 0.3026 ECE 0.120 (T=0.92, 5s, 0.01M params)
  [customer_service.category] probe split=22, 5 labels, 269 train
    epoch 1/34 loss 1.7075 val acc 0.2581 (0.1s)
    epoch 2/34 loss 1.5914 val acc 0.1290 (0.1s)
    epoch 3/34 loss 1.5616 val acc 0.4194 (0.1s)
    epoch 4/34 loss 1.4617 val acc 0.5161 (0.1s)
    epoch 5/34 loss 1.3727 val acc 0.3871 (0.2s)
    epoch 6/34 loss 1.3073 val acc 0.3871 (0.2s)
    epoch 7/34 loss 1.2263 val acc 0.4194 (0.2s)
    epoch 8/34 loss 1.1765 val acc 0.5806 (0.2s)
    epoch 9/34 loss 1.1066 val acc 0.6129 (0.2s)
    epoch 10/34 loss 1.0581 val acc 0.6774 (0.2s)
    epoch 11/34 loss 1.0192 val acc 0.6774 (0.2s)
    epoch 12/34 loss 0.9610 val acc 0.6774 (0.2s)
    epoch 13/34 loss 0.9399 val acc 0.6452 (0.2s)
    epoch 14/34 loss 0.9156 val acc 0.6452 (0.2s)
    epoch 15/34 loss 0.8896 val acc 0.6452 (0.2s)
    epoch 16/34 loss 0.8859 val acc 0.6452 (0.2s)
    epoch 17/34 loss 0.8513 val acc 0.6774 (0.2s)
    epoch 18/34 loss 0.8277 val acc 0.6129 (0.1s)
    epoch 19/34 loss 0.8200 val acc 0.6774 (0.1s)
    epoch 20/34 loss 0.8217 val acc 0.6774 (0.1s)
    epoch 21/34 loss 0.7982 val acc 0.6452 (0.1s)
    epoch 22/34 loss 0.7862 val acc 0.6452 (0.1s)
    epoch 23/34 loss 0.7854 val acc 0.6129 (0.1s)
    epoch 24/34 loss 0.7645 val acc 0.6129 (0.1s)
    epoch 25/34 loss 0.7521 val acc 0.6774 (0.1s)
    epoch 26/34 loss 0.7454 val acc 0.7097 (0.1s)
    epoch 27/34 loss 0.7542 val acc 0.7097 (0.1s)
    epoch 28/34 loss 0.7498 val acc 0.6774 (0.1s)
    epoch 29/34 loss 0.7528 val acc 0.7097 (0.1s)
    epoch 30/34 loss 0.7488 val acc 0.6774 (0.1s)
    epoch 31/34 loss 0.7368 val acc 0.6774 (0.1s)
    epoch 32/34 loss 0.7387 val acc 0.7097 (0.1s)
    epoch 33/34 loss 0.7413 val acc 0.6774 (0.1s)
    epoch 34/34 loss 0.7512 val acc 0.6774 (0.1s)
  [customer_service.category] test acc 0.7800 macro-F1 0.6231 ECE 0.139 (T=0.67, 5s, 0.01M params)
  [customer_service.churn_risk] probe split=22, 4 labels, 269 train
    epoch 1/34 loss 1.3126 val acc 0.5161 (0.1s)
    epoch 2/34 loss 1.2980 val acc 0.5161 (0.1s)
    epoch 3/34 loss 1.2780 val acc 0.5161 (0.1s)
    epoch 4/34 loss 1.2691 val acc 0.5806 (0.1s)
    epoch 5/34 loss 1.2436 val acc 0.3226 (0.1s)
    epoch 6/34 loss 1.2237 val acc 0.6774 (0.1s)
    epoch 7/34 loss 1.2095 val acc 0.7097 (0.1s)
    epoch 8/34 loss 1.2032 val acc 0.5806 (0.1s)
    epoch 9/34 loss 1.1945 val acc 0.5484 (0.1s)
    epoch 10/34 loss 1.1818 val acc 0.6129 (0.1s)
    epoch 11/34 loss 1.1631 val acc 0.6129 (0.1s)
    epoch 12/34 loss 1.1490 val acc 0.5484 (0.2s)
    epoch 13/34 loss 1.1470 val acc 0.5484 (0.2s)
    epoch 14/34 loss 1.1347 val acc 0.5806 (0.2s)
    epoch 15/34 loss 1.1294 val acc 0.6452 (0.2s)
    epoch 16/34 loss 1.1258 val acc 0.6129 (0.2s)
    epoch 17/34 loss 1.1217 val acc 0.6452 (0.2s)
    epoch 18/34 loss 1.1279 val acc 0.5484 (0.2s)
    epoch 19/34 loss 1.1162 val acc 0.7097 (0.2s)
    epoch 20/34 loss 1.1131 val acc 0.5806 (0.2s)
    epoch 21/34 loss 1.1081 val acc 0.6774 (0.2s)
    epoch 22/34 loss 1.0980 val acc 0.6452 (0.2s)
    epoch 23/34 loss 1.0984 val acc 0.6452 (0.2s)
    epoch 24/34 loss 1.0848 val acc 0.6774 (0.2s)
    epoch 25/34 loss 1.0814 val acc 0.6129 (0.2s)
    epoch 26/34 loss 1.0844 val acc 0.6129 (0.1s)
    epoch 27/34 loss 1.0879 val acc 0.6774 (0.1s)
    epoch 28/34 loss 1.0836 val acc 0.6129 (0.1s)
    epoch 29/34 loss 1.0889 val acc 0.6129 (0.1s)
    epoch 30/34 loss 1.0868 val acc 0.6129 (0.1s)
    epoch 31/34 loss 1.0832 val acc 0.6452 (0.1s)
    epoch 32/34 loss 1.0837 val acc 0.6452 (0.1s)
    epoch 33/34 loss 1.0846 val acc 0.6452 (0.1s)
    epoch 34/34 loss 1.0811 val acc 0.6452 (0.1s)
  [customer_service.churn_risk] test acc 0.6700 macro-F1 0.4852 ECE 0.209 (T=0.86, 5s, 0.00M params)
  [customer_service.needs_human] probe split=22, 2 labels, 269 train
    epoch 1/34 loss 0.6803 val acc 0.7419 (0.1s)
    epoch 2/34 loss 0.6809 val acc 0.4516 (0.1s)
    epoch 3/34 loss 0.6693 val acc 0.7742 (0.1s)
    epoch 4/34 loss 0.6585 val acc 0.7097 (0.1s)
    epoch 5/34 loss 0.6574 val acc 0.6774 (0.1s)
    epoch 6/34 loss 0.6410 val acc 0.6452 (0.1s)
    epoch 7/34 loss 0.6368 val acc 0.7097 (0.1s)
    epoch 8/34 loss 0.6321 val acc 0.5484 (0.1s)
    epoch 9/34 loss 0.6296 val acc 0.7097 (0.1s)
    epoch 10/34 loss 0.6403 val acc 0.5806 (0.1s)
    epoch 11/34 loss 0.6216 val acc 0.7097 (0.1s)
    epoch 12/34 loss 0.6270 val acc 0.7419 (0.1s)
    epoch 13/34 loss 0.6289 val acc 0.7742 (0.1s)
    epoch 14/34 loss 0.6201 val acc 0.7419 (0.1s)
    epoch 15/34 loss 0.6125 val acc 0.7419 (0.1s)
    epoch 16/34 loss 0.6112 val acc 0.8065 (0.1s)
    epoch 17/34 loss 0.6153 val acc 0.8065 (0.1s)
    epoch 18/34 loss 0.6243 val acc 0.8387 (0.1s)
    epoch 19/34 loss 0.6255 val acc 0.7419 (0.2s)
    epoch 20/34 loss 0.6061 val acc 0.7742 (0.2s)
    epoch 21/34 loss 0.6071 val acc 0.7742 (0.2s)
    epoch 22/34 loss 0.6059 val acc 0.8065 (0.2s)
    epoch 23/34 loss 0.6074 val acc 0.7742 (0.2s)
    epoch 24/34 loss 0.6016 val acc 0.7742 (0.2s)
    epoch 25/34 loss 0.6017 val acc 0.7742 (0.2s)
    epoch 26/34 loss 0.6051 val acc 0.7742 (0.2s)
    epoch 27/34 loss 0.6068 val acc 0.7742 (0.2s)
    epoch 28/34 loss 0.6005 val acc 0.7742 (0.2s)
    epoch 29/34 loss 0.6046 val acc 0.7742 (0.2s)
    epoch 30/34 loss 0.6045 val acc 0.8065 (0.2s)
    epoch 31/34 loss 0.6042 val acc 0.7742 (0.2s)
    epoch 32/34 loss 0.6040 val acc 0.8065 (0.2s)
    epoch 33/34 loss 0.6014 val acc 0.8065 (0.1s)
    epoch 34/34 loss 0.6038 val acc 0.8065 (0.1s)
  [customer_service.needs_human] test acc 0.8400 macro-F1 0.8016 ECE 0.139 (T=0.72, 5s, 0.00M params)
  [customer_service.urgency] probe split=22, 4 labels, 269 train
    epoch 1/34 loss 1.2434 val acc 0.5161 (0.1s)
    epoch 2/34 loss 1.1853 val acc 0.2581 (0.1s)
    epoch 3/34 loss 1.2236 val acc 0.2581 (0.1s)
    epoch 4/34 loss 1.1812 val acc 0.4839 (0.1s)
    epoch 5/34 loss 1.1628 val acc 0.5806 (0.1s)
    epoch 6/34 loss 1.1356 val acc 0.2903 (0.1s)
    epoch 7/34 loss 1.1218 val acc 0.2258 (0.1s)
    epoch 8/34 loss 1.1126 val acc 0.5161 (0.1s)
    epoch 9/34 loss 1.1102 val acc 0.2581 (0.1s)
    epoch 10/34 loss 1.1088 val acc 0.4194 (0.1s)
    epoch 11/34 loss 1.0832 val acc 0.6129 (0.1s)
    epoch 12/34 loss 1.0863 val acc 0.6129 (0.1s)
    epoch 13/34 loss 1.0778 val acc 0.6774 (0.1s)
    epoch 14/34 loss 1.0590 val acc 0.5161 (0.1s)
    epoch 15/34 loss 1.0647 val acc 0.7097 (0.1s)
    epoch 16/34 loss 1.0585 val acc 0.7742 (0.1s)
    epoch 17/34 loss 1.0687 val acc 0.5484 (0.1s)
    epoch 18/34 loss 1.0556 val acc 0.4194 (0.1s)
    epoch 19/34 loss 1.0598 val acc 0.7419 (0.1s)
    epoch 20/34 loss 1.0527 val acc 0.5161 (0.1s)
    epoch 21/34 loss 1.0452 val acc 0.6129 (0.1s)
    epoch 22/34 loss 1.0392 val acc 0.5484 (0.1s)
    epoch 23/34 loss 1.0315 val acc 0.7097 (0.1s)
    epoch 24/34 loss 1.0252 val acc 0.5806 (0.2s)
    epoch 25/34 loss 1.0248 val acc 0.6452 (0.2s)
    epoch 26/34 loss 1.0260 val acc 0.5806 (0.2s)
    epoch 27/34 loss 1.0241 val acc 0.5806 (0.2s)
    epoch 28/34 loss 1.0219 val acc 0.5484 (0.2s)
    epoch 29/34 loss 1.0224 val acc 0.5806 (0.2s)
    epoch 30/34 loss 1.0242 val acc 0.5806 (0.2s)
    epoch 31/34 loss 1.0183 val acc 0.5806 (0.2s)
    epoch 32/34 loss 1.0234 val acc 0.5806 (0.2s)
    epoch 33/34 loss 1.0175 val acc 0.5806 (0.2s)
    epoch 34/34 loss 1.0177 val acc 0.5806 (0.2s)
  [customer_service.urgency] test acc 0.6300 macro-F1 0.4678 ECE 0.151 (T=0.89, 4s, 0.00M params)
   probe@22 mean: {"acc": 0.712, "macro_f1": 0.5361, "ece": 0.1517, "nll": 0.7694}
-- blocks@20+2
  cached trunk depth 20 for 1600 messages in 7.7s (559 MB)
  [customer_service.action] blocks split=20 depth=2, 5 labels, 269 train
    epoch 1/34 loss 1.5327 val acc 0.5484 (1.6s)
    epoch 2/34 loss 1.3341 val acc 0.5161 (1.3s)
    epoch 3/34 loss 1.2780 val acc 0.5484 (1.2s)
    epoch 4/34 loss 1.2452 val acc 0.5484 (1.2s)
    epoch 5/34 loss 1.2263 val acc 0.5161 (1.2s)
    epoch 6/34 loss 1.1886 val acc 0.5161 (1.2s)
    epoch 7/34 loss 1.1766 val acc 0.5161 (1.5s)
    epoch 8/34 loss 1.1459 val acc 0.5484 (1.6s)
    epoch 9/34 loss 1.1219 val acc 0.5806 (1.3s)
    epoch 10/34 loss 1.1030 val acc 0.6129 (1.2s)
    epoch 11/34 loss 1.0897 val acc 0.6129 (1.2s)
    epoch 12/34 loss 1.0683 val acc 0.6452 (1.2s)
    epoch 13/34 loss 1.0688 val acc 0.7097 (1.2s)
    epoch 14/34 loss 1.0377 val acc 0.6774 (1.6s)
    epoch 15/34 loss 1.0302 val acc 0.6452 (1.6s)
    epoch 16/34 loss 1.0161 val acc 0.6452 (1.3s)
    epoch 17/34 loss 1.0043 val acc 0.4839 (1.2s)
    epoch 18/34 loss 0.9919 val acc 0.5806 (1.2s)
    epoch 19/34 loss 0.9873 val acc 0.6452 (1.2s)
    epoch 20/34 loss 0.9812 val acc 0.6129 (1.2s)
    epoch 21/34 loss 0.9705 val acc 0.6129 (1.6s)
    epoch 22/34 loss 0.9666 val acc 0.6129 (1.5s)
    epoch 23/34 loss 0.9639 val acc 0.5806 (1.2s)
    epoch 24/34 loss 0.9584 val acc 0.5806 (1.2s)
    epoch 25/34 loss 0.9558 val acc 0.5806 (1.2s)
    epoch 26/34 loss 0.9563 val acc 0.6129 (1.2s)
    epoch 27/34 loss 0.9520 val acc 0.5806 (1.2s)
    epoch 28/34 loss 0.9507 val acc 0.6452 (1.6s)
    epoch 29/34 loss 0.9498 val acc 0.6129 (1.6s)
    epoch 30/34 loss 0.9481 val acc 0.5806 (1.2s)
    epoch 31/34 loss 0.9500 val acc 0.5806 (1.2s)
    epoch 32/34 loss 0.9473 val acc 0.6129 (1.1s)
    epoch 33/34 loss 0.9485 val acc 0.6129 (1.1s)
    epoch 34/34 loss 0.9473 val acc 0.6129 (1.3s)
  [customer_service.action] test acc 0.5600 macro-F1 0.3052 ECE 0.122 (T=1.14, 44s, 10.03M params)
  [customer_service.category] blocks split=20 depth=2, 5 labels, 269 train
    epoch 1/34 loss 1.8078 val acc 0.1290 (1.5s)
    epoch 2/34 loss 1.6234 val acc 0.1935 (1.4s)
    epoch 3/34 loss 1.5728 val acc 0.3871 (1.2s)
    epoch 4/34 loss 1.4666 val acc 0.6452 (1.2s)
    epoch 5/34 loss 1.2284 val acc 0.6129 (1.2s)
    epoch 6/34 loss 0.8147 val acc 0.7097 (1.3s)
    epoch 7/34 loss 0.6369 val acc 0.7419 (1.5s)
    epoch 8/34 loss 0.5560 val acc 0.7419 (1.6s)
    epoch 9/34 loss 0.5101 val acc 0.7742 (1.3s)
    epoch 10/34 loss 0.4899 val acc 0.7742 (1.2s)
    epoch 11/34 loss 0.4653 val acc 0.8065 (1.2s)
    epoch 12/34 loss 0.4525 val acc 0.8065 (1.2s)
    epoch 13/34 loss 0.4432 val acc 0.8065 (1.3s)
    epoch 14/34 loss 0.4399 val acc 0.7742 (1.5s)
    epoch 15/34 loss 0.4364 val acc 0.8065 (1.5s)
    epoch 16/34 loss 0.4328 val acc 0.7742 (1.2s)
    epoch 17/34 loss 0.4254 val acc 0.7419 (1.2s)
    epoch 18/34 loss 0.4211 val acc 0.7419 (1.2s)
    epoch 19/34 loss 0.4221 val acc 0.8065 (1.2s)
    epoch 20/34 loss 0.4190 val acc 0.7742 (1.3s)
    epoch 21/34 loss 0.4167 val acc 0.7742 (1.5s)
    epoch 22/34 loss 0.4146 val acc 0.7742 (1.5s)
    epoch 23/34 loss 0.4134 val acc 0.7742 (1.2s)
    epoch 24/34 loss 0.4128 val acc 0.7742 (1.2s)
    epoch 25/34 loss 0.4109 val acc 0.8065 (1.2s)
    epoch 26/34 loss 0.4113 val acc 0.8065 (1.2s)
    epoch 27/34 loss 0.4103 val acc 0.8065 (1.4s)
    epoch 28/34 loss 0.4111 val acc 0.8065 (1.5s)
    epoch 29/34 loss 0.4105 val acc 0.8065 (1.6s)
    epoch 30/34 loss 0.4109 val acc 0.8065 (1.7s)
    epoch 31/34 loss 0.4096 val acc 0.8065 (1.8s)
    epoch 32/34 loss 0.4101 val acc 0.8065 (1.8s)
    epoch 33/34 loss 0.4109 val acc 0.8065 (1.3s)
    epoch 34/34 loss 0.4106 val acc 0.8065 (1.2s)
  [customer_service.category] test acc 0.9200 macro-F1 0.9076 ECE 0.099 (T=1.04, 46s, 10.03M params)
  [customer_service.churn_risk] blocks split=20 depth=2, 4 labels, 269 train
    epoch 1/34 loss 1.3345 val acc 0.5161 (1.2s)
    epoch 2/34 loss 1.3043 val acc 0.5161 (1.2s)
    epoch 3/34 loss 1.2914 val acc 0.5161 (1.3s)
    epoch 4/34 loss 1.2791 val acc 0.5484 (1.4s)
    epoch 5/34 loss 1.2426 val acc 0.3871 (1.2s)
    epoch 6/34 loss 1.2043 val acc 0.5161 (1.2s)
    epoch 7/34 loss 1.1558 val acc 0.6129 (1.2s)
    epoch 8/34 loss 1.1012 val acc 0.6452 (1.2s)
    epoch 9/34 loss 1.0504 val acc 0.4839 (1.4s)
    epoch 10/34 loss 1.0041 val acc 0.5806 (1.3s)
    epoch 11/34 loss 0.9847 val acc 0.6774 (1.2s)
    epoch 12/34 loss 0.9627 val acc 0.6774 (1.2s)
    epoch 13/34 loss 0.9446 val acc 0.6129 (1.2s)
    epoch 14/34 loss 0.9341 val acc 0.6774 (1.2s)
    epoch 15/34 loss 0.9193 val acc 0.6129 (1.5s)
    epoch 16/34 loss 0.9210 val acc 0.6452 (1.2s)
    epoch 17/34 loss 0.9121 val acc 0.7419 (1.2s)
    epoch 18/34 loss 0.9102 val acc 0.6774 (1.2s)
    epoch 19/34 loss 0.9032 val acc 0.6774 (1.2s)
    epoch 20/34 loss 0.8983 val acc 0.7419 (1.3s)
    epoch 21/34 loss 0.8940 val acc 0.6774 (1.3s)
    epoch 22/34 loss 0.8924 val acc 0.7097 (1.2s)
    epoch 23/34 loss 0.8941 val acc 0.7097 (1.2s)
    epoch 24/34 loss 0.8919 val acc 0.7097 (1.2s)
    epoch 25/34 loss 0.8910 val acc 0.7419 (1.2s)
    epoch 26/34 loss 0.8886 val acc 0.7419 (1.4s)
    epoch 27/34 loss 0.8874 val acc 0.7419 (1.2s)
    epoch 28/34 loss 0.8882 val acc 0.7419 (1.2s)
    epoch 29/34 loss 0.8877 val acc 0.7419 (1.2s)
    epoch 30/34 loss 0.8880 val acc 0.7419 (1.2s)
    epoch 31/34 loss 0.8880 val acc 0.7419 (1.1s)
    epoch 32/34 loss 0.8872 val acc 0.7419 (1.7s)
    epoch 33/34 loss 0.8868 val acc 0.7419 (1.7s)
    epoch 34/34 loss 0.8862 val acc 0.7419 (1.3s)
  [customer_service.churn_risk] test acc 0.7200 macro-F1 0.5508 ECE 0.176 (T=1.11, 43s, 10.03M params)
  [customer_service.needs_human] blocks split=20 depth=2, 2 labels, 269 train
    epoch 1/34 loss 0.6805 val acc 0.7419 (1.2s)
    epoch 2/34 loss 0.6816 val acc 0.7419 (1.2s)
    epoch 3/34 loss 0.6635 val acc 0.7742 (1.2s)
    epoch 4/34 loss 0.6553 val acc 0.7097 (1.4s)
    epoch 5/34 loss 0.6475 val acc 0.6774 (1.7s)
    epoch 6/34 loss 0.6270 val acc 0.6452 (1.6s)
    epoch 7/34 loss 0.6261 val acc 0.7097 (1.2s)
    epoch 8/34 loss 0.6044 val acc 0.7742 (1.2s)
    epoch 9/34 loss 0.5958 val acc 0.8065 (1.2s)
    epoch 10/34 loss 0.5936 val acc 0.7419 (1.2s)
    epoch 11/34 loss 0.5839 val acc 0.7419 (1.4s)
    epoch 12/34 loss 0.5781 val acc 0.8065 (1.7s)
    epoch 13/34 loss 0.5800 val acc 0.7097 (1.7s)
    epoch 14/34 loss 0.5678 val acc 0.6129 (1.2s)
    epoch 15/34 loss 0.5719 val acc 0.5806 (1.2s)
    epoch 16/34 loss 0.5731 val acc 0.6129 (1.2s)
    epoch 17/34 loss 0.5597 val acc 0.7419 (1.2s)
    epoch 18/34 loss 0.5587 val acc 0.7097 (1.4s)
    epoch 19/34 loss 0.5559 val acc 0.8065 (1.7s)
    epoch 20/34 loss 0.5543 val acc 0.6774 (1.7s)
    epoch 21/34 loss 0.5519 val acc 0.6774 (1.2s)
    epoch 22/34 loss 0.5510 val acc 0.6774 (1.2s)
    epoch 23/34 loss 0.5503 val acc 0.7097 (1.2s)
    epoch 24/34 loss 0.5484 val acc 0.7097 (1.2s)
    epoch 25/34 loss 0.5476 val acc 0.6774 (1.3s)
    epoch 26/34 loss 0.5473 val acc 0.6774 (1.7s)
    epoch 27/34 loss 0.5469 val acc 0.6774 (1.7s)
    epoch 28/34 loss 0.5457 val acc 0.6774 (1.2s)
    epoch 29/34 loss 0.5455 val acc 0.6774 (1.2s)
    epoch 30/34 loss 0.5452 val acc 0.6774 (1.2s)
    epoch 31/34 loss 0.5449 val acc 0.6774 (1.2s)
    epoch 32/34 loss 0.5456 val acc 0.6774 (1.3s)
    epoch 33/34 loss 0.5450 val acc 0.6774 (1.6s)
    epoch 34/34 loss 0.5448 val acc 0.6774 (1.5s)
  [customer_service.needs_human] test acc 0.8100 macro-F1 0.7799 ECE 0.149 (T=0.93, 46s, 10.03M params)
  [customer_service.urgency] blocks split=20 depth=2, 4 labels, 269 train
    epoch 1/34 loss 1.2525 val acc 0.5484 (1.2s)
    epoch 2/34 loss 1.1962 val acc 0.2258 (1.2s)
    epoch 3/34 loss 1.2073 val acc 0.4194 (1.2s)
    epoch 4/34 loss 1.1833 val acc 0.5484 (1.2s)
    epoch 5/34 loss 1.1595 val acc 0.4516 (1.4s)
    epoch 6/34 loss 1.1417 val acc 0.2581 (1.6s)
    epoch 7/34 loss 1.1099 val acc 0.3226 (1.4s)
    epoch 8/34 loss 1.0749 val acc 0.4839 (1.2s)
    epoch 9/34 loss 1.0495 val acc 0.5484 (1.2s)
    epoch 10/34 loss 0.9873 val acc 0.5806 (1.2s)
    epoch 11/34 loss 0.9413 val acc 0.7097 (1.2s)
    epoch 12/34 loss 0.9357 val acc 0.7097 (1.5s)
    epoch 13/34 loss 0.9271 val acc 0.7097 (1.6s)
    epoch 14/34 loss 0.9089 val acc 0.7097 (1.4s)
    epoch 15/34 loss 0.8901 val acc 0.7097 (1.2s)
    epoch 16/34 loss 0.8869 val acc 0.7419 (1.2s)
    epoch 17/34 loss 0.8821 val acc 0.7419 (1.2s)
    epoch 18/34 loss 0.8671 val acc 0.7097 (1.2s)
    epoch 19/34 loss 0.8691 val acc 0.6774 (1.5s)
    epoch 20/34 loss 0.8612 val acc 0.6452 (1.5s)
    epoch 21/34 loss 0.8572 val acc 0.7097 (1.2s)
    epoch 22/34 loss 0.8567 val acc 0.6452 (1.2s)
    epoch 23/34 loss 0.8531 val acc 0.6452 (1.2s)
    epoch 24/34 loss 0.8505 val acc 0.6774 (1.2s)
    epoch 25/34 loss 0.8498 val acc 0.6774 (1.2s)
    epoch 26/34 loss 0.8482 val acc 0.6774 (1.6s)
    epoch 27/34 loss 0.8462 val acc 0.6774 (1.6s)
    epoch 28/34 loss 0.8462 val acc 0.6774 (1.3s)
    epoch 29/34 loss 0.8460 val acc 0.6774 (1.2s)
    epoch 30/34 loss 0.8460 val acc 0.6774 (1.2s)
    epoch 31/34 loss 0.8450 val acc 0.6452 (1.2s)
    epoch 32/34 loss 0.8454 val acc 0.6452 (1.3s)
    epoch 33/34 loss 0.8442 val acc 0.6452 (1.5s)
    epoch 34/34 loss 0.8453 val acc 0.6452 (1.5s)
  [customer_service.urgency] test acc 0.6900 macro-F1 0.4958 ECE 0.147 (T=1.13, 45s, 10.03M params)
   blocks@20+2 mean: {"acc": 0.74, "macro_f1": 0.6078, "ece": 0.1387, "nll": 0.6512}
-- full
  cached trunk depth 0 for 1600 messages in 0.8s (559 MB)
  [customer_service.action] blocks split=0 depth=22, 5 labels, 269 train
[W927 22:00:28.364726689 CUDACachingAllocator.cpp:3934] memory allocation failed with OOM on device 0 while trying to allocate 37748736 bytes (free: 33357824, total: 23696375808).
[W927 22:00:28.364825806 CUDACachingAllocator.cpp:3934] memory allocation failed with OOM on device 0 while trying to allocate 37748736 bytes (free: 33357824, total: 23696375808).
Traceback (most recent call last):
  File "<frozen runpy>", line 198, in _run_module_as_main
  File "<frozen runpy>", line 88, in _run_code
  File "/home/ubuntu/tarski/experiments/sweep.py", line 86, in <module>
    main()
  File "/home/ubuntu/tarski/experiments/sweep.py", line 75, in main
    r = train.fit(trunk, ds, run_tasks, kind=kind, split=k, depth=d, epochs=epochs, lr_layers=lr_l,
        ^^^^^^^^^^^^^^^^^^^^^^^^^^^^^^^^^^^^^^^^^^^^^^^^^^^^^^^^^^^^^^^^^^^^^^^^^^^^^^^^^^^^^^^^^^^
  File "/home/ubuntu/tarski/tarski/train.py", line 254, in fit
    info = train_branch(branch, fc, sel["train"], y["train"], soft["train"], sel["val"], y["val"],
           ^^^^^^^^^^^^^^^^^^^^^^^^^^^^^^^^^^^^^^^^^^^^^^^^^^^^^^^^^^^^^^^^^^^^^^^^^^^^^^^^^^^^^^^
  File "/home/ubuntu/tarski/tarski/train.py", line 190, in train_branch
    z = branch.logits(h, ctx).float()
        ^^^^^^^^^^^^^^^^^^^^^
  File "/home/ubuntu/tarski/tarski/branches.py", line 128, in logits
    h = self.norm(ctx.run(self.layers, h))
                  ^^^^^^^^^^^^^^^^^^^^^^^
  File "/home/ubuntu/tarski/tarski/trunk.py", line 47, in run
    h = layer(h, attention_mask=self.masks[layer.attention_type],
        ^^^^^^^^^^^^^^^^^^^^^^^^^^^^^^^^^^^^^^^^^^^^^^^^^^^^^^^^^
  File "/home/ubuntu/tarski/.venv/lib/python3.12/site-packages/transformers/modeling_layers.py", line 109, in __call__
    return super().__call__(*args, **kwargs)
           ^^^^^^^^^^^^^^^^^^^^^^^^^^^^^^^^^
  File "/home/ubuntu/tarski/.venv/lib/python3.12/site-packages/torch/nn/modules/module.py", line 1783, in _wrapped_call_impl
    return self._call_impl(*args, **kwargs)
           ^^^^^^^^^^^^^^^^^^^^^^^^^^^^^^^^
  File "/home/ubuntu/tarski/.venv/lib/python3.12/site-packages/torch/nn/modules/module.py", line 1794, in _call_impl
    return forward_call(*args, **kwargs)
           ^^^^^^^^^^^^^^^^^^^^^^^^^^^^^
  File "/home/ubuntu/tarski/.venv/lib/python3.12/site-packages/transformers/models/modernbert/modeling_modernbert.py", line 332, in forward
    hidden_states = hidden_states + self.mlp(self.mlp_norm(hidden_states))
                    ~~~~~~~~~~~~~~^~~~~~~~~~~~~~~~~~~~~~~~~~~~~~~~~~~~~~~~
torch.OutOfMemoryError: CUDA out of memory. Tried to allocate 36.00 MiB. GPU 0 has a total capacity of 22.07 GiB of which 31.81 MiB is free. Process 12061 has 1.28 GiB memory in use. Process 12468 has 4.93 GiB memory in use. Including non-PyTorch memory, this process has 15.81 GiB memory in use. Of the allocated memory 14.89 GiB is allocated by PyTorch, and 649.82 MiB is reserved by PyTorch but unallocated. If reserved but unallocated memory is large try setting PYTORCH_CUDA_ALLOC_CONF=expandable_segments:True to avoid fragmentation.  See documentation for Memory Management  (https://docs.pytorch.org/docs/stable/notes/cuda.html#optimizing-memory-usage-with-pytorch-cuda-alloc-conf)
