Loading weights:   0%|          | 0/134 [00:00<?, ?it/s]Loading weights: 100%|██████████| 134/134 [00:00<00:00, 8715.37it/s]
Using the latest cached version of the dataset since LocalLLaMA/typed-decisions couldn't be found on the Hugging Face Hub (offline mode is enabled).
Found the latest cached dataset configuration 'all' at /home/ubuntu/.cache/huggingface/datasets/LocalLLaMA___typed-decisions/all/0.0.0/f7a2487edd7a043a5441a5e9ccc7fe5ddbd9ebe8 (last modified on Sun Sep 27 18:59:51 2026).
Using the latest cached version of the dataset since LocalLLaMA/typed-decisions couldn't be found on the Hugging Face Hub (offline mode is enabled).
Found the latest cached dataset configuration 'all' at /home/ubuntu/.cache/huggingface/datasets/LocalLLaMA___typed-decisions/all/0.0.0/f7a2487edd7a043a5441a5e9ccc7fe5ddbd9ebe8 (last modified on Sun Sep 27 18:59:51 2026).
== typed-decisions: 1080/120/400 messages (train/val/test), tasks: agent_trace_observability.action(4), agent_trace_observability.needs_review(2), agent_trace_observability.outcome(4), agent_trace_observability.risk(4), agent_trace_observability.urgency(4), customer_service.action(5), customer_service.category(5), customer_service.churn_risk(4), customer_service.needs_human(2), customer_service.urgency(4), invoice_processing.discrepancy_severity(4), invoice_processing.disposition(4), invoice_processing.duplicate(2), invoice_processing.matches_order(2), invoice_processing.urgency(4), security_incidents.credential_compromise(2), security_incidents.disposition(4), security_incidents.severity(5), security_incidents.true_positive(2), security_incidents.urgency(4) | base answerdotai/ModernBERT-base on cuda | seed 1
-- probe@22
  cached trunk depth 22 for 1600 messages in 12.7s (559 MB)
  [customer_service.action] probe split=22, 5 labels, 269 train
    epoch 1/34 loss 1.6884 val acc 0.1935 (0.4s)
    epoch 2/34 loss 1.3628 val acc 0.5484 (0.2s)
    epoch 3/34 loss 1.3008 val acc 0.5484 (0.2s)
    epoch 4/34 loss 1.2464 val acc 0.5484 (0.2s)
    epoch 5/34 loss 1.2162 val acc 0.5161 (0.2s)
    epoch 6/34 loss 1.1987 val acc 0.4839 (0.2s)
    epoch 7/34 loss 1.1980 val acc 0.6129 (0.2s)
    epoch 8/34 loss 1.1796 val acc 0.5484 (0.2s)
    epoch 9/34 loss 1.1749 val acc 0.5484 (0.2s)
    epoch 10/34 loss 1.1611 val acc 0.4839 (0.2s)
    epoch 11/34 loss 1.1579 val acc 0.5484 (0.2s)
    epoch 12/34 loss 1.1638 val acc 0.6129 (0.2s)
    epoch 13/34 loss 1.1525 val acc 0.5806 (0.2s)
    epoch 14/34 loss 1.1493 val acc 0.6129 (0.2s)
    epoch 15/34 loss 1.1366 val acc 0.6129 (0.2s)
    epoch 16/34 loss 1.1323 val acc 0.6129 (0.2s)
    epoch 17/34 loss 1.1223 val acc 0.5806 (0.2s)
    epoch 18/34 loss 1.1224 val acc 0.5806 (0.2s)
    epoch 19/34 loss 1.1237 val acc 0.6129 (0.2s)
    epoch 20/34 loss 1.1153 val acc 0.6452 (0.2s)
    epoch 21/34 loss 1.1119 val acc 0.7097 (0.2s)
    epoch 22/34 loss 1.1064 val acc 0.6129 (0.2s)
    epoch 23/34 loss 1.1126 val acc 0.7097 (0.2s)
    epoch 24/34 loss 1.1049 val acc 0.6452 (0.2s)
    epoch 25/34 loss 1.1067 val acc 0.7097 (0.2s)
    epoch 26/34 loss 1.0995 val acc 0.6452 (0.2s)
    epoch 27/34 loss 1.1024 val acc 0.6774 (0.2s)
    epoch 28/34 loss 1.0994 val acc 0.6774 (0.2s)
    epoch 29/34 loss 1.0981 val acc 0.6774 (0.2s)
    epoch 30/34 loss 1.1009 val acc 0.6774 (0.2s)
    epoch 31/34 loss 1.0986 val acc 0.6774 (0.2s)
    epoch 32/34 loss 1.1002 val acc 0.6774 (0.2s)
    epoch 33/34 loss 1.0992 val acc 0.6774 (0.2s)
    epoch 34/34 loss 1.1007 val acc 0.6774 (0.2s)
  [customer_service.action] test acc 0.6200 macro-F1 0.2882 ECE 0.131 (T=0.93, 6s, 0.01M params)
  [customer_service.category] probe split=22, 5 labels, 269 train
    epoch 1/34 loss 1.5780 val acc 0.2903 (0.2s)
    epoch 2/34 loss 1.5583 val acc 0.2258 (0.2s)
    epoch 3/34 loss 1.5310 val acc 0.4839 (0.2s)
    epoch 4/34 loss 1.4333 val acc 0.6129 (0.2s)
    epoch 5/34 loss 1.3527 val acc 0.2581 (0.2s)
    epoch 6/34 loss 1.3095 val acc 0.4839 (0.2s)
    epoch 7/34 loss 1.2089 val acc 0.5806 (0.2s)
    epoch 8/34 loss 1.1628 val acc 0.3548 (0.2s)
    epoch 9/34 loss 1.1147 val acc 0.5484 (0.2s)
    epoch 10/34 loss 1.0615 val acc 0.5161 (0.2s)
    epoch 11/34 loss 1.0415 val acc 0.5806 (0.2s)
    epoch 12/34 loss 0.9924 val acc 0.6129 (0.2s)
    epoch 13/34 loss 0.9481 val acc 0.5484 (0.2s)
    epoch 14/34 loss 0.9378 val acc 0.7097 (0.2s)
    epoch 15/34 loss 0.9033 val acc 0.6774 (0.2s)
    epoch 16/34 loss 0.8820 val acc 0.6129 (0.2s)
    epoch 17/34 loss 0.8630 val acc 0.6129 (0.2s)
    epoch 18/34 loss 0.8402 val acc 0.6452 (0.2s)
    epoch 19/34 loss 0.8173 val acc 0.6129 (0.2s)
    epoch 20/34 loss 0.8276 val acc 0.6774 (0.2s)
    epoch 21/34 loss 0.8070 val acc 0.6774 (0.2s)
    epoch 22/34 loss 0.7837 val acc 0.7097 (0.2s)
    epoch 23/34 loss 0.7832 val acc 0.6452 (0.2s)
    epoch 24/34 loss 0.7739 val acc 0.6774 (0.2s)
    epoch 25/34 loss 0.7772 val acc 0.7097 (0.2s)
    epoch 26/34 loss 0.7535 val acc 0.6774 (0.2s)
    epoch 27/34 loss 0.7597 val acc 0.7097 (0.2s)
    epoch 28/34 loss 0.7504 val acc 0.7097 (0.2s)
    epoch 29/34 loss 0.7525 val acc 0.7097 (0.2s)
    epoch 30/34 loss 0.7488 val acc 0.7097 (0.2s)
    epoch 31/34 loss 0.7436 val acc 0.7097 (0.2s)
    epoch 32/34 loss 0.7448 val acc 0.7097 (0.2s)
    epoch 33/34 loss 0.7410 val acc 0.7097 (0.2s)
    epoch 34/34 loss 0.7405 val acc 0.7097 (0.2s)
  [customer_service.category] test acc 0.7900 macro-F1 0.7082 ECE 0.137 (T=0.66, 6s, 0.01M params)
  [customer_service.churn_risk] probe split=22, 4 labels, 269 train
    epoch 1/34 loss 1.3575 val acc 0.5161 (0.2s)
    epoch 2/34 loss 1.3081 val acc 0.5161 (0.2s)
    epoch 3/34 loss 1.3105 val acc 0.5484 (0.2s)
    epoch 4/34 loss 1.2848 val acc 0.5161 (0.2s)
    epoch 5/34 loss 1.2655 val acc 0.5484 (0.2s)
    epoch 6/34 loss 1.2441 val acc 0.6774 (0.2s)
    epoch 7/34 loss 1.2226 val acc 0.4839 (0.2s)
    epoch 8/34 loss 1.2142 val acc 0.5161 (0.2s)
    epoch 9/34 loss 1.1946 val acc 0.6452 (0.2s)
    epoch 10/34 loss 1.1855 val acc 0.6452 (0.2s)
    epoch 11/34 loss 1.1776 val acc 0.7419 (0.2s)
    epoch 12/34 loss 1.1609 val acc 0.6129 (0.2s)
    epoch 13/34 loss 1.1527 val acc 0.5484 (0.2s)
    epoch 14/34 loss 1.1344 val acc 0.7097 (0.2s)
    epoch 15/34 loss 1.1331 val acc 0.6129 (0.2s)
    epoch 16/34 loss 1.1217 val acc 0.6129 (0.2s)
    epoch 17/34 loss 1.1137 val acc 0.6129 (0.2s)
    epoch 18/34 loss 1.1115 val acc 0.5806 (0.2s)
    epoch 19/34 loss 1.1060 val acc 0.5806 (0.2s)
    epoch 20/34 loss 1.0968 val acc 0.6129 (0.2s)
    epoch 21/34 loss 1.0953 val acc 0.5806 (0.2s)
    epoch 22/34 loss 1.0906 val acc 0.6774 (0.2s)
    epoch 23/34 loss 1.0859 val acc 0.6452 (0.2s)
    epoch 24/34 loss 1.0892 val acc 0.6774 (0.2s)
    epoch 25/34 loss 1.0893 val acc 0.6452 (0.2s)
    epoch 26/34 loss 1.0853 val acc 0.6452 (0.2s)
    epoch 27/34 loss 1.0831 val acc 0.6774 (0.2s)
    epoch 28/34 loss 1.0817 val acc 0.6452 (0.2s)
    epoch 29/34 loss 1.0781 val acc 0.6452 (0.2s)
    epoch 30/34 loss 1.0814 val acc 0.6129 (0.2s)
    epoch 31/34 loss 1.0816 val acc 0.6452 (0.2s)
    epoch 32/34 loss 1.0795 val acc 0.6452 (0.2s)
    epoch 33/34 loss 1.0838 val acc 0.6452 (0.2s)
    epoch 34/34 loss 1.0784 val acc 0.6452 (0.2s)
  [customer_service.churn_risk] test acc 0.7000 macro-F1 0.5045 ECE 0.247 (T=0.87, 6s, 0.00M params)
  [customer_service.needs_human] probe split=22, 2 labels, 269 train
    epoch 1/34 loss 0.6770 val acc 0.7419 (0.2s)
    epoch 2/34 loss 0.6887 val acc 0.7419 (0.2s)
    epoch 3/34 loss 0.7045 val acc 0.7419 (0.2s)
    epoch 4/34 loss 0.7330 val acc 0.3871 (0.2s)
    epoch 5/34 loss 0.6896 val acc 0.2903 (0.2s)
    epoch 6/34 loss 0.7499 val acc 0.7419 (0.2s)
    epoch 7/34 loss 0.6427 val acc 0.7419 (0.2s)
    epoch 8/34 loss 0.6626 val acc 0.8065 (0.2s)
    epoch 9/34 loss 0.6553 val acc 0.7742 (0.2s)
    epoch 10/34 loss 0.6296 val acc 0.5806 (0.2s)
    epoch 11/34 loss 0.6279 val acc 0.6774 (0.2s)
    epoch 12/34 loss 0.6289 val acc 0.7419 (0.2s)
    epoch 13/34 loss 0.6264 val acc 0.8065 (0.2s)
    epoch 14/34 loss 0.6240 val acc 0.8065 (0.2s)
    epoch 15/34 loss 0.6145 val acc 0.8387 (0.2s)
    epoch 16/34 loss 0.6182 val acc 0.8065 (0.2s)
    epoch 17/34 loss 0.6134 val acc 0.7742 (0.2s)
    epoch 18/34 loss 0.6146 val acc 0.7742 (0.2s)
    epoch 19/34 loss 0.6130 val acc 0.8710 (0.2s)
    epoch 20/34 loss 0.6102 val acc 0.7419 (0.2s)
    epoch 21/34 loss 0.6115 val acc 0.8065 (0.2s)
    epoch 22/34 loss 0.6081 val acc 0.7742 (0.2s)
    epoch 23/34 loss 0.6140 val acc 0.7742 (0.2s)
    epoch 24/34 loss 0.6062 val acc 0.8065 (0.2s)
    epoch 25/34 loss 0.6096 val acc 0.7419 (0.2s)
    epoch 26/34 loss 0.6059 val acc 0.7742 (0.2s)
    epoch 27/34 loss 0.6045 val acc 0.8065 (0.2s)
    epoch 28/34 loss 0.6043 val acc 0.7742 (0.2s)
    epoch 29/34 loss 0.6031 val acc 0.8065 (0.2s)
    epoch 30/34 loss 0.6054 val acc 0.8065 (0.2s)
    epoch 31/34 loss 0.6034 val acc 0.8065 (0.2s)
    epoch 32/34 loss 0.6040 val acc 0.8065 (0.2s)
    epoch 33/34 loss 0.6056 val acc 0.8065 (0.2s)
    epoch 34/34 loss 0.6036 val acc 0.8065 (0.2s)
  [customer_service.needs_human] test acc 0.8100 macro-F1 0.7561 ECE 0.122 (T=0.72, 6s, 0.00M params)
  [customer_service.urgency] probe split=22, 4 labels, 269 train
    epoch 1/34 loss 1.3571 val acc 0.2903 (0.2s)
    epoch 2/34 loss 1.2061 val acc 0.2581 (0.2s)
    epoch 3/34 loss 1.1971 val acc 0.2581 (0.2s)
    epoch 4/34 loss 1.1726 val acc 0.5806 (0.2s)
    epoch 5/34 loss 1.1578 val acc 0.6129 (0.2s)
    epoch 6/34 loss 1.1588 val acc 0.2258 (0.2s)
    epoch 7/34 loss 1.1975 val acc 0.4839 (0.2s)
    epoch 8/34 loss 1.1349 val acc 0.6129 (0.2s)
    epoch 9/34 loss 1.1176 val acc 0.5484 (0.2s)
    epoch 10/34 loss 1.1044 val acc 0.5806 (0.2s)
    epoch 11/34 loss 1.1007 val acc 0.6129 (0.2s)
    epoch 12/34 loss 1.0892 val acc 0.6129 (0.2s)
    epoch 13/34 loss 1.0983 val acc 0.6774 (0.2s)
    epoch 14/34 loss 1.0753 val acc 0.7419 (0.2s)
    epoch 15/34 loss 1.0684 val acc 0.7097 (0.2s)
    epoch 16/34 loss 1.0566 val acc 0.6452 (0.2s)
    epoch 17/34 loss 1.0655 val acc 0.5806 (0.2s)
    epoch 18/34 loss 1.0534 val acc 0.6129 (0.2s)
    epoch 19/34 loss 1.0451 val acc 0.6452 (0.2s)
    epoch 20/34 loss 1.0374 val acc 0.6129 (0.2s)
    epoch 21/34 loss 1.0357 val acc 0.5484 (0.2s)
    epoch 22/34 loss 1.0354 val acc 0.7097 (0.2s)
    epoch 23/34 loss 1.0271 val acc 0.5484 (0.2s)
    epoch 24/34 loss 1.0275 val acc 0.6774 (0.2s)
    epoch 25/34 loss 1.0288 val acc 0.6129 (0.2s)
    epoch 26/34 loss 1.0239 val acc 0.6774 (0.2s)
    epoch 27/34 loss 1.0238 val acc 0.6774 (0.2s)
    epoch 28/34 loss 1.0167 val acc 0.6129 (0.2s)
    epoch 29/34 loss 1.0180 val acc 0.6129 (0.2s)
    epoch 30/34 loss 1.0206 val acc 0.6452 (0.2s)
    epoch 31/34 loss 1.0186 val acc 0.6774 (0.2s)
    epoch 32/34 loss 1.0192 val acc 0.6774 (0.2s)
    epoch 33/34 loss 1.0149 val acc 0.6774 (0.2s)
    epoch 34/34 loss 1.0197 val acc 0.6774 (0.2s)
  [customer_service.urgency] test acc 0.6300 macro-F1 0.4547 ECE 0.145 (T=0.88, 6s, 0.00M params)
   probe@22 mean: {"acc": 0.71, "macro_f1": 0.5423, "ece": 0.1565, "nll": 0.7692}
-- blocks@20+2
  cached trunk depth 20 for 1600 messages in 10.9s (559 MB)
  [customer_service.action] blocks split=20 depth=2, 5 labels, 269 train
    epoch 1/34 loss 1.6642 val acc 0.5484 (1.8s)
    epoch 2/34 loss 1.3703 val acc 0.5484 (1.8s)
    epoch 3/34 loss 1.2729 val acc 0.5484 (1.8s)
    epoch 4/34 loss 1.2348 val acc 0.5484 (1.8s)
    epoch 5/34 loss 1.2087 val acc 0.5484 (1.8s)
    epoch 6/34 loss 1.1742 val acc 0.5484 (1.8s)
    epoch 7/34 loss 1.1596 val acc 0.5806 (1.8s)
    epoch 8/34 loss 1.1316 val acc 0.5806 (1.8s)
    epoch 9/34 loss 1.1096 val acc 0.7097 (1.8s)
    epoch 10/34 loss 1.0870 val acc 0.7419 (1.8s)
    epoch 11/34 loss 1.0657 val acc 0.6129 (1.9s)
    epoch 12/34 loss 1.0659 val acc 0.6129 (1.8s)
    epoch 13/34 loss 1.0401 val acc 0.6774 (1.8s)
    epoch 14/34 loss 1.0368 val acc 0.6452 (1.8s)
    epoch 15/34 loss 1.0224 val acc 0.6452 (1.8s)
    epoch 16/34 loss 1.0104 val acc 0.7097 (1.8s)
    epoch 17/34 loss 1.0051 val acc 0.7097 (1.8s)
    epoch 18/34 loss 0.9990 val acc 0.6129 (1.8s)
    epoch 19/34 loss 0.9951 val acc 0.6452 (1.8s)
    epoch 20/34 loss 0.9843 val acc 0.6452 (1.8s)
    epoch 21/34 loss 0.9807 val acc 0.6452 (1.8s)
    epoch 22/34 loss 0.9700 val acc 0.6452 (1.8s)
    epoch 23/34 loss 0.9674 val acc 0.6774 (1.8s)
    epoch 24/34 loss 0.9630 val acc 0.6452 (1.9s)
    epoch 25/34 loss 0.9588 val acc 0.6452 (1.8s)
    epoch 26/34 loss 0.9564 val acc 0.6129 (1.8s)
    epoch 27/34 loss 0.9553 val acc 0.6452 (1.8s)
    epoch 28/34 loss 0.9543 val acc 0.6452 (1.8s)
    epoch 29/34 loss 0.9541 val acc 0.6452 (1.8s)
    epoch 30/34 loss 0.9530 val acc 0.6129 (1.8s)
    epoch 31/34 loss 0.9517 val acc 0.6452 (1.8s)
    epoch 32/34 loss 0.9519 val acc 0.6452 (1.8s)
    epoch 33/34 loss 0.9509 val acc 0.6452 (1.8s)
    epoch 34/34 loss 0.9524 val acc 0.6452 (1.8s)
  [customer_service.action] test acc 0.5500 macro-F1 0.2985 ECE 0.129 (T=1.12, 62s, 10.03M params)
  [customer_service.category] blocks split=20 depth=2, 5 labels, 269 train
    epoch 1/34 loss 1.5992 val acc 0.1290 (1.8s)
    epoch 2/34 loss 1.5661 val acc 0.2903 (1.8s)
    epoch 3/34 loss 1.5315 val acc 0.4516 (1.8s)
    epoch 4/34 loss 1.3595 val acc 0.5806 (1.8s)
    epoch 5/34 loss 0.9755 val acc 0.6129 (1.8s)
    epoch 6/34 loss 0.6813 val acc 0.7097 (1.8s)
    epoch 7/34 loss 0.5711 val acc 0.7419 (1.8s)
    epoch 8/34 loss 0.5237 val acc 0.7097 (1.8s)
    epoch 9/34 loss 0.5030 val acc 0.7742 (1.8s)
    epoch 10/34 loss 0.4696 val acc 0.8387 (1.8s)
    epoch 11/34 loss 0.4655 val acc 0.7097 (1.8s)
    epoch 12/34 loss 0.4542 val acc 0.7097 (1.8s)
    epoch 13/34 loss 0.4419 val acc 0.8710 (1.8s)
    epoch 14/34 loss 0.4348 val acc 0.7742 (1.8s)
    epoch 15/34 loss 0.4283 val acc 0.7742 (1.8s)
    epoch 16/34 loss 0.4232 val acc 0.7419 (1.8s)
    epoch 17/34 loss 0.4220 val acc 0.7419 (1.8s)
    epoch 18/34 loss 0.4186 val acc 0.7742 (1.8s)
    epoch 19/34 loss 0.4181 val acc 0.7742 (1.8s)
    epoch 20/34 loss 0.4165 val acc 0.7419 (1.8s)
    epoch 21/34 loss 0.4133 val acc 0.7419 (1.8s)
    epoch 22/34 loss 0.4122 val acc 0.7742 (1.8s)
    epoch 23/34 loss 0.4105 val acc 0.7742 (1.8s)
    epoch 24/34 loss 0.4110 val acc 0.7419 (1.8s)
    epoch 25/34 loss 0.4099 val acc 0.7742 (1.8s)
    epoch 26/34 loss 0.4098 val acc 0.7419 (1.8s)
    epoch 27/34 loss 0.4084 val acc 0.7419 (1.8s)
    epoch 28/34 loss 0.4086 val acc 0.7419 (1.8s)
    epoch 29/34 loss 0.4093 val acc 0.7419 (1.8s)
    epoch 30/34 loss 0.4083 val acc 0.7419 (1.8s)
    epoch 31/34 loss 0.4086 val acc 0.7419 (1.8s)
    epoch 32/34 loss 0.4083 val acc 0.7419 (1.9s)
    epoch 33/34 loss 0.4077 val acc 0.7419 (1.8s)
    epoch 34/34 loss 0.4072 val acc 0.7419 (1.8s)
  [customer_service.category] test acc 0.9100 macro-F1 0.8930 ECE 0.103 (T=1.08, 62s, 10.03M params)
  [customer_service.churn_risk] blocks split=20 depth=2, 4 labels, 269 train
    epoch 1/34 loss 1.3939 val acc 0.5161 (1.8s)
    epoch 2/34 loss 1.3228 val acc 0.5161 (1.8s)
    epoch 3/34 loss 1.3308 val acc 0.5161 (1.8s)
    epoch 4/34 loss 1.2850 val acc 0.5161 (1.8s)
    epoch 5/34 loss 1.2692 val acc 0.6452 (1.8s)
    epoch 6/34 loss 1.2489 val acc 0.5484 (1.8s)
    epoch 7/34 loss 1.2006 val acc 0.5806 (1.8s)
    epoch 8/34 loss 1.1425 val acc 0.6129 (1.8s)
    epoch 9/34 loss 1.0851 val acc 0.4516 (1.8s)
    epoch 10/34 loss 1.0444 val acc 0.6774 (1.8s)
    epoch 11/34 loss 1.0080 val acc 0.7419 (1.8s)
    epoch 12/34 loss 0.9972 val acc 0.7419 (1.8s)
    epoch 13/34 loss 0.9760 val acc 0.7419 (1.8s)
    epoch 14/34 loss 0.9576 val acc 0.7419 (1.8s)
    epoch 15/34 loss 0.9585 val acc 0.6774 (1.8s)
    epoch 16/34 loss 0.9345 val acc 0.8065 (1.8s)
    epoch 17/34 loss 0.9222 val acc 0.7419 (1.8s)
    epoch 18/34 loss 0.9191 val acc 0.7742 (1.8s)
    epoch 19/34 loss 0.9165 val acc 0.8065 (1.8s)
    epoch 20/34 loss 0.9059 val acc 0.8065 (1.7s)
    epoch 21/34 loss 0.9041 val acc 0.8065 (1.7s)
    epoch 22/34 loss 0.9019 val acc 0.8710 (1.7s)
    epoch 23/34 loss 0.8986 val acc 0.8065 (1.8s)
    epoch 24/34 loss 0.8999 val acc 0.8387 (1.8s)
    epoch 25/34 loss 0.8945 val acc 0.9032 (1.8s)
    epoch 26/34 loss 0.8956 val acc 0.8710 (1.8s)
    epoch 27/34 loss 0.8926 val acc 0.9032 (1.8s)
    epoch 28/34 loss 0.8910 val acc 0.9032 (1.8s)
    epoch 29/34 loss 0.8898 val acc 0.9032 (1.8s)
    epoch 30/34 loss 0.8913 val acc 0.8710 (1.8s)
    epoch 31/34 loss 0.8906 val acc 0.9032 (1.8s)
    epoch 32/34 loss 0.8914 val acc 0.9032 (1.8s)
    epoch 33/34 loss 0.8912 val acc 0.9032 (1.9s)
    epoch 34/34 loss 0.8902 val acc 0.9032 (1.8s)
  [customer_service.churn_risk] test acc 0.7600 macro-F1 0.5797 ECE 0.221 (T=1.09, 62s, 10.03M params)
  [customer_service.needs_human] blocks split=20 depth=2, 2 labels, 269 train
    epoch 1/34 loss 0.6834 val acc 0.7419 (1.9s)
    epoch 2/34 loss 0.6815 val acc 0.7419 (1.8s)
    epoch 3/34 loss 0.6738 val acc 0.7419 (1.8s)
    epoch 4/34 loss 0.6652 val acc 0.7419 (1.9s)
    epoch 5/34 loss 0.6386 val acc 0.5161 (1.9s)
    epoch 6/34 loss 0.6427 val acc 0.2903 (1.8s)
    epoch 7/34 loss 0.6515 val acc 0.6452 (1.9s)
    epoch 8/34 loss 0.6176 val acc 0.7419 (1.8s)
    epoch 9/34 loss 0.6061 val acc 0.6774 (1.9s)
    epoch 10/34 loss 0.6085 val acc 0.6452 (1.8s)
    epoch 11/34 loss 0.5949 val acc 0.7742 (1.8s)
    epoch 12/34 loss 0.6049 val acc 0.7097 (1.8s)
    epoch 13/34 loss 0.5999 val acc 0.5161 (1.8s)
    epoch 14/34 loss 0.5833 val acc 0.5484 (1.8s)
    epoch 15/34 loss 0.5777 val acc 0.8065 (1.8s)
    epoch 16/34 loss 0.5732 val acc 0.8387 (1.8s)
    epoch 17/34 loss 0.5661 val acc 0.6452 (1.8s)
    epoch 18/34 loss 0.5682 val acc 0.6774 (1.8s)
    epoch 19/34 loss 0.5636 val acc 0.7742 (1.8s)
    epoch 20/34 loss 0.5599 val acc 0.7419 (1.8s)
    epoch 21/34 loss 0.5574 val acc 0.6774 (1.8s)
    epoch 22/34 loss 0.5556 val acc 0.7742 (1.8s)
    epoch 23/34 loss 0.5528 val acc 0.7742 (1.8s)
    epoch 24/34 loss 0.5523 val acc 0.7742 (1.8s)
    epoch 25/34 loss 0.5495 val acc 0.7419 (1.8s)
    epoch 26/34 loss 0.5502 val acc 0.7097 (1.8s)
    epoch 27/34 loss 0.5493 val acc 0.7742 (1.8s)
    epoch 28/34 loss 0.5483 val acc 0.7097 (1.8s)
    epoch 29/34 loss 0.5484 val acc 0.7097 (1.8s)
    epoch 30/34 loss 0.5478 val acc 0.7097 (1.9s)
    epoch 31/34 loss 0.5479 val acc 0.7097 (1.8s)
    epoch 32/34 loss 0.5479 val acc 0.7097 (1.8s)
    epoch 33/34 loss 0.5482 val acc 0.7097 (1.8s)
    epoch 34/34 loss 0.5477 val acc 0.7097 (1.8s)
  [customer_service.needs_human] test acc 0.7700 macro-F1 0.7287 ECE 0.108 (T=1.05, 62s, 10.03M params)
  [customer_service.urgency] blocks split=20 depth=2, 4 labels, 269 train
    epoch 1/34 loss 1.4167 val acc 0.2258 (1.8s)
    epoch 2/34 loss 1.2381 val acc 0.4194 (1.2s)
    epoch 3/34 loss 1.2089 val acc 0.5484 (1.4s)
    epoch 4/34 loss 1.1626 val acc 0.5161 (1.4s)
    epoch 5/34 loss 1.1572 val acc 0.4516 (1.5s)
    epoch 6/34 loss 1.1632 val acc 0.4839 (1.5s)
    epoch 7/34 loss 1.1262 val acc 0.2581 (1.6s)
    epoch 8/34 loss 1.1061 val acc 0.6774 (1.6s)
    epoch 9/34 loss 1.0349 val acc 0.6452 (1.3s)
    epoch 10/34 loss 0.9888 val acc 0.6452 (1.3s)
    epoch 11/34 loss 0.9623 val acc 0.6774 (1.4s)
    epoch 12/34 loss 0.9350 val acc 0.6452 (1.4s)
    epoch 13/34 loss 0.9165 val acc 0.6452 (1.4s)
    epoch 14/34 loss 0.9049 val acc 0.7419 (1.5s)
    epoch 15/34 loss 0.8897 val acc 0.7419 (1.5s)
    epoch 16/34 loss 0.8857 val acc 0.8387 (1.2s)
    epoch 17/34 loss 0.8767 val acc 0.7419 (1.0s)
    epoch 18/34 loss 0.8680 val acc 0.7419 (1.1s)
    epoch 19/34 loss 0.8657 val acc 0.7419 (1.1s)
    epoch 20/34 loss 0.8610 val acc 0.7419 (1.1s)
    epoch 21/34 loss 0.8567 val acc 0.7419 (1.1s)
    epoch 22/34 loss 0.8562 val acc 0.7742 (1.1s)
    epoch 23/34 loss 0.8522 val acc 0.7097 (1.2s)
    epoch 24/34 loss 0.8506 val acc 0.7742 (1.6s)
    epoch 25/34 loss 0.8489 val acc 0.7419 (1.7s)
    epoch 26/34 loss 0.8488 val acc 0.7742 (1.3s)
    epoch 27/34 loss 0.8466 val acc 0.7419 (1.2s)
    epoch 28/34 loss 0.8457 val acc 0.7742 (1.2s)
    epoch 29/34 loss 0.8454 val acc 0.7742 (1.2s)
    epoch 30/34 loss 0.8448 val acc 0.7419 (1.2s)
    epoch 31/34 loss 0.8449 val acc 0.7742 (1.4s)
    epoch 32/34 loss 0.8451 val acc 0.7742 (1.3s)
    epoch 33/34 loss 0.8445 val acc 0.7742 (1.2s)
    epoch 34/34 loss 0.8453 val acc 0.7742 (1.2s)
  [customer_service.urgency] test acc 0.6500 macro-F1 0.4647 ECE 0.099 (T=1.03, 45s, 10.03M params)
   blocks@20+2 mean: {"acc": 0.728, "macro_f1": 0.5929, "ece": 0.1323, "nll": 0.652}
-- full
  cached trunk depth 0 for 1600 messages in 0.7s (559 MB)
  [customer_service.action] blocks split=0 depth=22, 5 labels, 269 train
[W927 21:55:51.934986788 CUDACachingAllocator.cpp:3934] memory allocation failed with OOM on device 0 while trying to allocate 65011712 bytes (free: 39649280, total: 23696375808).
[W927 21:55:52.564620661 CUDACachingAllocator.cpp:3934] memory allocation failed with OOM on device 0 while trying to allocate 44040192 bytes (free: 10289152, total: 23696375808).
[W927 21:55:52.564717862 CUDACachingAllocator.cpp:3934] memory allocation failed with OOM on device 0 while trying to allocate 44040192 bytes (free: 10289152, total: 23696375808).
Traceback (most recent call last):
  File "<frozen runpy>", line 198, in _run_module_as_main
  File "<frozen runpy>", line 88, in _run_code
  File "/home/ubuntu/tarski/experiments/sweep.py", line 86, in <module>
    main()
  File "/home/ubuntu/tarski/experiments/sweep.py", line 75, in main
    r = train.fit(trunk, ds, run_tasks, kind=kind, split=k, depth=d, epochs=epochs, lr_layers=lr_l,
        ^^^^^^^^^^^^^^^^^^^^^^^^^^^^^^^^^^^^^^^^^^^^^^^^^^^^^^^^^^^^^^^^^^^^^^^^^^^^^^^^^^^^^^^^^^^
  File "/home/ubuntu/tarski/tarski/train.py", line 254, in fit
    info = train_branch(branch, fc, sel["train"], y["train"], soft["train"], sel["val"], y["val"],
           ^^^^^^^^^^^^^^^^^^^^^^^^^^^^^^^^^^^^^^^^^^^^^^^^^^^^^^^^^^^^^^^^^^^^^^^^^^^^^^^^^^^^^^^
  File "/home/ubuntu/tarski/tarski/train.py", line 190, in train_branch
    z = branch.logits(h, ctx).float()
        ^^^^^^^^^^^^^^^^^^^^^
  File "/home/ubuntu/tarski/tarski/branches.py", line 128, in logits
    h = self.norm(ctx.run(self.layers, h))
                  ^^^^^^^^^^^^^^^^^^^^^^^
  File "/home/ubuntu/tarski/tarski/trunk.py", line 47, in run
    h = layer(h, attention_mask=self.masks[layer.attention_type],
        ^^^^^^^^^^^^^^^^^^^^^^^^^^^^^^^^^^^^^^^^^^^^^^^^^^^^^^^^^
  File "/home/ubuntu/tarski/.venv/lib/python3.12/site-packages/transformers/modeling_layers.py", line 109, in __call__
    return super().__call__(*args, **kwargs)
           ^^^^^^^^^^^^^^^^^^^^^^^^^^^^^^^^^
  File "/home/ubuntu/tarski/.venv/lib/python3.12/site-packages/torch/nn/modules/module.py", line 1783, in _wrapped_call_impl
    return self._call_impl(*args, **kwargs)
           ^^^^^^^^^^^^^^^^^^^^^^^^^^^^^^^^
  File "/home/ubuntu/tarski/.venv/lib/python3.12/site-packages/torch/nn/modules/module.py", line 1794, in _call_impl
    return forward_call(*args, **kwargs)
           ^^^^^^^^^^^^^^^^^^^^^^^^^^^^^
  File "/home/ubuntu/tarski/.venv/lib/python3.12/site-packages/transformers/models/modernbert/modeling_modernbert.py", line 325, in forward
    attn_output, _ = self.attn(
                     ^^^^^^^^^^
  File "/home/ubuntu/tarski/.venv/lib/python3.12/site-packages/torch/nn/modules/module.py", line 1783, in _wrapped_call_impl
    return self._call_impl(*args, **kwargs)
           ^^^^^^^^^^^^^^^^^^^^^^^^^^^^^^^^
  File "/home/ubuntu/tarski/.venv/lib/python3.12/site-packages/torch/nn/modules/module.py", line 1794, in _call_impl
    return forward_call(*args, **kwargs)
           ^^^^^^^^^^^^^^^^^^^^^^^^^^^^^
  File "/home/ubuntu/tarski/.venv/lib/python3.12/site-packages/transformers/models/modernbert/modeling_modernbert.py", line 280, in forward
    query_states, key_states = apply_rotary_pos_emb(query_states, key_states, cos, sin, unsqueeze_dim=1)
                               ^^^^^^^^^^^^^^^^^^^^^^^^^^^^^^^^^^^^^^^^^^^^^^^^^^^^^^^^^^^^^^^^^^^^^^^^^
  File "/home/ubuntu/tarski/.venv/lib/python3.12/site-packages/transformers/models/modernbert/modeling_modernbert.py", line 217, in apply_rotary_pos_emb
    q_embed = (q.float() * cos) + (rotate_half(q.float()) * sin)
                                   ^^^^^^^^^^^^^^^^^^^^^^
  File "/home/ubuntu/tarski/.venv/lib/python3.12/site-packages/transformers/models/modernbert/modeling_modernbert.py", line 192, in rotate_half
    return torch.cat((-x2, x1), dim=-1)
           ^^^^^^^^^^^^^^^^^^^^^^^^^^^^
torch.OutOfMemoryError: CUDA out of memory. Tried to allocate 42.00 MiB. GPU 0 has a total capacity of 22.07 GiB of which 9.81 MiB is free. Process 12061 has 1.28 GiB memory in use. Including non-PyTorch memory, this process has 16.91 GiB memory in use. Process 12468 has 3.85 GiB memory in use. Of the allocated memory 14.34 GiB is allocated by PyTorch, and 2.29 GiB is reserved by PyTorch but unallocated. If reserved but unallocated memory is large try setting PYTORCH_CUDA_ALLOC_CONF=expandable_segments:True to avoid fragmentation.  See documentation for Memory Management  (https://docs.pytorch.org/docs/stable/notes/cuda.html#optimizing-memory-usage-with-pytorch-cuda-alloc-conf)
