Loading weights:   0%|          | 0/134 [00:00<?, ?it/s]Loading weights: 100%|██████████| 134/134 [00:00<00:00, 9106.82it/s]
Using the latest cached version of the dataset since clinc/clinc_oos couldn't be found on the Hugging Face Hub (offline mode is enabled).
Found the latest cached dataset configuration 'plus' at /home/ubuntu/.cache/huggingface/datasets/clinc___clinc_oos/plus/0.0.0/155b9c710419136e17307b80d0a13e68cd46b4ec (last modified on Sun Sep 27 21:22:49 2026).
== predictive coding on clinc150: 15250/3100/5500, pairs [(4, 8), (8, 12), (12, 16), (16, 22), (4, 12), (4, 22)], device cuda, smoke=False
  trunk pass: 20.1s
-- 4 -> 8: ridge R^2 on train 0.855; in-scope intent acc: z_k 0.9304, z_kj 0.9287, residual only 0.7164, concat 0.9318
   OOS    pred_error_whitened: AUROC 0.7404  AUPR 0.3190  FPR@95 0.703
   OOS         pred_error_raw: AUROC 0.7376  AUPR 0.3170  FPR@95 0.716
   OOS         msp_int_target: AUROC 0.9217  AUPR 0.7087  FPR@95 0.301
   OOS         ent_int_target: AUROC 0.9332  AUPR 0.7550  FPR@95 0.296
   OOS            knn1_target: AUROC 0.8840  AUPR 0.6655  FPR@95 0.450
   OOS     sum_pred_error+msp: AUROC 0.9118  AUPR 0.6481  FPR@95 0.329
   OOS    sum_pred_error+knn1: AUROC 0.8612  AUPR 0.5100  FPR@95 0.473
-- 8 -> 12: ridge R^2 on train 0.925; in-scope intent acc: z_k 0.9287, z_kj 0.9211, residual only 0.7116, concat 0.9278
   OOS    pred_error_whitened: AUROC 0.6958  AUPR 0.2732  FPR@95 0.757
   OOS         pred_error_raw: AUROC 0.7043  AUPR 0.2813  FPR@95 0.759
   OOS         msp_int_target: AUROC 0.9128  AUPR 0.6959  FPR@95 0.343
   OOS         ent_int_target: AUROC 0.9224  AUPR 0.7194  FPR@95 0.334
   OOS            knn1_target: AUROC 0.7218  AUPR 0.4043  FPR@95 0.765
   OOS     sum_pred_error+msp: AUROC 0.9082  AUPR 0.6263  FPR@95 0.344
   OOS    sum_pred_error+knn1: AUROC 0.7425  AUPR 0.3842  FPR@95 0.728
-- 12 -> 16: ridge R^2 on train 0.675; in-scope intent acc: z_k 0.9211, z_kj 0.9156, residual only 0.7229, concat 0.9216
   OOS    pred_error_whitened: AUROC 0.5410  AUPR 0.1940  FPR@95 0.884
   OOS         pred_error_raw: AUROC 0.5255  AUPR 0.1890  FPR@95 0.897
   OOS         msp_int_target: AUROC 0.9082  AUPR 0.6798  FPR@95 0.336
   OOS         ent_int_target: AUROC 0.9189  AUPR 0.7115  FPR@95 0.349
   OOS            knn1_target: AUROC 0.6718  AUPR 0.2964  FPR@95 0.816
   OOS     sum_pred_error+msp: AUROC 0.8736  AUPR 0.5434  FPR@95 0.473
   OOS    sum_pred_error+knn1: AUROC 0.6650  AUPR 0.2709  FPR@95 0.786
-- 16 -> 22: ridge R^2 on train 0.741; in-scope intent acc: z_k 0.9156, z_kj 0.9293, residual only 0.8491, concat 0.9302
   OOS    pred_error_whitened: AUROC 0.7342  AUPR 0.3118  FPR@95 0.694
   OOS         pred_error_raw: AUROC 0.7352  AUPR 0.3128  FPR@95 0.689
   OOS         msp_int_target: AUROC 0.9117  AUPR 0.6882  FPR@95 0.315
   OOS         ent_int_target: AUROC 0.9232  AUPR 0.7378  FPR@95 0.306
   OOS            knn1_target: AUROC 0.8852  AUPR 0.6852  FPR@95 0.443
   OOS     sum_pred_error+msp: AUROC 0.9088  AUPR 0.6305  FPR@95 0.321
   OOS    sum_pred_error+knn1: AUROC 0.8543  AUPR 0.5001  FPR@95 0.468
-- 4 -> 12: ridge R^2 on train 0.871; in-scope intent acc: z_k 0.9304, z_kj 0.9211, residual only 0.6620, concat 0.9344
   OOS    pred_error_whitened: AUROC 0.6831  AUPR 0.2620  FPR@95 0.740
   OOS         pred_error_raw: AUROC 0.6988  AUPR 0.2750  FPR@95 0.723
   OOS         msp_int_target: AUROC 0.9128  AUPR 0.6959  FPR@95 0.343
   OOS         ent_int_target: AUROC 0.9224  AUPR 0.7194  FPR@95 0.334
   OOS            knn1_target: AUROC 0.7218  AUPR 0.4043  FPR@95 0.765
   OOS     sum_pred_error+msp: AUROC 0.9012  AUPR 0.5989  FPR@95 0.385
   OOS    sum_pred_error+knn1: AUROC 0.7446  AUPR 0.3662  FPR@95 0.680
-- 4 -> 22: ridge R^2 on train 0.667; in-scope intent acc: z_k 0.9304, z_kj 0.9293, residual only 0.7391, concat 0.9398
   OOS    pred_error_whitened: AUROC 0.7290  AUPR 0.3033  FPR@95 0.688
   OOS         pred_error_raw: AUROC 0.7272  AUPR 0.3016  FPR@95 0.692
   OOS         msp_int_target: AUROC 0.9117  AUPR 0.6882  FPR@95 0.315
   OOS         ent_int_target: AUROC 0.9232  AUPR 0.7378  FPR@95 0.306
   OOS            knn1_target: AUROC 0.8852  AUPR 0.6852  FPR@95 0.443
   OOS     sum_pred_error+msp: AUROC 0.9060  AUPR 0.6207  FPR@95 0.325
   OOS    sum_pred_error+knn1: AUROC 0.8517  AUPR 0.4838  FPR@95 0.448
== done in 49.5s; wrote results/tarski/explore_predcode.json
