== clinc150: 15250/3100/5500 messages (train/val/test), tasks: intent(151), domain(11), oos(2) | base answerdotai/ModernBERT-base on cuda | seed 0
-- probe@6
  cached trunk depth 6 for 23850 messages in 11.9s (408 MB)
  [intent] probe split=6, 151 labels, 15250 train
    epoch 1/20 loss 4.1926 val acc 0.6590 (10.6s)
    epoch 2/20 loss 0.7559 val acc 0.8855 (10.3s)
    epoch 3/20 loss 0.1667 val acc 0.9000 (10.5s)
    epoch 4/20 loss 0.0778 val acc 0.9123 (10.4s)
    epoch 5/20 loss 0.0461 val acc 0.9119 (10.5s)
    epoch 6/20 loss 0.0303 val acc 0.9129 (10.5s)
    epoch 7/20 loss 0.0230 val acc 0.9142 (10.3s)
    epoch 8/20 loss 0.0187 val acc 0.9200 (10.5s)
    epoch 9/20 loss 0.0137 val acc 0.9219 (10.5s)
    epoch 10/20 loss 0.0108 val acc 0.9213 (10.5s)
    epoch 11/20 loss 0.0089 val acc 0.9206 (10.4s)
    epoch 12/20 loss 0.0078 val acc 0.9229 (10.4s)
    epoch 13/20 loss 0.0067 val acc 0.9235 (10.4s)
    epoch 14/20 loss 0.0056 val acc 0.9245 (10.5s)
    epoch 15/20 loss 0.0051 val acc 0.9255 (10.5s)
    epoch 16/20 loss 0.0045 val acc 0.9274 (10.3s)
    epoch 17/20 loss 0.0044 val acc 0.9261 (10.3s)
    epoch 18/20 loss 0.0039 val acc 0.9258 (10.2s)
    epoch 19/20 loss 0.0036 val acc 0.9261 (10.3s)
  [intent] test acc 0.8705 macro-F1 0.8957 ECE 0.019 (T=1.22, 198s, 0.12M params)
  [domain] probe split=6, 11 labels, 15250 train
    epoch 1/20 loss 1.8114 val acc 0.7545 (10.2s)
    epoch 2/20 loss 0.6110 val acc 0.8652 (10.2s)
    epoch 3/20 loss 0.3422 val acc 0.9003 (10.2s)
    epoch 4/20 loss 0.2676 val acc 0.9113 (8.4s)
    epoch 5/20 loss 0.2238 val acc 0.9158 (5.0s)
    epoch 6/20 loss 0.2017 val acc 0.9145 (5.0s)
    epoch 7/20 loss 0.1857 val acc 0.9187 (6.2s)
    epoch 8/20 loss 0.1712 val acc 0.9235 (5.7s)
    epoch 9/20 loss 0.1621 val acc 0.9203 (5.6s)
    epoch 10/20 loss 0.1572 val acc 0.9210 (5.5s)
    epoch 11/20 loss 0.1459 val acc 0.9239 (5.6s)
    epoch 12/20 loss 0.1416 val acc 0.9197 (5.6s)
    epoch 13/20 loss 0.1332 val acc 0.9248 (5.7s)
    epoch 14/20 loss 0.1270 val acc 0.9258 (5.6s)
    epoch 15/20 loss 0.1247 val acc 0.9235 (5.6s)
    epoch 16/20 loss 0.1220 val acc 0.9248 (5.7s)
    epoch 17/20 loss 0.1184 val acc 0.9245 (5.7s)
  [domain] test acc 0.8309 macro-F1 0.8444 ECE 0.054 (T=1.01, 111s, 0.01M params)
  [oos] probe split=6, 2 labels, 15250 train
    epoch 1/20 loss 0.1072 val acc 0.9677 (5.7s)
    epoch 2/20 loss 0.0616 val acc 0.9723 (5.3s)
    epoch 3/20 loss 0.0515 val acc 0.9723 (5.2s)
    epoch 4/20 loss 0.0489 val acc 0.9723 (5.1s)
    epoch 5/20 loss 0.0437 val acc 0.9781 (5.2s)
    epoch 6/20 loss 0.0439 val acc 0.9748 (5.2s)
    epoch 7/20 loss 0.0418 val acc 0.9716 (6.2s)
    epoch 8/20 loss 0.0385 val acc 0.9787 (6.1s)
    epoch 9/20 loss 0.0377 val acc 0.9787 (5.2s)
    epoch 10/20 loss 0.0382 val acc 0.9755 (5.1s)
    epoch 11/20 loss 0.0373 val acc 0.9768 (5.2s)
  [oos] test acc 0.8525 macro-F1 0.6259 ECE 0.108 (T=1.10, 60s, 0.00M params)
   probe@6 mean: {"acc": 0.8513, "macro_f1": 0.7887, "ece": 0.0603, "nll": 0.5653}
-- probe@22
  cached trunk depth 22 for 23850 messages in 12.4s (408 MB)
  [intent] probe split=22, 151 labels, 15250 train
    epoch 1/20 loss 3.7508 val acc 0.7610 (6.1s)
    epoch 2/20 loss 0.5419 val acc 0.8797 (6.1s)
    epoch 3/20 loss 0.1608 val acc 0.8813 (6.0s)
    epoch 4/20 loss 0.0709 val acc 0.9058 (5.8s)
    epoch 5/20 loss 0.0439 val acc 0.9077 (5.6s)
    epoch 6/20 loss 0.0340 val acc 0.9097 (5.8s)
    epoch 7/20 loss 0.0246 val acc 0.9087 (5.9s)
    epoch 8/20 loss 0.0202 val acc 0.9171 (5.7s)
    epoch 9/20 loss 0.0132 val acc 0.9158 (5.7s)
    epoch 10/20 loss 0.0109 val acc 0.9213 (5.7s)
    epoch 11/20 loss 0.0087 val acc 0.9181 (5.6s)
    epoch 12/20 loss 0.0067 val acc 0.9161 (9.0s)
    epoch 13/20 loss 0.0054 val acc 0.9174 (5.6s)
  [intent] test acc 0.8511 macro-F1 0.8783 ECE 0.023 (T=1.27, 79s, 0.12M params)
  [domain] probe split=22, 11 labels, 15250 train
    epoch 1/20 loss 1.5881 val acc 0.8045 (5.5s)
    epoch 2/20 loss 0.4558 val acc 0.8826 (5.6s)
    epoch 3/20 loss 0.2777 val acc 0.8942 (5.5s)
    epoch 4/20 loss 0.2258 val acc 0.8971 (5.6s)
    epoch 5/20 loss 0.1884 val acc 0.9023 (5.6s)
    epoch 6/20 loss 0.1707 val acc 0.9119 (5.7s)
    epoch 7/20 loss 0.1504 val acc 0.9100 (5.7s)
    epoch 8/20 loss 0.1433 val acc 0.9123 (5.6s)
    epoch 9/20 loss 0.1354 val acc 0.9087 (6.0s)
    epoch 10/20 loss 0.1302 val acc 0.9103 (6.1s)
    epoch 11/20 loss 0.1201 val acc 0.9142 (6.1s)
    epoch 12/20 loss 0.1119 val acc 0.9074 (6.0s)
    epoch 13/20 loss 0.1088 val acc 0.9135 (6.0s)
    epoch 14/20 loss 0.1078 val acc 0.9119 (5.9s)
  [domain] test acc 0.8395 macro-F1 0.8523 ECE 0.040 (T=1.18, 81s, 0.01M params)
  [oos] probe split=22, 2 labels, 15250 train
    epoch 1/20 loss 0.0961 val acc 0.9677 (6.7s)
    epoch 2/20 loss 0.0551 val acc 0.9758 (9.6s)
    epoch 3/20 loss 0.0450 val acc 0.9732 (6.0s)
    epoch 4/20 loss 0.0415 val acc 0.9735 (5.8s)
    epoch 5/20 loss 0.0366 val acc 0.9781 (5.9s)
    epoch 6/20 loss 0.0380 val acc 0.9765 (6.0s)
    epoch 7/20 loss 0.0347 val acc 0.9732 (6.0s)
    epoch 8/20 loss 0.0333 val acc 0.9781 (6.0s)
    epoch 9/20 loss 0.0321 val acc 0.9774 (6.0s)
    epoch 10/20 loss 0.0301 val acc 0.9752 (5.9s)
  [oos] test acc 0.8667 macro-F1 0.6839 ECE 0.091 (T=1.07, 64s, 0.00M params)
   probe@22 mean: {"acc": 0.8524, "macro_f1": 0.8048, "ece": 0.0512, "nll": 0.545}
-- blocks@6+2
  cached trunk depth 6 for 23850 messages in 6.8s (408 MB)
  [intent] blocks split=6 depth=2, 151 labels, 15250 train
    epoch 1/6 loss 2.1691 val acc 0.8806 (11.7s)
    epoch 2/6 loss 0.1839 val acc 0.9110 (11.6s)
    epoch 3/6 loss 0.0457 val acc 0.9274 (11.3s)
    epoch 4/6 loss 0.0130 val acc 0.9332 (11.3s)
    epoch 5/6 loss 0.0035 val acc 0.9355 (11.3s)
    epoch 6/6 loss 0.0019 val acc 0.9358 (15.0s)
  [intent] test acc 0.8653 macro-F1 0.8930 ECE 0.024 (T=1.32, 72s, 10.15M params)
  [domain] blocks split=6 depth=2, 11 labels, 15250 train
    epoch 1/6 loss 0.9513 val acc 0.9232 (11.2s)
    epoch 2/6 loss 0.1140 val acc 0.9519 (11.2s)
    epoch 3/6 loss 0.0283 val acc 0.9590 (15.6s)
    epoch 4/6 loss 0.0048 val acc 0.9584 (17.3s)
    epoch 5/6 loss 0.0010 val acc 0.9597 (17.4s)
    epoch 6/6 loss 0.0005 val acc 0.9597 (17.4s)
  [domain] test acc 0.8776 macro-F1 0.8910 ECE 0.046 (T=1.80, 90s, 10.04M params)
  [oos] blocks split=6 depth=2, 2 labels, 15250 train
    epoch 1/6 loss 0.1037 val acc 0.9716 (17.3s)
    epoch 2/6 loss 0.0389 val acc 0.9787 (17.3s)
    epoch 3/6 loss 0.0124 val acc 0.9800 (17.4s)
    epoch 4/6 loss 0.0016 val acc 0.9810 (17.3s)
    epoch 5/6 loss 0.0002 val acc 0.9813 (17.3s)
    epoch 6/6 loss 0.0001 val acc 0.9813 (17.3s)
  [oos] test acc 0.8655 macro-F1 0.6724 ECE 0.099 (T=3.02, 104s, 10.03M params)
   blocks@6+2 mean: {"acc": 0.8695, "macro_f1": 0.8188, "ece": 0.0565, "nll": 0.4928}
-- blocks@11+2
  cached trunk depth 11 for 23850 messages in 13.7s (408 MB)
  [intent] blocks split=11 depth=2, 151 labels, 15250 train
    epoch 1/6 loss 2.2164 val acc 0.8665 (17.5s)
    epoch 2/6 loss 0.1847 val acc 0.9161 (17.4s)
    epoch 3/6 loss 0.0515 val acc 0.9313 (17.5s)
    epoch 4/6 loss 0.0143 val acc 0.9371 (17.5s)
    epoch 5/6 loss 0.0041 val acc 0.9365 (15.3s)
    epoch 6/6 loss 0.0019 val acc 0.9368 (13.2s)
  [intent] test acc 0.8711 macro-F1 0.8984 ECE 0.025 (T=1.28, 98s, 10.15M params)
  [domain] blocks split=11 depth=2, 11 labels, 15250 train
    epoch 1/6 loss 0.9702 val acc 0.9310 (11.8s)
    epoch 2/6 loss 0.1165 val acc 0.9406 (10.7s)
    epoch 3/6 loss 0.0339 val acc 0.9535 (10.3s)
    epoch 4/6 loss 0.0055 val acc 0.9558 (5.0s)
    epoch 5/6 loss 0.0009 val acc 0.9545 (10.6s)
    epoch 6/6 loss 0.0004 val acc 0.9552 (6.7s)
  [domain] test acc 0.8836 macro-F1 0.8964 ECE 0.035 (T=1.87, 55s, 10.04M params)
  [oos] blocks split=11 depth=2, 2 labels, 15250 train
    epoch 1/6 loss 0.0961 val acc 0.9726 (6.6s)
    epoch 2/6 loss 0.0400 val acc 0.9732 (7.5s)
    epoch 3/6 loss 0.0168 val acc 0.9787 (11.9s)
    epoch 4/6 loss 0.0039 val acc 0.9806 (12.1s)
    epoch 5/6 loss 0.0004 val acc 0.9813 (12.8s)
    epoch 6/6 loss 0.0001 val acc 0.9813 (12.2s)
  [oos] test acc 0.8673 macro-F1 0.6782 ECE 0.100 (T=2.65, 63s, 10.03M params)
   blocks@11+2 mean: {"acc": 0.874, "macro_f1": 0.8243, "ece": 0.0534, "nll": 0.4609}
-- blocks@16+2
  cached trunk depth 16 for 23850 messages in 12.1s (408 MB)
  [intent] blocks split=16 depth=2, 151 labels, 15250 train
    epoch 1/6 loss 1.9708 val acc 0.9045 (12.5s)
    epoch 2/6 loss 0.1386 val acc 0.9242 (12.3s)
    epoch 3/6 loss 0.0322 val acc 0.9397 (14.1s)
    epoch 4/6 loss 0.0089 val acc 0.9432 (12.0s)
    epoch 5/6 loss 0.0035 val acc 0.9452 (12.0s)
    epoch 6/6 loss 0.0016 val acc 0.9455 (11.7s)
  [intent] test acc 0.8816 macro-F1 0.9091 ECE 0.026 (T=1.27, 75s, 10.15M params)
  [domain] blocks split=16 depth=2, 11 labels, 15250 train
    epoch 1/6 loss 0.8839 val acc 0.9335 (13.5s)
    epoch 2/6 loss 0.0856 val acc 0.9568 (12.6s)
    epoch 3/6 loss 0.0183 val acc 0.9597 (13.1s)
    epoch 4/6 loss 0.0032 val acc 0.9626 (12.9s)
    epoch 5/6 loss 0.0008 val acc 0.9635 (12.3s)
    epoch 6/6 loss 0.0006 val acc 0.9639 (12.7s)
  [domain] test acc 0.8860 macro-F1 0.8989 ECE 0.038 (T=1.77, 77s, 10.04M params)
  [oos] blocks split=16 depth=2, 2 labels, 15250 train
    epoch 1/6 loss 0.0890 val acc 0.9765 (12.2s)
    epoch 2/6 loss 0.0307 val acc 0.9813 (9.8s)
    epoch 3/6 loss 0.0104 val acc 0.9797 (5.7s)
    epoch 4/6 loss 0.0020 val acc 0.9806 (5.6s)
    epoch 5/6 loss 0.0003 val acc 0.9806 (8.1s)
  [oos] test acc 0.8678 macro-F1 0.6788 ECE 0.097 (T=1.58, 41s, 10.03M params)
   blocks@16+2 mean: {"acc": 0.8785, "macro_f1": 0.8289, "ece": 0.0539, "nll": 0.4519}
-- blocks@20+2
  cached trunk depth 20 for 23850 messages in 6.4s (408 MB)
  [intent] blocks split=20 depth=2, 151 labels, 15250 train
    epoch 1/6 loss 1.9981 val acc 0.8994 (5.4s)
    epoch 2/6 loss 0.1342 val acc 0.9248 (5.7s)
    epoch 3/6 loss 0.0324 val acc 0.9332 (6.5s)
    epoch 4/6 loss 0.0100 val acc 0.9365 (6.0s)
    epoch 5/6 loss 0.0037 val acc 0.9384 (6.0s)
    epoch 6/6 loss 0.0024 val acc 0.9384 (6.3s)
  [intent] test acc 0.8704 macro-F1 0.9012 ECE 0.026 (T=1.21, 36s, 10.15M params)
  [domain] blocks split=20 depth=2, 11 labels, 15250 train
    epoch 1/6 loss 0.8642 val acc 0.9219 (5.6s)
    epoch 2/6 loss 0.0880 val acc 0.9490 (5.6s)
    epoch 3/6 loss 0.0204 val acc 0.9548 (6.0s)
    epoch 4/6 loss 0.0040 val acc 0.9542 (5.9s)
    epoch 5/6 loss 0.0014 val acc 0.9571 (5.5s)
    epoch 6/6 loss 0.0008 val acc 0.9577 (6.3s)
  [domain] test acc 0.8775 macro-F1 0.8907 ECE 0.041 (T=1.76, 35s, 10.04M params)
  [oos] blocks split=20 depth=2, 2 labels, 15250 train
    epoch 1/6 loss 0.0867 val acc 0.9732 (8.1s)
    epoch 2/6 loss 0.0297 val acc 0.9800 (6.1s)
    epoch 3/6 loss 0.0095 val acc 0.9787 (5.0s)
    epoch 4/6 loss 0.0025 val acc 0.9810 (5.3s)
    epoch 5/6 loss 0.0006 val acc 0.9810 (5.0s)
    epoch 6/6 loss 0.0003 val acc 0.9810 (6.6s)
  [oos] test acc 0.8782 macro-F1 0.7175 ECE 0.083 (T=2.69, 36s, 10.03M params)
   blocks@20+2 mean: {"acc": 0.8753, "macro_f1": 0.8364, "ece": 0.0499, "nll": 0.4652}
-- full
  cached trunk depth 0 for 23850 messages in 1.1s (408 MB)
  [intent] blocks split=0 depth=22, 151 labels, 15250 train
    epoch 1/5 loss 1.4941 val acc 0.9287 (46.3s)
    epoch 2/5 loss 0.1046 val acc 0.9558 (43.0s)
    epoch 3/5 loss 0.0306 val acc 0.9616 (69.4s)
    epoch 4/5 loss 0.0090 val acc 0.9661 (71.5s)
    epoch 5/5 loss 0.0021 val acc 0.9661 (71.3s)
  [intent] test acc 0.9058 macro-F1 0.9328 ECE 0.023 (T=1.44, 302s, 110.45M params)
   full mean: {"acc": 0.9058, "macro_f1": 0.9328, "ece": 0.0227, "nll": 0.3958}
done
