== clinc150: 15250/3100/5500 messages (train/val/test), tasks: intent(151), domain(11), oos(2) | base answerdotai/ModernBERT-base on cuda | seed 1
-- probe@6
  cached trunk depth 6 for 23850 messages in 3.5s (408 MB)
  [intent] probe split=6, 151 labels, 15250 train
    epoch 1/20 loss 4.1877 val acc 0.6558 (1.8s)
    epoch 2/20 loss 0.7587 val acc 0.8774 (1.6s)
    epoch 3/20 loss 0.1683 val acc 0.9097 (1.6s)
    epoch 4/20 loss 0.0765 val acc 0.9094 (1.6s)
    epoch 5/20 loss 0.0447 val acc 0.9094 (1.6s)
    epoch 6/20 loss 0.0309 val acc 0.9135 (1.7s)
    epoch 7/20 loss 0.0248 val acc 0.9139 (1.7s)
    epoch 8/20 loss 0.0184 val acc 0.9210 (1.7s)
    epoch 9/20 loss 0.0132 val acc 0.9194 (1.7s)
    epoch 10/20 loss 0.0111 val acc 0.9206 (1.7s)
    epoch 11/20 loss 0.0096 val acc 0.9210 (1.7s)
  [intent] test acc 0.8567 macro-F1 0.8851 ECE 0.018 (T=1.10, 18s, 0.12M params)
  [domain] probe split=6, 11 labels, 15250 train
    epoch 1/20 loss 1.7822 val acc 0.7529 (1.7s)
    epoch 2/20 loss 0.5982 val acc 0.8526 (1.7s)
    epoch 3/20 loss 0.3390 val acc 0.8965 (1.7s)
    epoch 4/20 loss 0.2615 val acc 0.9084 (1.7s)
    epoch 5/20 loss 0.2285 val acc 0.9152 (1.7s)
    epoch 6/20 loss 0.2034 val acc 0.9019 (1.7s)
    epoch 7/20 loss 0.1886 val acc 0.9132 (1.7s)
    epoch 8/20 loss 0.1697 val acc 0.9161 (4.1s)
    epoch 9/20 loss 0.1652 val acc 0.9171 (2.6s)
    epoch 10/20 loss 0.1568 val acc 0.9177 (1.5s)
    epoch 11/20 loss 0.1476 val acc 0.9226 (1.5s)
    epoch 12/20 loss 0.1391 val acc 0.9226 (1.5s)
    epoch 13/20 loss 0.1332 val acc 0.9210 (1.4s)
    epoch 14/20 loss 0.1277 val acc 0.9242 (1.4s)
    epoch 15/20 loss 0.1250 val acc 0.9219 (1.4s)
    epoch 16/20 loss 0.1206 val acc 0.9203 (1.4s)
    epoch 17/20 loss 0.1188 val acc 0.9232 (1.4s)
  [domain] test acc 0.8300 macro-F1 0.8439 ECE 0.055 (T=1.00, 30s, 0.01M params)
  [oos] probe split=6, 2 labels, 15250 train
    epoch 1/20 loss 0.1054 val acc 0.9677 (1.4s)
    epoch 2/20 loss 0.0626 val acc 0.9719 (1.4s)
    epoch 3/20 loss 0.0506 val acc 0.9716 (1.4s)
    epoch 4/20 loss 0.0465 val acc 0.9761 (1.4s)
    epoch 5/20 loss 0.0445 val acc 0.9703 (1.4s)
    epoch 6/20 loss 0.0431 val acc 0.9771 (1.4s)
    epoch 7/20 loss 0.0405 val acc 0.9781 (1.4s)
    epoch 8/20 loss 0.0396 val acc 0.9787 (1.4s)
    epoch 9/20 loss 0.0387 val acc 0.9761 (1.4s)
    epoch 10/20 loss 0.0372 val acc 0.9781 (1.4s)
    epoch 11/20 loss 0.0360 val acc 0.9774 (1.4s)
  [oos] test acc 0.8576 macro-F1 0.6503 ECE 0.102 (T=1.00, 16s, 0.00M params)
   probe@6 mean: {"acc": 0.8481, "macro_f1": 0.7931, "ece": 0.0582, "nll": 0.5819}
-- probe@22
  cached trunk depth 22 for 23850 messages in 10.0s (408 MB)
  [intent] probe split=22, 151 labels, 15250 train
    epoch 1/20 loss 3.7394 val acc 0.7555 (3.8s)
    epoch 2/20 loss 0.5460 val acc 0.8881 (3.5s)
    epoch 3/20 loss 0.1622 val acc 0.8948 (3.1s)
    epoch 4/20 loss 0.0794 val acc 0.9058 (3.4s)
    epoch 5/20 loss 0.0498 val acc 0.9087 (4.8s)
    epoch 6/20 loss 0.0300 val acc 0.9106 (3.8s)
    epoch 7/20 loss 0.0242 val acc 0.9113 (3.4s)
    epoch 8/20 loss 0.0178 val acc 0.9123 (3.6s)
    epoch 9/20 loss 0.0150 val acc 0.9200 (3.4s)
    epoch 10/20 loss 0.0108 val acc 0.9168 (3.2s)
    epoch 11/20 loss 0.0085 val acc 0.9187 (4.2s)
    epoch 12/20 loss 0.0081 val acc 0.9168 (4.1s)
  [intent] test acc 0.8544 macro-F1 0.8816 ECE 0.019 (T=1.24, 44s, 0.12M params)
  [domain] probe split=22, 11 labels, 15250 train
    epoch 1/20 loss 1.5559 val acc 0.8016 (3.7s)
    epoch 2/20 loss 0.4476 val acc 0.8735 (3.7s)
    epoch 3/20 loss 0.2819 val acc 0.8994 (3.1s)
    epoch 4/20 loss 0.2184 val acc 0.8981 (3.8s)
    epoch 5/20 loss 0.1884 val acc 0.9077 (3.1s)
    epoch 6/20 loss 0.1700 val acc 0.9110 (4.4s)
    epoch 7/20 loss 0.1553 val acc 0.9074 (3.8s)
    epoch 8/20 loss 0.1435 val acc 0.9119 (2.9s)
    epoch 9/20 loss 0.1391 val acc 0.9103 (3.3s)
    epoch 10/20 loss 0.1272 val acc 0.9123 (3.5s)
    epoch 11/20 loss 0.1210 val acc 0.9155 (3.7s)
    epoch 12/20 loss 0.1151 val acc 0.9177 (3.8s)
    epoch 13/20 loss 0.1093 val acc 0.9155 (4.8s)
    epoch 14/20 loss 0.1031 val acc 0.9161 (2.9s)
    epoch 15/20 loss 0.0995 val acc 0.9152 (3.6s)
  [domain] test acc 0.8347 macro-F1 0.8477 ECE 0.042 (T=1.21, 54s, 0.01M params)
  [oos] probe split=22, 2 labels, 15250 train
    epoch 1/20 loss 0.1174 val acc 0.9677 (3.5s)
    epoch 2/20 loss 0.0554 val acc 0.9732 (3.6s)
    epoch 3/20 loss 0.0446 val acc 0.9716 (3.4s)
    epoch 4/20 loss 0.0398 val acc 0.9771 (4.0s)
    epoch 5/20 loss 0.0395 val acc 0.9726 (4.4s)
    epoch 6/20 loss 0.0361 val acc 0.9761 (3.2s)
    epoch 7/20 loss 0.0348 val acc 0.9771 (3.5s)
    epoch 8/20 loss 0.0336 val acc 0.9768 (3.8s)
    epoch 9/20 loss 0.0330 val acc 0.9755 (3.0s)
    epoch 10/20 loss 0.0307 val acc 0.9784 (3.5s)
    epoch 11/20 loss 0.0295 val acc 0.9755 (4.4s)
    epoch 12/20 loss 0.0292 val acc 0.9768 (4.5s)
    epoch 13/20 loss 0.0269 val acc 0.9758 (3.2s)
  [oos] test acc 0.8631 macro-F1 0.6651 ECE 0.095 (T=1.26, 48s, 0.00M params)
   probe@22 mean: {"acc": 0.8507, "macro_f1": 0.7981, "ece": 0.0519, "nll": 0.5513}
-- blocks@6+2
  cached trunk depth 6 for 23850 messages in 5.5s (408 MB)
  [intent] blocks split=6 depth=2, 151 labels, 15250 train
    epoch 1/6 loss 2.1804 val acc 0.8806 (9.6s)
    epoch 2/6 loss 0.1852 val acc 0.9029 (10.1s)
    epoch 3/6 loss 0.0495 val acc 0.9255 (9.4s)
    epoch 4/6 loss 0.0128 val acc 0.9313 (9.8s)
    epoch 5/6 loss 0.0046 val acc 0.9316 (9.8s)
    epoch 6/6 loss 0.0023 val acc 0.9319 (5.3s)
  [intent] test acc 0.8724 macro-F1 0.9015 ECE 0.021 (T=1.33, 54s, 10.15M params)
  [domain] blocks split=6 depth=2, 11 labels, 15250 train
    epoch 1/6 loss 0.9369 val acc 0.9148 (4.0s)
    epoch 2/6 loss 0.1107 val acc 0.9510 (8.1s)
    epoch 3/6 loss 0.0274 val acc 0.9413 (4.5s)
    epoch 4/6 loss 0.0066 val acc 0.9574 (4.1s)
    epoch 5/6 loss 0.0010 val acc 0.9587 (4.3s)
    epoch 6/6 loss 0.0004 val acc 0.9587 (4.4s)
  [domain] test acc 0.8784 macro-F1 0.8922 ECE 0.037 (T=1.90, 29s, 10.04M params)
  [oos] blocks split=6 depth=2, 2 labels, 15250 train
    epoch 1/6 loss 0.0924 val acc 0.9777 (4.3s)
    epoch 2/6 loss 0.0390 val acc 0.9797 (4.6s)
    epoch 3/6 loss 0.0151 val acc 0.9781 (5.7s)
    epoch 4/6 loss 0.0034 val acc 0.9810 (5.9s)
    epoch 5/6 loss 0.0003 val acc 0.9816 (5.3s)
    epoch 6/6 loss 0.0001 val acc 0.9816 (4.1s)
  [oos] test acc 0.8669 macro-F1 0.6773 ECE 0.098 (T=2.93, 30s, 10.03M params)
   blocks@6+2 mean: {"acc": 0.8725, "macro_f1": 0.8236, "ece": 0.052, "nll": 0.482}
-- blocks@11+2
  cached trunk depth 11 for 23850 messages in 3.6s (408 MB)
  [intent] blocks split=11 depth=2, 151 labels, 15250 train
    epoch 1/6 loss 2.2208 val acc 0.8726 (4.7s)
    epoch 2/6 loss 0.1879 val acc 0.9145 (4.7s)
    epoch 3/6 loss 0.0514 val acc 0.9306 (4.6s)
    epoch 4/6 loss 0.0129 val acc 0.9394 (4.7s)
    epoch 5/6 loss 0.0034 val acc 0.9403 (4.6s)
    epoch 6/6 loss 0.0017 val acc 0.9403 (4.5s)
  [intent] test acc 0.8631 macro-F1 0.8951 ECE 0.025 (T=1.32, 28s, 10.15M params)
  [domain] blocks split=11 depth=2, 11 labels, 15250 train
    epoch 1/6 loss 0.9443 val acc 0.9232 (4.4s)
    epoch 2/6 loss 0.1197 val acc 0.9400 (4.4s)
    epoch 3/6 loss 0.0333 val acc 0.9561 (5.9s)
    epoch 4/6 loss 0.0064 val acc 0.9561 (5.4s)
    epoch 5/6 loss 0.0013 val acc 0.9584 (4.4s)
    epoch 6/6 loss 0.0005 val acc 0.9597 (4.5s)
  [domain] test acc 0.8760 macro-F1 0.8893 ECE 0.041 (T=1.96, 29s, 10.04M params)
  [oos] blocks split=11 depth=2, 2 labels, 15250 train
    epoch 1/6 loss 0.0990 val acc 0.9755 (4.0s)
    epoch 2/6 loss 0.0386 val acc 0.9784 (4.8s)
    epoch 3/6 loss 0.0173 val acc 0.9781 (4.6s)
    epoch 4/6 loss 0.0034 val acc 0.9803 (4.6s)
    epoch 5/6 loss 0.0004 val acc 0.9803 (4.8s)
    epoch 6/6 loss 0.0001 val acc 0.9806 (4.7s)
  [oos] test acc 0.8633 macro-F1 0.6634 ECE 0.102 (T=3.11, 28s, 10.03M params)
   blocks@11+2 mean: {"acc": 0.8675, "macro_f1": 0.8159, "ece": 0.0562, "nll": 0.486}
-- blocks@16+2
  cached trunk depth 16 for 23850 messages in 4.8s (408 MB)
  [intent] blocks split=16 depth=2, 151 labels, 15250 train
    epoch 1/6 loss 1.9938 val acc 0.8977 (4.9s)
    epoch 2/6 loss 0.1366 val acc 0.9329 (4.8s)
    epoch 3/6 loss 0.0331 val acc 0.9365 (4.9s)
    epoch 4/6 loss 0.0101 val acc 0.9474 (4.8s)
    epoch 5/6 loss 0.0031 val acc 0.9474 (4.9s)
    epoch 6/6 loss 0.0017 val acc 0.9471 (4.8s)
  [intent] test acc 0.8778 macro-F1 0.9054 ECE 0.024 (T=1.25, 29s, 10.15M params)
  [domain] blocks split=16 depth=2, 11 labels, 15250 train
    epoch 1/6 loss 0.8589 val acc 0.9329 (4.7s)
    epoch 2/6 loss 0.0908 val acc 0.9552 (6.2s)
    epoch 3/6 loss 0.0197 val acc 0.9577 (4.8s)
    epoch 4/6 loss 0.0045 val acc 0.9597 (4.8s)
    epoch 5/6 loss 0.0011 val acc 0.9626 (4.8s)
    epoch 6/6 loss 0.0006 val acc 0.9626 (5.1s)
  [domain] test acc 0.8875 macro-F1 0.9003 ECE 0.038 (T=1.76, 30s, 10.04M params)
  [oos] blocks split=16 depth=2, 2 labels, 15250 train
    epoch 1/6 loss 0.0966 val acc 0.9774 (4.8s)
    epoch 2/6 loss 0.0297 val acc 0.9784 (4.8s)
    epoch 3/6 loss 0.0093 val acc 0.9797 (5.1s)
    epoch 4/6 loss 0.0018 val acc 0.9794 (4.8s)
    epoch 5/6 loss 0.0004 val acc 0.9797 (4.8s)
    epoch 6/6 loss 0.0002 val acc 0.9797 (5.1s)
  [oos] test acc 0.8829 macro-F1 0.7352 ECE 0.081 (T=2.16, 29s, 10.03M params)
   blocks@16+2 mean: {"acc": 0.8827, "macro_f1": 0.847, "ece": 0.0476, "nll": 0.4417}
-- blocks@20+2
  cached trunk depth 20 for 23850 messages in 5.9s (408 MB)
  [intent] blocks split=20 depth=2, 151 labels, 15250 train
    epoch 1/6 loss 2.0095 val acc 0.8984 (5.2s)
    epoch 2/6 loss 0.1308 val acc 0.9245 (4.9s)
    epoch 3/6 loss 0.0323 val acc 0.9358 (5.2s)
    epoch 4/6 loss 0.0097 val acc 0.9361 (4.9s)
    epoch 5/6 loss 0.0037 val acc 0.9371 (4.9s)
    epoch 6/6 loss 0.0022 val acc 0.9377 (5.2s)
  [intent] test acc 0.8744 macro-F1 0.9025 ECE 0.024 (T=1.22, 30s, 10.15M params)
  [domain] blocks split=20 depth=2, 11 labels, 15250 train
    epoch 1/6 loss 0.8353 val acc 0.9206 (4.8s)
    epoch 2/6 loss 0.0945 val acc 0.9487 (4.4s)
    epoch 3/6 loss 0.0217 val acc 0.9555 (4.1s)
    epoch 4/6 loss 0.0045 val acc 0.9568 (5.5s)
    epoch 5/6 loss 0.0016 val acc 0.9574 (4.7s)
    epoch 6/6 loss 0.0009 val acc 0.9577 (4.6s)
  [domain] test acc 0.8780 macro-F1 0.8912 ECE 0.042 (T=1.72, 28s, 10.04M params)
  [oos] blocks split=20 depth=2, 2 labels, 15250 train
    epoch 1/6 loss 0.1170 val acc 0.9781 (4.7s)
    epoch 2/6 loss 0.0278 val acc 0.9777 (4.7s)
    epoch 3/6 loss 0.0096 val acc 0.9784 (4.7s)
    epoch 4/6 loss 0.0020 val acc 0.9806 (4.7s)
    epoch 5/6 loss 0.0005 val acc 0.9800 (4.7s)
    epoch 6/6 loss 0.0002 val acc 0.9800 (4.7s)
  [oos] test acc 0.8749 macro-F1 0.7050 ECE 0.088 (T=2.88, 28s, 10.03M params)
   blocks@20+2 mean: {"acc": 0.8758, "macro_f1": 0.8329, "ece": 0.0512, "nll": 0.4532}
-- full
  cached trunk depth 0 for 23850 messages in 1.1s (408 MB)
  [intent] blocks split=0 depth=22, 151 labels, 15250 train
    epoch 1/5 loss 1.5139 val acc 0.9368 (39.2s)
    epoch 2/5 loss 0.1039 val acc 0.9542 (54.1s)
    epoch 3/5 loss 0.0280 val acc 0.9652 (45.6s)
    epoch 4/5 loss 0.0076 val acc 0.9677 (39.1s)
    epoch 5/5 loss 0.0014 val acc 0.9687 (38.1s)
  [intent] test acc 0.9089 macro-F1 0.9346 ECE 0.024 (T=1.45, 216s, 110.45M params)
   full mean: {"acc": 0.9089, "macro_f1": 0.9346, "ece": 0.0243, "nll": 0.4005}
done
