== typed-decisions: 1080/120/400 messages (train/val/test), tasks: agent_trace_observability.action(4), agent_trace_observability.needs_review(2), agent_trace_observability.outcome(4), agent_trace_observability.risk(4), agent_trace_observability.urgency(4), customer_service.action(5), customer_service.category(5), customer_service.churn_risk(4), customer_service.needs_human(2), customer_service.urgency(4), invoice_processing.discrepancy_severity(4), invoice_processing.disposition(4), invoice_processing.duplicate(2), invoice_processing.matches_order(2), invoice_processing.urgency(4), security_incidents.credential_compromise(2), security_incidents.disposition(4), security_incidents.severity(5), security_incidents.true_positive(2), security_incidents.urgency(4) | base answerdotai/ModernBERT-base on cuda | seed 0
-- probe@6
  cached trunk depth 6 for 1600 messages in 24.4s (559 MB)
  [customer_service.action] probe split=6, 5 labels, 269 train
    epoch 1/34 loss 1.4912 val acc 0.5484 (4.9s)
    epoch 2/34 loss 1.3030 val acc 0.5484 (4.9s)
    epoch 3/34 loss 1.2858 val acc 0.5484 (4.8s)
    epoch 4/34 loss 1.2636 val acc 0.5484 (4.9s)
    epoch 5/34 loss 1.2464 val acc 0.5161 (5.0s)
    epoch 6/34 loss 1.2733 val acc 0.5484 (4.8s)
    epoch 7/34 loss 1.2312 val acc 0.5161 (4.9s)
    epoch 8/34 loss 1.2208 val acc 0.4194 (5.0s)
    epoch 9/34 loss 1.2929 val acc 0.5484 (4.9s)
    epoch 10/34 loss 1.2458 val acc 0.5484 (4.9s)
    epoch 11/34 loss 1.2298 val acc 0.5806 (5.1s)
    epoch 12/34 loss 1.2038 val acc 0.5484 (4.9s)
    epoch 13/34 loss 1.2011 val acc 0.5806 (5.0s)
    epoch 14/34 loss 1.2033 val acc 0.5484 (4.9s)
    epoch 15/34 loss 1.1902 val acc 0.5484 (4.8s)
    epoch 16/34 loss 1.1930 val acc 0.5484 (4.9s)
== typed-decisions: 1080/120/400 messages (train/val/test), tasks: agent_trace_observability.action(4), agent_trace_observability.needs_review(2), agent_trace_observability.outcome(4), agent_trace_observability.risk(4), agent_trace_observability.urgency(4), customer_service.action(5), customer_service.category(5), customer_service.churn_risk(4), customer_service.needs_human(2), customer_service.urgency(4), invoice_processing.discrepancy_severity(4), invoice_processing.disposition(4), invoice_processing.duplicate(2), invoice_processing.matches_order(2), invoice_processing.urgency(4), security_incidents.credential_compromise(2), security_incidents.disposition(4), security_incidents.severity(5), security_incidents.true_positive(2), security_incidents.urgency(4) | base answerdotai/ModernBERT-base on cuda | seed 0
-- probe@6
  cached trunk depth 6 for 1600 messages in 3.7s (559 MB)
  [customer_service.action] probe split=6, 5 labels, 269 train
    epoch 1/34 loss 2.0125 val acc 0.1935 (0.3s)
    epoch 2/34 loss 1.4079 val acc 0.5484 (0.1s)
    epoch 3/34 loss 1.3174 val acc 0.5484 (0.2s)
    epoch 4/34 loss 1.2718 val acc 0.5484 (0.1s)
    epoch 5/34 loss 1.2481 val acc 0.5484 (0.2s)
    epoch 6/34 loss 1.2516 val acc 0.5484 (0.1s)
    epoch 7/34 loss 1.2408 val acc 0.4516 (0.1s)
    epoch 8/34 loss 1.2378 val acc 0.5161 (0.2s)
    epoch 9/34 loss 1.2457 val acc 0.5484 (0.1s)
    epoch 10/34 loss 1.2274 val acc 0.5484 (0.2s)
    epoch 11/34 loss 1.2453 val acc 0.5161 (0.1s)
    epoch 12/34 loss 1.2052 val acc 0.5484 (0.1s)
    epoch 13/34 loss 1.1985 val acc 0.5484 (0.1s)
    epoch 14/34 loss 1.2018 val acc 0.5484 (0.1s)
    epoch 15/34 loss 1.1969 val acc 0.5161 (0.1s)
    epoch 16/34 loss 1.1857 val acc 0.5484 (0.1s)
    epoch 17/34 loss 1.1786 val acc 0.5484 (0.1s)
    epoch 18/34 loss 1.1715 val acc 0.5484 (0.1s)
    epoch 19/34 loss 1.1790 val acc 0.5806 (0.1s)
    epoch 20/34 loss 1.1712 val acc 0.5484 (0.1s)
    epoch 21/34 loss 1.1680 val acc 0.5161 (0.1s)
    epoch 22/34 loss 1.1693 val acc 0.5484 (0.1s)
    epoch 23/34 loss 1.1692 val acc 0.5806 (0.1s)
    epoch 24/34 loss 1.1587 val acc 0.5806 (0.1s)
    epoch 25/34 loss 1.1611 val acc 0.5806 (0.1s)
    epoch 26/34 loss 1.1602 val acc 0.5806 (0.1s)
    epoch 27/34 loss 1.1617 val acc 0.6129 (0.1s)
    epoch 28/34 loss 1.1542 val acc 0.6129 (0.1s)
    epoch 29/34 loss 1.1558 val acc 0.5484 (0.2s)
    epoch 30/34 loss 1.1523 val acc 0.5484 (0.1s)
    epoch 31/34 loss 1.1541 val acc 0.5484 (0.1s)
    epoch 32/34 loss 1.1552 val acc 0.5484 (0.1s)
    epoch 33/34 loss 1.1516 val acc 0.5484 (0.1s)
    epoch 34/34 loss 1.1545 val acc 0.5484 (0.1s)
  [customer_service.action] test acc 0.6000 macro-F1 0.2730 ECE 0.168 (T=0.92, 4s, 0.01M params)
  [customer_service.category] probe split=6, 5 labels, 269 train
    epoch 1/34 loss 1.6745 val acc 0.2258 (0.1s)
    epoch 2/34 loss 1.5756 val acc 0.1290 (0.1s)
    epoch 3/34 loss 1.5628 val acc 0.2903 (0.1s)
    epoch 4/34 loss 1.5585 val acc 0.1290 (0.1s)
    epoch 5/34 loss 1.5008 val acc 0.4194 (0.1s)
    epoch 6/34 loss 1.4920 val acc 0.4194 (0.1s)
    epoch 7/34 loss 1.4515 val acc 0.3548 (0.1s)
    epoch 8/34 loss 1.4174 val acc 0.4516 (0.1s)
    epoch 9/34 loss 1.3888 val acc 0.5161 (0.1s)
    epoch 10/34 loss 1.3427 val acc 0.5161 (0.1s)
    epoch 11/34 loss 1.3381 val acc 0.4194 (0.1s)
    epoch 12/34 loss 1.3009 val acc 0.3548 (0.1s)
    epoch 13/34 loss 1.2670 val acc 0.5484 (0.1s)
    epoch 14/34 loss 1.2530 val acc 0.6129 (0.1s)
    epoch 15/34 loss 1.2383 val acc 0.5161 (0.1s)
    epoch 16/34 loss 1.2005 val acc 0.4194 (0.1s)
    epoch 17/34 loss 1.1981 val acc 0.5484 (0.1s)
    epoch 18/34 loss 1.1896 val acc 0.3871 (0.1s)
    epoch 19/34 loss 1.1701 val acc 0.5484 (0.1s)
    epoch 20/34 loss 1.1311 val acc 0.5484 (0.1s)
    epoch 21/34 loss 1.1442 val acc 0.5161 (0.1s)
    epoch 22/34 loss 1.1359 val acc 0.5806 (0.1s)
    epoch 23/34 loss 1.1156 val acc 0.4516 (0.1s)
    epoch 24/34 loss 1.1126 val acc 0.5806 (0.1s)
    epoch 25/34 loss 1.1088 val acc 0.5806 (0.1s)
    epoch 26/34 loss 1.1004 val acc 0.5161 (0.1s)
    epoch 27/34 loss 1.0942 val acc 0.5161 (0.1s)
    epoch 28/34 loss 1.0828 val acc 0.5484 (0.1s)
    epoch 29/34 loss 1.0820 val acc 0.5484 (0.1s)
    epoch 30/34 loss 1.0684 val acc 0.5806 (0.1s)
    epoch 31/34 loss 1.0806 val acc 0.5806 (0.1s)
    epoch 32/34 loss 1.0745 val acc 0.5806 (0.1s)
    epoch 33/34 loss 1.0798 val acc 0.5806 (0.1s)
    epoch 34/34 loss 1.0845 val acc 0.5806 (0.1s)
  [customer_service.category] test acc 0.6600 macro-F1 0.5294 ECE 0.117 (T=0.45, 3s, 0.01M params)
  [customer_service.churn_risk] probe split=6, 4 labels, 269 train
    epoch 1/34 loss 1.4042 val acc 0.5161 (0.1s)
    epoch 2/34 loss 1.3273 val acc 0.5161 (0.1s)
    epoch 3/34 loss 1.3023 val acc 0.3871 (0.1s)
    epoch 4/34 loss 1.3015 val acc 0.5484 (0.1s)
    epoch 5/34 loss 1.2935 val acc 0.1613 (0.1s)
    epoch 6/34 loss 1.2879 val acc 0.3226 (0.1s)
    epoch 7/34 loss 1.2632 val acc 0.1613 (0.1s)
    epoch 8/34 loss 1.2569 val acc 0.5161 (0.1s)
    epoch 9/34 loss 1.2441 val acc 0.4839 (0.1s)
    epoch 10/34 loss 1.2409 val acc 0.5161 (0.1s)
    epoch 11/34 loss 1.2406 val acc 0.4839 (0.1s)
    epoch 12/34 loss 1.2353 val acc 0.5484 (0.1s)
    epoch 13/34 loss 1.2215 val acc 0.5484 (0.1s)
    epoch 14/34 loss 1.2148 val acc 0.5484 (0.1s)
    epoch 15/34 loss 1.1968 val acc 0.6452 (0.1s)
    epoch 16/34 loss 1.2017 val acc 0.6774 (0.1s)
    epoch 17/34 loss 1.1878 val acc 0.4516 (0.1s)
    epoch 18/34 loss 1.1817 val acc 0.5161 (0.1s)
    epoch 19/34 loss 1.1889 val acc 0.6129 (0.1s)
    epoch 20/34 loss 1.1774 val acc 0.5806 (0.1s)
    epoch 21/34 loss 1.1728 val acc 0.5161 (0.1s)
    epoch 22/34 loss 1.1674 val acc 0.6129 (0.1s)
    epoch 23/34 loss 1.1636 val acc 0.5161 (0.1s)
    epoch 24/34 loss 1.1673 val acc 0.6452 (0.1s)
    epoch 25/34 loss 1.1607 val acc 0.5161 (0.1s)
    epoch 26/34 loss 1.1615 val acc 0.5806 (0.1s)
    epoch 27/34 loss 1.1562 val acc 0.5484 (0.1s)
    epoch 28/34 loss 1.1608 val acc 0.5484 (0.1s)
    epoch 29/34 loss 1.1608 val acc 0.5484 (0.1s)
    epoch 30/34 loss 1.1594 val acc 0.5484 (0.1s)
    epoch 31/34 loss 1.1536 val acc 0.5484 (0.1s)
    epoch 32/34 loss 1.1527 val acc 0.5484 (0.1s)
    epoch 33/34 loss 1.1505 val acc 0.5484 (0.1s)
    epoch 34/34 loss 1.1561 val acc 0.5484 (0.1s)
  [customer_service.churn_risk] test acc 0.6300 macro-F1 0.4181 ECE 0.175 (T=0.79, 3s, 0.00M params)
  [customer_service.needs_human] probe split=6, 2 labels, 269 train
    epoch 1/34 loss 0.6976 val acc 0.7419 (0.1s)
    epoch 2/34 loss 0.7038 val acc 0.5484 (0.1s)
    epoch 3/34 loss 0.6943 val acc 0.4839 (0.1s)
    epoch 4/34 loss 0.6774 val acc 0.7097 (0.1s)
    epoch 5/34 loss 0.6654 val acc 0.6774 (0.1s)
    epoch 6/34 loss 0.6621 val acc 0.7419 (0.1s)
    epoch 7/34 loss 0.6518 val acc 0.3548 (0.1s)
    epoch 8/34 loss 0.6795 val acc 0.7742 (0.1s)
    epoch 9/34 loss 0.6889 val acc 0.7742 (0.1s)
    epoch 10/34 loss 0.6979 val acc 0.7419 (0.1s)
    epoch 11/34 loss 0.7311 val acc 0.2903 (0.1s)
    epoch 12/34 loss 0.6665 val acc 0.6452 (0.1s)
    epoch 13/34 loss 0.6462 val acc 0.7419 (0.1s)
    epoch 14/34 loss 0.6427 val acc 0.7097 (0.1s)
    epoch 15/34 loss 0.6474 val acc 0.7097 (0.1s)
    epoch 16/34 loss 0.6386 val acc 0.7097 (0.1s)
    epoch 17/34 loss 0.6337 val acc 0.7742 (0.1s)
    epoch 18/34 loss 0.6284 val acc 0.6452 (0.1s)
    epoch 19/34 loss 0.6381 val acc 0.7097 (0.1s)
    epoch 20/34 loss 0.6345 val acc 0.8065 (0.1s)
    epoch 21/34 loss 0.6316 val acc 0.8065 (0.1s)
    epoch 22/34 loss 0.6328 val acc 0.6452 (0.1s)
    epoch 23/34 loss 0.6293 val acc 0.7742 (0.1s)
    epoch 24/34 loss 0.6264 val acc 0.7419 (0.1s)
    epoch 25/34 loss 0.6251 val acc 0.7742 (0.1s)
    epoch 26/34 loss 0.6261 val acc 0.7742 (0.1s)
    epoch 27/34 loss 0.6276 val acc 0.7419 (0.1s)
    epoch 28/34 loss 0.6253 val acc 0.7419 (0.1s)
    epoch 29/34 loss 0.6258 val acc 0.7742 (0.1s)
    epoch 30/34 loss 0.6276 val acc 0.7419 (0.1s)
    epoch 31/34 loss 0.6215 val acc 0.7419 (0.1s)
    epoch 32/34 loss 0.6236 val acc 0.7742 (0.1s)
    epoch 33/34 loss 0.6246 val acc 0.7742 (0.1s)
    epoch 34/34 loss 0.6235 val acc 0.7742 (0.1s)
  [customer_service.needs_human] test acc 0.7400 macro-F1 0.6436 ECE 0.092 (T=0.65, 3s, 0.00M params)
  [customer_service.urgency] probe split=6, 4 labels, 269 train
    epoch 1/34 loss 1.4380 val acc 0.2581 (0.1s)
    epoch 2/34 loss 1.2395 val acc 0.2581 (0.1s)
    epoch 3/34 loss 1.1956 val acc 0.5161 (0.1s)
    epoch 4/34 loss 1.2018 val acc 0.5161 (0.1s)
    epoch 5/34 loss 1.1739 val acc 0.5161 (0.1s)
    epoch 6/34 loss 1.1957 val acc 0.4516 (0.1s)
    epoch 7/34 loss 1.1814 val acc 0.3226 (0.1s)
    epoch 8/34 loss 1.1652 val acc 0.4516 (0.1s)
    epoch 9/34 loss 1.1408 val acc 0.5161 (0.1s)
    epoch 10/34 loss 1.1407 val acc 0.5161 (0.1s)
    epoch 11/34 loss 1.1280 val acc 0.2581 (0.1s)
    epoch 12/34 loss 1.1206 val acc 0.4839 (0.1s)
    epoch 13/34 loss 1.1225 val acc 0.2903 (0.1s)
    epoch 14/34 loss 1.1396 val acc 0.5484 (0.1s)
    epoch 15/34 loss 1.1167 val acc 0.5161 (0.1s)
    epoch 16/34 loss 1.1066 val acc 0.5161 (0.1s)
    epoch 17/34 loss 1.1039 val acc 0.4839 (0.1s)
    epoch 18/34 loss 1.0977 val acc 0.4839 (0.1s)
    epoch 19/34 loss 1.1018 val acc 0.5806 (0.1s)
    epoch 20/34 loss 1.0958 val acc 0.4839 (0.1s)
    epoch 21/34 loss 1.0954 val acc 0.6129 (0.1s)
    epoch 22/34 loss 1.1037 val acc 0.4516 (0.1s)
    epoch 23/34 loss 1.0889 val acc 0.5484 (0.1s)
    epoch 24/34 loss 1.0922 val acc 0.4516 (0.1s)
    epoch 25/34 loss 1.0834 val acc 0.5806 (0.1s)
    epoch 26/34 loss 1.0830 val acc 0.4839 (0.1s)
    epoch 27/34 loss 1.0817 val acc 0.4839 (0.1s)
    epoch 28/34 loss 1.0799 val acc 0.4839 (0.1s)
    epoch 29/34 loss 1.0784 val acc 0.4516 (0.1s)
    epoch 30/34 loss 1.0748 val acc 0.5161 (0.1s)
    epoch 31/34 loss 1.0745 val acc 0.5161 (0.1s)
    epoch 32/34 loss 1.0702 val acc 0.4516 (0.1s)
    epoch 33/34 loss 1.0745 val acc 0.4516 (0.1s)
    epoch 34/34 loss 1.0766 val acc 0.4516 (0.1s)
  [customer_service.urgency] test acc 0.6000 macro-F1 0.3722 ECE 0.188 (T=0.91, 4s, 0.00M params)
   probe@6 mean: {"acc": 0.646, "macro_f1": 0.4473, "ece": 0.1479, "nll": 0.8633}
-- probe@11
  cached trunk depth 11 for 1600 messages in 4.2s (559 MB)
  [customer_service.action] probe split=11, 5 labels, 269 train
    epoch 1/34 loss 1.4343 val acc 0.5484 (0.1s)
    epoch 2/34 loss 1.3080 val acc 0.5484 (0.1s)
    epoch 3/34 loss 1.2739 val acc 0.5161 (0.1s)
    epoch 4/34 loss 1.2631 val acc 0.5161 (0.1s)
    epoch 5/34 loss 1.2355 val acc 0.5484 (0.1s)
    epoch 6/34 loss 1.2331 val acc 0.5484 (0.1s)
    epoch 7/34 loss 1.2174 val acc 0.4839 (0.1s)
    epoch 8/34 loss 1.2171 val acc 0.5484 (0.1s)
    epoch 9/34 loss 1.2201 val acc 0.5484 (0.1s)
    epoch 10/34 loss 1.2035 val acc 0.5484 (0.1s)
    epoch 11/34 loss 1.1997 val acc 0.5484 (0.1s)
    epoch 12/34 loss 1.1876 val acc 0.4516 (0.1s)
    epoch 13/34 loss 1.1807 val acc 0.4839 (0.1s)
    epoch 14/34 loss 1.1977 val acc 0.5161 (0.1s)
    epoch 15/34 loss 1.1842 val acc 0.4516 (0.1s)
    epoch 16/34 loss 1.1711 val acc 0.4516 (0.1s)
    epoch 17/34 loss 1.1641 val acc 0.5806 (0.1s)
    epoch 18/34 loss 1.1565 val acc 0.5484 (0.1s)
    epoch 19/34 loss 1.1541 val acc 0.5484 (0.1s)
    epoch 20/34 loss 1.1496 val acc 0.5484 (0.1s)
    epoch 21/34 loss 1.1502 val acc 0.5806 (0.1s)
    epoch 22/34 loss 1.1471 val acc 0.5161 (0.1s)
    epoch 23/34 loss 1.1496 val acc 0.5806 (0.1s)
    epoch 24/34 loss 1.1467 val acc 0.5806 (0.1s)
    epoch 25/34 loss 1.1428 val acc 0.5161 (0.1s)
    epoch 26/34 loss 1.1434 val acc 0.5806 (0.1s)
    epoch 27/34 loss 1.1419 val acc 0.5806 (0.1s)
    epoch 28/34 loss 1.1388 val acc 0.5806 (0.1s)
    epoch 29/34 loss 1.1407 val acc 0.5806 (0.1s)
    epoch 30/34 loss 1.1362 val acc 0.5806 (0.1s)
    epoch 31/34 loss 1.1401 val acc 0.5806 (0.1s)
    epoch 32/34 loss 1.1394 val acc 0.5806 (0.1s)
    epoch 33/34 loss 1.1410 val acc 0.5806 (0.1s)
    epoch 34/34 loss 1.1341 val acc 0.5806 (0.1s)
  [customer_service.action] test acc 0.6100 macro-F1 0.2859 ECE 0.101 (T=0.91, 3s, 0.01M params)
  [customer_service.category] probe split=11, 5 labels, 269 train
    epoch 1/34 loss 1.6255 val acc 0.3226 (0.1s)
    epoch 2/34 loss 1.5657 val acc 0.1290 (0.1s)
    epoch 3/34 loss 1.5491 val acc 0.3226 (0.1s)
    epoch 4/34 loss 1.5333 val acc 0.1290 (0.1s)
    epoch 5/34 loss 1.4840 val acc 0.5161 (0.1s)
    epoch 6/34 loss 1.4638 val acc 0.4194 (0.1s)
    epoch 7/34 loss 1.4122 val acc 0.1935 (0.1s)
    epoch 8/34 loss 1.3783 val acc 0.4839 (0.1s)
    epoch 9/34 loss 1.3521 val acc 0.5806 (0.1s)
    epoch 10/34 loss 1.3090 val acc 0.4839 (0.1s)
    epoch 11/34 loss 1.2847 val acc 0.4194 (0.1s)
    epoch 12/34 loss 1.2557 val acc 0.3548 (0.1s)
    epoch 13/34 loss 1.2173 val acc 0.5484 (0.1s)
    epoch 14/34 loss 1.2098 val acc 0.5161 (0.1s)
    epoch 15/34 loss 1.1872 val acc 0.5484 (0.1s)
    epoch 16/34 loss 1.1426 val acc 0.4194 (0.1s)
    epoch 17/34 loss 1.1372 val acc 0.5484 (0.1s)
    epoch 18/34 loss 1.1153 val acc 0.4194 (0.1s)
    epoch 19/34 loss 1.1022 val acc 0.5484 (0.1s)
    epoch 20/34 loss 1.0639 val acc 0.4839 (0.1s)
    epoch 21/34 loss 1.0784 val acc 0.5806 (0.1s)
    epoch 22/34 loss 1.0642 val acc 0.5806 (0.1s)
    epoch 23/34 loss 1.0488 val acc 0.4839 (0.1s)
    epoch 24/34 loss 1.0368 val acc 0.5161 (0.1s)
    epoch 25/34 loss 1.0339 val acc 0.6129 (0.1s)
    epoch 26/34 loss 1.0146 val acc 0.5806 (0.1s)
    epoch 27/34 loss 1.0266 val acc 0.4194 (0.1s)
    epoch 28/34 loss 1.0111 val acc 0.5161 (0.1s)
    epoch 29/34 loss 1.0017 val acc 0.4839 (0.1s)
    epoch 30/34 loss 1.0079 val acc 0.5161 (0.1s)
    epoch 31/34 loss 0.9987 val acc 0.5806 (0.1s)
    epoch 32/34 loss 1.0067 val acc 0.5806 (0.1s)
    epoch 33/34 loss 1.0111 val acc 0.5806 (0.1s)
    epoch 34/34 loss 1.0082 val acc 0.5806 (0.1s)
  [customer_service.category] test acc 0.6900 macro-F1 0.5392 ECE 0.139 (T=0.48, 3s, 0.01M params)
  [customer_service.churn_risk] probe split=11, 4 labels, 269 train
    epoch 1/34 loss 1.4674 val acc 0.5161 (0.1s)
    epoch 2/34 loss 1.3247 val acc 0.1935 (0.1s)
    epoch 3/34 loss 1.3049 val acc 0.4516 (0.1s)
    epoch 4/34 loss 1.2774 val acc 0.4516 (0.1s)
    epoch 5/34 loss 1.2606 val acc 0.4516 (0.1s)
    epoch 6/34 loss 1.2577 val acc 0.1935 (0.1s)
    epoch 7/34 loss 1.2416 val acc 0.2258 (0.1s)
    epoch 8/34 loss 1.2355 val acc 0.4839 (0.1s)
    epoch 9/34 loss 1.2392 val acc 0.5161 (0.1s)
    epoch 10/34 loss 1.2161 val acc 0.4839 (0.1s)
    epoch 11/34 loss 1.2150 val acc 0.4839 (0.1s)
    epoch 12/34 loss 1.1952 val acc 0.3548 (0.1s)
    epoch 13/34 loss 1.1868 val acc 0.5484 (0.1s)
    epoch 14/34 loss 1.1745 val acc 0.5484 (0.1s)
    epoch 15/34 loss 1.1663 val acc 0.5806 (0.1s)
    epoch 16/34 loss 1.1634 val acc 0.5484 (0.1s)
    epoch 17/34 loss 1.1546 val acc 0.4839 (0.1s)
    epoch 18/34 loss 1.1543 val acc 0.6129 (0.1s)
    epoch 19/34 loss 1.1514 val acc 0.5161 (0.1s)
    epoch 20/34 loss 1.1411 val acc 0.4839 (0.1s)
    epoch 21/34 loss 1.1353 val acc 0.5161 (0.1s)
    epoch 22/34 loss 1.1306 val acc 0.5484 (0.1s)
    epoch 23/34 loss 1.1268 val acc 0.5161 (0.1s)
    epoch 24/34 loss 1.1289 val acc 0.5161 (0.1s)
    epoch 25/34 loss 1.1234 val acc 0.5161 (0.1s)
    epoch 26/34 loss 1.1271 val acc 0.5161 (0.1s)
    epoch 27/34 loss 1.1206 val acc 0.5161 (0.1s)
    epoch 28/34 loss 1.1188 val acc 0.5484 (0.1s)
    epoch 29/34 loss 1.1186 val acc 0.5161 (0.1s)
    epoch 30/34 loss 1.1225 val acc 0.5161 (0.1s)
    epoch 31/34 loss 1.1226 val acc 0.5161 (0.1s)
    epoch 32/34 loss 1.1211 val acc 0.5161 (0.1s)
    epoch 33/34 loss 1.1202 val acc 0.5161 (0.1s)
    epoch 34/34 loss 1.1165 val acc 0.5161 (0.1s)
  [customer_service.churn_risk] test acc 0.6600 macro-F1 0.4729 ECE 0.213 (T=0.91, 3s, 0.00M params)
  [customer_service.needs_human] probe split=11, 2 labels, 269 train
    epoch 1/34 loss 0.6914 val acc 0.7419 (0.1s)
    epoch 2/34 loss 0.6975 val acc 0.7419 (0.1s)
    epoch 3/34 loss 0.6778 val acc 0.4839 (0.1s)
    epoch 4/34 loss 0.6670 val acc 0.6452 (0.1s)
    epoch 5/34 loss 0.6604 val acc 0.7419 (0.1s)
    epoch 6/34 loss 0.6578 val acc 0.7742 (0.1s)
    epoch 7/34 loss 0.6513 val acc 0.5484 (0.1s)
    epoch 8/34 loss 0.6640 val acc 0.7419 (0.1s)
    epoch 9/34 loss 0.6731 val acc 0.7419 (0.1s)
    epoch 10/34 loss 0.6490 val acc 0.7419 (0.1s)
    epoch 11/34 loss 0.6570 val acc 0.7419 (0.1s)
    epoch 12/34 loss 0.6451 val acc 0.4516 (0.1s)
    epoch 13/34 loss 0.6467 val acc 0.4516 (0.1s)
    epoch 14/34 loss 0.6707 val acc 0.7419 (0.1s)
    epoch 15/34 loss 0.6552 val acc 0.4516 (0.1s)
    epoch 16/34 loss 0.6326 val acc 0.7097 (0.1s)
    epoch 17/34 loss 0.6286 val acc 0.7742 (0.1s)
    epoch 18/34 loss 0.6259 val acc 0.6774 (0.1s)
    epoch 19/34 loss 0.6288 val acc 0.7097 (0.1s)
    epoch 20/34 loss 0.6231 val acc 0.7419 (0.1s)
    epoch 21/34 loss 0.6279 val acc 0.7097 (0.1s)
    epoch 22/34 loss 0.6207 val acc 0.7419 (0.1s)
    epoch 23/34 loss 0.6215 val acc 0.7419 (0.1s)
    epoch 24/34 loss 0.6207 val acc 0.7419 (0.1s)
    epoch 25/34 loss 0.6215 val acc 0.7419 (0.1s)
    epoch 26/34 loss 0.6219 val acc 0.7742 (0.1s)
    epoch 27/34 loss 0.6195 val acc 0.7742 (0.1s)
    epoch 28/34 loss 0.6186 val acc 0.7742 (0.1s)
    epoch 29/34 loss 0.6188 val acc 0.7742 (0.1s)
    epoch 30/34 loss 0.6176 val acc 0.7097 (0.1s)
    epoch 31/34 loss 0.6180 val acc 0.7097 (0.1s)
    epoch 32/34 loss 0.6197 val acc 0.7419 (0.1s)
    epoch 33/34 loss 0.6191 val acc 0.7419 (0.1s)
    epoch 34/34 loss 0.6164 val acc 0.7419 (0.1s)
  [customer_service.needs_human] test acc 0.7400 macro-F1 0.6330 ECE 0.122 (T=0.67, 3s, 0.00M params)
  [customer_service.urgency] probe split=11, 4 labels, 269 train
    epoch 1/34 loss 1.5585 val acc 0.2581 (0.1s)
    epoch 2/34 loss 1.2773 val acc 0.5161 (0.1s)
    epoch 3/34 loss 1.1910 val acc 0.5484 (0.1s)
    epoch 4/34 loss 1.1806 val acc 0.5161 (0.1s)
    epoch 5/34 loss 1.1722 val acc 0.5161 (0.1s)
    epoch 6/34 loss 1.1535 val acc 0.4839 (0.1s)
    epoch 7/34 loss 1.1369 val acc 0.5161 (0.1s)
    epoch 8/34 loss 1.1358 val acc 0.5484 (0.1s)
    epoch 9/34 loss 1.1321 val acc 0.5806 (0.1s)
    epoch 10/34 loss 1.1507 val acc 0.2581 (0.1s)
    epoch 11/34 loss 1.1846 val acc 0.5484 (0.1s)
    epoch 12/34 loss 1.1292 val acc 0.4516 (0.1s)
    epoch 13/34 loss 1.1050 val acc 0.2903 (0.1s)
    epoch 14/34 loss 1.1017 val acc 0.5161 (0.1s)
    epoch 15/34 loss 1.0941 val acc 0.6129 (0.1s)
    epoch 16/34 loss 1.0867 val acc 0.5484 (0.1s)
    epoch 17/34 loss 1.0827 val acc 0.3871 (0.1s)
    epoch 18/34 loss 1.0812 val acc 0.5806 (0.1s)
    epoch 19/34 loss 1.0742 val acc 0.5161 (0.1s)
    epoch 20/34 loss 1.0703 val acc 0.5806 (0.1s)
    epoch 21/34 loss 1.0748 val acc 0.5484 (0.1s)
    epoch 22/34 loss 1.0746 val acc 0.4839 (0.1s)
    epoch 23/34 loss 1.0655 val acc 0.5161 (0.1s)
    epoch 24/34 loss 1.0672 val acc 0.5161 (0.1s)
    epoch 25/34 loss 1.0608 val acc 0.4839 (0.1s)
    epoch 26/34 loss 1.0623 val acc 0.5161 (0.1s)
    epoch 27/34 loss 1.0551 val acc 0.5806 (0.1s)
    epoch 28/34 loss 1.0640 val acc 0.5484 (0.1s)
    epoch 29/34 loss 1.0573 val acc 0.5484 (0.1s)
    epoch 30/34 loss 1.0514 val acc 0.5161 (0.1s)
    epoch 31/34 loss 1.0558 val acc 0.5161 (0.1s)
    epoch 32/34 loss 1.0549 val acc 0.5161 (0.1s)
    epoch 33/34 loss 1.0539 val acc 0.5161 (0.1s)
    epoch 34/34 loss 1.0561 val acc 0.5161 (0.1s)
  [customer_service.urgency] test acc 0.6500 macro-F1 0.4624 ECE 0.175 (T=0.87, 3s, 0.00M params)
   probe@11 mean: {"acc": 0.67, "macro_f1": 0.4787, "ece": 0.1498, "nll": 0.8399}
-- probe@16
  cached trunk depth 16 for 1600 messages in 5.3s (559 MB)
  [customer_service.action] probe split=16, 5 labels, 269 train
    epoch 1/34 loss 1.4245 val acc 0.5484 (0.1s)
    epoch 2/34 loss 1.3039 val acc 0.5484 (0.1s)
    epoch 3/34 loss 1.2766 val acc 0.4839 (0.1s)
    epoch 4/34 loss 1.2655 val acc 0.4516 (0.1s)
    epoch 5/34 loss 1.2394 val acc 0.5161 (0.1s)
    epoch 6/34 loss 1.2441 val acc 0.5484 (0.1s)
    epoch 7/34 loss 1.2237 val acc 0.4516 (0.1s)
    epoch 8/34 loss 1.2159 val acc 0.4516 (0.1s)
    epoch 9/34 loss 1.2304 val acc 0.5484 (0.1s)
    epoch 10/34 loss 1.2187 val acc 0.5484 (0.1s)
    epoch 11/34 loss 1.2049 val acc 0.5484 (0.1s)
    epoch 12/34 loss 1.1907 val acc 0.5806 (0.1s)
    epoch 13/34 loss 1.1821 val acc 0.5484 (0.1s)
    epoch 14/34 loss 1.1795 val acc 0.4839 (0.1s)
    epoch 15/34 loss 1.1748 val acc 0.5484 (0.1s)
    epoch 16/34 loss 1.1655 val acc 0.5161 (0.1s)
    epoch 17/34 loss 1.1627 val acc 0.5806 (0.1s)
    epoch 18/34 loss 1.1553 val acc 0.5484 (0.1s)
    epoch 19/34 loss 1.1562 val acc 0.5806 (0.1s)
    epoch 20/34 loss 1.1491 val acc 0.5806 (0.1s)
    epoch 21/34 loss 1.1474 val acc 0.5484 (0.1s)
    epoch 22/34 loss 1.1512 val acc 0.5484 (0.1s)
    epoch 23/34 loss 1.1507 val acc 0.5806 (0.1s)
    epoch 24/34 loss 1.1495 val acc 0.5806 (0.1s)
    epoch 25/34 loss 1.1427 val acc 0.5484 (0.1s)
    epoch 26/34 loss 1.1417 val acc 0.5484 (0.1s)
    epoch 27/34 loss 1.1399 val acc 0.5484 (0.1s)
    epoch 28/34 loss 1.1380 val acc 0.5806 (0.1s)
    epoch 29/34 loss 1.1436 val acc 0.5484 (0.1s)
    epoch 30/34 loss 1.1354 val acc 0.5806 (0.1s)
    epoch 31/34 loss 1.1403 val acc 0.5806 (0.1s)
    epoch 32/34 loss 1.1383 val acc 0.5806 (0.1s)
    epoch 33/34 loss 1.1386 val acc 0.5806 (0.1s)
    epoch 34/34 loss 1.1371 val acc 0.5806 (0.1s)
  [customer_service.action] test acc 0.6100 macro-F1 0.2804 ECE 0.110 (T=0.93, 4s, 0.01M params)
  [customer_service.category] probe split=16, 5 labels, 269 train
    epoch 1/34 loss 1.6485 val acc 0.2581 (0.1s)
    epoch 2/34 loss 1.5694 val acc 0.1290 (0.1s)
    epoch 3/34 loss 1.5536 val acc 0.2581 (0.1s)
    epoch 4/34 loss 1.5351 val acc 0.1290 (0.1s)
    epoch 5/34 loss 1.4847 val acc 0.4839 (0.1s)
    epoch 6/34 loss 1.4664 val acc 0.4516 (0.1s)
    epoch 7/34 loss 1.4193 val acc 0.2903 (0.1s)
    epoch 8/34 loss 1.3827 val acc 0.4516 (0.1s)
    epoch 9/34 loss 1.3626 val acc 0.6129 (0.1s)
    epoch 10/34 loss 1.3102 val acc 0.6129 (0.1s)
    epoch 11/34 loss 1.2845 val acc 0.6129 (0.1s)
    epoch 12/34 loss 1.2595 val acc 0.3871 (0.1s)
    epoch 13/34 loss 1.2362 val acc 0.5484 (0.1s)
    epoch 14/34 loss 1.2290 val acc 0.6452 (0.1s)
    epoch 15/34 loss 1.1978 val acc 0.5484 (0.1s)
    epoch 16/34 loss 1.1589 val acc 0.4839 (0.1s)
    epoch 17/34 loss 1.1602 val acc 0.6452 (0.1s)
    epoch 18/34 loss 1.1402 val acc 0.4194 (0.1s)
    epoch 19/34 loss 1.1191 val acc 0.6452 (0.1s)
    epoch 20/34 loss 1.0978 val acc 0.5161 (0.1s)
    epoch 21/34 loss 1.0988 val acc 0.6452 (0.1s)
    epoch 22/34 loss 1.0942 val acc 0.5806 (0.1s)
    epoch 23/34 loss 1.0692 val acc 0.5161 (0.1s)
    epoch 24/34 loss 1.0617 val acc 0.6129 (0.1s)
    epoch 25/34 loss 1.0627 val acc 0.6129 (0.1s)
    epoch 26/34 loss 1.0421 val acc 0.6452 (0.1s)
    epoch 27/34 loss 1.0470 val acc 0.6452 (0.1s)
    epoch 28/34 loss 1.0353 val acc 0.5806 (0.1s)
    epoch 29/34 loss 1.0377 val acc 0.6452 (0.1s)
    epoch 30/34 loss 1.0468 val acc 0.6129 (0.1s)
    epoch 31/34 loss 1.0319 val acc 0.6452 (0.1s)
    epoch 32/34 loss 1.0272 val acc 0.6452 (0.1s)
    epoch 33/34 loss 1.0331 val acc 0.6452 (0.1s)
    epoch 34/34 loss 1.0366 val acc 0.6452 (0.1s)
  [customer_service.category] test acc 0.6700 macro-F1 0.5271 ECE 0.096 (T=0.50, 4s, 0.01M params)
  [customer_service.churn_risk] probe split=16, 4 labels, 269 train
    epoch 1/34 loss 1.4441 val acc 0.5161 (0.1s)
    epoch 2/34 loss 1.3199 val acc 0.5161 (0.1s)
    epoch 3/34 loss 1.2987 val acc 0.5484 (0.1s)
    epoch 4/34 loss 1.2778 val acc 0.4516 (0.1s)
    epoch 5/34 loss 1.2652 val acc 0.4839 (0.1s)
    epoch 6/34 loss 1.2596 val acc 0.3226 (0.1s)
    epoch 7/34 loss 1.2456 val acc 0.2903 (0.1s)
    epoch 8/34 loss 1.2320 val acc 0.4194 (0.1s)
    epoch 9/34 loss 1.2531 val acc 0.4839 (0.1s)
    epoch 10/34 loss 1.2237 val acc 0.4516 (0.1s)
    epoch 11/34 loss 1.2172 val acc 0.4839 (0.1s)
    epoch 12/34 loss 1.2059 val acc 0.6452 (0.1s)
    epoch 13/34 loss 1.1994 val acc 0.5161 (0.1s)
    epoch 14/34 loss 1.1812 val acc 0.5806 (0.1s)
    epoch 15/34 loss 1.1737 val acc 0.5806 (0.1s)
    epoch 16/34 loss 1.1680 val acc 0.5806 (0.1s)
    epoch 17/34 loss 1.1608 val acc 0.5161 (0.1s)
    epoch 18/34 loss 1.1619 val acc 0.6129 (0.1s)
    epoch 19/34 loss 1.1580 val acc 0.4839 (0.1s)
    epoch 20/34 loss 1.1517 val acc 0.4516 (0.1s)
    epoch 21/34 loss 1.1449 val acc 0.5806 (0.1s)
    epoch 22/34 loss 1.1357 val acc 0.5484 (0.1s)
    epoch 23/34 loss 1.1346 val acc 0.5484 (0.1s)
    epoch 24/34 loss 1.1303 val acc 0.5806 (0.1s)
    epoch 25/34 loss 1.1276 val acc 0.5484 (0.1s)
    epoch 26/34 loss 1.1356 val acc 0.5484 (0.1s)
    epoch 27/34 loss 1.1323 val acc 0.5806 (0.1s)
    epoch 28/34 loss 1.1276 val acc 0.5484 (0.1s)
    epoch 29/34 loss 1.1279 val acc 0.5484 (0.1s)
    epoch 30/34 loss 1.1305 val acc 0.5484 (0.1s)
    epoch 31/34 loss 1.1291 val acc 0.5484 (0.1s)
    epoch 32/34 loss 1.1253 val acc 0.5484 (0.1s)
    epoch 33/34 loss 1.1273 val acc 0.5484 (0.1s)
    epoch 34/34 loss 1.1223 val acc 0.5484 (0.1s)
  [customer_service.churn_risk] test acc 0.6100 macro-F1 0.4090 ECE 0.186 (T=1.00, 3s, 0.00M params)
  [customer_service.needs_human] probe split=16, 2 labels, 269 train
    epoch 1/34 loss 0.6934 val acc 0.7419 (0.1s)
    epoch 2/34 loss 0.6987 val acc 0.7419 (0.1s)
    epoch 3/34 loss 0.6729 val acc 0.5161 (0.1s)
    epoch 4/34 loss 0.6660 val acc 0.4839 (0.1s)
    epoch 5/34 loss 0.6551 val acc 0.7097 (0.1s)
    epoch 6/34 loss 0.6509 val acc 0.7097 (0.1s)
    epoch 7/34 loss 0.6415 val acc 0.3871 (0.1s)
    epoch 8/34 loss 0.6771 val acc 0.7419 (0.1s)
    epoch 9/34 loss 0.7330 val acc 0.7742 (0.1s)
    epoch 10/34 loss 0.6570 val acc 0.7742 (0.1s)
    epoch 11/34 loss 0.6576 val acc 0.6129 (0.1s)
    epoch 12/34 loss 0.6347 val acc 0.7097 (0.1s)
    epoch 13/34 loss 0.6369 val acc 0.8065 (0.1s)
    epoch 14/34 loss 0.6335 val acc 0.7419 (0.1s)
    epoch 15/34 loss 0.6301 val acc 0.6452 (0.1s)
    epoch 16/34 loss 0.6251 val acc 0.6129 (0.1s)
    epoch 17/34 loss 0.6260 val acc 0.7419 (0.1s)
    epoch 18/34 loss 0.6237 val acc 0.6452 (0.1s)
    epoch 19/34 loss 0.6265 val acc 0.6774 (0.1s)
    epoch 20/34 loss 0.6201 val acc 0.7419 (0.1s)
    epoch 21/34 loss 0.6229 val acc 0.7419 (0.1s)
    epoch 22/34 loss 0.6207 val acc 0.6452 (0.1s)
    epoch 23/34 loss 0.6199 val acc 0.7419 (0.1s)
    epoch 24/34 loss 0.6234 val acc 0.7742 (0.1s)
    epoch 25/34 loss 0.6165 val acc 0.6774 (0.1s)
    epoch 26/34 loss 0.6163 val acc 0.7419 (0.1s)
    epoch 27/34 loss 0.6167 val acc 0.7097 (0.1s)
    epoch 28/34 loss 0.6166 val acc 0.7742 (0.1s)
    epoch 29/34 loss 0.6190 val acc 0.7742 (0.1s)
    epoch 30/34 loss 0.6155 val acc 0.8065 (0.1s)
    epoch 31/34 loss 0.6157 val acc 0.8065 (0.1s)
    epoch 32/34 loss 0.6164 val acc 0.8065 (0.1s)
    epoch 33/34 loss 0.6166 val acc 0.8065 (0.1s)
    epoch 34/34 loss 0.6151 val acc 0.8065 (0.1s)
  [customer_service.needs_human] test acc 0.7700 macro-F1 0.6703 ECE 0.108 (T=0.72, 4s, 0.00M params)
  [customer_service.urgency] probe split=16, 4 labels, 269 train
    epoch 1/34 loss 1.5216 val acc 0.2581 (0.1s)
    epoch 2/34 loss 1.2624 val acc 0.5161 (0.1s)
    epoch 3/34 loss 1.1953 val acc 0.5161 (0.1s)
    epoch 4/34 loss 1.1783 val acc 0.5484 (0.1s)
    epoch 5/34 loss 1.1788 val acc 0.4839 (0.1s)
    epoch 6/34 loss 1.1688 val acc 0.4194 (0.1s)
    epoch 7/34 loss 1.1527 val acc 0.3871 (0.1s)
    epoch 8/34 loss 1.1413 val acc 0.5161 (0.1s)
    epoch 9/34 loss 1.1291 val acc 0.5484 (0.1s)
    epoch 10/34 loss 1.1199 val acc 0.4194 (0.1s)
    epoch 11/34 loss 1.1105 val acc 0.2581 (0.1s)
    epoch 12/34 loss 1.1411 val acc 0.5484 (0.1s)
    epoch 13/34 loss 1.1083 val acc 0.4516 (0.1s)
    epoch 14/34 loss 1.0959 val acc 0.5806 (0.1s)
    epoch 15/34 loss 1.0970 val acc 0.4839 (0.1s)
    epoch 16/34 loss 1.0888 val acc 0.5484 (0.1s)
    epoch 17/34 loss 1.0863 val acc 0.4516 (0.1s)
    epoch 18/34 loss 1.0901 val acc 0.5484 (0.1s)
    epoch 19/34 loss 1.0798 val acc 0.5806 (0.1s)
    epoch 20/34 loss 1.0780 val acc 0.5161 (0.1s)
    epoch 21/34 loss 1.0780 val acc 0.5806 (0.1s)
    epoch 22/34 loss 1.0815 val acc 0.5806 (0.1s)
    epoch 23/34 loss 1.0661 val acc 0.5484 (0.1s)
    epoch 24/34 loss 1.0734 val acc 0.4516 (0.1s)
    epoch 25/34 loss 1.0687 val acc 0.5484 (0.1s)
    epoch 26/34 loss 1.0680 val acc 0.5806 (0.1s)
    epoch 27/34 loss 1.0632 val acc 0.5484 (0.1s)
    epoch 28/34 loss 1.0658 val acc 0.5161 (0.1s)
    epoch 29/34 loss 1.0639 val acc 0.5806 (0.1s)
    epoch 30/34 loss 1.0591 val acc 0.5806 (0.1s)
    epoch 31/34 loss 1.0598 val acc 0.5806 (0.1s)
    epoch 32/34 loss 1.0603 val acc 0.5806 (0.1s)
    epoch 33/34 loss 1.0586 val acc 0.5806 (0.1s)
    epoch 34/34 loss 1.0630 val acc 0.5806 (0.1s)
  [customer_service.urgency] test acc 0.6100 macro-F1 0.3986 ECE 0.135 (T=0.90, 4s, 0.00M params)
   probe@16 mean: {"acc": 0.654, "macro_f1": 0.4571, "ece": 0.127, "nll": 0.8701}
-- probe@22
  cached trunk depth 22 for 1600 messages in 7.9s (559 MB)
  [customer_service.action] probe split=22, 5 labels, 269 train
    epoch 1/34 loss 1.4294 val acc 0.5484 (0.1s)
    epoch 2/34 loss 1.3017 val acc 0.5484 (0.1s)
    epoch 3/34 loss 1.2804 val acc 0.3226 (0.1s)
    epoch 4/34 loss 1.2577 val acc 0.4194 (0.1s)
    epoch 5/34 loss 1.2172 val acc 0.5161 (0.1s)
    epoch 6/34 loss 1.1940 val acc 0.5484 (0.1s)
    epoch 7/34 loss 1.1915 val acc 0.3548 (0.1s)
    epoch 8/34 loss 1.1996 val acc 0.5161 (0.1s)
    epoch 9/34 loss 1.2327 val acc 0.5484 (0.1s)
    epoch 10/34 loss 1.1886 val acc 0.5484 (0.1s)
    epoch 11/34 loss 1.1865 val acc 0.4839 (0.1s)
    epoch 12/34 loss 1.1540 val acc 0.5484 (0.1s)
    epoch 13/34 loss 1.1442 val acc 0.5806 (0.1s)
    epoch 14/34 loss 1.1486 val acc 0.5806 (0.1s)
    epoch 15/34 loss 1.1359 val acc 0.6129 (0.1s)
    epoch 16/34 loss 1.1330 val acc 0.5484 (0.1s)
    epoch 17/34 loss 1.1272 val acc 0.5806 (0.1s)
    epoch 18/34 loss 1.1208 val acc 0.6129 (0.1s)
    epoch 19/34 loss 1.1193 val acc 0.6129 (0.1s)
    epoch 20/34 loss 1.1122 val acc 0.6452 (0.1s)
    epoch 21/34 loss 1.1096 val acc 0.6129 (0.1s)
    epoch 22/34 loss 1.1136 val acc 0.6452 (0.1s)
    epoch 23/34 loss 1.1132 val acc 0.6452 (0.1s)
    epoch 24/34 loss 1.1090 val acc 0.6774 (0.1s)
    epoch 25/34 loss 1.1041 val acc 0.6452 (0.1s)
    epoch 26/34 loss 1.1029 val acc 0.6774 (0.1s)
    epoch 27/34 loss 1.1032 val acc 0.6452 (0.1s)
    epoch 28/34 loss 1.1039 val acc 0.6774 (0.1s)
    epoch 29/34 loss 1.1055 val acc 0.6774 (0.1s)
    epoch 30/34 loss 1.1028 val acc 0.6774 (0.1s)
    epoch 31/34 loss 1.0993 val acc 0.6774 (0.1s)
    epoch 32/34 loss 1.1039 val acc 0.6774 (0.1s)
    epoch 33/34 loss 1.1002 val acc 0.6774 (0.1s)
    epoch 34/34 loss 1.1014 val acc 0.6774 (0.1s)
  [customer_service.action] test acc 0.6600 macro-F1 0.3263 ECE 0.141 (T=0.93, 4s, 0.01M params)
  [customer_service.category] probe split=22, 5 labels, 269 train
    epoch 1/34 loss 1.6181 val acc 0.1613 (0.1s)
    epoch 2/34 loss 1.5534 val acc 0.1613 (0.1s)
    epoch 3/34 loss 1.5230 val acc 0.3226 (0.1s)
    epoch 4/34 loss 1.4531 val acc 0.2258 (0.1s)
    epoch 5/34 loss 1.3667 val acc 0.6129 (0.1s)
    epoch 6/34 loss 1.2973 val acc 0.5806 (0.1s)
    epoch 7/34 loss 1.2409 val acc 0.5161 (0.1s)
    epoch 8/34 loss 1.1720 val acc 0.5806 (0.1s)
    epoch 9/34 loss 1.1191 val acc 0.5806 (0.1s)
    epoch 10/34 loss 1.0556 val acc 0.5806 (0.1s)
    epoch 11/34 loss 1.0089 val acc 0.6452 (0.1s)
    epoch 12/34 loss 0.9917 val acc 0.4516 (0.1s)
    epoch 13/34 loss 0.9597 val acc 0.6452 (0.1s)
    epoch 14/34 loss 0.9272 val acc 0.6774 (0.1s)
    epoch 15/34 loss 0.8967 val acc 0.5806 (0.1s)
    epoch 16/34 loss 0.8723 val acc 0.7097 (0.1s)
    epoch 17/34 loss 0.8638 val acc 0.6774 (0.1s)
    epoch 18/34 loss 0.8416 val acc 0.6129 (0.1s)
    epoch 19/34 loss 0.8226 val acc 0.6452 (0.1s)
    epoch 20/34 loss 0.7959 val acc 0.6774 (0.1s)
    epoch 21/34 loss 0.7975 val acc 0.6452 (0.1s)
    epoch 22/34 loss 0.7856 val acc 0.6452 (0.1s)
    epoch 23/34 loss 0.7682 val acc 0.6452 (0.1s)
    epoch 24/34 loss 0.7710 val acc 0.6774 (0.1s)
    epoch 25/34 loss 0.7643 val acc 0.7097 (0.1s)
    epoch 26/34 loss 0.7543 val acc 0.6129 (0.1s)
    epoch 27/34 loss 0.7532 val acc 0.7097 (0.1s)
    epoch 28/34 loss 0.7359 val acc 0.6774 (0.1s)
    epoch 29/34 loss 0.7436 val acc 0.7419 (0.1s)
    epoch 30/34 loss 0.7442 val acc 0.7097 (0.1s)
    epoch 31/34 loss 0.7449 val acc 0.7097 (0.1s)
    epoch 32/34 loss 0.7441 val acc 0.7097 (0.1s)
    epoch 33/34 loss 0.7365 val acc 0.7097 (0.1s)
    epoch 34/34 loss 0.7450 val acc 0.7097 (0.1s)
  [customer_service.category] test acc 0.7900 macro-F1 0.7540 ECE 0.096 (T=0.66, 4s, 0.01M params)
  [customer_service.churn_risk] probe split=22, 4 labels, 269 train
    epoch 1/34 loss 1.4133 val acc 0.5161 (0.1s)
    epoch 2/34 loss 1.3235 val acc 0.5161 (0.1s)
    epoch 3/34 loss 1.2964 val acc 0.5161 (0.1s)
    epoch 4/34 loss 1.2728 val acc 0.5161 (0.1s)
    epoch 5/34 loss 1.2549 val acc 0.5161 (0.1s)
    epoch 6/34 loss 1.2400 val acc 0.5484 (0.1s)
    epoch 7/34 loss 1.2260 val acc 0.4516 (0.1s)
    epoch 8/34 loss 1.2078 val acc 0.5161 (0.1s)
    epoch 9/34 loss 1.2010 val acc 0.6129 (0.1s)
    epoch 10/34 loss 1.1930 val acc 0.5484 (0.1s)
    epoch 11/34 loss 1.1932 val acc 0.5806 (0.1s)
    epoch 12/34 loss 1.1713 val acc 0.5484 (0.1s)
    epoch 13/34 loss 1.1499 val acc 0.5806 (0.1s)
    epoch 14/34 loss 1.1525 val acc 0.6129 (0.1s)
    epoch 15/34 loss 1.1316 val acc 0.6452 (0.1s)
    epoch 16/34 loss 1.1295 val acc 0.6129 (0.1s)
    epoch 17/34 loss 1.1199 val acc 0.6452 (0.1s)
    epoch 18/34 loss 1.1187 val acc 0.6774 (0.1s)
    epoch 19/34 loss 1.1134 val acc 0.6774 (0.1s)
    epoch 20/34 loss 1.1096 val acc 0.5806 (0.1s)
    epoch 21/34 loss 1.1087 val acc 0.5806 (0.1s)
    epoch 22/34 loss 1.0971 val acc 0.6452 (0.1s)
    epoch 23/34 loss 1.0969 val acc 0.6774 (0.1s)
    epoch 24/34 loss 1.0901 val acc 0.6452 (0.1s)
    epoch 25/34 loss 1.0849 val acc 0.6774 (0.1s)
    epoch 26/34 loss 1.0837 val acc 0.6774 (0.1s)
    epoch 27/34 loss 1.0878 val acc 0.6774 (0.1s)
    epoch 28/34 loss 1.0896 val acc 0.6774 (0.1s)
    epoch 29/34 loss 1.0829 val acc 0.6774 (0.1s)
    epoch 30/34 loss 1.0882 val acc 0.6774 (0.1s)
    epoch 31/34 loss 1.0853 val acc 0.6774 (0.1s)
    epoch 32/34 loss 1.0838 val acc 0.6774 (0.1s)
    epoch 33/34 loss 1.0824 val acc 0.6774 (0.1s)
    epoch 34/34 loss 1.0799 val acc 0.6774 (0.1s)
  [customer_service.churn_risk] test acc 0.7100 macro-F1 0.5174 ECE 0.251 (T=0.84, 4s, 0.00M params)
  [customer_service.needs_human] probe split=22, 2 labels, 269 train
    epoch 1/34 loss 0.6975 val acc 0.7419 (0.1s)
    epoch 2/34 loss 0.7028 val acc 0.7419 (0.1s)
    epoch 3/34 loss 0.7008 val acc 0.2903 (0.1s)
    epoch 4/34 loss 0.6822 val acc 0.4516 (0.1s)
    epoch 5/34 loss 0.6847 val acc 0.7419 (0.1s)
    epoch 6/34 loss 0.7173 val acc 0.7419 (0.1s)
    epoch 7/34 loss 0.6509 val acc 0.5484 (0.1s)
    epoch 8/34 loss 0.6514 val acc 0.6774 (0.1s)
    epoch 9/34 loss 0.7150 val acc 0.7419 (0.1s)
    epoch 10/34 loss 0.6409 val acc 0.7419 (0.1s)
    epoch 11/34 loss 0.6485 val acc 0.7742 (0.1s)
    epoch 12/34 loss 0.6308 val acc 0.7742 (0.1s)
    epoch 13/34 loss 0.6333 val acc 0.7742 (0.1s)
    epoch 14/34 loss 0.6222 val acc 0.6452 (0.1s)
    epoch 15/34 loss 0.6211 val acc 0.6129 (0.1s)
    epoch 16/34 loss 0.6263 val acc 0.7419 (0.1s)
    epoch 17/34 loss 0.6200 val acc 0.8387 (0.1s)
    epoch 18/34 loss 0.6138 val acc 0.6774 (0.1s)
    epoch 19/34 loss 0.6148 val acc 0.6774 (0.1s)
    epoch 20/34 loss 0.6083 val acc 0.8065 (0.1s)
    epoch 21/34 loss 0.6112 val acc 0.8065 (0.1s)
    epoch 22/34 loss 0.6105 val acc 0.6774 (0.1s)
    epoch 23/34 loss 0.6102 val acc 0.8065 (0.1s)
    epoch 24/34 loss 0.6077 val acc 0.8065 (0.1s)
    epoch 25/34 loss 0.6068 val acc 0.7742 (0.1s)
    epoch 26/34 loss 0.6040 val acc 0.7419 (0.1s)
    epoch 27/34 loss 0.6061 val acc 0.7742 (0.1s)
    epoch 28/34 loss 0.6065 val acc 0.7742 (0.1s)
    epoch 29/34 loss 0.6080 val acc 0.8065 (0.1s)
    epoch 30/34 loss 0.6068 val acc 0.7742 (0.1s)
    epoch 31/34 loss 0.6037 val acc 0.8065 (0.1s)
    epoch 32/34 loss 0.6081 val acc 0.7742 (0.1s)
    epoch 33/34 loss 0.6032 val acc 0.8065 (0.1s)
    epoch 34/34 loss 0.6055 val acc 0.8065 (0.1s)
  [customer_service.needs_human] test acc 0.8200 macro-F1 0.7717 ECE 0.120 (T=0.71, 3s, 0.00M params)
  [customer_service.urgency] probe split=22, 4 labels, 269 train
    epoch 1/34 loss 1.4603 val acc 0.2581 (0.1s)
    epoch 2/34 loss 1.2365 val acc 0.5161 (0.1s)
    epoch 3/34 loss 1.1899 val acc 0.5161 (0.1s)
    epoch 4/34 loss 1.1843 val acc 0.5484 (0.1s)
    epoch 5/34 loss 1.1576 val acc 0.6129 (0.1s)
    epoch 6/34 loss 1.1450 val acc 0.5806 (0.1s)
    epoch 7/34 loss 1.1275 val acc 0.6452 (0.1s)
    epoch 8/34 loss 1.1228 val acc 0.5484 (0.1s)
    epoch 9/34 loss 1.1199 val acc 0.5806 (0.1s)
    epoch 10/34 loss 1.1319 val acc 0.2581 (0.1s)
    epoch 11/34 loss 1.1064 val acc 0.2581 (0.1s)
    epoch 12/34 loss 1.1316 val acc 0.5484 (0.1s)
    epoch 13/34 loss 1.0960 val acc 0.4839 (0.1s)
    epoch 14/34 loss 1.0705 val acc 0.4516 (0.1s)
    epoch 15/34 loss 1.0689 val acc 0.4194 (0.1s)
    epoch 16/34 loss 1.0530 val acc 0.7742 (0.1s)
    epoch 17/34 loss 1.0545 val acc 0.5806 (0.1s)
    epoch 18/34 loss 1.0505 val acc 0.5161 (0.1s)
    epoch 19/34 loss 1.0476 val acc 0.5806 (0.1s)
    epoch 20/34 loss 1.0440 val acc 0.5806 (0.1s)
    epoch 21/34 loss 1.0373 val acc 0.6452 (0.1s)
    epoch 22/34 loss 1.0373 val acc 0.5806 (0.1s)
    epoch 23/34 loss 1.0366 val acc 0.6129 (0.1s)
    epoch 24/34 loss 1.0276 val acc 0.5806 (0.1s)
    epoch 25/34 loss 1.0249 val acc 0.6452 (0.1s)
    epoch 26/34 loss 1.0219 val acc 0.5806 (0.1s)
    epoch 27/34 loss 1.0233 val acc 0.6129 (0.1s)
    epoch 28/34 loss 1.0248 val acc 0.6129 (0.1s)
    epoch 29/34 loss 1.0192 val acc 0.6452 (0.1s)
    epoch 30/34 loss 1.0192 val acc 0.6452 (0.1s)
    epoch 31/34 loss 1.0197 val acc 0.6452 (0.1s)
    epoch 32/34 loss 1.0201 val acc 0.6452 (0.1s)
    epoch 33/34 loss 1.0179 val acc 0.6452 (0.1s)
    epoch 34/34 loss 1.0198 val acc 0.6452 (0.1s)
  [customer_service.urgency] test acc 0.6500 macro-F1 0.4793 ECE 0.155 (T=0.86, 3s, 0.00M params)
   probe@22 mean: {"acc": 0.726, "macro_f1": 0.5697, "ece": 0.1523, "nll": 0.7687}
-- blocks@8+2
  cached trunk depth 8 for 1600 messages in 3.0s (559 MB)
  [customer_service.action] blocks split=8 depth=2, 5 labels, 269 train
    epoch 1/34 loss 1.4697 val acc 0.5484 (1.1s)
    epoch 2/34 loss 1.3118 val acc 0.5484 (1.1s)
    epoch 3/34 loss 1.2728 val acc 0.4516 (1.1s)
    epoch 4/34 loss 1.2617 val acc 0.4839 (1.1s)
    epoch 5/34 loss 1.2325 val acc 0.5484 (1.1s)
    epoch 6/34 loss 1.2103 val acc 0.5806 (1.1s)
    epoch 7/34 loss 1.2069 val acc 0.2258 (1.1s)
    epoch 8/34 loss 1.2081 val acc 0.2903 (1.1s)
    epoch 9/34 loss 1.2206 val acc 0.5484 (1.1s)
    epoch 10/34 loss 1.1925 val acc 0.6129 (1.1s)
    epoch 11/34 loss 1.1742 val acc 0.6129 (1.1s)
    epoch 12/34 loss 1.1607 val acc 0.6452 (1.2s)
    epoch 13/34 loss 1.1445 val acc 0.6452 (1.2s)
    epoch 14/34 loss 1.1351 val acc 0.6774 (1.2s)
    epoch 15/34 loss 1.1095 val acc 0.5484 (1.2s)
    epoch 16/34 loss 1.1013 val acc 0.5806 (1.2s)
    epoch 17/34 loss 1.0845 val acc 0.6129 (1.2s)
    epoch 18/34 loss 1.0608 val acc 0.5484 (1.2s)
    epoch 19/34 loss 1.0467 val acc 0.5806 (1.2s)
    epoch 20/34 loss 1.0273 val acc 0.5806 (1.2s)
    epoch 21/34 loss 1.0222 val acc 0.5806 (1.2s)
    epoch 22/34 loss 1.0113 val acc 0.5484 (1.2s)
    epoch 23/34 loss 1.0124 val acc 0.5484 (1.2s)
    epoch 24/34 loss 1.0025 val acc 0.5806 (1.2s)
    epoch 25/34 loss 0.9909 val acc 0.5484 (1.2s)
    epoch 26/34 loss 0.9886 val acc 0.5806 (1.2s)
    epoch 27/34 loss 0.9795 val acc 0.5484 (1.2s)
    epoch 28/34 loss 0.9785 val acc 0.5806 (1.2s)
    epoch 29/34 loss 0.9757 val acc 0.5806 (1.2s)
    epoch 30/34 loss 0.9737 val acc 0.5806 (1.2s)
    epoch 31/34 loss 0.9738 val acc 0.5806 (1.2s)
    epoch 32/34 loss 0.9724 val acc 0.5806 (1.2s)
    epoch 33/34 loss 0.9718 val acc 0.5806 (1.2s)
    epoch 34/34 loss 0.9709 val acc 0.5806 (1.2s)
  [customer_service.action] test acc 0.5400 macro-F1 0.2988 ECE 0.092 (T=1.21, 40s, 10.03M params)
  [customer_service.category] blocks split=8 depth=2, 5 labels, 269 train
    epoch 1/34 loss 1.6026 val acc 0.1935 (1.2s)
    epoch 2/34 loss 1.5706 val acc 0.1290 (1.2s)
    epoch 3/34 loss 1.5392 val acc 0.2903 (1.2s)
    epoch 4/34 loss 1.5056 val acc 0.1613 (1.2s)
    epoch 5/34 loss 1.4062 val acc 0.4839 (1.2s)
    epoch 6/34 loss 1.2478 val acc 0.5484 (1.2s)
    epoch 7/34 loss 0.9373 val acc 0.6774 (1.2s)
    epoch 8/34 loss 0.7490 val acc 0.8065 (1.2s)
    epoch 9/34 loss 0.6064 val acc 0.7097 (1.2s)
    epoch 10/34 loss 0.5376 val acc 0.8065 (1.2s)
    epoch 11/34 loss 0.5227 val acc 0.8065 (1.2s)
    epoch 12/34 loss 0.4881 val acc 0.7742 (1.2s)
    epoch 13/34 loss 0.5079 val acc 0.8387 (1.2s)
    epoch 14/34 loss 0.4666 val acc 0.8065 (1.1s)
    epoch 15/34 loss 0.4470 val acc 0.8387 (1.2s)
    epoch 16/34 loss 0.4412 val acc 0.8387 (1.2s)
    epoch 17/34 loss 0.4372 val acc 0.8387 (1.2s)
    epoch 18/34 loss 0.4245 val acc 0.8387 (1.3s)
    epoch 19/34 loss 0.4227 val acc 0.8710 (1.1s)
    epoch 20/34 loss 0.4187 val acc 0.8387 (1.1s)
    epoch 21/34 loss 0.4205 val acc 0.8065 (1.1s)
    epoch 22/34 loss 0.4181 val acc 0.8387 (1.1s)
    epoch 23/34 loss 0.4158 val acc 0.8387 (1.1s)
    epoch 24/34 loss 0.4157 val acc 0.8710 (1.1s)
    epoch 25/34 loss 0.4112 val acc 0.8710 (1.1s)
    epoch 26/34 loss 0.4103 val acc 0.8710 (1.1s)
    epoch 27/34 loss 0.4097 val acc 0.8710 (1.1s)
    epoch 28/34 loss 0.4092 val acc 0.8710 (1.1s)
    epoch 29/34 loss 0.4085 val acc 0.8387 (1.1s)
    epoch 30/34 loss 0.4081 val acc 0.8710 (1.1s)
    epoch 31/34 loss 0.4086 val acc 0.8710 (1.1s)
    epoch 32/34 loss 0.4077 val acc 0.8710 (1.1s)
    epoch 33/34 loss 0.4074 val acc 0.8710 (1.1s)
    epoch 34/34 loss 0.4079 val acc 0.8710 (1.1s)
  [customer_service.category] test acc 0.9300 macro-F1 0.9290 ECE 0.126 (T=1.08, 39s, 10.03M params)
  [customer_service.churn_risk] blocks split=8 depth=2, 4 labels, 269 train
    epoch 1/34 loss 1.5095 val acc 0.5161 (1.1s)
    epoch 2/34 loss 1.3411 val acc 0.1935 (1.1s)
    epoch 3/34 loss 1.3110 val acc 0.3226 (1.1s)
    epoch 4/34 loss 1.2863 val acc 0.4516 (1.1s)
    epoch 5/34 loss 1.2553 val acc 0.3226 (1.6s)
    epoch 6/34 loss 1.2489 val acc 0.4839 (1.6s)
    epoch 7/34 loss 1.2025 val acc 0.5161 (1.6s)
    epoch 8/34 loss 1.1693 val acc 0.4839 (1.6s)
    epoch 9/34 loss 1.1340 val acc 0.6129 (1.6s)
    epoch 10/34 loss 1.0743 val acc 0.3226 (1.6s)
    epoch 11/34 loss 1.0451 val acc 0.5161 (1.7s)
    epoch 12/34 loss 1.0096 val acc 0.7097 (1.6s)
    epoch 13/34 loss 0.9706 val acc 0.7097 (1.6s)
    epoch 14/34 loss 0.9539 val acc 0.7742 (1.7s)
    epoch 15/34 loss 0.9521 val acc 0.7742 (1.8s)
    epoch 16/34 loss 0.9332 val acc 0.7419 (1.8s)
    epoch 17/34 loss 0.9319 val acc 0.7742 (1.8s)
    epoch 18/34 loss 0.9240 val acc 0.8710 (1.8s)
    epoch 19/34 loss 0.9196 val acc 0.7742 (1.7s)
    epoch 20/34 loss 0.9137 val acc 0.8387 (1.8s)
    epoch 21/34 loss 0.9087 val acc 0.8065 (1.8s)
    epoch 22/34 loss 0.9022 val acc 0.7742 (1.8s)
    epoch 23/34 loss 0.9002 val acc 0.8065 (1.7s)
    epoch 24/34 loss 0.8994 val acc 0.7742 (1.7s)
    epoch 25/34 loss 0.9028 val acc 0.8387 (1.8s)
    epoch 26/34 loss 0.8936 val acc 0.8065 (1.8s)
    epoch 27/34 loss 0.8929 val acc 0.8065 (1.8s)
    epoch 28/34 loss 0.8920 val acc 0.8065 (1.8s)
    epoch 29/34 loss 0.8927 val acc 0.8387 (1.8s)
    epoch 30/34 loss 0.8907 val acc 0.8065 (1.8s)
    epoch 31/34 loss 0.8907 val acc 0.8387 (1.8s)
    epoch 32/34 loss 0.8888 val acc 0.8387 (1.8s)
    epoch 33/34 loss 0.8902 val acc 0.8387 (1.8s)
    epoch 34/34 loss 0.8888 val acc 0.8387 (1.8s)
  [customer_service.churn_risk] test acc 0.7400 macro-F1 0.5519 ECE 0.208 (T=1.21, 56s, 10.03M params)
  [customer_service.needs_human] blocks split=8 depth=2, 2 labels, 269 train
    epoch 1/34 loss 0.6923 val acc 0.7419 (1.8s)
    epoch 2/34 loss 0.6985 val acc 0.7097 (1.8s)
    epoch 3/34 loss 0.7372 val acc 0.5484 (1.8s)
    epoch 4/34 loss 0.6713 val acc 0.6452 (1.8s)
    epoch 5/34 loss 0.6587 val acc 0.7419 (1.8s)
    epoch 6/34 loss 0.6623 val acc 0.7419 (1.8s)
    epoch 7/34 loss 0.6566 val acc 0.5484 (1.8s)
    epoch 8/34 loss 0.6342 val acc 0.7097 (1.8s)
    epoch 9/34 loss 0.6189 val acc 0.5806 (1.8s)
    epoch 10/34 loss 0.6232 val acc 0.8387 (1.8s)
    epoch 11/34 loss 0.6293 val acc 0.8065 (1.8s)
    epoch 12/34 loss 0.6212 val acc 0.5806 (1.8s)
    epoch 13/34 loss 0.6006 val acc 0.8387 (1.8s)
    epoch 14/34 loss 0.6016 val acc 0.6129 (1.8s)
    epoch 15/34 loss 0.6080 val acc 0.6774 (1.7s)
    epoch 16/34 loss 0.6281 val acc 0.4839 (1.7s)
    epoch 17/34 loss 0.5925 val acc 0.5484 (1.7s)
    epoch 18/34 loss 0.5932 val acc 0.6129 (1.8s)
    epoch 19/34 loss 0.5816 val acc 0.6129 (1.8s)
    epoch 20/34 loss 0.5702 val acc 0.7097 (1.8s)
    epoch 21/34 loss 0.5700 val acc 0.7419 (1.9s)
    epoch 22/34 loss 0.5625 val acc 0.6452 (1.8s)
    epoch 23/34 loss 0.5632 val acc 0.6452 (1.7s)
    epoch 24/34 loss 0.5616 val acc 0.6452 (1.6s)
    epoch 25/34 loss 0.5566 val acc 0.6452 (1.7s)
    epoch 26/34 loss 0.5542 val acc 0.6452 (1.6s)
    epoch 27/34 loss 0.5539 val acc 0.7742 (1.7s)
    epoch 28/34 loss 0.5525 val acc 0.6129 (1.6s)
    epoch 29/34 loss 0.5526 val acc 0.7419 (1.7s)
    epoch 30/34 loss 0.5527 val acc 0.7097 (1.6s)
    epoch 31/34 loss 0.5509 val acc 0.6452 (1.6s)
    epoch 32/34 loss 0.5505 val acc 0.6452 (1.6s)
    epoch 33/34 loss 0.5512 val acc 0.6452 (1.6s)
    epoch 34/34 loss 0.5512 val acc 0.6452 (1.7s)
  [customer_service.needs_human] test acc 0.7700 macro-F1 0.7116 ECE 0.134 (T=0.98, 59s, 10.03M params)
  [customer_service.urgency] blocks split=8 depth=2, 4 labels, 269 train
    epoch 1/34 loss 1.6268 val acc 0.2581 (1.6s)
    epoch 2/34 loss 1.2803 val acc 0.5161 (1.6s)
    epoch 3/34 loss 1.1939 val acc 0.5161 (1.6s)
    epoch 4/34 loss 1.1797 val acc 0.5161 (1.7s)
    epoch 5/34 loss 1.1685 val acc 0.5161 (1.6s)
    epoch 6/34 loss 1.1748 val acc 0.5484 (1.6s)
    epoch 7/34 loss 1.1395 val acc 0.5484 (1.6s)
    epoch 8/34 loss 1.1151 val acc 0.5484 (1.7s)
    epoch 9/34 loss 1.0727 val acc 0.7097 (1.6s)
    epoch 10/34 loss 1.0372 val acc 0.6452 (1.7s)
    epoch 11/34 loss 0.9686 val acc 0.7742 (1.8s)
    epoch 12/34 loss 0.9866 val acc 0.6452 (1.7s)
    epoch 13/34 loss 0.9702 val acc 0.5484 (1.8s)
    epoch 14/34 loss 0.9287 val acc 0.6129 (1.8s)
    epoch 15/34 loss 0.9299 val acc 0.7419 (1.8s)
    epoch 16/34 loss 0.9136 val acc 0.7419 (1.7s)
    epoch 17/34 loss 0.9155 val acc 0.6774 (1.8s)
    epoch 18/34 loss 0.8955 val acc 0.7097 (1.9s)
    epoch 19/34 loss 0.8873 val acc 0.7419 (1.9s)
    epoch 20/34 loss 0.8777 val acc 0.6774 (1.9s)
    epoch 21/34 loss 0.8708 val acc 0.7419 (1.9s)
    epoch 22/34 loss 0.8654 val acc 0.7097 (1.9s)
    epoch 23/34 loss 0.8614 val acc 0.7097 (1.9s)
    epoch 24/34 loss 0.8578 val acc 0.7097 (1.9s)
    epoch 25/34 loss 0.8581 val acc 0.6774 (1.9s)
    epoch 26/34 loss 0.8544 val acc 0.6774 (1.9s)
    epoch 27/34 loss 0.8514 val acc 0.6774 (1.9s)
    epoch 28/34 loss 0.8502 val acc 0.6774 (1.9s)
    epoch 29/34 loss 0.8499 val acc 0.6452 (1.9s)
    epoch 30/34 loss 0.8483 val acc 0.6774 (1.9s)
    epoch 31/34 loss 0.8477 val acc 0.6452 (1.9s)
    epoch 32/34 loss 0.8476 val acc 0.6774 (1.9s)
    epoch 33/34 loss 0.8479 val acc 0.6774 (1.9s)
    epoch 34/34 loss 0.8481 val acc 0.6774 (1.9s)
  [customer_service.urgency] test acc 0.7300 macro-F1 0.5282 ECE 0.173 (T=1.00, 61s, 10.03M params)
   blocks@8+2 mean: {"acc": 0.742, "macro_f1": 0.6039, "ece": 0.1465, "nll": 0.6445}
-- blocks@14+2
  cached trunk depth 14 for 1600 messages in 8.0s (559 MB)
  [customer_service.action] blocks split=14 depth=2, 5 labels, 269 train
    epoch 1/34 loss 1.4359 val acc 0.5484 (1.9s)
    epoch 2/34 loss 1.3091 val acc 0.5484 (1.9s)
    epoch 3/34 loss 1.2711 val acc 0.4194 (1.9s)
    epoch 4/34 loss 1.2628 val acc 0.4516 (1.9s)
    epoch 5/34 loss 1.2257 val acc 0.5161 (1.9s)
    epoch 6/34 loss 1.2197 val acc 0.5484 (1.9s)
    epoch 7/34 loss 1.1899 val acc 0.4839 (1.9s)
    epoch 8/34 loss 1.1856 val acc 0.4839 (1.9s)
    epoch 9/34 loss 1.1823 val acc 0.6129 (1.9s)
    epoch 10/34 loss 1.1445 val acc 0.5484 (1.9s)
    epoch 11/34 loss 1.1030 val acc 0.5161 (1.9s)
    epoch 12/34 loss 1.0983 val acc 0.6774 (1.9s)
    epoch 13/34 loss 1.0756 val acc 0.7097 (1.9s)
    epoch 14/34 loss 1.0531 val acc 0.6452 (1.8s)
    epoch 15/34 loss 1.0330 val acc 0.6774 (1.6s)
    epoch 16/34 loss 1.0187 val acc 0.6452 (1.5s)
    epoch 17/34 loss 1.0045 val acc 0.6129 (1.7s)
    epoch 18/34 loss 0.9906 val acc 0.6129 (2.2s)
    epoch 19/34 loss 0.9815 val acc 0.5806 (2.2s)
    epoch 20/34 loss 0.9691 val acc 0.6129 (2.2s)
    epoch 21/34 loss 0.9662 val acc 0.6129 (2.2s)
    epoch 22/34 loss 0.9613 val acc 0.6452 (2.2s)
    epoch 23/34 loss 0.9597 val acc 0.6452 (2.2s)
    epoch 24/34 loss 0.9590 val acc 0.6129 (2.2s)
    epoch 25/34 loss 0.9549 val acc 0.6774 (2.2s)
    epoch 26/34 loss 0.9518 val acc 0.6452 (2.2s)
    epoch 27/34 loss 0.9473 val acc 0.6774 (2.2s)
    epoch 28/34 loss 0.9480 val acc 0.6774 (2.2s)
    epoch 29/34 loss 0.9453 val acc 0.6452 (2.2s)
    epoch 30/34 loss 0.9434 val acc 0.6774 (2.2s)
    epoch 31/34 loss 0.9432 val acc 0.6774 (2.2s)
    epoch 32/34 loss 0.9436 val acc 0.6774 (2.2s)
    epoch 33/34 loss 0.9442 val acc 0.6774 (2.2s)
    epoch 34/34 loss 0.9428 val acc 0.6774 (2.2s)
  [customer_service.action] test acc 0.6600 macro-F1 0.3725 ECE 0.152 (T=1.18, 68s, 10.03M params)
  [customer_service.category] blocks split=14 depth=2, 5 labels, 269 train
    epoch 1/34 loss 1.6506 val acc 0.1935 (2.2s)
    epoch 2/34 loss 1.5751 val acc 0.1290 (2.2s)
    epoch 3/34 loss 1.5464 val acc 0.3548 (2.2s)
    epoch 4/34 loss 1.5078 val acc 0.1613 (2.2s)
    epoch 5/34 loss 1.3406 val acc 0.6452 (2.2s)
    epoch 6/34 loss 0.9232 val acc 0.7097 (2.2s)
    epoch 7/34 loss 0.6515 val acc 0.6774 (2.2s)
    epoch 8/34 loss 0.5743 val acc 0.7742 (2.2s)
    epoch 9/34 loss 0.5435 val acc 0.7419 (2.2s)
    epoch 10/34 loss 0.5064 val acc 0.7742 (2.2s)
    epoch 11/34 loss 0.4765 val acc 0.8065 (2.2s)
    epoch 12/34 loss 0.4584 val acc 0.7742 (2.2s)
    epoch 13/34 loss 0.4547 val acc 0.8065 (2.2s)
    epoch 14/34 loss 0.4403 val acc 0.7742 (2.2s)
    epoch 15/34 loss 0.4292 val acc 0.7742 (2.2s)
    epoch 16/34 loss 0.4260 val acc 0.8065 (2.3s)
    epoch 17/34 loss 0.4240 val acc 0.7742 (2.2s)
    epoch 18/34 loss 0.4165 val acc 0.7742 (2.1s)
    epoch 19/34 loss 0.4153 val acc 0.7742 (2.2s)
    epoch 20/34 loss 0.4132 val acc 0.7742 (2.2s)
    epoch 21/34 loss 0.4155 val acc 0.7742 (2.2s)
    epoch 22/34 loss 0.4112 val acc 0.7742 (2.2s)
    epoch 23/34 loss 0.4097 val acc 0.7742 (2.2s)
    epoch 24/34 loss 0.4096 val acc 0.7742 (2.2s)
    epoch 25/34 loss 0.4087 val acc 0.7742 (2.2s)
    epoch 26/34 loss 0.4077 val acc 0.7742 (2.2s)
    epoch 27/34 loss 0.4062 val acc 0.7742 (2.2s)
    epoch 28/34 loss 0.4073 val acc 0.7742 (2.2s)
    epoch 29/34 loss 0.4066 val acc 0.7742 (2.2s)
    epoch 30/34 loss 0.4065 val acc 0.7742 (2.2s)
    epoch 31/34 loss 0.4064 val acc 0.7742 (2.2s)
    epoch 32/34 loss 0.4050 val acc 0.7742 (2.2s)
    epoch 33/34 loss 0.4057 val acc 0.7742 (2.2s)
    epoch 34/34 loss 0.4064 val acc 0.7742 (2.2s)
  [customer_service.category] test acc 0.8900 macro-F1 0.8937 ECE 0.135 (T=1.23, 75s, 10.03M params)
  [customer_service.churn_risk] blocks split=14 depth=2, 4 labels, 269 train
    epoch 1/34 loss 1.5090 val acc 0.5161 (2.2s)
    epoch 2/34 loss 1.3366 val acc 0.3548 (2.2s)
    epoch 3/34 loss 1.3029 val acc 0.5161 (2.2s)
    epoch 4/34 loss 1.2788 val acc 0.5161 (2.2s)
    epoch 5/34 loss 1.2513 val acc 0.2903 (2.2s)
    epoch 6/34 loss 1.2412 val acc 0.3548 (2.2s)
    epoch 7/34 loss 1.2035 val acc 0.4516 (2.2s)
    epoch 8/34 loss 1.1487 val acc 0.6774 (2.2s)
    epoch 9/34 loss 1.1071 val acc 0.6774 (2.2s)
    epoch 10/34 loss 1.0288 val acc 0.7419 (2.2s)
    epoch 11/34 loss 0.9986 val acc 0.6774 (2.2s)
    epoch 12/34 loss 0.9799 val acc 0.8065 (2.2s)
    epoch 13/34 loss 0.9819 val acc 0.7419 (2.2s)
    epoch 14/34 loss 0.9490 val acc 0.7097 (2.2s)
    epoch 15/34 loss 0.9349 val acc 0.7742 (2.2s)
    epoch 16/34 loss 0.9307 val acc 0.7419 (2.3s)
    epoch 17/34 loss 0.9164 val acc 0.7419 (2.2s)
    epoch 18/34 loss 0.9048 val acc 0.7742 (2.2s)
    epoch 19/34 loss 0.9005 val acc 0.8065 (2.2s)
    epoch 20/34 loss 0.8973 val acc 0.8065 (2.2s)
    epoch 21/34 loss 0.8925 val acc 0.8065 (2.2s)
    epoch 22/34 loss 0.8922 val acc 0.7742 (2.2s)
    epoch 23/34 loss 0.8901 val acc 0.7742 (2.2s)
    epoch 24/34 loss 0.8890 val acc 0.7742 (2.2s)
    epoch 25/34 loss 0.8863 val acc 0.8387 (2.2s)
    epoch 26/34 loss 0.8845 val acc 0.8065 (2.2s)
    epoch 27/34 loss 0.8842 val acc 0.8387 (2.2s)
    epoch 28/34 loss 0.8846 val acc 0.8387 (2.2s)
    epoch 29/34 loss 0.8831 val acc 0.8387 (2.2s)
    epoch 30/34 loss 0.8832 val acc 0.8387 (2.2s)
    epoch 31/34 loss 0.8837 val acc 0.8387 (2.2s)
    epoch 32/34 loss 0.8827 val acc 0.8387 (2.2s)
    epoch 33/34 loss 0.8830 val acc 0.8387 (2.2s)
    epoch 34/34 loss 0.8832 val acc 0.8387 (2.2s)
  [customer_service.churn_risk] test acc 0.8000 macro-F1 0.6024 ECE 0.258 (T=1.12, 75s, 10.03M params)
  [customer_service.needs_human] blocks split=14 depth=2, 2 labels, 269 train
    epoch 1/34 loss 0.6950 val acc 0.7419 (2.2s)
    epoch 2/34 loss 0.6957 val acc 0.7419 (2.2s)
    epoch 3/34 loss 0.6791 val acc 0.3871 (2.2s)
    epoch 4/34 loss 0.6646 val acc 0.4516 (2.2s)
    epoch 5/34 loss 0.6517 val acc 0.6774 (2.2s)
    epoch 6/34 loss 0.6367 val acc 0.6129 (2.2s)
    epoch 7/34 loss 0.6197 val acc 0.6452 (2.2s)
    epoch 8/34 loss 0.6187 val acc 0.4839 (2.2s)
    epoch 9/34 loss 0.6037 val acc 0.5161 (2.2s)
    epoch 10/34 loss 0.6005 val acc 0.7419 (2.2s)
    epoch 11/34 loss 0.6281 val acc 0.8065 (2.2s)
    epoch 12/34 loss 0.6336 val acc 0.6452 (2.2s)
    epoch 13/34 loss 0.5922 val acc 0.8387 (2.2s)
    epoch 14/34 loss 0.5803 val acc 0.7742 (2.2s)
    epoch 15/34 loss 0.5835 val acc 0.8710 (2.2s)
    epoch 16/34 loss 0.5686 val acc 0.7742 (2.2s)
    epoch 17/34 loss 0.5605 val acc 0.7419 (2.2s)
    epoch 18/34 loss 0.5534 val acc 0.6452 (2.2s)
    epoch 19/34 loss 0.5520 val acc 0.7419 (2.2s)
    epoch 20/34 loss 0.5493 val acc 0.5161 (2.2s)
    epoch 21/34 loss 0.5507 val acc 0.7742 (2.2s)
    epoch 22/34 loss 0.5456 val acc 0.6774 (2.2s)
    epoch 23/34 loss 0.5432 val acc 0.6452 (2.2s)
    epoch 24/34 loss 0.5431 val acc 0.5806 (2.2s)
    epoch 25/34 loss 0.5430 val acc 0.7419 (2.2s)
    epoch 26/34 loss 0.5418 val acc 0.7097 (2.2s)
    epoch 27/34 loss 0.5414 val acc 0.7097 (2.2s)
    epoch 28/34 loss 0.5411 val acc 0.7097 (2.2s)
    epoch 29/34 loss 0.5413 val acc 0.7097 (2.2s)
    epoch 30/34 loss 0.5411 val acc 0.7097 (2.2s)
    epoch 31/34 loss 0.5409 val acc 0.7097 (2.2s)
    epoch 32/34 loss 0.5409 val acc 0.7097 (2.2s)
    epoch 33/34 loss 0.5408 val acc 0.7097 (2.2s)
    epoch 34/34 loss 0.5408 val acc 0.7097 (2.2s)
  [customer_service.needs_human] test acc 0.8400 macro-F1 0.8016 ECE 0.132 (T=0.92, 75s, 10.03M params)
  [customer_service.urgency] blocks split=14 depth=2, 4 labels, 269 train
    epoch 1/34 loss 1.6335 val acc 0.2581 (2.2s)
    epoch 2/34 loss 1.2977 val acc 0.5161 (2.2s)
    epoch 3/34 loss 1.2022 val acc 0.5161 (2.2s)
    epoch 4/34 loss 1.1757 val acc 0.5161 (2.2s)
    epoch 5/34 loss 1.1780 val acc 0.5161 (2.2s)
    epoch 6/34 loss 1.1481 val acc 0.3548 (2.2s)
    epoch 7/34 loss 1.1332 val acc 0.2581 (2.2s)
    epoch 8/34 loss 1.1141 val acc 0.6452 (2.2s)
    epoch 9/34 loss 1.0324 val acc 0.5806 (2.2s)
    epoch 10/34 loss 0.9795 val acc 0.5806 (2.2s)
    epoch 11/34 loss 0.9360 val acc 0.6452 (2.2s)
    epoch 12/34 loss 0.9248 val acc 0.7097 (2.2s)
    epoch 13/34 loss 0.9180 val acc 0.5806 (2.2s)
    epoch 14/34 loss 0.8992 val acc 0.6774 (2.2s)
    epoch 15/34 loss 0.8892 val acc 0.6774 (2.2s)
    epoch 16/34 loss 0.8758 val acc 0.6774 (2.2s)
    epoch 17/34 loss 0.8756 val acc 0.5484 (2.2s)
    epoch 18/34 loss 0.8688 val acc 0.6452 (2.2s)
    epoch 19/34 loss 0.8616 val acc 0.6774 (2.2s)
    epoch 20/34 loss 0.8587 val acc 0.7097 (2.2s)
    epoch 21/34 loss 0.8521 val acc 0.7097 (2.2s)
    epoch 22/34 loss 0.8537 val acc 0.6774 (2.2s)
    epoch 23/34 loss 0.8521 val acc 0.7097 (2.2s)
    epoch 24/34 loss 0.8512 val acc 0.7097 (2.2s)
    epoch 25/34 loss 0.8483 val acc 0.7097 (2.2s)
    epoch 26/34 loss 0.8447 val acc 0.7097 (2.2s)
    epoch 27/34 loss 0.8432 val acc 0.7097 (2.2s)
    epoch 28/34 loss 0.8433 val acc 0.7097 (2.2s)
    epoch 29/34 loss 0.8435 val acc 0.7097 (2.2s)
    epoch 30/34 loss 0.8421 val acc 0.7097 (2.2s)
    epoch 31/34 loss 0.8423 val acc 0.7097 (2.2s)
    epoch 32/34 loss 0.8414 val acc 0.7097 (2.2s)
    epoch 33/34 loss 0.8423 val acc 0.7097 (2.2s)
    epoch 34/34 loss 0.8422 val acc 0.7097 (2.2s)
  [customer_service.urgency] test acc 0.7400 macro-F1 0.5350 ECE 0.157 (T=1.03, 75s, 10.03M params)
   blocks@14+2 mean: {"acc": 0.786, "macro_f1": 0.641, "ece": 0.1667, "nll": 0.6264}
-- blocks@20+2
  cached trunk depth 20 for 1600 messages in 12.8s (559 MB)
  [customer_service.action] blocks split=20 depth=2, 5 labels, 269 train
    epoch 1/34 loss 1.4538 val acc 0.5484 (2.2s)
    epoch 2/34 loss 1.3206 val acc 0.5484 (2.2s)
    epoch 3/34 loss 1.2676 val acc 0.5161 (2.2s)
    epoch 4/34 loss 1.2507 val acc 0.4839 (2.2s)
    epoch 5/34 loss 1.2154 val acc 0.5161 (2.2s)
    epoch 6/34 loss 1.1818 val acc 0.5161 (2.2s)
    epoch 7/34 loss 1.1583 val acc 0.5161 (2.2s)
    epoch 8/34 loss 1.1313 val acc 0.5806 (2.2s)
    epoch 9/34 loss 1.1055 val acc 0.4194 (2.2s)
    epoch 10/34 loss 1.1093 val acc 0.5806 (2.3s)
    epoch 11/34 loss 1.0729 val acc 0.6452 (2.3s)
    epoch 12/34 loss 1.0616 val acc 0.5484 (1.5s)
    epoch 13/34 loss 1.0333 val acc 0.6129 (1.5s)
    epoch 14/34 loss 1.0258 val acc 0.6452 (1.5s)
    epoch 15/34 loss 1.0148 val acc 0.6774 (1.5s)
    epoch 16/34 loss 0.9991 val acc 0.6774 (1.5s)
    epoch 17/34 loss 0.9901 val acc 0.5484 (1.7s)
    epoch 18/34 loss 0.9787 val acc 0.5484 (1.7s)
    epoch 19/34 loss 0.9694 val acc 0.6452 (1.7s)
    epoch 20/34 loss 0.9679 val acc 0.5806 (1.7s)
    epoch 21/34 loss 0.9593 val acc 0.5806 (1.7s)
    epoch 22/34 loss 0.9564 val acc 0.5806 (1.7s)
    epoch 23/34 loss 0.9528 val acc 0.6452 (1.7s)
    epoch 24/34 loss 0.9540 val acc 0.5484 (1.6s)
    epoch 25/34 loss 0.9494 val acc 0.6129 (1.6s)
    epoch 26/34 loss 0.9479 val acc 0.6129 (1.6s)
    epoch 27/34 loss 0.9477 val acc 0.5806 (1.6s)
    epoch 28/34 loss 0.9461 val acc 0.5806 (1.5s)
    epoch 29/34 loss 0.9451 val acc 0.5806 (1.6s)
    epoch 30/34 loss 0.9429 val acc 0.5806 (1.6s)
    epoch 31/34 loss 0.9441 val acc 0.5806 (1.5s)
    epoch 32/34 loss 0.9431 val acc 0.5806 (1.6s)
    epoch 33/34 loss 0.9422 val acc 0.5806 (1.6s)
    epoch 34/34 loss 0.9427 val acc 0.5806 (1.6s)
  [customer_service.action] test acc 0.6200 macro-F1 0.3963 ECE 0.115 (T=1.14, 61s, 10.03M params)
  [customer_service.category] blocks split=20 depth=2, 5 labels, 269 train
    epoch 1/34 loss 1.6803 val acc 0.1613 (1.6s)
    epoch 2/34 loss 1.5617 val acc 0.2581 (1.6s)
    epoch 3/34 loss 1.5304 val acc 0.5161 (1.6s)
    epoch 4/34 loss 1.4052 val acc 0.2258 (1.5s)
    epoch 5/34 loss 1.1290 val acc 0.6774 (1.6s)
    epoch 6/34 loss 0.7354 val acc 0.7419 (1.6s)
    epoch 7/34 loss 0.6304 val acc 0.7419 (1.6s)
    epoch 8/34 loss 0.5513 val acc 0.7419 (1.6s)
    epoch 9/34 loss 0.5201 val acc 0.7419 (1.6s)
    epoch 10/34 loss 0.4832 val acc 0.7419 (1.6s)
    epoch 11/34 loss 0.4667 val acc 0.7742 (1.6s)
    epoch 12/34 loss 0.4586 val acc 0.7742 (1.6s)
    epoch 13/34 loss 0.4492 val acc 0.7419 (1.6s)
    epoch 14/34 loss 0.4461 val acc 0.7742 (1.6s)
    epoch 15/34 loss 0.4360 val acc 0.7742 (1.6s)
    epoch 16/34 loss 0.4267 val acc 0.7742 (1.6s)
    epoch 17/34 loss 0.4271 val acc 0.7742 (1.5s)
    epoch 18/34 loss 0.4237 val acc 0.8387 (1.6s)
    epoch 19/34 loss 0.4215 val acc 0.8065 (1.6s)
    epoch 20/34 loss 0.4171 val acc 0.7742 (1.6s)
    epoch 21/34 loss 0.4169 val acc 0.8065 (1.6s)
    epoch 22/34 loss 0.4147 val acc 0.8065 (1.5s)
    epoch 23/34 loss 0.4130 val acc 0.8065 (1.6s)
    epoch 24/34 loss 0.4135 val acc 0.8065 (1.6s)
    epoch 25/34 loss 0.4132 val acc 0.8065 (1.6s)
    epoch 26/34 loss 0.4121 val acc 0.7742 (1.6s)
    epoch 27/34 loss 0.4109 val acc 0.8065 (1.6s)
    epoch 28/34 loss 0.4106 val acc 0.8065 (1.6s)
    epoch 29/34 loss 0.4106 val acc 0.8065 (1.5s)
    epoch 30/34 loss 0.4101 val acc 0.7742 (1.5s)
    epoch 31/34 loss 0.4108 val acc 0.8065 (1.6s)
    epoch 32/34 loss 0.4094 val acc 0.8065 (1.6s)
    epoch 33/34 loss 0.4094 val acc 0.8065 (1.6s)
    epoch 34/34 loss 0.4104 val acc 0.8065 (1.6s)
  [customer_service.category] test acc 0.9100 macro-F1 0.8930 ECE 0.116 (T=1.04, 53s, 10.03M params)
  [customer_service.churn_risk] blocks split=20 depth=2, 4 labels, 269 train
    epoch 1/34 loss 1.4777 val acc 0.5161 (1.5s)
    epoch 2/34 loss 1.3337 val acc 0.4839 (1.6s)
    epoch 3/34 loss 1.3059 val acc 0.4194 (1.5s)
    epoch 4/34 loss 1.2718 val acc 0.5806 (1.6s)
    epoch 5/34 loss 1.2499 val acc 0.2581 (1.6s)
    epoch 6/34 loss 1.2372 val acc 0.3226 (1.6s)
    epoch 7/34 loss 1.2007 val acc 0.5161 (1.6s)
    epoch 8/34 loss 1.1369 val acc 0.5484 (1.6s)
    epoch 9/34 loss 1.0724 val acc 0.6774 (1.6s)
    epoch 10/34 loss 1.0159 val acc 0.6452 (1.5s)
    epoch 11/34 loss 0.9941 val acc 0.7742 (1.6s)
    epoch 12/34 loss 0.9750 val acc 0.7419 (1.6s)
    epoch 13/34 loss 0.9531 val acc 0.7742 (1.6s)
    epoch 14/34 loss 0.9430 val acc 0.7419 (1.6s)
    epoch 15/34 loss 0.9352 val acc 0.8065 (1.6s)
    epoch 16/34 loss 0.9226 val acc 0.7742 (1.6s)
    epoch 17/34 loss 0.9132 val acc 0.8065 (1.6s)
    epoch 18/34 loss 0.9100 val acc 0.8065 (1.6s)
    epoch 19/34 loss 0.9036 val acc 0.7419 (1.6s)
    epoch 20/34 loss 0.9034 val acc 0.8065 (1.6s)
    epoch 21/34 loss 0.8959 val acc 0.7419 (1.6s)
    epoch 22/34 loss 0.8945 val acc 0.8065 (1.5s)
    epoch 23/34 loss 0.8940 val acc 0.7419 (1.6s)
    epoch 24/34 loss 0.8929 val acc 0.8065 (1.6s)
    epoch 25/34 loss 0.8902 val acc 0.7419 (1.6s)
    epoch 26/34 loss 0.8890 val acc 0.8387 (1.6s)
    epoch 27/34 loss 0.8876 val acc 0.8387 (1.6s)
    epoch 28/34 loss 0.8879 val acc 0.8065 (1.5s)
    epoch 29/34 loss 0.8863 val acc 0.8387 (1.6s)
    epoch 30/34 loss 0.8865 val acc 0.8387 (1.6s)
    epoch 31/34 loss 0.8864 val acc 0.8065 (1.6s)
    epoch 32/34 loss 0.8855 val acc 0.8065 (1.6s)
    epoch 33/34 loss 0.8862 val acc 0.8065 (1.6s)
    epoch 34/34 loss 0.8869 val acc 0.8065 (1.6s)
  [customer_service.churn_risk] test acc 0.7800 macro-F1 0.5954 ECE 0.222 (T=1.07, 53s, 10.03M params)
  [customer_service.needs_human] blocks split=20 depth=2, 2 labels, 269 train
    epoch 1/34 loss 0.7135 val acc 0.7419 (1.6s)
    epoch 2/34 loss 0.6992 val acc 0.7419 (1.6s)
    epoch 3/34 loss 0.6636 val acc 0.7419 (1.5s)
    epoch 4/34 loss 0.6653 val acc 0.4839 (1.6s)
    epoch 5/34 loss 0.6362 val acc 0.7419 (1.6s)
    epoch 6/34 loss 0.6282 val acc 0.7097 (1.6s)
    epoch 7/34 loss 0.6105 val acc 0.6129 (1.6s)
    epoch 8/34 loss 0.6072 val acc 0.4194 (1.6s)
    epoch 9/34 loss 0.6147 val acc 0.7097 (1.6s)
    epoch 10/34 loss 0.6138 val acc 0.7742 (1.6s)
    epoch 11/34 loss 0.5917 val acc 0.7742 (1.6s)
    epoch 12/34 loss 0.6042 val acc 0.8065 (1.5s)
    epoch 13/34 loss 0.5843 val acc 0.7742 (1.6s)
    epoch 14/34 loss 0.5792 val acc 0.7742 (1.6s)
    epoch 15/34 loss 0.5721 val acc 0.6774 (1.6s)
    epoch 16/34 loss 0.5687 val acc 0.7419 (1.6s)
    epoch 17/34 loss 0.5623 val acc 0.7097 (1.6s)
    epoch 18/34 loss 0.5600 val acc 0.7097 (1.6s)
    epoch 19/34 loss 0.5559 val acc 0.7097 (1.6s)
    epoch 20/34 loss 0.5545 val acc 0.7097 (1.6s)
    epoch 21/34 loss 0.5517 val acc 0.7419 (1.6s)
    epoch 22/34 loss 0.5500 val acc 0.7419 (1.6s)
    epoch 23/34 loss 0.5475 val acc 0.7419 (1.6s)
    epoch 24/34 loss 0.5486 val acc 0.6129 (1.5s)
    epoch 25/34 loss 0.5467 val acc 0.7419 (1.6s)
    epoch 26/34 loss 0.5460 val acc 0.7419 (1.6s)
    epoch 27/34 loss 0.5460 val acc 0.7419 (1.5s)
    epoch 28/34 loss 0.5451 val acc 0.6774 (1.5s)
    epoch 29/34 loss 0.5451 val acc 0.7419 (1.5s)
    epoch 30/34 loss 0.5454 val acc 0.7097 (1.5s)
    epoch 31/34 loss 0.5443 val acc 0.7419 (1.5s)
    epoch 32/34 loss 0.5446 val acc 0.7097 (1.5s)
    epoch 33/34 loss 0.5446 val acc 0.6774 (1.5s)
    epoch 34/34 loss 0.5454 val acc 0.6774 (1.6s)
  [customer_service.needs_human] test acc 0.7900 macro-F1 0.7607 ECE 0.110 (T=1.09, 53s, 10.03M params)
  [customer_service.urgency] blocks split=20 depth=2, 4 labels, 269 train
    epoch 1/34 loss 1.5609 val acc 0.2581 (1.5s)
    epoch 2/34 loss 1.2891 val acc 0.5161 (1.5s)
    epoch 3/34 loss 1.1862 val acc 0.5161 (1.5s)
    epoch 4/34 loss 1.1808 val acc 0.5484 (1.5s)
    epoch 5/34 loss 1.1692 val acc 0.5161 (1.5s)
    epoch 6/34 loss 1.1313 val acc 0.4194 (1.5s)
    epoch 7/34 loss 1.1054 val acc 0.5806 (1.5s)
    epoch 8/34 loss 1.0560 val acc 0.5806 (1.5s)
    epoch 9/34 loss 1.0168 val acc 0.6129 (1.5s)
    epoch 10/34 loss 0.9750 val acc 0.6129 (1.5s)
    epoch 11/34 loss 0.9345 val acc 0.6129 (1.5s)
    epoch 12/34 loss 0.9438 val acc 0.6452 (1.5s)
    epoch 13/34 loss 0.9381 val acc 0.6452 (1.5s)
    epoch 14/34 loss 0.9198 val acc 0.6129 (1.5s)
    epoch 15/34 loss 0.9055 val acc 0.6452 (1.5s)
    epoch 16/34 loss 0.8883 val acc 0.6774 (1.5s)
    epoch 17/34 loss 0.8820 val acc 0.6452 (1.5s)
    epoch 18/34 loss 0.8732 val acc 0.6452 (1.5s)
    epoch 19/34 loss 0.8669 val acc 0.6774 (1.5s)
    epoch 20/34 loss 0.8647 val acc 0.6452 (1.5s)
    epoch 21/34 loss 0.8595 val acc 0.6452 (1.5s)
    epoch 22/34 loss 0.8544 val acc 0.6774 (1.5s)
    epoch 23/34 loss 0.8531 val acc 0.6774 (1.5s)
    epoch 24/34 loss 0.8543 val acc 0.6452 (1.5s)
    epoch 25/34 loss 0.8506 val acc 0.6774 (1.5s)
    epoch 26/34 loss 0.8489 val acc 0.6452 (1.5s)
    epoch 27/34 loss 0.8471 val acc 0.6774 (1.5s)
    epoch 28/34 loss 0.8475 val acc 0.6774 (1.5s)
    epoch 29/34 loss 0.8478 val acc 0.6774 (1.5s)
    epoch 30/34 loss 0.8467 val acc 0.6774 (1.5s)
    epoch 31/34 loss 0.8459 val acc 0.6774 (1.6s)
    epoch 32/34 loss 0.8467 val acc 0.6774 (1.5s)
    epoch 33/34 loss 0.8468 val acc 0.6774 (1.5s)
    epoch 34/34 loss 0.8469 val acc 0.6774 (1.5s)
  [customer_service.urgency] test acc 0.6700 macro-F1 0.4784 ECE 0.116 (T=1.05, 52s, 10.03M params)
   blocks@20+2 mean: {"acc": 0.754, "macro_f1": 0.6248, "ece": 0.1356, "nll": 0.6493}
-- full
  cached trunk depth 0 for 1600 messages in 0.9s (559 MB)
  [customer_service.action] blocks split=0 depth=22, 5 labels, 269 train
