== clinc150: 15250/3100/5500 messages (train/val/test), tasks: intent(151), domain(11), oos(2) | base answerdotai/ModernBERT-base on cuda | seed 2
-- probe@6
  cached trunk depth 6 for 23850 messages in 3.8s (408 MB)
  [intent] probe split=6, 151 labels, 15250 train
    epoch 1/20 loss 4.1808 val acc 0.6568 (1.9s)
    epoch 2/20 loss 0.7529 val acc 0.8758 (1.8s)
    epoch 3/20 loss 0.1761 val acc 0.9010 (1.8s)
    epoch 4/20 loss 0.0761 val acc 0.9119 (1.8s)
    epoch 5/20 loss 0.0451 val acc 0.9132 (1.8s)
    epoch 6/20 loss 0.0298 val acc 0.9135 (1.7s)
    epoch 7/20 loss 0.0248 val acc 0.9197 (1.8s)
    epoch 8/20 loss 0.0183 val acc 0.9181 (1.8s)
    epoch 9/20 loss 0.0159 val acc 0.9206 (1.8s)
    epoch 10/20 loss 0.0124 val acc 0.9165 (1.8s)
    epoch 11/20 loss 0.0094 val acc 0.9226 (1.9s)
    epoch 12/20 loss 0.0079 val acc 0.9242 (2.1s)
    epoch 13/20 loss 0.0067 val acc 0.9235 (2.1s)
    epoch 14/20 loss 0.0058 val acc 0.9274 (2.1s)
    epoch 15/20 loss 0.0050 val acc 0.9245 (2.1s)
    epoch 16/20 loss 0.0046 val acc 0.9245 (2.1s)
    epoch 17/20 loss 0.0042 val acc 0.9255 (2.1s)
  [intent] test acc 0.8684 macro-F1 0.8926 ECE 0.019 (T=1.20, 32s, 0.12M params)
  [domain] probe split=6, 11 labels, 15250 train
    epoch 1/20 loss 1.7962 val acc 0.7339 (2.0s)
    epoch 2/20 loss 0.6177 val acc 0.8461 (2.0s)
    epoch 3/20 loss 0.3430 val acc 0.8948 (2.0s)
    epoch 4/20 loss 0.2615 val acc 0.9094 (2.2s)
    epoch 5/20 loss 0.2237 val acc 0.9165 (2.2s)
    epoch 6/20 loss 0.1975 val acc 0.9119 (2.1s)
    epoch 7/20 loss 0.1837 val acc 0.9132 (2.2s)
    epoch 8/20 loss 0.1724 val acc 0.9187 (2.2s)
    epoch 9/20 loss 0.1634 val acc 0.9177 (2.2s)
    epoch 10/20 loss 0.1536 val acc 0.9165 (2.2s)
    epoch 11/20 loss 0.1464 val acc 0.9168 (2.2s)
  [domain] test acc 0.8167 macro-F1 0.8305 ECE 0.059 (T=1.01, 23s, 0.01M params)
  [oos] probe split=6, 2 labels, 15250 train
    epoch 1/20 loss 0.0969 val acc 0.9677 (2.2s)
    epoch 2/20 loss 0.0645 val acc 0.9687 (2.1s)
    epoch 3/20 loss 0.0525 val acc 0.9716 (2.2s)
    epoch 4/20 loss 0.0484 val acc 0.9758 (2.2s)
    epoch 5/20 loss 0.0461 val acc 0.9774 (2.2s)
    epoch 6/20 loss 0.0427 val acc 0.9752 (2.1s)
    epoch 7/20 loss 0.0416 val acc 0.9768 (1.8s)
    epoch 8/20 loss 0.0392 val acc 0.9768 (1.7s)
    epoch 9/20 loss 0.0383 val acc 0.9774 (1.7s)
    epoch 10/20 loss 0.0386 val acc 0.9755 (1.7s)
  [oos] test acc 0.8431 macro-F1 0.5826 ECE 0.118 (T=1.12, 20s, 0.00M params)
   probe@6 mean: {"acc": 0.8427, "macro_f1": 0.7685, "ece": 0.0649, "nll": 0.598}
-- probe@22
  cached trunk depth 22 for 23850 messages in 6.5s (408 MB)
  [intent] probe split=22, 151 labels, 15250 train
    epoch 1/20 loss 3.7400 val acc 0.7548 (1.7s)
    epoch 2/20 loss 0.5346 val acc 0.8748 (1.7s)
    epoch 3/20 loss 0.1647 val acc 0.9026 (1.7s)
    epoch 4/20 loss 0.0727 val acc 0.9077 (1.8s)
    epoch 5/20 loss 0.0437 val acc 0.9119 (2.0s)
    epoch 6/20 loss 0.0294 val acc 0.9126 (1.9s)
    epoch 7/20 loss 0.0227 val acc 0.9152 (1.8s)
    epoch 8/20 loss 0.0170 val acc 0.9087 (1.4s)
    epoch 9/20 loss 0.0157 val acc 0.9200 (1.4s)
    epoch 10/20 loss 0.0112 val acc 0.9155 (1.4s)
    epoch 11/20 loss 0.0075 val acc 0.9197 (1.5s)
    epoch 12/20 loss 0.0070 val acc 0.9216 (1.6s)
    epoch 13/20 loss 0.0052 val acc 0.9200 (2.4s)
    epoch 14/20 loss 0.0046 val acc 0.9203 (3.2s)
    epoch 15/20 loss 0.0049 val acc 0.9206 (1.7s)
  [intent] test acc 0.8607 macro-F1 0.8855 ECE 0.016 (T=1.29, 27s, 0.12M params)
  [domain] probe split=22, 11 labels, 15250 train
    epoch 1/20 loss 1.5785 val acc 0.8026 (1.7s)
    epoch 2/20 loss 0.4554 val acc 0.8719 (1.7s)
    epoch 3/20 loss 0.2769 val acc 0.9026 (1.7s)
    epoch 4/20 loss 0.2220 val acc 0.9090 (1.7s)
    epoch 5/20 loss 0.1893 val acc 0.9068 (1.7s)
    epoch 6/20 loss 0.1696 val acc 0.9123 (1.7s)
    epoch 7/20 loss 0.1574 val acc 0.9071 (1.7s)
    epoch 8/20 loss 0.1455 val acc 0.9129 (1.7s)
    epoch 9/20 loss 0.1342 val acc 0.9084 (1.7s)
    epoch 10/20 loss 0.1254 val acc 0.9119 (1.7s)
    epoch 11/20 loss 0.1196 val acc 0.9081 (1.7s)
  [domain] test acc 0.8295 macro-F1 0.8422 ECE 0.047 (T=1.14, 18s, 0.01M params)
  [oos] probe split=22, 2 labels, 15250 train
    epoch 1/20 loss 0.0887 val acc 0.9677 (1.6s)
    epoch 2/20 loss 0.0570 val acc 0.9703 (1.6s)
    epoch 3/20 loss 0.0460 val acc 0.9726 (1.6s)
    epoch 4/20 loss 0.0416 val acc 0.9765 (1.6s)
    epoch 5/20 loss 0.0376 val acc 0.9768 (1.6s)
    epoch 6/20 loss 0.0368 val acc 0.9752 (1.6s)
    epoch 7/20 loss 0.0359 val acc 0.9755 (1.6s)
    epoch 8/20 loss 0.0327 val acc 0.9755 (1.6s)
    epoch 9/20 loss 0.0312 val acc 0.9758 (1.6s)
    epoch 10/20 loss 0.0300 val acc 0.9752 (1.6s)
  [oos] test acc 0.8587 macro-F1 0.6466 ECE 0.101 (T=1.22, 16s, 0.00M params)
   probe@22 mean: {"acc": 0.8496, "macro_f1": 0.7915, "ece": 0.0547, "nll": 0.5482}
-- blocks@6+2
  cached trunk depth 6 for 23850 messages in 2.4s (408 MB)
  [intent] blocks split=6 depth=2, 151 labels, 15250 train
    epoch 1/6 loss 2.1655 val acc 0.8777 (4.6s)
    epoch 2/6 loss 0.1842 val acc 0.9052 (4.6s)
    epoch 3/6 loss 0.0483 val acc 0.9168 (4.6s)
    epoch 4/6 loss 0.0127 val acc 0.9297 (4.6s)
    epoch 5/6 loss 0.0032 val acc 0.9329 (4.6s)
    epoch 6/6 loss 0.0019 val acc 0.9332 (4.7s)
  [intent] test acc 0.8729 macro-F1 0.8999 ECE 0.020 (T=1.32, 28s, 10.15M params)
  [domain] blocks split=6 depth=2, 11 labels, 15250 train
    epoch 1/6 loss 0.9419 val acc 0.9161 (4.6s)
    epoch 2/6 loss 0.1085 val acc 0.9352 (4.6s)
    epoch 3/6 loss 0.0294 val acc 0.9555 (6.2s)
    epoch 4/6 loss 0.0049 val acc 0.9577 (6.7s)
    epoch 5/6 loss 0.0013 val acc 0.9574 (4.6s)
    epoch 6/6 loss 0.0006 val acc 0.9574 (4.6s)
  [domain] test acc 0.8696 macro-F1 0.8837 ECE 0.045 (T=1.80, 31s, 10.04M params)
  [oos] blocks split=6 depth=2, 2 labels, 15250 train
    epoch 1/6 loss 0.0935 val acc 0.9735 (4.8s)
    epoch 2/6 loss 0.0420 val acc 0.9765 (4.8s)
    epoch 3/6 loss 0.0148 val acc 0.9790 (4.6s)
    epoch 4/6 loss 0.0022 val acc 0.9810 (4.6s)
    epoch 5/6 loss 0.0004 val acc 0.9813 (4.7s)
    epoch 6/6 loss 0.0002 val acc 0.9813 (6.0s)
  [oos] test acc 0.8645 macro-F1 0.6709 ECE 0.102 (T=2.94, 30s, 10.03M params)
   blocks@6+2 mean: {"acc": 0.869, "macro_f1": 0.8181, "ece": 0.0558, "nll": 0.4934}
-- blocks@11+2
  cached trunk depth 11 for 23850 messages in 7.7s (408 MB)
  [intent] blocks split=11 depth=2, 151 labels, 15250 train
    epoch 1/6 loss 2.2178 val acc 0.8771 (10.1s)
    epoch 2/6 loss 0.1985 val acc 0.9029 (10.1s)
    epoch 3/6 loss 0.0549 val acc 0.9261 (9.9s)
    epoch 4/6 loss 0.0135 val acc 0.9319 (10.1s)
    epoch 5/6 loss 0.0035 val acc 0.9371 (10.1s)
    epoch 6/6 loss 0.0017 val acc 0.9377 (9.8s)
  [intent] test acc 0.8695 macro-F1 0.8987 ECE 0.023 (T=1.34, 60s, 10.15M params)
  [domain] blocks split=11 depth=2, 11 labels, 15250 train
    epoch 1/6 loss 0.9671 val acc 0.9223 (10.1s)
    epoch 2/6 loss 0.1112 val acc 0.9323 (10.4s)
    epoch 3/6 loss 0.0330 val acc 0.9548 (10.5s)
    epoch 4/6 loss 0.0061 val acc 0.9606 (9.9s)
    epoch 5/6 loss 0.0012 val acc 0.9623 (10.0s)
    epoch 6/6 loss 0.0005 val acc 0.9626 (10.0s)
  [domain] test acc 0.8773 macro-F1 0.8905 ECE 0.043 (T=1.92, 61s, 10.04M params)
  [oos] blocks split=11 depth=2, 2 labels, 15250 train
    epoch 1/6 loss 0.0890 val acc 0.9755 (10.0s)
    epoch 2/6 loss 0.0414 val acc 0.9729 (10.0s)
    epoch 3/6 loss 0.0174 val acc 0.9774 (10.0s)
    epoch 4/6 loss 0.0047 val acc 0.9800 (9.9s)
    epoch 5/6 loss 0.0005 val acc 0.9800 (10.0s)
    epoch 6/6 loss 0.0002 val acc 0.9800 (10.0s)
  [oos] test acc 0.8655 macro-F1 0.6738 ECE 0.100 (T=2.67, 60s, 10.03M params)
   blocks@11+2 mean: {"acc": 0.8707, "macro_f1": 0.821, "ece": 0.0555, "nll": 0.4902}
-- blocks@16+2
  cached trunk depth 16 for 23850 messages in 10.1s (408 MB)
  [intent] blocks split=16 depth=2, 151 labels, 15250 train
    epoch 1/6 loss 1.9838 val acc 0.9019 (10.4s)
    epoch 2/6 loss 0.1362 val acc 0.9271 (10.1s)
    epoch 3/6 loss 0.0317 val acc 0.9419 (10.1s)
    epoch 4/6 loss 0.0092 val acc 0.9435 (10.1s)
    epoch 5/6 loss 0.0031 val acc 0.9439 (10.1s)
    epoch 6/6 loss 0.0017 val acc 0.9439 (10.2s)
  [intent] test acc 0.8744 macro-F1 0.9030 ECE 0.026 (T=1.28, 61s, 10.15M params)
  [domain] blocks split=16 depth=2, 11 labels, 15250 train
    epoch 1/6 loss 0.8665 val acc 0.9406 (10.0s)
    epoch 2/6 loss 0.0802 val acc 0.9526 (9.9s)
    epoch 3/6 loss 0.0178 val acc 0.9606 (10.0s)
    epoch 4/6 loss 0.0033 val acc 0.9652 (10.4s)
    epoch 5/6 loss 0.0009 val acc 0.9652 (10.5s)
    epoch 6/6 loss 0.0006 val acc 0.9655 (10.0s)
  [domain] test acc 0.8853 macro-F1 0.8983 ECE 0.042 (T=1.74, 61s, 10.04M params)
  [oos] blocks split=16 depth=2, 2 labels, 15250 train
    epoch 1/6 loss 0.0832 val acc 0.9777 (10.0s)
    epoch 2/6 loss 0.0293 val acc 0.9790 (10.0s)
    epoch 3/6 loss 0.0100 val acc 0.9806 (9.7s)
    epoch 4/6 loss 0.0026 val acc 0.9800 (9.9s)
    epoch 5/6 loss 0.0003 val acc 0.9806 (10.0s)
    epoch 6/6 loss 0.0001 val acc 0.9803 (10.0s)
  [oos] test acc 0.8867 macro-F1 0.7507 ECE 0.075 (T=1.87, 60s, 10.03M params)
   blocks@16+2 mean: {"acc": 0.8821, "macro_f1": 0.8506, "ece": 0.0476, "nll": 0.4477}
-- blocks@20+2
  cached trunk depth 20 for 23850 messages in 11.1s (408 MB)
  [intent] blocks split=20 depth=2, 151 labels, 15250 train
    epoch 1/6 loss 1.9927 val acc 0.8984 (10.3s)
    epoch 2/6 loss 0.1377 val acc 0.9223 (10.6s)
    epoch 3/6 loss 0.0314 val acc 0.9361 (8.2s)
    epoch 4/6 loss 0.0092 val acc 0.9326 (8.7s)
    epoch 5/6 loss 0.0035 val acc 0.9377 (8.7s)
    epoch 6/6 loss 0.0022 val acc 0.9368 (8.4s)
  [intent] test acc 0.8744 macro-F1 0.9032 ECE 0.025 (T=1.21, 55s, 10.15M params)
  [domain] blocks split=20 depth=2, 11 labels, 15250 train
    epoch 1/6 loss 0.8465 val acc 0.9261 (6.9s)
    epoch 2/6 loss 0.0861 val acc 0.9406 (6.8s)
    epoch 3/6 loss 0.0231 val acc 0.9555 (7.0s)
    epoch 4/6 loss 0.0037 val acc 0.9581 (6.7s)
    epoch 5/6 loss 0.0012 val acc 0.9587 (4.0s)
    epoch 6/6 loss 0.0008 val acc 0.9587 (4.6s)
  [domain] test acc 0.8747 macro-F1 0.8884 ECE 0.046 (T=1.70, 36s, 10.04M params)
  [oos] blocks split=20 depth=2, 2 labels, 15250 train
    epoch 1/6 loss 0.0765 val acc 0.9771 (5.6s)
    epoch 2/6 loss 0.0284 val acc 0.9774 (4.6s)
    epoch 3/6 loss 0.0106 val acc 0.9781 (6.6s)
    epoch 4/6 loss 0.0028 val acc 0.9803 (5.3s)
    epoch 5/6 loss 0.0006 val acc 0.9803 (5.7s)
    epoch 6/6 loss 0.0003 val acc 0.9803 (6.1s)
  [oos] test acc 0.8756 macro-F1 0.7094 ECE 0.084 (T=2.56, 34s, 10.03M params)
   blocks@20+2 mean: {"acc": 0.8749, "macro_f1": 0.8337, "ece": 0.0517, "nll": 0.466}
-- full
  cached trunk depth 0 for 23850 messages in 1.1s (408 MB)
  [intent] blocks split=0 depth=22, 151 labels, 15250 train
    epoch 1/5 loss 1.5300 val acc 0.9126 (46.1s)
    epoch 2/5 loss 0.1111 val acc 0.9494 (48.4s)
    epoch 3/5 loss 0.0296 val acc 0.9690 (48.5s)
    epoch 4/5 loss 0.0064 val acc 0.9703 (49.6s)
    epoch 5/5 loss 0.0014 val acc 0.9700 (48.9s)
  [intent] test acc 0.9087 macro-F1 0.9323 ECE 0.026 (T=1.46, 242s, 110.45M params)
   full mean: {"acc": 0.9087, "macro_f1": 0.9323, "ece": 0.026, "nll": 0.3791}
done
