Loading weights:   0%|          | 0/134 [00:00<?, ?it/s]Loading weights: 100%|██████████| 134/134 [00:00<00:00, 8908.21it/s]
Using the latest cached version of the dataset since LocalLLaMA/typed-decisions couldn't be found on the Hugging Face Hub (offline mode is enabled).
Found the latest cached dataset configuration 'all' at /home/ubuntu/.cache/huggingface/datasets/LocalLLaMA___typed-decisions/all/0.0.0/f7a2487edd7a043a5441a5e9ccc7fe5ddbd9ebe8 (last modified on Sun Sep 27 18:59:51 2026).
Using the latest cached version of the dataset since LocalLLaMA/typed-decisions couldn't be found on the Hugging Face Hub (offline mode is enabled).
Found the latest cached dataset configuration 'all' at /home/ubuntu/.cache/huggingface/datasets/LocalLLaMA___typed-decisions/all/0.0.0/f7a2487edd7a043a5441a5e9ccc7fe5ddbd9ebe8 (last modified on Sun Sep 27 18:59:51 2026).
== typed-decisions: 1080/120/400 messages (train/val/test), tasks: agent_trace_observability.action(4), agent_trace_observability.needs_review(2), agent_trace_observability.outcome(4), agent_trace_observability.risk(4), agent_trace_observability.urgency(4), customer_service.action(5), customer_service.category(5), customer_service.churn_risk(4), customer_service.needs_human(2), customer_service.urgency(4), invoice_processing.discrepancy_severity(4), invoice_processing.disposition(4), invoice_processing.duplicate(2), invoice_processing.matches_order(2), invoice_processing.urgency(4), security_incidents.credential_compromise(2), security_incidents.disposition(4), security_incidents.severity(5), security_incidents.true_positive(2), security_incidents.urgency(4) | base answerdotai/ModernBERT-base on cuda | seed 2
-- full
  cached trunk depth 0 for 1600 messages in 1.4s (559 MB)
  [customer_service.action] blocks split=0 depth=22, 5 labels, 269 train
    epoch 1/34 loss 1.7944 val acc 0.5484 (7.4s)
    epoch 2/34 loss 1.2846 val acc 0.5484 (7.3s)
    epoch 3/34 loss 1.2657 val acc 0.5484 (7.3s)
    epoch 4/34 loss 1.3037 val acc 0.2581 (7.2s)
    epoch 5/34 loss 1.2614 val acc 0.4839 (7.3s)
    epoch 6/34 loss 1.1946 val acc 0.4194 (7.3s)
    epoch 7/34 loss 1.2043 val acc 0.5806 (7.3s)
    epoch 8/34 loss 1.1623 val acc 0.6129 (7.3s)
    epoch 9/34 loss 1.1142 val acc 0.6129 (7.3s)
    epoch 10/34 loss 1.0862 val acc 0.6129 (7.3s)
    epoch 11/34 loss 1.0417 val acc 0.6774 (7.3s)
    epoch 12/34 loss 1.0182 val acc 0.6129 (7.3s)
    epoch 13/34 loss 1.0181 val acc 0.5806 (7.4s)
    epoch 14/34 loss 0.9955 val acc 0.6129 (7.3s)
    epoch 15/34 loss 0.9764 val acc 0.5806 (7.4s)
    epoch 16/34 loss 0.9868 val acc 0.7097 (7.4s)
    epoch 17/34 loss 0.9825 val acc 0.5806 (7.4s)
    epoch 18/34 loss 0.9550 val acc 0.6452 (7.4s)
    epoch 19/34 loss 0.9538 val acc 0.6129 (7.4s)
    epoch 20/34 loss 0.9423 val acc 0.6452 (7.4s)
    epoch 21/34 loss 0.9375 val acc 0.6452 (7.4s)
    epoch 22/34 loss 0.9340 val acc 0.7097 (7.4s)
    epoch 23/34 loss 0.9325 val acc 0.7097 (7.4s)
    epoch 24/34 loss 0.9316 val acc 0.6774 (7.4s)
    epoch 25/34 loss 0.9297 val acc 0.6129 (7.4s)
    epoch 26/34 loss 0.9283 val acc 0.6452 (7.5s)
    epoch 27/34 loss 0.9275 val acc 0.6129 (7.5s)
    epoch 28/34 loss 0.9270 val acc 0.6129 (7.5s)
    epoch 29/34 loss 0.9259 val acc 0.6452 (7.5s)
    epoch 30/34 loss 0.9259 val acc 0.6129 (7.5s)
    epoch 31/34 loss 0.9261 val acc 0.6452 (7.4s)
    epoch 32/34 loss 0.9249 val acc 0.6452 (7.5s)
    epoch 33/34 loss 0.9250 val acc 0.6452 (7.5s)
    epoch 34/34 loss 0.9251 val acc 0.6452 (7.5s)
  [customer_service.action] test acc 0.6300 macro-F1 0.3582 ECE 0.121 (T=1.15, 251s, 110.33M params)
  [customer_service.category] blocks split=0 depth=22, 5 labels, 269 train
    epoch 1/34 loss 1.7485 val acc 0.0968 (7.5s)
    epoch 2/34 loss 1.5817 val acc 0.1935 (7.5s)
    epoch 3/34 loss 1.4965 val acc 0.6129 (7.5s)
    epoch 4/34 loss 0.9389 val acc 0.8387 (7.5s)
    epoch 5/34 loss 0.5976 val acc 0.9032 (7.5s)
    epoch 6/34 loss 0.5299 val acc 0.9355 (7.5s)
    epoch 7/34 loss 0.4962 val acc 0.8710 (7.5s)
    epoch 8/34 loss 0.4808 val acc 0.8387 (7.5s)
    epoch 9/34 loss 0.4545 val acc 0.9355 (7.5s)
    epoch 10/34 loss 0.4439 val acc 0.8710 (7.5s)
    epoch 11/34 loss 0.4424 val acc 0.8387 (7.5s)
    epoch 12/34 loss 0.4299 val acc 0.8387 (7.5s)
    epoch 13/34 loss 0.4204 val acc 0.9032 (7.5s)
    epoch 14/34 loss 0.4194 val acc 0.9032 (7.5s)
    epoch 15/34 loss 0.4126 val acc 0.9355 (7.5s)
    epoch 16/34 loss 0.4103 val acc 0.9355 (7.5s)
    epoch 17/34 loss 0.4059 val acc 0.9355 (7.5s)
    epoch 18/34 loss 0.4039 val acc 0.9355 (7.5s)
    epoch 19/34 loss 0.4035 val acc 0.9355 (7.5s)
    epoch 20/34 loss 0.4017 val acc 0.9355 (7.5s)
    epoch 21/34 loss 0.4034 val acc 0.9032 (7.5s)
    epoch 22/34 loss 0.4028 val acc 0.9355 (7.5s)
    epoch 23/34 loss 0.4018 val acc 0.9355 (7.5s)
    epoch 24/34 loss 0.4029 val acc 0.9355 (7.5s)
    epoch 25/34 loss 0.4006 val acc 0.9355 (7.5s)
    epoch 26/34 loss 0.3982 val acc 0.9355 (7.5s)
    epoch 27/34 loss 0.3989 val acc 0.9355 (7.5s)
    epoch 28/34 loss 0.3979 val acc 0.9355 (7.5s)
    epoch 29/34 loss 0.3976 val acc 0.9355 (7.5s)
    epoch 30/34 loss 0.3975 val acc 0.9355 (7.5s)
    epoch 31/34 loss 0.3978 val acc 0.9355 (7.5s)
    epoch 32/34 loss 0.3975 val acc 0.9355 (7.5s)
    epoch 33/34 loss 0.3974 val acc 0.9355 (7.5s)
    epoch 34/34 loss 0.3973 val acc 0.9355 (7.5s)
  [customer_service.category] test acc 0.9400 macro-F1 0.9475 ECE 0.101 (T=1.04, 255s, 110.33M params)
  [customer_service.churn_risk] blocks split=0 depth=22, 4 labels, 269 train
    epoch 1/34 loss 1.3212 val acc 0.1935 (7.5s)
    epoch 2/34 loss 1.3002 val acc 0.5484 (7.5s)
    epoch 3/34 loss 1.2844 val acc 0.5161 (7.5s)
    epoch 4/34 loss 1.2370 val acc 0.5484 (7.5s)
    epoch 5/34 loss 1.1229 val acc 0.6129 (7.5s)
    epoch 6/34 loss 1.0788 val acc 0.7097 (7.5s)
    epoch 7/34 loss 1.0434 val acc 0.6129 (7.5s)
    epoch 8/34 loss 0.9789 val acc 0.7742 (7.5s)
    epoch 9/34 loss 0.9639 val acc 0.7097 (7.5s)
    epoch 10/34 loss 0.9531 val acc 0.7097 (7.5s)
    epoch 11/34 loss 0.9339 val acc 0.7097 (7.5s)
    epoch 12/34 loss 0.9151 val acc 0.8065 (7.5s)
    epoch 13/34 loss 0.9126 val acc 0.7742 (7.5s)
    epoch 14/34 loss 0.9131 val acc 0.7742 (7.5s)
    epoch 15/34 loss 0.8991 val acc 0.8065 (7.5s)
    epoch 16/34 loss 0.8991 val acc 0.8387 (7.5s)
    epoch 17/34 loss 0.9014 val acc 0.8387 (7.5s)
    epoch 18/34 loss 0.8910 val acc 0.9032 (7.5s)
    epoch 19/34 loss 0.8896 val acc 0.8710 (7.5s)
    epoch 20/34 loss 0.8845 val acc 0.9355 (7.5s)
    epoch 21/34 loss 0.8825 val acc 0.8387 (7.5s)
    epoch 22/34 loss 0.8816 val acc 0.8710 (7.5s)
    epoch 23/34 loss 0.8815 val acc 0.8065 (7.5s)
    epoch 24/34 loss 0.8781 val acc 0.8387 (7.5s)
    epoch 25/34 loss 0.8783 val acc 0.8065 (7.5s)
    epoch 26/34 loss 0.8779 val acc 0.8065 (7.6s)
    epoch 27/34 loss 0.8773 val acc 0.8065 (7.5s)
    epoch 28/34 loss 0.8770 val acc 0.8065 (7.5s)
    epoch 29/34 loss 0.8763 val acc 0.8065 (7.5s)
    epoch 30/34 loss 0.8765 val acc 0.8065 (7.5s)
    epoch 31/34 loss 0.8766 val acc 0.8065 (7.5s)
    epoch 32/34 loss 0.8761 val acc 0.8065 (7.5s)
    epoch 33/34 loss 0.8764 val acc 0.8065 (7.5s)
    epoch 34/34 loss 0.8762 val acc 0.8065 (7.5s)
  [customer_service.churn_risk] test acc 0.8400 macro-F1 0.6302 ECE 0.264 (T=1.10, 255s, 110.33M params)
  [customer_service.needs_human] blocks split=0 depth=22, 2 labels, 269 train
    epoch 1/34 loss 0.6786 val acc 0.7419 (7.5s)
    epoch 2/34 loss 0.6725 val acc 0.7742 (7.5s)
    epoch 3/34 loss 0.6500 val acc 0.7419 (7.5s)
    epoch 4/34 loss 0.6754 val acc 0.5161 (7.5s)
    epoch 5/34 loss 0.6435 val acc 0.7742 (7.5s)
    epoch 6/34 loss 0.6407 val acc 0.7419 (7.5s)
    epoch 7/34 loss 0.6071 val acc 0.7742 (7.5s)
    epoch 8/34 loss 0.6187 val acc 0.5806 (7.5s)
    epoch 9/34 loss 0.5903 val acc 0.7742 (7.5s)
    epoch 10/34 loss 0.6200 val acc 0.7742 (7.5s)
    epoch 11/34 loss 0.5848 val acc 0.7097 (7.5s)
    epoch 12/34 loss 0.5644 val acc 0.5484 (7.5s)
    epoch 13/34 loss 0.5717 val acc 0.6774 (7.5s)
    epoch 14/34 loss 0.5474 val acc 0.6774 (7.5s)
    epoch 15/34 loss 0.5469 val acc 0.6774 (7.5s)
    epoch 16/34 loss 0.5532 val acc 0.7097 (7.6s)
    epoch 17/34 loss 0.5444 val acc 0.7419 (7.5s)
    epoch 18/34 loss 0.5460 val acc 0.7419 (7.5s)
    epoch 19/34 loss 0.5432 val acc 0.6774 (7.5s)
    epoch 20/34 loss 0.5412 val acc 0.7097 (7.5s)
    epoch 21/34 loss 0.5412 val acc 0.7419 (7.5s)
    epoch 22/34 loss 0.5429 val acc 0.7419 (7.5s)
    epoch 23/34 loss 0.5428 val acc 0.6774 (7.5s)
    epoch 24/34 loss 0.5415 val acc 0.7097 (7.5s)
    epoch 25/34 loss 0.5418 val acc 0.7097 (7.5s)
    epoch 26/34 loss 0.5400 val acc 0.7419 (7.5s)
    epoch 27/34 loss 0.5398 val acc 0.7419 (7.5s)
    epoch 28/34 loss 0.5392 val acc 0.7419 (7.5s)
    epoch 29/34 loss 0.5389 val acc 0.7097 (7.5s)
    epoch 30/34 loss 0.5389 val acc 0.7419 (7.5s)
    epoch 31/34 loss 0.5387 val acc 0.7097 (7.5s)
    epoch 32/34 loss 0.5386 val acc 0.7097 (7.5s)
    epoch 33/34 loss 0.5388 val acc 0.7097 (7.5s)
    epoch 34/34 loss 0.5389 val acc 0.7097 (7.5s)
  [customer_service.needs_human] test acc 0.7800 macro-F1 0.7272 ECE 0.084 (T=0.83, 255s, 110.33M params)
  [customer_service.urgency] blocks split=0 depth=22, 4 labels, 269 train
    epoch 1/34 loss 1.2299 val acc 0.5161 (7.5s)
    epoch 2/34 loss 1.1958 val acc 0.2581 (7.5s)
    epoch 3/34 loss 1.1792 val acc 0.3871 (7.5s)
    epoch 4/34 loss 1.1841 val acc 0.5161 (7.5s)
    epoch 5/34 loss 1.1246 val acc 0.3548 (7.5s)
    epoch 6/34 loss 1.0293 val acc 0.5161 (7.5s)
    epoch 7/34 loss 1.0202 val acc 0.5806 (7.5s)
    epoch 8/34 loss 0.9581 val acc 0.6129 (7.5s)
    epoch 9/34 loss 0.9579 val acc 0.6452 (7.5s)
    epoch 10/34 loss 0.9376 val acc 0.7097 (7.5s)
    epoch 11/34 loss 0.9343 val acc 0.6774 (7.5s)
    epoch 12/34 loss 0.8757 val acc 0.6129 (7.5s)
    epoch 13/34 loss 0.8633 val acc 0.6452 (7.5s)
    epoch 14/34 loss 0.8597 val acc 0.5806 (7.5s)
    epoch 15/34 loss 0.8467 val acc 0.7097 (7.5s)
    epoch 16/34 loss 0.8549 val acc 0.6774 (7.5s)
    epoch 17/34 loss 0.8577 val acc 0.5806 (7.5s)
    epoch 18/34 loss 0.8465 val acc 0.6452 (7.5s)
    epoch 19/34 loss 0.8448 val acc 0.7097 (7.5s)
    epoch 20/34 loss 0.8466 val acc 0.6774 (7.5s)
    epoch 21/34 loss 0.8386 val acc 0.6452 (7.5s)
    epoch 22/34 loss 0.8373 val acc 0.6452 (7.5s)
    epoch 23/34 loss 0.8349 val acc 0.6774 (7.5s)
    epoch 24/34 loss 0.8346 val acc 0.6452 (7.5s)
    epoch 25/34 loss 0.8337 val acc 0.6774 (16.1s)
    epoch 26/34 loss 0.8336 val acc 0.6774 (10.4s)
    epoch 27/34 loss 0.8328 val acc 0.6774 (9.3s)
    epoch 28/34 loss 0.8324 val acc 0.6452 (9.4s)
    epoch 29/34 loss 0.8318 val acc 0.6774 (9.5s)
    epoch 30/34 loss 0.8324 val acc 0.6774 (9.5s)
    epoch 31/34 loss 0.8323 val acc 0.6774 (9.5s)
    epoch 32/34 loss 0.8317 val acc 0.6452 (9.7s)
    epoch 33/34 loss 0.8316 val acc 0.6452 (9.6s)
    epoch 34/34 loss 0.8318 val acc 0.6452 (9.4s)
  [customer_service.urgency] test acc 0.7800 macro-F1 0.5672 ECE 0.191 (T=1.00, 283s, 110.33M params)
   full mean: {"acc": 0.794, "macro_f1": 0.6461, "ece": 0.152, "nll": 0.5892}
done
