== APER on forked branches | CLINC150, 11 sessions (50 + 10 x 10) | blocks@11+2 | trunk cuda
   cached trunk depth 11 for 22500 messages in 8.4s
   session-1 branch: 8 epochs, val acc 0.9690, test acc on session-1 routes 0.9800 (41s)
  trunk pass: 22500 messages at depths [11, 22] in 16.5s
   trunk@11: lda shrink 0.001, klda c 0.25 shrink 0.01
   trunk@22: lda shrink 0.001, klda c 0.25 shrink 0.01
   branch: lda shrink 0.001, klda c 0.5 shrink 0.01
   concat_trunk@11_branch: lda shrink 0.001, klda c 0.25 shrink 0.01
   concat_trunk@22_branch: lda shrink 0.001, klda c 0.1 shrink 0.01
-- session 1/11 (50 routes): lda:trunk@11 0.9740 | klda:trunk@11 0.9727 | lda:trunk@22 0.9713 | klda:trunk@22 0.9653 | lda:branch 0.9800 | klda:branch 0.9780 | lda:concat_trunk@11_branch 0.9793 | klda:concat_trunk@11_branch 0.9813 | lda:concat_trunk@22_branch 0.9827 | klda:concat_trunk@22_branch 0.9847 | seq_newrows:branch 0.9800 | seq_newrows_wa:branch 0.9800
-- session 2/11 (60 routes): lda:trunk@11 0.9628 | klda:trunk@11 0.9578 | lda:trunk@22 0.9550 | klda:trunk@22 0.9556 | lda:branch 0.9667 | klda:branch 0.9633 | lda:concat_trunk@11_branch 0.9700 | klda:concat_trunk@11_branch 0.9678 | lda:concat_trunk@22_branch 0.9728 | klda:concat_trunk@22_branch 0.9767 | seq_newrows:branch 0.6350 | seq_newrows_wa:branch 0.9006
-- session 3/11 (70 routes): lda:trunk@11 0.9619 | klda:trunk@11 0.9581 | lda:trunk@22 0.9557 | klda:trunk@22 0.9557 | lda:branch 0.9643 | klda:branch 0.9600 | lda:concat_trunk@11_branch 0.9676 | klda:concat_trunk@11_branch 0.9643 | lda:concat_trunk@22_branch 0.9710 | klda:concat_trunk@22_branch 0.9729 | seq_newrows:branch 0.4719 | seq_newrows_wa:branch 0.8538
-- session 4/11 (80 routes): lda:trunk@11 0.9554 | klda:trunk@11 0.9529 | lda:trunk@22 0.9513 | klda:trunk@22 0.9508 | lda:branch 0.9600 | klda:branch 0.9529 | lda:concat_trunk@11_branch 0.9642 | klda:concat_trunk@11_branch 0.9596 | lda:concat_trunk@22_branch 0.9692 | klda:concat_trunk@22_branch 0.9692 | seq_newrows:branch 0.3954 | seq_newrows_wa:branch 0.8425
-- session 5/11 (90 routes): lda:trunk@11 0.9515 | klda:trunk@11 0.9489 | lda:trunk@22 0.9470 | klda:trunk@22 0.9444 | lda:branch 0.9511 | klda:branch 0.9496 | lda:concat_trunk@11_branch 0.9589 | klda:concat_trunk@11_branch 0.9556 | lda:concat_trunk@22_branch 0.9644 | klda:concat_trunk@22_branch 0.9626 | seq_newrows:branch 0.3570 | seq_newrows_wa:branch 0.8111
-- session 6/11 (100 routes): lda:trunk@11 0.9480 | klda:trunk@11 0.9470 | lda:trunk@22 0.9447 | klda:trunk@22 0.9427 | lda:branch 0.9460 | klda:branch 0.9457 | lda:concat_trunk@11_branch 0.9540 | klda:concat_trunk@11_branch 0.9527 | lda:concat_trunk@22_branch 0.9603 | klda:concat_trunk@22_branch 0.9580 | seq_newrows:branch 0.3567 | seq_newrows_wa:branch 0.7853
-- session 7/11 (110 routes): lda:trunk@11 0.9391 | klda:trunk@11 0.9376 | lda:trunk@22 0.9382 | klda:trunk@22 0.9382 | lda:branch 0.9370 | klda:branch 0.9379 | lda:concat_trunk@11_branch 0.9491 | klda:concat_trunk@11_branch 0.9436 | lda:concat_trunk@22_branch 0.9561 | klda:concat_trunk@22_branch 0.9515 | seq_newrows:branch 0.3558 | seq_newrows_wa:branch 0.7709
-- session 8/11 (120 routes): lda:trunk@11 0.9314 | klda:trunk@11 0.9286 | lda:trunk@22 0.9297 | klda:trunk@22 0.9294 | lda:branch 0.9303 | klda:branch 0.9314 | lda:concat_trunk@11_branch 0.9408 | klda:concat_trunk@11_branch 0.9386 | lda:concat_trunk@22_branch 0.9464 | klda:concat_trunk@22_branch 0.9442 | seq_newrows:branch 0.3317 | seq_newrows_wa:branch 0.7556
-- session 9/11 (130 routes): lda:trunk@11 0.9303 | klda:trunk@11 0.9285 | lda:trunk@22 0.9287 | klda:trunk@22 0.9279 | lda:branch 0.9300 | klda:branch 0.9303 | lda:concat_trunk@11_branch 0.9397 | klda:concat_trunk@11_branch 0.9351 | lda:concat_trunk@22_branch 0.9451 | klda:concat_trunk@22_branch 0.9421 | seq_newrows:branch 0.3362 | seq_newrows_wa:branch 0.7428
-- session 10/11 (140 routes): lda:trunk@11 0.9217 | klda:trunk@11 0.9179 | lda:trunk@22 0.9174 | klda:trunk@22 0.9179 | lda:branch 0.9226 | klda:branch 0.9221 | lda:concat_trunk@11_branch 0.9336 | klda:concat_trunk@11_branch 0.9290 | lda:concat_trunk@22_branch 0.9383 | klda:concat_trunk@22_branch 0.9362 | seq_newrows:branch 0.3367 | seq_newrows_wa:branch 0.7055
-- session 11/11 (150 routes): lda:trunk@11 0.9147 | klda:trunk@11 0.9100 | lda:trunk@22 0.9084 | klda:trunk@22 0.9093 | lda:branch 0.9180 | klda:branch 0.9149 | lda:concat_trunk@11_branch 0.9278 | klda:concat_trunk@11_branch 0.9220 | lda:concat_trunk@22_branch 0.9298 | klda:concat_trunk@22_branch 0.9293 | seq_newrows:branch 0.3391 | seq_newrows_wa:branch 0.6993
== final (all routes) | avg incremental | session-1 routes | later routes
   lda:concat_trunk@22_branch               0.9298 | 0.9578 | 0.9347 | 0.9273
   klda:concat_trunk@22_branch              0.9293 | 0.9570 | 0.9333 | 0.9273
   lda:concat_trunk@11_branch               0.9278 | 0.9532 | 0.9287 | 0.9273
   klda:concat_trunk@11_branch              0.9220 | 0.9500 | 0.9287 | 0.9187
   lda:branch                               0.9180 | 0.9460 | 0.9193 | 0.9173
   klda:branch                              0.9149 | 0.9442 | 0.9233 | 0.9107
   lda:trunk@11                             0.9147 | 0.9446 | 0.9240 | 0.9100
   klda:trunk@11                            0.9100 | 0.9418 | 0.9140 | 0.9080
   klda:trunk@22                            0.9093 | 0.9398 | 0.9147 | 0.9067
   lda:trunk@22                             0.9084 | 0.9407 | 0.9140 | 0.9057
   seq_newrows_wa:branch                    0.6993 | 0.8043 | 0.5653 | 0.7663
   seq_newrows:branch                       0.3391 | 0.4450 | 0.0000 | 0.5087
   reference: joint blocks branch on all 150 routes: 0.9429 (102s)
done in 253.4s -> results/tarski/explore_lit_aper_branch.json
