[    1.5s] == confidence head on typed-decisions: 1080/120/400 messages (train/val/test), tasks: agent_trace_observability.action(4), agent_trace_observability.needs_review(2), agent_trace_observability.outcome(4), agent_trace_observability.risk(4), agent_trace_observability.urgency(4), customer_service.action(5), customer_service.category(5), customer_service.churn_risk(4), customer_service.needs_human(2), customer_service.urgency(4), invoice_processing.discrepancy_severity(4), invoice_processing.disposition(4), invoice_processing.duplicate(2), invoice_processing.matches_order(2), invoice_processing.urgency(4), security_incidents.credential_compromise(2), security_incidents.disposition(4), security_incidents.severity(5), security_incidents.true_positive(2), security_incidents.urgency(4) | base answerdotai/ModernBERT-base on cuda | main blocks@14+2, probes [6, 14, 22], folds 0
[    8.9s]    cached 1600 messages at [6, 14, 22] in 7.2s (1678 MB)
[    8.9s] -- agent_trace_observability.action (4 options, 274 train, 26 val)
[   20.1s]       blocks: 34 epochs, 306 steps, 11.2s, val acc 0.769, T=1.00
[   23.3s]       probe: 34 epochs, 306 steps, 3.1s, val acc 0.654, T=1.00
[   26.5s]       probe: 34 epochs, 306 steps, 3.2s, val acc 0.615, T=1.00
[   29.6s]       probe: 34 epochs, 306 steps, 3.1s, val acc 0.769, T=1.00
[   29.7s]    main test acc 0.7000
[   29.9s] -- agent_trace_observability.needs_review (2 options, 274 train, 26 val)
[   41.1s]       blocks: 34 epochs, 306 steps, 11.2s, val acc 0.846, T=1.00
[   44.3s]       probe: 34 epochs, 306 steps, 3.2s, val acc 0.769, T=1.00
[   47.7s]       probe: 34 epochs, 306 steps, 3.4s, val acc 0.731, T=1.00
[   51.0s]       probe: 34 epochs, 306 steps, 3.3s, val acc 0.769, T=1.00
[   51.1s]    main test acc 0.8900
[   51.3s] -- agent_trace_observability.outcome (4 options, 274 train, 26 val)
[   62.1s]       blocks: 34 epochs, 306 steps, 10.8s, val acc 0.962, T=1.00
[   64.0s]       probe: 34 epochs, 306 steps, 1.9s, val acc 0.654, T=1.00
[   65.9s]       probe: 34 epochs, 306 steps, 1.9s, val acc 0.654, T=1.00
[   67.6s]       probe: 34 epochs, 306 steps, 1.7s, val acc 0.731, T=1.00
[   67.7s]    main test acc 0.7000
[   67.9s] -- agent_trace_observability.risk (4 options, 274 train, 26 val)
[   75.1s]       blocks: 34 epochs, 306 steps, 7.1s, val acc 0.962, T=1.00
[   77.0s]       probe: 34 epochs, 306 steps, 1.9s, val acc 0.500, T=1.00
[   79.0s]       probe: 34 epochs, 306 steps, 2.0s, val acc 0.500, T=1.00
[   82.2s]       probe: 34 epochs, 306 steps, 3.2s, val acc 0.577, T=1.00
[   82.4s]    main test acc 0.8000
[   82.5s] -- agent_trace_observability.urgency (4 options, 274 train, 26 val)
[   94.0s]       blocks: 34 epochs, 306 steps, 11.5s, val acc 0.808, T=1.00
[   97.3s]       probe: 34 epochs, 306 steps, 3.2s, val acc 0.654, T=1.00
[  100.5s]       probe: 34 epochs, 306 steps, 3.2s, val acc 0.615, T=1.00
[  103.8s]       probe: 34 epochs, 306 steps, 3.3s, val acc 0.577, T=1.00
[  104.0s]    main test acc 0.6400
[  104.2s] -- customer_service.action (5 options, 269 train, 31 val)
[  132.5s]       blocks: 34 epochs, 306 steps, 28.3s, val acc 0.677, T=0.79
[  137.6s]       probe: 34 epochs, 306 steps, 5.2s, val acc 0.548, T=0.66
[  142.9s]       probe: 34 epochs, 306 steps, 5.2s, val acc 0.548, T=0.67
[  148.0s]       probe: 34 epochs, 306 steps, 5.2s, val acc 0.677, T=0.57
[  148.5s]    main test acc 0.6700
[  148.7s] -- customer_service.category (5 options, 269 train, 31 val)
[  180.0s]       blocks: 34 epochs, 306 steps, 31.3s, val acc 0.774, T=0.99
[  185.4s]       probe: 34 epochs, 306 steps, 5.4s, val acc 0.581, T=0.41
[  190.6s]       probe: 34 epochs, 306 steps, 5.2s, val acc 0.548, T=0.48
[  196.0s]       probe: 34 epochs, 306 steps, 5.4s, val acc 0.710, T=0.56
[  196.5s]    main test acc 0.9000
[  196.7s] -- customer_service.churn_risk (4 options, 269 train, 31 val)
[  227.7s]       blocks: 34 epochs, 306 steps, 31.0s, val acc 0.839, T=0.40
[  232.8s]       probe: 34 epochs, 306 steps, 5.1s, val acc 0.548, T=0.31
[  238.0s]       probe: 34 epochs, 306 steps, 5.2s, val acc 0.581, T=0.47
[  243.0s]       probe: 34 epochs, 306 steps, 5.0s, val acc 0.677, T=0.34
[  243.5s]    main test acc 0.8000
[  243.6s] -- customer_service.needs_human (2 options, 269 train, 31 val)
[  266.6s]       blocks: 34 epochs, 306 steps, 23.0s, val acc 0.710, T=0.62
[  270.1s]       probe: 34 epochs, 306 steps, 3.4s, val acc 0.742, T=0.33
[  273.6s]       probe: 34 epochs, 306 steps, 3.6s, val acc 0.677, T=0.43
[  278.7s]       probe: 34 epochs, 306 steps, 5.1s, val acc 0.806, T=nan
[  279.2s]    main test acc 0.8600
[  279.4s] -- customer_service.urgency (4 options, 269 train, 31 val)
[  310.9s]       blocks: 34 epochs, 306 steps, 31.5s, val acc 0.710, T=0.65
[  316.1s]       probe: 34 epochs, 306 steps, 5.2s, val acc 0.452, T=0.60
[  321.4s]       probe: 34 epochs, 306 steps, 5.3s, val acc 0.516, T=0.60
[  326.7s]       probe: 34 epochs, 306 steps, 5.3s, val acc 0.645, T=0.52
[  327.1s]    main test acc 0.7500
[  327.4s] -- invoice_processing.discrepancy_severity (4 options, 259 train, 41 val)
[  357.9s]       blocks: 34 epochs, 306 steps, 30.5s, val acc 0.561, T=1.49
[  362.6s]       probe: 34 epochs, 306 steps, 4.7s, val acc 0.317, T=0.87
[  367.5s]       probe: 34 epochs, 306 steps, 5.0s, val acc 0.341, T=0.84
[  372.4s]       probe: 34 epochs, 306 steps, 4.9s, val acc 0.341, T=0.67
[  372.8s]    main test acc 0.6400
[  373.0s] -- invoice_processing.disposition (4 options, 259 train, 41 val)
[  403.5s]       blocks: 34 epochs, 306 steps, 30.5s, val acc 0.561, T=1.42
[  407.3s]       probe: 34 epochs, 306 steps, 3.9s, val acc 0.317, T=1.10
[  410.3s]       probe: 34 epochs, 306 steps, 2.9s, val acc 0.439, T=0.96
[  413.3s]       probe: 34 epochs, 306 steps, 3.0s, val acc 0.463, T=0.91
[  413.5s]    main test acc 0.7000
[  413.7s] -- invoice_processing.duplicate (2 options, 259 train, 41 val)
[  443.1s]       blocks: 34 epochs, 306 steps, 29.4s, val acc 0.878, T=1.00
[  448.1s]       probe: 34 epochs, 306 steps, 5.0s, val acc 0.878, T=1.18
[  451.4s]       probe: 34 epochs, 306 steps, 3.3s, val acc 0.878, T=1.12
[  454.8s]       probe: 34 epochs, 306 steps, 3.5s, val acc 0.878, T=1.10
[  455.2s]    main test acc 0.9000
[  455.4s] -- invoice_processing.matches_order (2 options, 259 train, 41 val)
[  482.8s]       blocks: 34 epochs, 306 steps, 27.4s, val acc 0.829, T=1.07
[  487.6s]       probe: 34 epochs, 306 steps, 4.8s, val acc 0.610, T=0.67
[  492.3s]       probe: 34 epochs, 306 steps, 4.7s, val acc 0.634, T=0.82
[  495.5s]       probe: 34 epochs, 306 steps, 3.2s, val acc 0.659, T=nan
[  495.8s]    main test acc 0.9300
[  496.0s] -- invoice_processing.urgency (4 options, 259 train, 41 val)
[  520.4s]       blocks: 34 epochs, 306 steps, 24.4s, val acc 0.878, T=0.24
[  525.0s]       probe: 34 epochs, 306 steps, 4.6s, val acc 0.634, T=0.32
[  529.6s]       probe: 34 epochs, 306 steps, 4.5s, val acc 0.634, T=0.35
[  534.1s]       probe: 34 epochs, 306 steps, 4.6s, val acc 0.805, T=0.24
[  534.5s]    main test acc 0.7300
[  534.7s] -- security_incidents.credential_compromise (2 options, 278 train, 22 val)
[  550.8s]       blocks: 34 epochs, 306 steps, 16.1s, val acc 0.864, T=1.00
[  554.1s]       probe: 34 epochs, 306 steps, 3.3s, val acc 0.636, T=1.00
[  559.0s]       probe: 34 epochs, 306 steps, 4.9s, val acc 0.500, T=1.00
[  563.9s]       probe: 34 epochs, 306 steps, 4.9s, val acc 0.636, T=1.00
[  564.2s]    main test acc 0.7600
[  564.3s] -- security_incidents.disposition (4 options, 278 train, 22 val)
[  586.3s]       blocks: 34 epochs, 306 steps, 22.0s, val acc 0.773, T=1.00
[  589.1s]       probe: 34 epochs, 306 steps, 2.8s, val acc 0.727, T=1.00
[  591.8s]       probe: 34 epochs, 306 steps, 2.7s, val acc 0.727, T=1.00
[  594.5s]       probe: 34 epochs, 306 steps, 2.7s, val acc 0.727, T=1.00
[  594.7s]    main test acc 0.7500
[  594.9s] -- security_incidents.severity (5 options, 278 train, 22 val)
[  621.0s]       blocks: 34 epochs, 306 steps, 26.2s, val acc 0.955, T=1.00
[  625.9s]       probe: 34 epochs, 306 steps, 4.9s, val acc 0.636, T=1.00
[  628.7s]       probe: 34 epochs, 306 steps, 2.8s, val acc 0.727, T=1.00
[  631.4s]       probe: 34 epochs, 306 steps, 2.7s, val acc 0.773, T=1.00
[  631.6s]    main test acc 0.7300
[  631.9s] -- security_incidents.true_positive (2 options, 278 train, 22 val)
[  653.0s]       blocks: 34 epochs, 306 steps, 21.1s, val acc 0.864, T=1.00
[  657.5s]       probe: 34 epochs, 306 steps, 4.5s, val acc 0.727, T=1.00
[  662.1s]       probe: 34 epochs, 306 steps, 4.7s, val acc 0.773, T=1.00
[  666.8s]       probe: 34 epochs, 306 steps, 4.6s, val acc 0.818, T=1.00
[  667.0s]    main test acc 0.8100
[  667.2s] -- security_incidents.urgency (4 options, 278 train, 22 val)
[  683.3s]       blocks: 34 epochs, 306 steps, 16.1s, val acc 0.682, T=1.00
[  687.8s]       probe: 34 epochs, 306 steps, 4.5s, val acc 0.591, T=1.00
[  692.7s]       probe: 34 epochs, 306 steps, 4.9s, val acc 0.591, T=1.00
[  697.5s]       probe: 34 epochs, 306 steps, 4.8s, val acc 0.591, T=1.00
[  697.8s]    main test acc 0.6600
[  698.0s]    branches trained in 689s
[  701.4s] == val->test: 600 head-training rows -> 2000 test rows (acc 0.766)
[  701.4s]    msp_T1             auroc 0.759 ece 0.134 acc@80 0.833 aurc 0.104
[  701.4s]    msp_Thard          auroc 0.750 ece 0.110 acc@80 0.823 aurc 0.107
[  701.4s]    probe_deep_maxp    auroc 0.652 ece 0.248 acc@80 0.797 aurc 0.148
[  701.4s]    lr[all]            auroc 0.705 ece 0.038 acc@80 0.813 aurc 0.121
[  701.4s]    mlp[all]           auroc 0.687 ece 0.176 acc@80 0.810 aurc 0.132
[  701.4s]    lr[msp]            auroc 0.752 ece 0.054 acc@80 0.820 aurc 0.106
[  701.4s]    mlp[msp]           auroc 0.747 ece 0.042 acc@80 0.823 aurc 0.107
[  701.4s]    lr[msp+qtype]      auroc 0.738 ece 0.043 acc@80 0.818 aurc 0.110
[  701.4s]    lr[no_bundle]      auroc 0.708 ece 0.048 acc@80 0.815 aurc 0.120
[  701.4s]    lr[no_depth]       auroc 0.717 ece 0.037 acc@80 0.811 aurc 0.116
[  708.6s] == leave-one-workflow-out (head never saw the workflow's decisions): AUROC per workflow
[  708.6s]    agent_trace_observability    msp_Thard 0.766 | lr[all] 0.603 lr[msp] 0.744 mlp[all] 0.622
[  708.6s]    customer_service             msp_Thard 0.746 | lr[all] 0.674 lr[msp] 0.710 mlp[all] 0.595
[  708.6s]    invoice_processing           msp_Thard 0.824 | lr[all] 0.805 lr[msp] 0.829 mlp[all] 0.728
[  708.6s]    security_incidents           msp_Thard 0.708 | lr[all] 0.688 lr[msp] 0.688 mlp[all] 0.651
[  708.8s] done
