[    6.2s] == dec trunk jhu-clsp/ettin-decoder-150m on cuda: 22 layers, hidden 768
[    7.2s]    causal trunk vs stock forward: max abs diff 0.00e+00
[   19.0s] == [dec_causal] banking77: 8994/999/3076 messages (train/val/test), tasks: intent(77) | cached [6, 11, 14, 16, 22] in 10.1s
[   76.8s]    [dec_causal] banking77 probe@6|mean: mean acc 0.7786
[  115.9s]    [dec_causal] banking77 probe@6|last: mean acc 0.4951
[  188.9s]    [dec_causal] banking77 probe@11|mean: mean acc 0.6668
[  235.0s]    [dec_causal] banking77 probe@11|last: mean acc 0.4516
[  292.0s]    [dec_causal] banking77 probe@16|mean: mean acc 0.6131
[  331.7s]    [dec_causal] banking77 probe@16|last: mean acc 0.4275
[  395.0s]    [dec_causal] banking77 probe@22|mean: mean acc 0.5754
[  440.9s]    [dec_causal] banking77 probe@22|last: mean acc 0.4798
[  479.3s]    [dec_causal] banking77 blocks@14+2|last: mean acc 0.7155
[  512.8s]    [dec_causal] banking77 blocks@14+2|mean: mean acc 0.7136
[  526.6s] == [dec_causal] clinc150: 15250/3100/5500 messages (train/val/test), tasks: intent(151) | cached [6, 11, 16, 22] in 12.4s
[  592.9s]    [dec_causal] clinc150 probe@6|mean: mean acc 0.7787
[  755.0s]    [dec_causal] clinc150 probe@6|last: mean acc 0.5918
[  893.6s]    [dec_causal] clinc150 probe@11|mean: mean acc 0.6845
[  954.1s]    [dec_causal] clinc150 probe@11|last: mean acc 0.5805
[ 1013.8s]    [dec_causal] clinc150 probe@16|mean: mean acc 0.6273
[ 1047.2s]    [dec_causal] clinc150 probe@16|last: mean acc 0.5291
[ 1125.1s]    [dec_causal] clinc150 probe@22|mean: mean acc 0.5653
[ 1183.2s]    [dec_causal] clinc150 probe@22|last: mean acc 0.5767
[ 1224.0s]    [dec_causal] clinc150 blocks@11+2|last: mean acc 0.7084
[ 1256.0s]    [dec_causal] clinc150 blocks@11+2|mean: mean acc 0.7104
[ 1258.6s] == [dec_causal] typed-cs: 269/31/100 messages (train/val/test), tasks: customer_service.action(5), customer_service.category(5), customer_service.churn_risk(4), customer_service.needs_human(2), customer_service.urgency(4) | cached [6, 11, 14, 16, 22] in 1.6s
[ 1276.0s]    [dec_causal] typed-cs probe@6|mean: mean acc 0.6580
[ 1298.7s]    [dec_causal] typed-cs probe@6|last: mean acc 0.5060
[ 1323.7s]    [dec_causal] typed-cs probe@11|mean: mean acc 0.5360
[ 1348.9s]    [dec_causal] typed-cs probe@11|last: mean acc 0.5240
[ 1374.3s]    [dec_causal] typed-cs probe@16|mean: mean acc 0.6180
[ 1393.7s]    [dec_causal] typed-cs probe@16|last: mean acc 0.4680
[ 1410.1s]    [dec_causal] typed-cs probe@22|mean: mean acc 0.5680
[ 1426.3s]    [dec_causal] typed-cs probe@22|last: mean acc 0.4580
[ 1534.7s]    [dec_causal] typed-cs blocks@14+2|last: mean acc 0.4760
[ 1647.8s]    [dec_causal] typed-cs blocks@14+2|mean: mean acc 0.6520
[ 1648.0s] done
