Warning: You are sending unauthenticated requests to the HF Hub. Please set a HF_TOKEN to enable higher rate limits and faster downloads.
Loading weights:   0%|          | 0/134 [00:00<?, ?it/s]Loading weights: 100%|██████████| 134/134 [00:00<00:00, 5796.17it/s]
[    3.9s] == trunk swap: gte (Alibaba-NLP/gte-modernbert-base) on cuda, 22 layers, hidden 768
[   14.9s] == banking77: 8994/999/3076 messages (train/val/test), tasks: intent(77) | cached [4, 8, 11, 14, 18, 22] in 9.5s (1874 MB)
[   14.9s] -- banking77 probe@4
[   46.6s]       probe: 10 epochs, 2820 steps, 31.7s, val acc 0.920, T=1.04
[   47.0s]    probe@4: mean acc 0.9057
[   47.0s] -- banking77 probe@8
[   84.6s]       probe: 12 epochs, 3384 steps, 37.6s, val acc 0.924, T=1.13
[   85.0s]    probe@8: mean acc 0.9184
[   85.0s] -- banking77 probe@11
[  123.1s]       probe: 12 epochs, 3384 steps, 38.1s, val acc 0.925, T=1.16
[  123.6s]    probe@11: mean acc 0.9200
[  123.6s] -- banking77 probe@14
[  136.9s]       probe: 10 epochs, 2820 steps, 13.4s, val acc 0.919, T=1.04
[  137.2s]    probe@14: mean acc 0.9099
[  137.2s] -- banking77 probe@18
[  151.7s]       probe: 11 epochs, 3102 steps, 14.5s, val acc 0.926, T=1.16
[  152.0s]    probe@18: mean acc 0.9122
[  152.0s] -- banking77 probe@22
[  168.2s]       probe: 11 epochs, 3102 steps, 16.2s, val acc 0.933, T=1.48
[  168.6s]    probe@22: mean acc 0.9340
[  168.6s] -- banking77 blocks@14+2
[  186.4s]       blocks: 6 epochs, 1692 steps, 17.8s, val acc 0.942, T=1.20
[  186.8s]    blocks@14+2: mean acc 0.9298
[  186.8s] -- banking77 blocks@18+1
[  200.1s]       blocks: 6 epochs, 1692 steps, 13.2s, val acc 0.946, T=1.22
[  200.5s]    blocks@18+1: mean acc 0.9389
[  201.0s]    zero-shot [name] best name|cls|depth22: acc 0.6352
[  201.0s]    zero-shot [name] native pooling at the top (name|cls|depth22): acc 0.6352
[  201.5s]    zero-shot [about] best about|cls|depth22: acc 0.6502
[  201.5s]    zero-shot [about] native pooling at the top (about|cls|depth22): acc 0.6502
[  211.8s] == clinc150: 15250/3100/5500 messages (train/val/test), tasks: intent(151) | cached [4, 8, 11, 14, 18, 22] in 8.8s (2448 MB)
[  211.8s] -- clinc150 probe@4
[  243.6s]       probe: 13 epochs, 6201 steps, 31.8s, val acc 0.949, T=1.16
[  244.0s]    probe@4: mean acc 0.8838
[  244.0s] -- clinc150 probe@8
[  271.0s]       probe: 11 epochs, 5247 steps, 27.0s, val acc 0.960, T=1.12
[  271.4s]    probe@8: mean acc 0.8929
[  271.4s] -- clinc150 probe@11
[  304.0s]       probe: 10 epochs, 4770 steps, 32.6s, val acc 0.966, T=1.06
[  304.4s]    probe@11: mean acc 0.8945
[  304.4s] -- clinc150 probe@14
[  345.4s]       probe: 13 epochs, 6201 steps, 41.0s, val acc 0.968, T=1.16
[  345.9s]    probe@14: mean acc 0.8984
[  345.9s] -- clinc150 probe@18
[  376.2s]       probe: 10 epochs, 4770 steps, 30.2s, val acc 0.966, T=1.11
[  376.6s]    probe@18: mean acc 0.8967
[  376.6s] -- clinc150 probe@22
[  423.4s]       probe: 19 epochs, 9063 steps, 46.8s, val acc 0.959, T=1.48
[  423.9s]    probe@22: mean acc 0.9049
[  423.9s] -- clinc150 blocks@11+2
[  459.8s]       blocks: 6 epochs, 2862 steps, 35.8s, val acc 0.968, T=1.25
[  460.3s]    blocks@11+2: mean acc 0.9042
[  461.4s]    zero-shot [name] best name|cls|depth22: acc 0.7071, oos auroc 0.911
[  461.4s]    zero-shot [name] native pooling at the top (name|cls|depth22): acc 0.7071
[  462.5s]    zero-shot [about] best about|cls|depth22: acc 0.7109, oos auroc 0.917
[  462.5s]    zero-shot [about] native pooling at the top (about|cls|depth22): acc 0.7109
[  464.7s] == typed-cs: 269/31/100 messages (train/val/test), tasks: customer_service.action(5), customer_service.category(5), customer_service.churn_risk(4), customer_service.needs_human(2), customer_service.urgency(4) | cached [6, 14, 22] in 1.3s (507 MB)
[  464.7s] -- typed-cs probe@6
[  468.1s]       probe: 34 epochs, 306 steps, 3.4s, val acc 0.581, T=0.65
[  471.9s]       probe: 34 epochs, 306 steps, 3.6s, val acc 0.710, T=0.48
[  475.8s]       probe: 34 epochs, 306 steps, 3.6s, val acc 0.613, T=0.24
[  479.5s]       probe: 34 epochs, 306 steps, 3.5s, val acc 0.742, T=nan
[  483.2s]       probe: 34 epochs, 306 steps, 3.4s, val acc 0.548, T=0.52
[  483.4s]    probe@6: mean acc 0.6380
[  483.4s] -- typed-cs probe@14
[  486.9s]       probe: 34 epochs, 306 steps, 3.5s, val acc 0.581, T=0.60
[  490.7s]       probe: 34 epochs, 306 steps, 3.5s, val acc 0.774, T=0.56
[  494.3s]       probe: 34 epochs, 306 steps, 3.4s, val acc 0.839, T=0.29
[  497.8s]       probe: 34 epochs, 306 steps, 3.3s, val acc 0.774, T=0.05
[  501.3s]       probe: 34 epochs, 306 steps, 3.1s, val acc 0.774, T=0.41
[  501.5s]    probe@14: mean acc 0.7700
[  501.5s] -- typed-cs probe@22
[  504.5s]       probe: 34 epochs, 306 steps, 2.9s, val acc 0.548, T=0.95
[  507.9s]       probe: 34 epochs, 306 steps, 3.2s, val acc 0.903, T=0.18
[  511.2s]       probe: 34 epochs, 306 steps, 3.0s, val acc 0.742, T=0.36
[  514.6s]       probe: 34 epochs, 306 steps, 3.1s, val acc 0.710, T=0.56
[  517.9s]       probe: 34 epochs, 306 steps, 3.1s, val acc 0.581, T=0.69
[  518.1s]    probe@22: mean acc 0.6960
[  518.1s] -- typed-cs blocks@14+2
[  538.5s]       blocks: 34 epochs, 306 steps, 20.3s, val acc 0.613, T=0.76
[  559.3s]       blocks: 34 epochs, 306 steps, 20.5s, val acc 0.903, T=0.51
[  580.2s]       blocks: 34 epochs, 306 steps, 20.5s, val acc 0.871, T=0.30
[  601.2s]       blocks: 34 epochs, 306 steps, 20.6s, val acc 0.677, T=0.71
[  621.9s]       blocks: 34 epochs, 306 steps, 20.2s, val acc 0.710, T=0.47
[  622.2s]    blocks@14+2: mean acc 0.8080
[  622.4s] done
