Loading weights:   0%|          | 0/134 [00:00<?, ?it/s]Loading weights: 100%|██████████| 134/134 [00:00<00:00, 5877.20it/s]
Using the latest cached version of the dataset since LocalLLaMA/typed-decisions couldn't be found on the Hugging Face Hub (offline mode is enabled).
Found the latest cached dataset configuration 'all' at /home/ubuntu/.cache/huggingface/datasets/LocalLLaMA___typed-decisions/all/0.0.0/f7a2487edd7a043a5441a5e9ccc7fe5ddbd9ebe8 (last modified on Sun Sep 27 22:52:09 2026).
Using the latest cached version of the dataset since LocalLLaMA/typed-decisions couldn't be found on the Hugging Face Hub (offline mode is enabled).
Found the latest cached dataset configuration 'all' at /home/ubuntu/.cache/huggingface/datasets/LocalLLaMA___typed-decisions/all/0.0.0/f7a2487edd7a043a5441a5e9ccc7fe5ddbd9ebe8 (last modified on Sun Sep 27 22:52:09 2026).
== typed-decisions: 1080/120/400 messages (train/val/test), tasks: agent_trace_observability.action(4), agent_trace_observability.needs_review(2), agent_trace_observability.outcome(4), agent_trace_observability.risk(4), agent_trace_observability.urgency(4), customer_service.action(5), customer_service.category(5), customer_service.churn_risk(4), customer_service.needs_human(2), customer_service.urgency(4), invoice_processing.discrepancy_severity(4), invoice_processing.disposition(4), invoice_processing.duplicate(2), invoice_processing.matches_order(2), invoice_processing.urgency(4), security_incidents.credential_compromise(2), security_incidents.disposition(4), security_incidents.severity(5), security_incidents.true_positive(2), security_incidents.urgency(4) | split 11 | trunk depths cached [11, 12, 13, 14] | cuda
  exactness: stream@11+2 vs trunk CLS at depth 13: max rel err 8.41e-08 (seq len 135)
  fused kvq (r=4) vs loop: max abs diff 1.67e-06
  cached depths [11, 12, 13, 14] for 1600 messages in 7.9s (2237 MB)
  kvq batches are assembled from a copy of the cache on cuda
  probe seed 0: mean acc 0.6265 action=0.55 needs_revi=0.80 outcome=0.39 risk=0.44 urgency=0.39 action=0.61
-- probe: mean acc 0.6265 (+-0.0000 over seeds) F1 0.4391 ECE 0.136 | 0.00M trainable | 0.000 GFLOP/decision at L=239 | trunk to 11 | 152s
  kvq:2:1 seed 0: mean acc 0.6780 action=0.64 needs_revi=0.86 outcome=0.62 risk=0.80 urgency=0.71 action=0.60
-- kvq:2:1: mean acc 0.6780 (+-0.0000 over seeds) F1 0.5348 ECE 0.142 | 10.03M trainable | 0.022 GFLOP/decision at L=239 | trunk to 12 | 276s
  kvq:2:4 seed 0: mean acc 0.7360 action=0.66 needs_revi=0.85 outcome=0.70 risk=0.82 urgency=0.63 action=0.61
-- kvq:2:4: mean acc 0.7360 (+-0.0000 over seeds) F1 0.5931 ECE 0.155 | 10.04M trainable | 0.086 GFLOP/decision at L=239 | trunk to 12 | 287s
  kvq:4:4 seed 0: mean acc 0.7370 action=0.68 needs_revi=0.85 outcome=0.73 risk=0.79 urgency=0.66 action=0.58
-- kvq:4:4: mean acc 0.7370 (+-0.0000 over seeds) F1 0.5997 ECE 0.160 | 20.07M trainable | 0.172 GFLOP/decision at L=239 | trunk to 14 | 421s
  kvq:4:4:frozen seed 0: mean acc 0.7120 action=0.54 needs_revi=0.87 outcome=0.66 risk=0.78 urgency=0.67 action=0.56
-- kvq:4:4:frozen: mean acc 0.7120 (+-0.0000 over seeds) F1 0.5494 ECE 0.161 | 0.01M trainable | 0.172 GFLOP/decision at L=239 | trunk to 14 | 356s
  kvq:4:4:global seed 0: mean acc 0.7285 action=0.67 needs_revi=0.85 outcome=0.72 risk=0.82 urgency=0.61 action=0.55
-- kvq:4:4:global: mean acc 0.7285 (+-0.0000 over seeds) F1 0.5851 ECE 0.153 | 20.07M trainable | 0.172 GFLOP/decision at L=239 | trunk to 14 | 357s
  latency median_len_message (299 tok) N=1: {"probe": 19.88, "blocks:2 (fused)": 19.85, "kvq:2:1 (fused)": 21.44, "kvq:2:4 (fused)": 22.44, "kvq:4:4 (fused)": 26.84, "trunk only to k": 18.86}
  latency median_len_message (299 tok) N=5: {"probe": 20.57, "blocks:2 (fused)": 20.57, "kvq:2:1 (fused)": 23.12, "kvq:2:4 (fused)": 22.69, "kvq:4:4 (fused)": 27.19, "trunk only to k": 20.16}
  latency median_len_message (299 tok) N=20: {"probe": 22.0, "blocks:2 (fused)": 30.0, "kvq:2:1 (fused)": 24.51, "kvq:2:4 (fused)": 25.03, "kvq:4:4 (fused)": 32.79, "trunk only to k": 16.79}
  latency short (12 tok) N=1: {"probe": 19.65, "blocks:2 (fused)": 19.6, "kvq:2:1 (fused)": 21.67, "kvq:2:4 (fused)": 22.7, "kvq:4:4 (fused)": 27.48, "trunk only to k": 18.37}
  latency short (12 tok) N=5: {"probe": 18.63, "blocks:2 (fused)": 19.82, "kvq:2:1 (fused)": 21.35, "kvq:2:4 (fused)": 21.25, "kvq:4:4 (fused)": 25.78, "trunk only to k": 16.91}
  latency short (12 tok) N=20: {"probe": 21.4, "blocks:2 (fused)": 21.93, "kvq:2:1 (fused)": 23.88, "kvq:2:4 (fused)": 23.48, "kvq:4:4 (fused)": 29.77, "trunk only to k": 17.6}
== summary (mean acc over tasks and seeds)
  probe              acc 0.6265  F1 0.4391  ECE 0.136  params   0.00M  GFLOP/decision 0.000
  kvq:2:1            acc 0.6780  F1 0.5348  ECE 0.142  params  10.03M  GFLOP/decision 0.022
  kvq:2:4            acc 0.7360  F1 0.5931  ECE 0.155  params  10.04M  GFLOP/decision 0.086
  kvq:4:4            acc 0.7370  F1 0.5997  ECE 0.160  params  20.07M  GFLOP/decision 0.172
  kvq:4:4:frozen     acc 0.7120  F1 0.5494  ECE 0.161  params   0.01M  GFLOP/decision 0.172
  kvq:4:4:global     acc 0.7285  F1 0.5851  ECE 0.153  params  20.07M  GFLOP/decision 0.172
done
