Warning: You are sending unauthenticated requests to the HF Hub. Please set a HF_TOKEN to enable higher rate limits and faster downloads.
Loading weights:   0%|          | 0/134 [00:00<?, ?it/s]Loading weights: 100%|██████████| 134/134 [00:00<00:00, 5906.73it/s]
Using the latest cached version of the dataset since LocalLLaMA/typed-decisions couldn't be found on the Hugging Face Hub (offline mode is enabled).
Found the latest cached dataset configuration 'all' at /home/ubuntu/.cache/huggingface/datasets/LocalLLaMA___typed-decisions/all/0.0.0/f7a2487edd7a043a5441a5e9ccc7fe5ddbd9ebe8 (last modified on Sun Sep 27 22:52:09 2026).
Using the latest cached version of the dataset since LocalLLaMA/typed-decisions couldn't be found on the Hugging Face Hub (offline mode is enabled).
Found the latest cached dataset configuration 'all' at /home/ubuntu/.cache/huggingface/datasets/LocalLLaMA___typed-decisions/all/0.0.0/f7a2487edd7a043a5441a5e9ccc7fe5ddbd9ebe8 (last modified on Sun Sep 27 22:52:09 2026).
== typed-decisions: split 11, 1600 messages, cached in 3s
INFO: You are downloading 'tabicl-classifier-v2-20260212.ckpt', the latest best-performing version, used in our TabICLv2 paper.

Checkpoint 'tabicl-classifier-v2-20260212.ckpt' not cached.
 Downloading from Hugging Face Hub (jingang/TabICL).

   [agent_trace_observability.action] n=   16: tabicl 0.325/0.220 | logreg_pca 0.310/0.093 | logreg 0.260/0.294 | lda 0.305/0.263 | knn 0.330/0.285 | probe 0.375/0.156   (acc/ECE, random-selection mean)
   [agent_trace_observability.action] n=   32: tabicl 0.415/0.203 | logreg_pca 0.415/0.108 | logreg 0.360/0.255 | lda 0.385/0.254 | knn 0.375/0.216 | probe 0.445/0.089   (acc/ECE, random-selection mean)
   [agent_trace_observability.action] n=   64: tabicl 0.535/0.162 | logreg_pca 0.515/0.122 | logreg 0.445/0.152 | lda 0.530/0.111 | knn 0.405/0.224 | probe 0.500/0.084   (acc/ECE, random-selection mean)
   [agent_trace_observability.action] n=  128: tabicl 0.565/0.156 | logreg_pca 0.600/0.131 | logreg 0.535/0.166 | lda 0.470/0.154 | knn 0.380/0.213 | probe 0.510/0.120   (acc/ECE, random-selection mean)
   [agent_trace_observability.action] n=  274: tabicl 0.560/0.211 | logreg_pca 0.590/0.160 | logreg 0.630/0.107 | lda 0.480/0.155 | knn 0.400/0.202 | probe 0.550/0.130   (acc/ECE, random-selection mean)
   [agent_trace_observability.needs_review] n=   16: tabicl 0.640/0.118 | logreg_pca 0.625/0.064 | logreg 0.660/0.124 | lda 0.625/0.166 | knn 0.580/0.111 | probe 0.625/0.123   (acc/ECE, random-selection mean)
   [agent_trace_observability.needs_review] n=   32: tabicl 0.625/0.113 | logreg_pca 0.675/0.106 | logreg 0.740/0.080 | lda 0.750/0.113 | knn 0.555/0.111 | probe 0.730/0.100   (acc/ECE, random-selection mean)
   [agent_trace_observability.needs_review] n=   64: tabicl 0.735/0.082 | logreg_pca 0.765/0.064 | logreg 0.765/0.096 | lda 0.810/0.070 | knn 0.590/0.094 | probe 0.805/0.176   (acc/ECE, random-selection mean)
   [agent_trace_observability.needs_review] n=  128: tabicl 0.815/0.074 | logreg_pca 0.820/0.123 | logreg 0.815/0.077 | lda 0.830/0.080 | knn 0.585/0.096 | probe 0.805/0.182   (acc/ECE, random-selection mean)
   [agent_trace_observability.needs_review] n=  274: tabicl 0.840/0.056 | logreg_pca 0.840/0.135 | logreg 0.800/0.100 | lda 0.850/0.072 | knn 0.550/0.148 | probe 0.810/0.195   (acc/ECE, random-selection mean)
   [agent_trace_observability.outcome] n=   16: tabicl 0.345/0.149 | logreg_pca 0.420/0.084 | logreg 0.345/0.247 | lda 0.365/0.284 | knn 0.300/0.271 | probe 0.380/0.161   (acc/ECE, random-selection mean)
   [agent_trace_observability.outcome] n=   32: tabicl 0.390/0.213 | logreg_pca 0.440/0.107 | logreg 0.435/0.225 | lda 0.470/0.254 | knn 0.270/0.216 | probe 0.375/0.106   (acc/ECE, random-selection mean)
   [agent_trace_observability.outcome] n=   64: tabicl 0.560/0.163 | logreg_pca 0.565/0.117 | logreg 0.540/0.131 | lda 0.575/0.132 | knn 0.405/0.172 | probe 0.450/0.059   (acc/ECE, random-selection mean)
   [agent_trace_observability.outcome] n=  128: tabicl 0.610/0.115 | logreg_pca 0.575/0.097 | logreg 0.655/0.105 | lda 0.590/0.121 | knn 0.325/0.226 | probe 0.415/0.098   (acc/ECE, random-selection mean)
   [agent_trace_observability.outcome] n=  274: tabicl 0.650/0.127 | logreg_pca 0.600/0.146 | logreg 0.620/0.147 | lda 0.610/0.080 | knn 0.370/0.170 | probe 0.410/0.052   (acc/ECE, random-selection mean)
   [agent_trace_observability.risk] n=   16: tabicl 0.330/0.167 | logreg_pca 0.305/0.154 | logreg 0.350/0.259 | lda 0.315/0.377 | knn 0.330/0.172 | probe 0.360/0.178   (acc/ECE, random-selection mean)
   [agent_trace_observability.risk] n=   32: tabicl 0.385/0.188 | logreg_pca 0.410/0.136 | logreg 0.445/0.181 | lda 0.545/0.234 | knn 0.360/0.171 | probe 0.455/0.147   (acc/ECE, random-selection mean)
   [agent_trace_observability.risk] n=   64: tabicl 0.530/0.166 | logreg_pca 0.440/0.123 | logreg 0.470/0.138 | lda 0.565/0.183 | knn 0.385/0.151 | probe 0.405/0.100   (acc/ECE, random-selection mean)
   [agent_trace_observability.risk] n=  128: tabicl 0.665/0.115 | logreg_pca 0.610/0.099 | logreg 0.630/0.119 | lda 0.680/0.111 | knn 0.430/0.110 | probe 0.505/0.113   (acc/ECE, random-selection mean)
   [agent_trace_observability.risk] n=  274: tabicl 0.690/0.069 | logreg_pca 0.640/0.116 | logreg 0.730/0.153 | lda 0.750/0.123 | knn 0.450/0.052 | probe 0.430/0.090   (acc/ECE, random-selection mean)
   [agent_trace_observability.urgency] n=   16: tabicl 0.385/0.100 | logreg_pca 0.325/0.098 | logreg 0.325/0.283 | lda 0.310/0.350 | knn 0.395/0.166 | probe 0.380/0.154   (acc/ECE, random-selection mean)
   [agent_trace_observability.urgency] n=   32: tabicl 0.365/0.212 | logreg_pca 0.375/0.136 | logreg 0.405/0.204 | lda 0.465/0.213 | knn 0.335/0.217 | probe 0.415/0.080   (acc/ECE, random-selection mean)
   [agent_trace_observability.urgency] n=   64: tabicl 0.480/0.164 | logreg_pca 0.425/0.136 | logreg 0.410/0.180 | lda 0.530/0.189 | knn 0.350/0.214 | probe 0.395/0.091   (acc/ECE, random-selection mean)
   [agent_trace_observability.urgency] n=  128: tabicl 0.545/0.115 | logreg_pca 0.555/0.150 | logreg 0.550/0.083 | lda 0.620/0.089 | knn 0.410/0.177 | probe 0.410/0.058   (acc/ECE, random-selection mean)
   [agent_trace_observability.urgency] n=  274: tabicl 0.650/0.197 | logreg_pca 0.560/0.140 | logreg 0.560/0.059 | lda 0.620/0.107 | knn 0.440/0.182 | probe 0.390/0.079   (acc/ECE, random-selection mean)
   [customer_service.action] n=   16: tabicl 0.525/0.181 | logreg_pca 0.390/0.108 | logreg 0.315/0.291 | lda 0.410/0.132 | knn 0.520/0.284 | probe 0.540/0.143   (acc/ECE, random-selection mean)
   [customer_service.action] n=   32: tabicl 0.455/0.189 | logreg_pca 0.425/0.152 | logreg 0.230/0.396 | lda 0.320/0.245 | knn 0.435/0.179 | probe 0.555/0.133   (acc/ECE, random-selection mean)
   [customer_service.action] n=   64: tabicl 0.505/0.135 | logreg_pca 0.440/0.206 | logreg 0.295/0.288 | lda 0.425/0.198 | knn 0.465/0.151 | probe 0.555/0.095   (acc/ECE, random-selection mean)
   [customer_service.action] n=  128: tabicl 0.560/0.110 | logreg_pca 0.495/0.099 | logreg 0.340/0.215 | lda 0.435/0.186 | knn 0.465/0.173 | probe 0.540/0.074   (acc/ECE, random-selection mean)
   [customer_service.action] n=  269: tabicl 0.600/0.126 | logreg_pca 0.550/0.086 | logreg 0.420/0.228 | lda 0.460/0.173 | knn 0.470/0.216 | probe 0.600/0.109   (acc/ECE, random-selection mean)
   [customer_service.category] n=   16: tabicl 0.445/0.132 | logreg_pca 0.465/0.128 | logreg 0.365/0.277 | lda 0.325/0.491 | knn 0.305/0.218 | probe 0.430/0.184   (acc/ECE, random-selection mean)
   [customer_service.category] n=   32: tabicl 0.425/0.154 | logreg_pca 0.505/0.137 | logreg 0.485/0.164 | lda 0.480/0.412 | knn 0.280/0.176 | probe 0.480/0.126   (acc/ECE, random-selection mean)
   [customer_service.category] n=   64: tabicl 0.570/0.174 | logreg_pca 0.585/0.110 | logreg 0.590/0.173 | lda 0.710/0.214 | knn 0.345/0.123 | probe 0.590/0.149   (acc/ECE, random-selection mean)
   [customer_service.category] n=  128: tabicl 0.670/0.125 | logreg_pca 0.660/0.105 | logreg 0.670/0.103 | lda 0.685/0.234 | knn 0.425/0.076 | probe 0.680/0.237   (acc/ECE, random-selection mean)
   [customer_service.category] n=  269: tabicl 0.730/0.117 | logreg_pca 0.750/0.115 | logreg 0.740/0.099 | lda 0.830/0.097 | knn 0.530/0.040 | probe 0.700/0.300   (acc/ECE, random-selection mean)
   [customer_service.churn_risk] n=   16: tabicl 0.475/0.180 | logreg_pca 0.370/0.134 | logreg 0.290/0.282 | lda 0.475/0.168 | knn 0.465/0.236 | probe 0.450/0.130   (acc/ECE, random-selection mean)
   [customer_service.churn_risk] n=   32: tabicl 0.430/0.138 | logreg_pca 0.480/0.127 | logreg 0.325/0.256 | lda 0.440/0.257 | knn 0.375/0.205 | probe 0.460/0.123   (acc/ECE, random-selection mean)
   [customer_service.churn_risk] n=   64: tabicl 0.585/0.132 | logreg_pca 0.470/0.158 | logreg 0.375/0.262 | lda 0.525/0.213 | knn 0.410/0.153 | probe 0.600/0.156   (acc/ECE, random-selection mean)
   [customer_service.churn_risk] n=  128: tabicl 0.535/0.074 | logreg_pca 0.545/0.116 | logreg 0.460/0.126 | lda 0.600/0.115 | knn 0.450/0.160 | probe 0.625/0.207   (acc/ECE, random-selection mean)
   [customer_service.churn_risk] n=  269: tabicl 0.610/0.123 | logreg_pca 0.610/0.129 | logreg 0.570/0.103 | lda 0.620/0.130 | knn 0.480/0.118 | probe 0.670/0.236   (acc/ECE, random-selection mean)
   [customer_service.needs_human] n=   16: tabicl 0.675/0.117 | logreg_pca 0.635/0.066 | logreg 0.630/0.086 | lda 0.640/0.118 | knn 0.670/0.201 | probe 0.690/0.087   (acc/ECE, random-selection mean)
   [customer_service.needs_human] n=   32: tabicl 0.620/0.178 | logreg_pca 0.635/0.149 | logreg 0.600/0.103 | lda 0.650/0.147 | knn 0.575/0.142 | probe 0.675/0.042   (acc/ECE, random-selection mean)
   [customer_service.needs_human] n=   64: tabicl 0.685/0.105 | logreg_pca 0.610/0.178 | logreg 0.670/0.057 | lda 0.705/0.144 | knn 0.675/0.089 | probe 0.760/0.102   (acc/ECE, random-selection mean)
   [customer_service.needs_human] n=  128: tabicl 0.710/0.093 | logreg_pca 0.745/0.095 | logreg 0.675/0.091 | lda 0.710/0.080 | knn 0.645/0.158 | probe 0.705/0.143   (acc/ECE, random-selection mean)
   [customer_service.needs_human] n=  269: tabicl 0.750/0.069 | logreg_pca 0.780/0.160 | logreg 0.600/0.140 | lda 0.760/0.098 | knn 0.640/0.114 | probe 0.730/0.146   (acc/ECE, random-selection mean)
   [customer_service.urgency] n=   16: tabicl 0.435/0.143 | logreg_pca 0.410/0.084 | logreg 0.300/0.345 | lda 0.440/0.176 | knn 0.440/0.197 | probe 0.460/0.155   (acc/ECE, random-selection mean)
   [customer_service.urgency] n=   32: tabicl 0.445/0.179 | logreg_pca 0.435/0.137 | logreg 0.295/0.362 | lda 0.430/0.236 | knn 0.430/0.152 | probe 0.455/0.120   (acc/ECE, random-selection mean)
   [customer_service.urgency] n=   64: tabicl 0.520/0.111 | logreg_pca 0.505/0.148 | logreg 0.350/0.262 | lda 0.515/0.206 | knn 0.395/0.137 | probe 0.555/0.143   (acc/ECE, random-selection mean)
   [customer_service.urgency] n=  128: tabicl 0.535/0.097 | logreg_pca 0.510/0.135 | logreg 0.430/0.149 | lda 0.505/0.201 | knn 0.475/0.104 | probe 0.575/0.135   (acc/ECE, random-selection mean)
   [customer_service.urgency] n=  269: tabicl 0.620/0.111 | logreg_pca 0.600/0.133 | logreg 0.540/0.180 | lda 0.550/0.146 | knn 0.440/0.134 | probe 0.620/0.165   (acc/ECE, random-selection mean)
   [invoice_processing.discrepancy_severity] n=   16: tabicl 0.405/0.143 | logreg_pca 0.465/0.102 | logreg 0.420/0.201 | lda 0.390/0.271 | knn 0.495/0.119 | probe 0.565/0.118   (acc/ECE, random-selection mean)
   [invoice_processing.discrepancy_severity] n=   32: tabicl 0.385/0.182 | logreg_pca 0.475/0.140 | logreg 0.485/0.194 | lda 0.405/0.316 | knn 0.440/0.138 | probe 0.525/0.120   (acc/ECE, random-selection mean)
   [invoice_processing.discrepancy_severity] n=   64: tabicl 0.500/0.120 | logreg_pca 0.490/0.181 | logreg 0.510/0.172 | lda 0.475/0.286 | knn 0.495/0.132 | probe 0.580/0.163   (acc/ECE, random-selection mean)
   [invoice_processing.discrepancy_severity] n=  128: tabicl 0.600/0.080 | logreg_pca 0.580/0.100 | logreg 0.540/0.138 | lda 0.565/0.208 | knn 0.530/0.112 | probe 0.650/0.212   (acc/ECE, random-selection mean)
   [invoice_processing.discrepancy_severity] n=  259: tabicl 0.620/0.074 | logreg_pca 0.610/0.117 | logreg 0.620/0.124 | lda 0.660/0.125 | knn 0.510/0.104 | probe 0.520/0.112   (acc/ECE, random-selection mean)
   [invoice_processing.disposition] n=   16: tabicl 0.465/0.110 | logreg_pca 0.420/0.138 | logreg 0.325/0.270 | lda 0.395/0.263 | knn 0.495/0.100 | probe 0.495/0.096   (acc/ECE, random-selection mean)
   [invoice_processing.disposition] n=   32: tabicl 0.465/0.135 | logreg_pca 0.390/0.175 | logreg 0.355/0.313 | lda 0.430/0.272 | knn 0.530/0.146 | probe 0.575/0.109   (acc/ECE, random-selection mean)
   [invoice_processing.disposition] n=   64: tabicl 0.545/0.141 | logreg_pca 0.480/0.202 | logreg 0.360/0.297 | lda 0.455/0.309 | knn 0.505/0.130 | probe 0.580/0.131   (acc/ECE, random-selection mean)
   [invoice_processing.disposition] n=  128: tabicl 0.635/0.130 | logreg_pca 0.590/0.091 | logreg 0.510/0.167 | lda 0.505/0.225 | knn 0.530/0.087 | probe 0.620/0.206   (acc/ECE, random-selection mean)
   [invoice_processing.disposition] n=  259: tabicl 0.650/0.102 | logreg_pca 0.600/0.123 | logreg 0.560/0.119 | lda 0.530/0.226 | knn 0.480/0.176 | probe 0.560/0.138   (acc/ECE, random-selection mean)
   [invoice_processing.duplicate] n=   16: tabicl 0.825/0.182 | logreg_pca 0.620/0.130 | logreg 0.535/0.288 | lda 0.870/0.111 | knn 0.890/0.067 | probe 0.890/0.044   (acc/ECE, random-selection mean)
   [invoice_processing.duplicate] n=   32: tabicl 0.825/0.119 | logreg_pca 0.620/0.213 | logreg 0.410/0.406 | lda 0.795/0.159 | knn 0.885/0.113 | probe 0.890/0.074   (acc/ECE, random-selection mean)
   [invoice_processing.duplicate] n=   64: tabicl 0.875/0.070 | logreg_pca 0.765/0.093 | logreg 0.485/0.364 | lda 0.790/0.164 | knn 0.875/0.105 | probe 0.890/0.039   (acc/ECE, random-selection mean)
   [invoice_processing.duplicate] n=  128: tabicl 0.885/0.050 | logreg_pca 0.865/0.088 | logreg 0.560/0.305 | lda 0.815/0.135 | knn 0.885/0.083 | probe 0.890/0.021   (acc/ECE, random-selection mean)
   [invoice_processing.duplicate] n=  259: tabicl 0.880/0.060 | logreg_pca 0.880/0.071 | logreg 0.910/0.046 | lda 0.780/0.112 | knn 0.900/0.070 | probe 0.890/0.015   (acc/ECE, random-selection mean)
   [invoice_processing.matches_order] n=   16: tabicl 0.570/0.133 | logreg_pca 0.640/0.146 | logreg 0.560/0.235 | lda 0.645/0.251 | knn 0.550/0.131 | probe 0.645/0.066   (acc/ECE, random-selection mean)
   [invoice_processing.matches_order] n=   32: tabicl 0.625/0.148 | logreg_pca 0.635/0.157 | logreg 0.715/0.108 | lda 0.745/0.189 | knn 0.690/0.057 | probe 0.720/0.071   (acc/ECE, random-selection mean)
   [invoice_processing.matches_order] n=   64: tabicl 0.660/0.122 | logreg_pca 0.665/0.208 | logreg 0.740/0.156 | lda 0.760/0.167 | knn 0.690/0.074 | probe 0.710/0.112   (acc/ECE, random-selection mean)
   [invoice_processing.matches_order] n=  128: tabicl 0.820/0.068 | logreg_pca 0.850/0.073 | logreg 0.815/0.102 | lda 0.855/0.085 | knn 0.655/0.091 | probe 0.810/0.205   (acc/ECE, random-selection mean)
   [invoice_processing.matches_order] n=  259: tabicl 0.820/0.068 | logreg_pca 0.820/0.089 | logreg 0.810/0.075 | lda 0.870/0.052 | knn 0.730/0.028 | probe 0.770/0.182   (acc/ECE, random-selection mean)
   [invoice_processing.urgency] n=   16: tabicl 0.430/0.177 | logreg_pca 0.355/0.104 | logreg 0.335/0.256 | lda 0.475/0.111 | knn 0.405/0.206 | probe 0.515/0.131   (acc/ECE, random-selection mean)
   [invoice_processing.urgency] n=   32: tabicl 0.435/0.129 | logreg_pca 0.500/0.163 | logreg 0.265/0.399 | lda 0.475/0.152 | knn 0.415/0.188 | probe 0.590/0.130   (acc/ECE, random-selection mean)
   [invoice_processing.urgency] n=   64: tabicl 0.500/0.170 | logreg_pca 0.525/0.135 | logreg 0.365/0.248 | lda 0.550/0.169 | knn 0.475/0.183 | probe 0.540/0.066   (acc/ECE, random-selection mean)
   [invoice_processing.urgency] n=  128: tabicl 0.595/0.103 | logreg_pca 0.605/0.113 | logreg 0.335/0.276 | lda 0.505/0.148 | knn 0.515/0.123 | probe 0.585/0.149   (acc/ECE, random-selection mean)
   [invoice_processing.urgency] n=  259: tabicl 0.640/0.088 | logreg_pca 0.680/0.162 | logreg 0.610/0.109 | lda 0.640/0.198 | knn 0.560/0.100 | probe 0.580/0.140   (acc/ECE, random-selection mean)
   [security_incidents.credential_compromise] n=   16: tabicl 0.550/0.181 | logreg_pca 0.580/0.122 | logreg 0.620/0.088 | lda 0.585/0.129 | knn 0.565/0.132 | probe 0.570/0.146   (acc/ECE, random-selection mean)
   [security_incidents.credential_compromise] n=   32: tabicl 0.595/0.173 | logreg_pca 0.615/0.045 | logreg 0.625/0.069 | lda 0.615/0.114 | knn 0.470/0.197 | probe 0.580/0.075   (acc/ECE, random-selection mean)
   [security_incidents.credential_compromise] n=   64: tabicl 0.600/0.160 | logreg_pca 0.595/0.123 | logreg 0.625/0.089 | lda 0.620/0.125 | knn 0.590/0.123 | probe 0.655/0.077   (acc/ECE, random-selection mean)
   [security_incidents.credential_compromise] n=  128: tabicl 0.640/0.091 | logreg_pca 0.640/0.087 | logreg 0.635/0.103 | lda 0.635/0.102 | knn 0.520/0.178 | probe 0.600/0.075   (acc/ECE, random-selection mean)
   [security_incidents.credential_compromise] n=  278: tabicl 0.730/0.074 | logreg_pca 0.740/0.116 | logreg 0.690/0.098 | lda 0.760/0.106 | knn 0.580/0.116 | probe 0.650/0.143   (acc/ECE, random-selection mean)
   [security_incidents.disposition] n=   16: tabicl 0.640/0.110 | logreg_pca 0.565/0.169 | logreg 0.450/0.093 | lda 0.415/0.172 | knn 0.610/0.122 | probe 0.745/0.217   (acc/ECE, random-selection mean)
   [security_incidents.disposition] n=   32: tabicl 0.635/0.117 | logreg_pca 0.480/0.134 | logreg 0.360/0.212 | lda 0.395/0.238 | knn 0.675/0.143 | probe 0.700/0.186   (acc/ECE, random-selection mean)
   [security_incidents.disposition] n=   64: tabicl 0.740/0.092 | logreg_pca 0.670/0.172 | logreg 0.370/0.187 | lda 0.440/0.253 | knn 0.755/0.106 | probe 0.755/0.232   (acc/ECE, random-selection mean)
   [security_incidents.disposition] n=  128: tabicl 0.760/0.101 | logreg_pca 0.660/0.188 | logreg 0.445/0.147 | lda 0.385/0.217 | knn 0.730/0.068 | probe 0.765/0.266   (acc/ECE, random-selection mean)
   [security_incidents.disposition] n=  278: tabicl 0.760/0.115 | logreg_pca 0.730/0.199 | logreg 0.610/0.143 | lda 0.460/0.197 | knn 0.750/0.074 | probe 0.770/0.279   (acc/ECE, random-selection mean)
   [security_incidents.severity] n=   16: tabicl 0.365/0.197 | logreg_pca 0.390/0.047 | logreg 0.280/0.217 | lda 0.410/0.160 | knn 0.405/0.166 | probe 0.450/0.073   (acc/ECE, random-selection mean)
   [security_incidents.severity] n=   32: tabicl 0.330/0.184 | logreg_pca 0.315/0.167 | logreg 0.240/0.350 | lda 0.365/0.269 | knn 0.340/0.208 | probe 0.430/0.117   (acc/ECE, random-selection mean)
   [security_incidents.severity] n=   64: tabicl 0.470/0.138 | logreg_pca 0.445/0.108 | logreg 0.300/0.280 | lda 0.450/0.173 | knn 0.415/0.110 | probe 0.570/0.172   (acc/ECE, random-selection mean)
   [security_incidents.severity] n=  128: tabicl 0.445/0.147 | logreg_pca 0.510/0.099 | logreg 0.450/0.221 | lda 0.425/0.165 | knn 0.310/0.250 | probe 0.520/0.142   (acc/ECE, random-selection mean)
   [security_incidents.severity] n=  278: tabicl 0.560/0.093 | logreg_pca 0.560/0.116 | logreg 0.570/0.136 | lda 0.540/0.073 | knn 0.360/0.192 | probe 0.540/0.188   (acc/ECE, random-selection mean)
   [security_incidents.true_positive] n=   16: tabicl 0.665/0.107 | logreg_pca 0.650/0.082 | logreg 0.610/0.087 | lda 0.620/0.126 | knn 0.690/0.088 | probe 0.685/0.094   (acc/ECE, random-selection mean)
   [security_incidents.true_positive] n=   32: tabicl 0.640/0.168 | logreg_pca 0.640/0.079 | logreg 0.575/0.109 | lda 0.655/0.135 | knn 0.685/0.067 | probe 0.705/0.084   (acc/ECE, random-selection mean)
   [security_incidents.true_positive] n=   64: tabicl 0.700/0.153 | logreg_pca 0.620/0.123 | logreg 0.630/0.143 | lda 0.660/0.121 | knn 0.710/0.098 | probe 0.740/0.138   (acc/ECE, random-selection mean)
   [security_incidents.true_positive] n=  128: tabicl 0.710/0.114 | logreg_pca 0.680/0.089 | logreg 0.725/0.089 | lda 0.665/0.143 | knn 0.745/0.092 | probe 0.770/0.133   (acc/ECE, random-selection mean)
   [security_incidents.true_positive] n=  278: tabicl 0.770/0.041 | logreg_pca 0.740/0.103 | logreg 0.720/0.122 | lda 0.750/0.077 | knn 0.770/0.066 | probe 0.760/0.174   (acc/ECE, random-selection mean)
   [security_incidents.urgency] n=   16: tabicl 0.445/0.143 | logreg_pca 0.445/0.111 | logreg 0.360/0.142 | lda 0.415/0.094 | knn 0.380/0.204 | probe 0.515/0.108   (acc/ECE, random-selection mean)
   [security_incidents.urgency] n=   32: tabicl 0.450/0.193 | logreg_pca 0.390/0.158 | logreg 0.300/0.297 | lda 0.450/0.249 | knn 0.480/0.150 | probe 0.485/0.091   (acc/ECE, random-selection mean)
   [security_incidents.urgency] n=   64: tabicl 0.450/0.196 | logreg_pca 0.470/0.114 | logreg 0.310/0.280 | lda 0.435/0.204 | knn 0.435/0.199 | probe 0.520/0.108   (acc/ECE, random-selection mean)
   [security_incidents.urgency] n=  128: tabicl 0.540/0.096 | logreg_pca 0.495/0.095 | logreg 0.415/0.187 | lda 0.410/0.197 | knn 0.410/0.201 | probe 0.520/0.111   (acc/ECE, random-selection mean)
   [security_incidents.urgency] n=  278: tabicl 0.550/0.086 | logreg_pca 0.570/0.123 | logreg 0.530/0.124 | lda 0.550/0.146 | knn 0.410/0.182 | probe 0.560/0.130   (acc/ECE, random-selection mean)
   TabICL CPU latency, context 274 x 64: fit 4.34s, predict batch-1 40.1 ms, batch-100 6.84 ms/msg
done -> results/tarski/explore_lit_icl_typed.json
