Loading weights:   0%|          | 0/134 [00:00<?, ?it/s]Loading weights: 100%|██████████| 134/134 [00:00<00:00, 5911.38it/s]
Using the latest cached version of the dataset since LocalLLaMA/typed-decisions couldn't be found on the Hugging Face Hub (offline mode is enabled).
Found the latest cached dataset configuration 'all' at /home/ubuntu/.cache/huggingface/datasets/LocalLLaMA___typed-decisions/all/0.0.0/f7a2487edd7a043a5441a5e9ccc7fe5ddbd9ebe8 (last modified on Sun Sep 27 22:52:09 2026).
Using the latest cached version of the dataset since LocalLLaMA/typed-decisions couldn't be found on the Hugging Face Hub (offline mode is enabled).
Found the latest cached dataset configuration 'all' at /home/ubuntu/.cache/huggingface/datasets/LocalLLaMA___typed-decisions/all/0.0.0/f7a2487edd7a043a5441a5e9ccc7fe5ddbd9ebe8 (last modified on Sun Sep 27 22:52:09 2026).
== typed-decisions: 1080/120/400 messages (train/val/test), tasks: agent_trace_observability.action(4), agent_trace_observability.needs_review(2), agent_trace_observability.outcome(4), agent_trace_observability.risk(4), agent_trace_observability.urgency(4), customer_service.action(5), customer_service.category(5), customer_service.churn_risk(4), customer_service.needs_human(2), customer_service.urgency(4), invoice_processing.discrepancy_severity(4), invoice_processing.disposition(4), invoice_processing.duplicate(2), invoice_processing.matches_order(2), invoice_processing.urgency(4), security_incidents.credential_compromise(2), security_incidents.disposition(4), security_incidents.severity(5), security_incidents.true_positive(2), security_incidents.urgency(4) | split 11 | trunk depths cached [11, 12, 13, 14] | cuda
  exactness: stream@11+2 vs trunk CLS at depth 13: max rel err 8.41e-08 (seq len 135)
  fused kvq (r=4) vs loop: max abs diff 9.54e-07
  cached depths [11, 12, 13, 14] for 1600 messages in 6.5s (2237 MB)
  probe seed 0: mean acc 0.6260 action=0.54 needs_revi=0.80 outcome=0.39 risk=0.44 urgency=0.39 action=0.61
  probe seed 1: mean acc 0.6265 action=0.54 needs_revi=0.83 outcome=0.41 risk=0.46 urgency=0.42 action=0.61
-- probe: mean acc 0.6262 (+-0.0003 over seeds) F1 0.4387 ECE 0.135 | 0.00M trainable | 0.000 GFLOP/decision at L=239 | trunk to 11 | 199s
  blocks:2 seed 0: mean acc 0.7540 action=0.71 needs_revi=0.85 outcome=0.67 risk=0.79 urgency=0.63 action=0.58
  blocks:2 seed 1: mean acc 0.7525 action=0.70 needs_revi=0.85 outcome=0.67 risk=0.79 urgency=0.65 action=0.62
-- blocks:2: mean acc 0.7533 (+-0.0008 over seeds) F1 0.6083 ECE 0.167 | 10.03M trainable | 5.144 GFLOP/decision at L=239 | trunk to 11 | 1089s
  kvq:2:1 seed 0: mean acc 0.4940 action=0.36 needs_revi=0.57 outcome=0.26 risk=0.31 urgency=0.36 action=0.52
  kvq:2:1 seed 1: mean acc 0.5015 action=0.39 needs_revi=0.52 outcome=0.26 risk=0.35 urgency=0.37 action=0.52
-- kvq:2:1: mean acc 0.4978 (+-0.0038 over seeds) F1 0.2487 ECE 0.087 | 10.03M trainable | 0.022 GFLOP/decision at L=239 | trunk to 12 | 58s
  kvq:4:4 seed 0: mean acc 0.5400 action=0.45 needs_revi=0.69 outcome=0.33 risk=0.37 urgency=0.36 action=0.52
  kvq:4:4 seed 1: mean acc 0.5450 action=0.45 needs_revi=0.84 outcome=0.26 risk=0.61 urgency=0.64 action=0.52
-- kvq:4:4: mean acc 0.5425 (+-0.0025 over seeds) F1 0.3084 ECE 0.112 | 20.07M trainable | 0.172 GFLOP/decision at L=239 | trunk to 14 | 114s
  kvq:4:4:frozen seed 0: mean acc 0.5205 action=0.36 needs_revi=0.66 outcome=0.31 risk=0.31 urgency=0.38 action=0.52
  kvq:4:4:frozen seed 1: mean acc 0.5040 action=0.36 needs_revi=0.57 outcome=0.26 risk=0.28 urgency=0.36 action=0.52
-- kvq:4:4:frozen: mean acc 0.5123 (+-0.0082 over seeds) F1 0.2611 ECE 0.098 | 0.01M trainable | 0.172 GFLOP/decision at L=239 | trunk to 14 | 99s
  kvq:2:4 seed 0: mean acc 0.5165 action=0.49 needs_revi=0.62 outcome=0.26 risk=0.34 urgency=0.36 action=0.52
  kvq:2:4 seed 1: mean acc 0.5185 action=0.43 needs_revi=0.45 outcome=0.26 risk=0.68 urgency=0.53 action=0.52
-- kvq:2:4: mean acc 0.5175 (+-0.0010 over seeds) F1 0.2690 ECE 0.094 | 10.04M trainable | 0.086 GFLOP/decision at L=239 | trunk to 12 | 63s
  kvq:4:4:global seed 0: mean acc 0.5120 action=0.39 needs_revi=0.48 outcome=0.26 risk=0.34 urgency=0.36 action=0.55
  kvq:4:4:global seed 1: mean acc 0.5420 action=0.36 needs_revi=0.85 outcome=0.26 risk=0.60 urgency=0.65 action=0.53
-- kvq:4:4:global: mean acc 0.5270 (+-0.0150 over seeds) F1 0.2923 ECE 0.121 | 20.07M trainable | 0.172 GFLOP/decision at L=239 | trunk to 14 | 115s
  kvq:4:1:frozen seed 0: mean acc 0.4985 action=0.36 needs_revi=0.55 outcome=0.26 risk=0.30 urgency=0.36 action=0.52
  kvq:4:1:frozen seed 1: mean acc 0.4915 action=0.36 needs_revi=0.57 outcome=0.26 risk=0.36 urgency=0.37 action=0.52
-- kvq:4:1:frozen: mean acc 0.4950 (+-0.0035 over seeds) F1 0.2455 ECE 0.101 | 0.00M trainable | 0.043 GFLOP/decision at L=239 | trunk to 14 | 92s
  latency median_len_message (299 tok) N=1: {"probe": 15.21, "blocks:2 (fused)": 17.99, "kvq:2:1 (fused)": 18.57, "kvq:2:4 (fused)": 18.75, "kvq:4:4 (fused)": 24.67, "trunk only to k": 15.17}
  latency median_len_message (299 tok) N=5: {"probe": 15.45, "blocks:2 (fused)": 16.46, "kvq:2:1 (fused)": 18.78, "kvq:2:4 (fused)": 19.11, "kvq:4:4 (fused)": 22.8, "trunk only to k": 15.22}
  latency median_len_message (299 tok) N=20: {"probe": 18.84, "blocks:2 (fused)": 24.58, "kvq:2:1 (fused)": 19.89, "kvq:2:4 (fused)": 19.97, "kvq:4:4 (fused)": 27.55, "trunk only to k": 15.23}
  latency short (12 tok) N=1: {"probe": 14.63, "blocks:2 (fused)": 17.45, "kvq:2:1 (fused)": 17.8, "kvq:2:4 (fused)": 17.94, "kvq:4:4 (fused)": 23.84, "trunk only to k": 14.56}
  latency short (12 tok) N=5: {"probe": 14.85, "blocks:2 (fused)": 17.78, "kvq:2:1 (fused)": 18.06, "kvq:2:4 (fused)": 18.23, "kvq:4:4 (fused)": 23.1, "trunk only to k": 14.65}
  latency short (12 tok) N=20: {"probe": 18.03, "blocks:2 (fused)": 18.84, "kvq:2:1 (fused)": 19.06, "kvq:2:4 (fused)": 19.12, "kvq:4:4 (fused)": 23.83, "trunk only to k": 14.62}
== summary (mean acc over tasks and seeds)
  probe              acc 0.6262  F1 0.4387  ECE 0.135  params   0.00M  GFLOP/decision 0.000
  blocks:2           acc 0.7533  F1 0.6083  ECE 0.167  params  10.03M  GFLOP/decision 5.144
  kvq:2:1            acc 0.4978  F1 0.2487  ECE 0.087  params  10.03M  GFLOP/decision 0.022
  kvq:4:4            acc 0.5425  F1 0.3084  ECE 0.112  params  20.07M  GFLOP/decision 0.172
  kvq:4:4:frozen     acc 0.5123  F1 0.2611  ECE 0.098  params   0.01M  GFLOP/decision 0.172
  kvq:2:4            acc 0.5175  F1 0.2690  ECE 0.094  params  10.04M  GFLOP/decision 0.086
  kvq:4:4:global     acc 0.5270  F1 0.2923  ECE 0.121  params  20.07M  GFLOP/decision 0.172
  kvq:4:1:frozen     acc 0.4950  F1 0.2455  ECE 0.101  params   0.00M  GFLOP/decision 0.043
done
