Loading weights:   0%|          | 0/134 [00:00<?, ?it/s]Loading weights: 100%|██████████| 134/134 [00:00<00:00, 5995.70it/s]
Using the latest cached version of the dataset since LocalLLaMA/typed-decisions couldn't be found on the Hugging Face Hub (offline mode is enabled).
Found the latest cached dataset configuration 'all' at /home/ubuntu/.cache/huggingface/datasets/LocalLLaMA___typed-decisions/all/0.0.0/f7a2487edd7a043a5441a5e9ccc7fe5ddbd9ebe8 (last modified on Sun Sep 27 22:52:09 2026).
Using the latest cached version of the dataset since LocalLLaMA/typed-decisions couldn't be found on the Hugging Face Hub (offline mode is enabled).
Found the latest cached dataset configuration 'all' at /home/ubuntu/.cache/huggingface/datasets/LocalLLaMA___typed-decisions/all/0.0.0/f7a2487edd7a043a5441a5e9ccc7fe5ddbd9ebe8 (last modified on Sun Sep 27 22:52:09 2026).
== typed-decisions: 1080/120/400 messages (train/val/test), tasks: agent_trace_observability.action(4), agent_trace_observability.needs_review(2), agent_trace_observability.outcome(4), agent_trace_observability.risk(4), agent_trace_observability.urgency(4), customer_service.action(5), customer_service.category(5), customer_service.churn_risk(4), customer_service.needs_human(2), customer_service.urgency(4), invoice_processing.discrepancy_severity(4), invoice_processing.disposition(4), invoice_processing.duplicate(2), invoice_processing.matches_order(2), invoice_processing.urgency(4), security_incidents.credential_compromise(2), security_incidents.disposition(4), security_incidents.severity(5), security_incidents.true_positive(2), security_incidents.urgency(4) | base answerdotai/ModernBERT-base on cuda | seed 0
-- full
  cached trunk depth 0 for 1600 messages in 1.9s (559 MB)
  [agent_trace_observability.action] blocks split=0 depth=22, 4 labels, 274 train
    epoch 1/34 loss 1.4262 val acc 0.5385 (3.8s)
    epoch 2/34 loss 1.3008 val acc 0.5385 (3.5s)
    epoch 3/34 loss 1.2928 val acc 0.5385 (3.5s)
    epoch 4/34 loss 1.2504 val acc 0.5769 (3.5s)
    epoch 5/34 loss 1.1738 val acc 0.6154 (3.5s)
    epoch 6/34 loss 1.1234 val acc 0.6538 (3.5s)
    epoch 7/34 loss 1.1119 val acc 0.6923 (3.5s)
    epoch 8/34 loss 1.0987 val acc 0.8846 (3.6s)
    epoch 9/34 loss 1.0976 val acc 0.7692 (4.3s)
    epoch 10/34 loss 1.0897 val acc 0.7308 (5.0s)
    epoch 11/34 loss 1.0873 val acc 0.7308 (5.0s)
    epoch 12/34 loss 1.0836 val acc 0.7308 (5.1s)
    epoch 13/34 loss 1.0773 val acc 0.8077 (5.1s)
    epoch 14/34 loss 1.0706 val acc 0.6923 (5.1s)
    epoch 15/34 loss 1.0652 val acc 0.6923 (5.1s)
    epoch 16/34 loss 1.0655 val acc 0.7308 (5.1s)
    epoch 17/34 loss 1.0558 val acc 0.7692 (5.1s)
    epoch 18/34 loss 1.0532 val acc 0.7692 (5.5s)
    epoch 19/34 loss 1.0502 val acc 0.6923 (5.6s)
    epoch 20/34 loss 1.0486 val acc 0.6923 (5.6s)
    epoch 21/34 loss 1.0471 val acc 0.7692 (5.6s)
    epoch 22/34 loss 1.0447 val acc 0.8077 (5.6s)
    epoch 23/34 loss 1.0424 val acc 0.8077 (5.6s)
    epoch 24/34 loss 1.0418 val acc 0.7308 (5.6s)
    epoch 25/34 loss 1.0410 val acc 0.7692 (5.6s)
    epoch 26/34 loss 1.0398 val acc 0.8077 (5.6s)
    epoch 27/34 loss 1.0389 val acc 0.7692 (5.6s)
    epoch 28/34 loss 1.0383 val acc 0.8077 (5.6s)
    epoch 29/34 loss 1.0378 val acc 0.7692 (5.5s)
    epoch 30/34 loss 1.0376 val acc 0.8077 (4.6s)
    epoch 31/34 loss 1.0374 val acc 0.8077 (3.7s)
    epoch 32/34 loss 1.0375 val acc 0.8077 (3.7s)
    epoch 33/34 loss 1.0370 val acc 0.8077 (3.8s)
    epoch 34/34 loss 1.0373 val acc 0.8077 (3.7s)
  [agent_trace_observability.action] test acc 0.6800 macro-F1 0.5036 ECE 0.153 (T=1.00, 160s, 110.33M params)
  [agent_trace_observability.needs_review] blocks split=0 depth=22, 2 labels, 274 train
    epoch 1/34 loss 0.7008 val acc 0.5000 (3.7s)
    epoch 2/34 loss 0.7019 val acc 0.6538 (3.7s)
    epoch 3/34 loss 0.6605 val acc 0.6538 (3.7s)
    epoch 4/34 loss 0.7507 val acc 0.7692 (3.7s)
    epoch 5/34 loss 0.6227 val acc 0.6923 (3.6s)
    epoch 6/34 loss 0.6004 val acc 0.6923 (3.9s)
    epoch 7/34 loss 0.5828 val acc 0.8077 (4.0s)
    epoch 8/34 loss 0.5723 val acc 0.8846 (3.4s)
    epoch 9/34 loss 0.5665 val acc 0.8462 (3.4s)
    epoch 10/34 loss 0.6142 val acc 0.8462 (3.4s)
    epoch 11/34 loss 0.5844 val acc 0.8462 (3.4s)
    epoch 12/34 loss 0.5712 val acc 0.7308 (3.4s)
    epoch 13/34 loss 0.5744 val acc 0.8462 (3.4s)
    epoch 14/34 loss 0.5592 val acc 0.8077 (3.4s)
    epoch 15/34 loss 0.5583 val acc 0.8077 (3.4s)
    epoch 16/34 loss 0.5624 val acc 0.9231 (3.4s)
    epoch 17/34 loss 0.5634 val acc 0.8462 (3.4s)
    epoch 18/34 loss 0.5601 val acc 0.8846 (3.4s)
    epoch 19/34 loss 0.5590 val acc 0.8077 (3.5s)
    epoch 20/34 loss 0.5549 val acc 0.8077 (3.4s)
    epoch 21/34 loss 0.5514 val acc 0.8077 (3.4s)
    epoch 22/34 loss 0.5500 val acc 0.8077 (3.4s)
    epoch 23/34 loss 0.5485 val acc 0.8077 (3.4s)
    epoch 24/34 loss 0.5474 val acc 0.8077 (3.4s)
    epoch 25/34 loss 0.5468 val acc 0.8077 (3.4s)
    epoch 26/34 loss 0.5468 val acc 0.8462 (3.3s)
    epoch 27/34 loss 0.5464 val acc 0.8077 (3.4s)
    epoch 28/34 loss 0.5459 val acc 0.8462 (3.4s)
    epoch 29/34 loss 0.5455 val acc 0.8077 (3.4s)
    epoch 30/34 loss 0.5453 val acc 0.8077 (3.4s)
    epoch 31/34 loss 0.5454 val acc 0.8077 (3.4s)
    epoch 32/34 loss 0.5454 val acc 0.8077 (3.4s)
    epoch 33/34 loss 0.5454 val acc 0.8077 (3.6s)
    epoch 34/34 loss 0.5452 val acc 0.8077 (3.9s)
  [agent_trace_observability.needs_review] test acc 0.8600 macro-F1 0.8595 ECE 0.156 (T=1.00, 119s, 110.33M params)
  [agent_trace_observability.outcome] blocks split=0 depth=22, 4 labels, 274 train
    epoch 1/34 loss 1.4130 val acc 0.2308 (4.0s)
    epoch 2/34 loss 1.3825 val acc 0.5769 (3.9s)
    epoch 3/34 loss 1.3664 val acc 0.4231 (3.9s)
    epoch 4/34 loss 1.3313 val acc 0.6154 (3.9s)
    epoch 5/34 loss 1.1912 val acc 0.7692 (4.0s)
    epoch 6/34 loss 1.0816 val acc 0.9615 (3.9s)
    epoch 7/34 loss 1.0807 val acc 0.4231 (3.9s)
    epoch 8/34 loss 1.0861 val acc 0.7692 (4.0s)
    epoch 9/34 loss 1.0424 val acc 0.9615 (4.0s)
    epoch 10/34 loss 1.0410 val acc 0.8462 (3.9s)
    epoch 11/34 loss 1.0329 val acc 0.9615 (3.9s)
    epoch 12/34 loss 1.0174 val acc 0.9615 (3.9s)
    epoch 13/34 loss 1.0168 val acc 0.7692 (3.2s)
    epoch 14/34 loss 1.0277 val acc 0.9615 (3.2s)
    epoch 15/34 loss 1.0041 val acc 0.9231 (3.2s)
    epoch 16/34 loss 0.9988 val acc 0.9231 (3.5s)
    epoch 17/34 loss 0.9890 val acc 0.8846 (3.7s)
    epoch 18/34 loss 0.9775 val acc 0.8077 (3.7s)
    epoch 19/34 loss 0.9746 val acc 0.8462 (3.6s)
    epoch 20/34 loss 0.9813 val acc 0.8846 (3.6s)
    epoch 21/34 loss 0.9685 val acc 0.8846 (3.6s)
    epoch 22/34 loss 0.9679 val acc 0.8846 (3.7s)
    epoch 23/34 loss 0.9668 val acc 0.8462 (3.6s)
    epoch 24/34 loss 0.9641 val acc 0.8077 (3.7s)
    epoch 25/34 loss 0.9607 val acc 0.8846 (3.7s)
    epoch 26/34 loss 0.9605 val acc 0.8462 (3.7s)
    epoch 27/34 loss 0.9584 val acc 0.8077 (3.6s)
    epoch 28/34 loss 0.9573 val acc 0.8077 (3.7s)
    epoch 29/34 loss 0.9566 val acc 0.8077 (3.7s)
    epoch 30/34 loss 0.9561 val acc 0.8077 (3.7s)
    epoch 31/34 loss 0.9560 val acc 0.8077 (3.7s)
    epoch 32/34 loss 0.9561 val acc 0.8077 (3.7s)
    epoch 33/34 loss 0.9559 val acc 0.8077 (3.7s)
    epoch 34/34 loss 0.9558 val acc 0.8077 (3.6s)
  [agent_trace_observability.outcome] test acc 0.8000 macro-F1 0.8023 ECE 0.236 (T=1.00, 126s, 110.33M params)
  [agent_trace_observability.risk] blocks split=0 depth=22, 4 labels, 274 train
    epoch 1/34 loss 1.3846 val acc 0.2692 (3.7s)
    epoch 2/34 loss 1.3736 val acc 0.2692 (3.7s)
    epoch 3/34 loss 1.3371 val acc 0.4231 (3.7s)
    epoch 4/34 loss 1.1958 val acc 0.7308 (3.7s)
    epoch 5/34 loss 1.0553 val acc 0.6923 (3.7s)
    epoch 6/34 loss 1.0283 val acc 0.7692 (3.7s)
    epoch 7/34 loss 1.0004 val acc 0.9231 (3.7s)
    epoch 8/34 loss 0.9787 val acc 0.9615 (3.7s)
    epoch 9/34 loss 1.0243 val acc 1.0000 (3.7s)
    epoch 10/34 loss 0.9875 val acc 0.9615 (3.5s)
    epoch 11/34 loss 0.9713 val acc 0.7692 (3.7s)
    epoch 12/34 loss 0.9963 val acc 1.0000 (3.6s)
    epoch 13/34 loss 0.9799 val acc 0.9615 (3.7s)
    epoch 14/34 loss 0.9570 val acc 0.9231 (3.7s)
    epoch 15/34 loss 0.9475 val acc 0.9615 (3.7s)
    epoch 16/34 loss 0.9475 val acc 0.9615 (3.6s)
    epoch 17/34 loss 0.9381 val acc 0.9615 (3.7s)
    epoch 18/34 loss 0.9315 val acc 0.9231 (3.7s)
    epoch 19/34 loss 0.9249 val acc 0.9231 (3.6s)
    epoch 20/34 loss 0.9216 val acc 0.9615 (3.6s)
    epoch 21/34 loss 0.9228 val acc 0.8846 (3.7s)
    epoch 22/34 loss 0.9236 val acc 0.9231 (3.7s)
    epoch 23/34 loss 0.9150 val acc 0.9231 (3.7s)
    epoch 24/34 loss 0.9136 val acc 0.9231 (3.7s)
    epoch 25/34 loss 0.9115 val acc 0.8846 (3.6s)
    epoch 26/34 loss 0.9107 val acc 0.8462 (3.6s)
    epoch 27/34 loss 0.9092 val acc 0.9231 (3.7s)
    epoch 28/34 loss 0.9087 val acc 0.8846 (3.7s)
    epoch 29/34 loss 0.9084 val acc 0.9231 (3.7s)
    epoch 30/34 loss 0.9079 val acc 0.9231 (3.7s)
    epoch 31/34 loss 0.9077 val acc 0.8846 (3.7s)
    epoch 32/34 loss 0.9078 val acc 0.8846 (3.7s)
    epoch 33/34 loss 0.9077 val acc 0.8846 (3.7s)
    epoch 34/34 loss 0.9072 val acc 0.8846 (3.7s)
  [agent_trace_observability.risk] test acc 0.8000 macro-F1 0.8203 ECE 0.200 (T=1.00, 125s, 110.33M params)
  [agent_trace_observability.urgency] blocks split=0 depth=22, 4 labels, 274 train
    epoch 1/34 loss 1.3630 val acc 0.5769 (3.6s)
    epoch 2/34 loss 1.3494 val acc 0.6154 (3.6s)
    epoch 3/34 loss 1.3289 val acc 0.5385 (3.7s)
    epoch 4/34 loss 1.2695 val acc 0.7308 (3.6s)
    epoch 5/34 loss 1.1678 val acc 0.6923 (3.7s)
    epoch 6/34 loss 1.1558 val acc 0.8462 (3.7s)
    epoch 7/34 loss 1.1407 val acc 0.6923 (3.6s)
    epoch 8/34 loss 1.0903 val acc 0.7692 (3.7s)
    epoch 9/34 loss 1.0899 val acc 0.7692 (3.7s)
    epoch 10/34 loss 1.0880 val acc 0.7308 (3.7s)
    epoch 11/34 loss 1.0769 val acc 0.8077 (3.6s)
    epoch 12/34 loss 1.0873 val acc 0.7692 (3.7s)
    epoch 13/34 loss 1.0886 val acc 0.7308 (3.7s)
    epoch 14/34 loss 1.0797 val acc 0.8077 (3.7s)
    epoch 15/34 loss 1.0648 val acc 0.8462 (3.7s)
    epoch 16/34 loss 1.0543 val acc 0.8846 (3.6s)
    epoch 17/34 loss 1.0456 val acc 0.7692 (3.5s)
    epoch 18/34 loss 1.0459 val acc 0.7692 (3.6s)
    epoch 19/34 loss 1.0344 val acc 0.8462 (3.6s)
    epoch 20/34 loss 1.0296 val acc 0.8462 (3.7s)
    epoch 21/34 loss 1.0274 val acc 0.7692 (3.6s)
    epoch 22/34 loss 1.0230 val acc 0.8077 (3.7s)
    epoch 23/34 loss 1.0220 val acc 0.8077 (3.7s)
    epoch 24/34 loss 1.0190 val acc 0.8077 (3.7s)
    epoch 25/34 loss 1.0179 val acc 0.8077 (3.6s)
    epoch 26/34 loss 1.0171 val acc 0.8077 (3.6s)
    epoch 27/34 loss 1.0160 val acc 0.8077 (3.7s)
    epoch 28/34 loss 1.0151 val acc 0.8077 (3.6s)
    epoch 29/34 loss 1.0149 val acc 0.8077 (3.7s)
    epoch 30/34 loss 1.0142 val acc 0.8077 (3.7s)
    epoch 31/34 loss 1.0141 val acc 0.8077 (3.6s)
    epoch 32/34 loss 1.0144 val acc 0.8077 (3.7s)
    epoch 33/34 loss 1.0142 val acc 0.8077 (3.7s)
    epoch 34/34 loss 1.0139 val acc 0.8077 (3.6s)
  [agent_trace_observability.urgency] test acc 0.6500 macro-F1 0.6639 ECE 0.117 (T=1.00, 124s, 110.33M params)
  [invoice_processing.discrepancy_severity] blocks split=0 depth=22, 4 labels, 259 train
    epoch 1/34 loss 1.3827 val acc 0.2927 (9.7s)
    epoch 2/34 loss 1.2762 val acc 0.2927 (9.6s)
    epoch 3/34 loss 1.2797 val acc 0.2927 (9.6s)
    epoch 4/34 loss 1.2580 val acc 0.2927 (9.6s)
    epoch 5/34 loss 1.2738 val acc 0.2927 (9.6s)
    epoch 6/34 loss 1.1904 val acc 0.3171 (9.6s)
    epoch 7/34 loss 1.1550 val acc 0.5122 (9.1s)
    epoch 8/34 loss 1.0159 val acc 0.5854 (9.0s)
    epoch 9/34 loss 0.9466 val acc 0.4146 (8.9s)
    epoch 10/34 loss 0.9820 val acc 0.5366 (8.8s)
    epoch 11/34 loss 0.9181 val acc 0.4878 (8.9s)
    epoch 12/34 loss 0.8685 val acc 0.5122 (8.9s)
    epoch 13/34 loss 0.8512 val acc 0.4146 (8.9s)
    epoch 14/34 loss 0.8016 val acc 0.5122 (8.9s)
    epoch 15/34 loss 0.7788 val acc 0.4878 (8.9s)
    epoch 16/34 loss 0.7516 val acc 0.4878 (8.9s)
    epoch 17/34 loss 0.7343 val acc 0.4390 (8.9s)
    epoch 18/34 loss 0.7392 val acc 0.4634 (8.9s)
    epoch 19/34 loss 0.7140 val acc 0.6341 (8.9s)
    epoch 20/34 loss 0.7319 val acc 0.4634 (9.3s)
    epoch 21/34 loss 0.7059 val acc 0.5122 (10.1s)
    epoch 22/34 loss 0.6952 val acc 0.5610 (10.1s)
    epoch 23/34 loss 0.6996 val acc 0.5610 (10.1s)
    epoch 24/34 loss 0.6868 val acc 0.5610 (10.1s)
    epoch 25/34 loss 0.6821 val acc 0.5854 (10.1s)
    epoch 26/34 loss 0.6779 val acc 0.5610 (10.1s)
    epoch 27/34 loss 0.6766 val acc 0.5854 (10.2s)
    epoch 28/34 loss 0.6745 val acc 0.5366 (10.2s)
    epoch 29/34 loss 0.6737 val acc 0.5610 (10.0s)
    epoch 30/34 loss 0.6724 val acc 0.5366 (10.3s)
    epoch 31/34 loss 0.6711 val acc 0.5366 (9.0s)
    epoch 32/34 loss 0.6713 val acc 0.5366 (8.9s)
    epoch 33/34 loss 0.6711 val acc 0.5366 (8.9s)
    epoch 34/34 loss 0.6705 val acc 0.5610 (8.9s)
  [invoice_processing.discrepancy_severity] test acc 0.6800 macro-F1 0.4830 ECE 0.145 (T=1.57, 320s, 110.33M params)
  [invoice_processing.disposition] blocks split=0 depth=22, 4 labels, 259 train
    epoch 1/34 loss 1.3107 val acc 0.2439 (8.9s)
    epoch 2/34 loss 1.2644 val acc 0.2439 (8.9s)
    epoch 3/34 loss 1.2678 val acc 0.6341 (8.9s)
    epoch 4/34 loss 1.2966 val acc 0.2439 (8.8s)
    epoch 5/34 loss 1.3227 val acc 0.2439 (8.9s)
    epoch 6/34 loss 1.2669 val acc 0.4634 (8.9s)
    epoch 7/34 loss 1.2522 val acc 0.5854 (8.9s)
    epoch 8/34 loss 1.1169 val acc 0.5854 (8.8s)
    epoch 9/34 loss 1.1154 val acc 0.6098 (8.9s)
    epoch 10/34 loss 1.0302 val acc 0.6341 (8.9s)
    epoch 11/34 loss 0.9624 val acc 0.4634 (8.9s)
    epoch 12/34 loss 0.9299 val acc 0.6585 (8.8s)
    epoch 13/34 loss 0.8784 val acc 0.6585 (8.9s)
    epoch 14/34 loss 0.8848 val acc 0.6341 (9.0s)
    epoch 15/34 loss 0.8517 val acc 0.6829 (8.9s)
    epoch 16/34 loss 0.8360 val acc 0.7073 (8.8s)
    epoch 17/34 loss 0.8107 val acc 0.7073 (8.9s)
    epoch 18/34 loss 0.8169 val acc 0.5610 (8.9s)
    epoch 19/34 loss 0.8028 val acc 0.7073 (8.9s)
    epoch 20/34 loss 0.7897 val acc 0.7073 (8.8s)
    epoch 21/34 loss 0.7859 val acc 0.7073 (8.9s)
    epoch 22/34 loss 0.7816 val acc 0.7317 (8.9s)
    epoch 23/34 loss 0.7795 val acc 0.7073 (8.9s)
    epoch 24/34 loss 0.7777 val acc 0.7073 (8.8s)
    epoch 25/34 loss 0.7746 val acc 0.7073 (8.9s)
    epoch 26/34 loss 0.7733 val acc 0.7317 (8.9s)
    epoch 27/34 loss 0.7705 val acc 0.7073 (8.9s)
    epoch 28/34 loss 0.7701 val acc 0.7073 (8.8s)
    epoch 29/34 loss 0.7692 val acc 0.7317 (8.9s)
    epoch 30/34 loss 0.7688 val acc 0.7073 (8.9s)
    epoch 31/34 loss 0.7695 val acc 0.7073 (8.9s)
    epoch 32/34 loss 0.7684 val acc 0.7073 (8.9s)
    epoch 33/34 loss 0.7686 val acc 0.7073 (8.9s)
    epoch 34/34 loss 0.7688 val acc 0.7073 (8.9s)
  [invoice_processing.disposition] test acc 0.6900 macro-F1 0.4611 ECE 0.103 (T=1.17, 303s, 110.33M params)
  [invoice_processing.duplicate] blocks split=0 depth=22, 2 labels, 259 train
    epoch 1/34 loss 0.4636 val acc 0.8780 (8.9s)
    epoch 2/34 loss 0.3581 val acc 0.8780 (8.8s)
    epoch 3/34 loss 0.3477 val acc 0.8780 (8.9s)
    epoch 4/34 loss 0.3250 val acc 0.8780 (8.9s)
    epoch 5/34 loss 0.3401 val acc 0.8780 (8.9s)
    epoch 6/34 loss 0.3269 val acc 0.8780 (8.8s)
    epoch 7/34 loss 0.2642 val acc 0.9756 (8.9s)
    epoch 8/34 loss 0.2164 val acc 0.9512 (8.9s)
    epoch 9/34 loss 0.2094 val acc 0.9024 (10.1s)
    epoch 10/34 loss 0.2013 val acc 0.8780 (10.1s)
    epoch 11/34 loss 0.2018 val acc 0.9512 (10.2s)
    epoch 12/34 loss 0.1943 val acc 0.9268 (10.2s)
    epoch 13/34 loss 0.1937 val acc 0.8780 (10.2s)
    epoch 14/34 loss 0.1906 val acc 0.9268 (10.1s)
    epoch 15/34 loss 0.1896 val acc 0.9024 (10.2s)
    epoch 16/34 loss 0.1898 val acc 0.8780 (10.2s)
    epoch 17/34 loss 0.1889 val acc 0.9268 (10.1s)
    epoch 18/34 loss 0.1875 val acc 0.9024 (10.2s)
    epoch 19/34 loss 0.1861 val acc 0.9268 (10.1s)
    epoch 20/34 loss 0.1862 val acc 0.9268 (10.2s)
    epoch 21/34 loss 0.1857 val acc 0.9268 (10.2s)
    epoch 22/34 loss 0.1848 val acc 0.9024 (10.1s)
    epoch 23/34 loss 0.1843 val acc 0.9268 (10.2s)
    epoch 24/34 loss 0.1842 val acc 0.9024 (10.2s)
    epoch 25/34 loss 0.1843 val acc 0.9268 (10.1s)
    epoch 26/34 loss 0.1838 val acc 0.9268 (9.8s)
    epoch 27/34 loss 0.1840 val acc 0.9268 (8.9s)
    epoch 28/34 loss 0.1837 val acc 0.9268 (8.9s)
    epoch 29/34 loss 0.1837 val acc 0.9268 (8.9s)
    epoch 30/34 loss 0.1837 val acc 0.9268 (8.8s)
    epoch 31/34 loss 0.1838 val acc 0.9268 (8.9s)
    epoch 32/34 loss 0.1835 val acc 0.9268 (8.9s)
    epoch 33/34 loss 0.1836 val acc 0.9268 (8.9s)
    epoch 34/34 loss 0.1836 val acc 0.9268 (8.8s)
  [invoice_processing.duplicate] test acc 0.9100 macro-F1 0.6757 ECE 0.072 (T=1.03, 325s, 110.33M params)
  [invoice_processing.matches_order] blocks split=0 depth=22, 2 labels, 259 train
    epoch 1/34 loss 0.7065 val acc 0.4878 (8.9s)
    epoch 2/34 loss 0.6884 val acc 0.6341 (8.9s)
    epoch 3/34 loss 0.7368 val acc 0.3659 (8.9s)
    epoch 4/34 loss 0.6854 val acc 0.7317 (8.8s)
    epoch 5/34 loss 0.6924 val acc 0.7561 (8.9s)
    epoch 6/34 loss 0.7584 val acc 0.8780 (8.9s)
    epoch 7/34 loss 0.7585 val acc 0.6341 (8.9s)
    epoch 8/34 loss 0.5510 val acc 0.8293 (8.8s)
    epoch 9/34 loss 0.4136 val acc 0.7805 (8.9s)
    epoch 10/34 loss 0.3830 val acc 0.8293 (8.9s)
    epoch 11/34 loss 0.3663 val acc 0.8537 (8.9s)
    epoch 12/34 loss 0.3622 val acc 0.7317 (8.7s)
    epoch 13/34 loss 0.3316 val acc 0.8049 (9.6s)
    epoch 14/34 loss 0.3105 val acc 0.8293 (10.2s)
    epoch 15/34 loss 0.3133 val acc 0.8049 (10.2s)
    epoch 16/34 loss 0.2969 val acc 0.8049 (9.9s)
    epoch 17/34 loss 0.3007 val acc 0.8293 (10.1s)
    epoch 18/34 loss 0.3218 val acc 0.8293 (10.2s)
    epoch 19/34 loss 0.2935 val acc 0.8293 (10.1s)
    epoch 20/34 loss 0.2854 val acc 0.8049 (10.1s)
    epoch 21/34 loss 0.2855 val acc 0.8293 (10.2s)
    epoch 22/34 loss 0.2802 val acc 0.8293 (8.9s)
    epoch 23/34 loss 0.2767 val acc 0.8293 (9.0s)
    epoch 24/34 loss 0.2773 val acc 0.8293 (9.8s)
    epoch 25/34 loss 0.2757 val acc 0.8293 (11.9s)
    epoch 26/34 loss 0.2751 val acc 0.8293 (11.9s)
    epoch 27/34 loss 0.2745 val acc 0.8049 (11.9s)
    epoch 28/34 loss 0.2745 val acc 0.8293 (11.8s)
    epoch 29/34 loss 0.2744 val acc 0.8293 (12.0s)
    epoch 30/34 loss 0.2742 val acc 0.8293 (11.9s)
    epoch 31/34 loss 0.2741 val acc 0.8293 (11.9s)
    epoch 32/34 loss 0.2740 val acc 0.8293 (12.0s)
    epoch 33/34 loss 0.2741 val acc 0.8293 (11.9s)
    epoch 34/34 loss 0.2740 val acc 0.8293 (12.0s)
  [invoice_processing.matches_order] test acc 0.9500 macro-F1 0.9499 ECE 0.087 (T=1.16, 344s, 110.33M params)
  [invoice_processing.urgency] blocks split=0 depth=22, 4 labels, 259 train
    epoch 1/34 loss 1.2970 val acc 0.4634 (11.9s)
    epoch 2/34 loss 1.2086 val acc 0.4634 (11.9s)
    epoch 3/34 loss 1.2237 val acc 0.4878 (11.9s)
    epoch 4/34 loss 1.2102 val acc 0.7317 (11.9s)
    epoch 5/34 loss 1.1141 val acc 0.8293 (11.9s)
    epoch 6/34 loss 1.0847 val acc 0.7317 (11.9s)
    epoch 7/34 loss 1.0576 val acc 0.8049 (11.9s)
    epoch 8/34 loss 1.0244 val acc 0.8049 (12.0s)
    epoch 9/34 loss 1.0232 val acc 0.8049 (11.9s)
    epoch 10/34 loss 0.9929 val acc 0.8780 (11.9s)
    epoch 11/34 loss 1.0084 val acc 0.7805 (11.9s)
    epoch 12/34 loss 1.0032 val acc 0.8049 (11.9s)
    epoch 13/34 loss 0.9879 val acc 0.8537 (11.9s)
    epoch 14/34 loss 0.9782 val acc 0.8293 (12.0s)
    epoch 15/34 loss 0.9784 val acc 0.9024 (12.0s)
    epoch 16/34 loss 0.9771 val acc 0.8780 (12.0s)
    epoch 17/34 loss 0.9662 val acc 0.8780 (12.0s)
    epoch 18/34 loss 0.9629 val acc 0.9024 (12.0s)
    epoch 19/34 loss 0.9576 val acc 0.9268 (11.9s)
    epoch 20/34 loss 0.9561 val acc 0.9024 (11.9s)
    epoch 21/34 loss 0.9514 val acc 0.8780 (11.8s)
    epoch 22/34 loss 0.9474 val acc 0.9268 (11.9s)
    epoch 23/34 loss 0.9477 val acc 0.8780 (11.9s)
    epoch 24/34 loss 0.9477 val acc 0.9268 (11.9s)
    epoch 25/34 loss 0.9415 val acc 0.9024 (11.9s)
    epoch 26/34 loss 0.9375 val acc 0.8780 (12.0s)
    epoch 27/34 loss 0.9355 val acc 0.9024 (12.0s)
    epoch 28/34 loss 0.9345 val acc 0.9024 (11.9s)
    epoch 29/34 loss 0.9321 val acc 0.9024 (11.8s)
    epoch 30/34 loss 0.9321 val acc 0.8780 (11.9s)
    epoch 31/34 loss 0.9308 val acc 0.9024 (11.9s)
    epoch 32/34 loss 0.9303 val acc 0.9024 (11.9s)
    epoch 33/34 loss 0.9297 val acc 0.9024 (11.8s)
    epoch 34/34 loss 0.9298 val acc 0.9024 (12.0s)
  [invoice_processing.urgency] test acc 0.7400 macro-F1 0.4819 ECE 0.257 (T=1.11, 405s, 110.33M params)
  [security_incidents.credential_compromise] blocks split=0 depth=22, 2 labels, 278 train
    epoch 1/34 loss 0.6926 val acc 0.6818 (9.7s)
    epoch 2/34 loss 0.6812 val acc 0.4091 (9.7s)
    epoch 3/34 loss 0.6871 val acc 0.4091 (9.3s)
    epoch 4/34 loss 0.7015 val acc 0.7727 (7.5s)
    epoch 5/34 loss 0.6644 val acc 0.7273 (10.3s)
    epoch 6/34 loss 0.6658 val acc 0.8182 (10.3s)
    epoch 7/34 loss 0.6331 val acc 0.8182 (10.3s)
    epoch 8/34 loss 0.6644 val acc 0.4091 (10.3s)
    epoch 9/34 loss 0.6434 val acc 0.6364 (9.5s)
    epoch 10/34 loss 0.6326 val acc 0.8182 (7.8s)
    epoch 11/34 loss 0.6187 val acc 0.7727 (10.3s)
    epoch 12/34 loss 0.6223 val acc 0.8182 (10.3s)
    epoch 13/34 loss 0.6205 val acc 0.8636 (10.2s)
    epoch 14/34 loss 0.6057 val acc 0.7727 (10.3s)
    epoch 15/34 loss 0.6161 val acc 0.7727 (9.3s)
    epoch 16/34 loss 0.5980 val acc 0.7727 (7.8s)
    epoch 17/34 loss 0.5948 val acc 0.8636 (10.2s)
    epoch 18/34 loss 0.5958 val acc 0.8182 (10.3s)
    epoch 19/34 loss 0.5978 val acc 0.5455 (10.2s)
    epoch 20/34 loss 0.6079 val acc 0.8636 (10.3s)
    epoch 21/34 loss 0.5915 val acc 0.8182 (9.6s)
    epoch 22/34 loss 0.5909 val acc 0.8636 (7.5s)
    epoch 23/34 loss 0.5893 val acc 0.8636 (10.3s)
    epoch 24/34 loss 0.5882 val acc 0.8636 (10.3s)
    epoch 25/34 loss 0.5878 val acc 0.8636 (10.3s)
    epoch 26/34 loss 0.5880 val acc 0.8636 (10.3s)
    epoch 27/34 loss 0.5872 val acc 0.8636 (10.2s)
    epoch 28/34 loss 0.5869 val acc 0.8636 (7.3s)
    epoch 29/34 loss 0.5871 val acc 0.8636 (10.1s)
    epoch 30/34 loss 0.5869 val acc 0.8636 (10.3s)
    epoch 31/34 loss 0.5870 val acc 0.8636 (10.3s)
    epoch 32/34 loss 0.5870 val acc 0.8636 (10.2s)
    epoch 33/34 loss 0.5869 val acc 0.8636 (9.2s)
    epoch 34/34 loss 0.5869 val acc 0.8636 (6.9s)
  [security_incidents.credential_compromise] test acc 0.7800 macro-F1 0.7786 ECE 0.149 (T=1.00, 327s, 110.33M params)
  [security_incidents.disposition] blocks split=0 depth=22, 4 labels, 278 train
    epoch 1/34 loss 1.2580 val acc 0.7273 (8.1s)
    epoch 2/34 loss 1.2456 val acc 0.7273 (7.2s)
    epoch 3/34 loss 1.2548 val acc 0.7273 (7.3s)
    epoch 4/34 loss 1.2312 val acc 0.7273 (7.3s)
    epoch 5/34 loss 1.2119 val acc 0.7273 (7.3s)
    epoch 6/34 loss 1.1934 val acc 0.7273 (7.3s)
    epoch 7/34 loss 1.1449 val acc 0.8182 (7.1s)
    epoch 8/34 loss 1.0932 val acc 0.6818 (7.3s)
    epoch 9/34 loss 1.1196 val acc 0.8182 (7.3s)
    epoch 10/34 loss 1.0914 val acc 0.7273 (7.2s)
    epoch 11/34 loss 1.0335 val acc 0.7727 (7.2s)
    epoch 12/34 loss 1.0163 val acc 0.7273 (7.2s)
    epoch 13/34 loss 1.0206 val acc 0.6364 (7.3s)
    epoch 14/34 loss 1.0378 val acc 0.6818 (7.3s)
    epoch 15/34 loss 1.0208 val acc 0.7273 (7.2s)
    epoch 16/34 loss 1.0092 val acc 0.7273 (7.3s)
    epoch 17/34 loss 1.0051 val acc 0.8182 (7.2s)
    epoch 18/34 loss 1.0143 val acc 0.6818 (7.3s)
    epoch 19/34 loss 1.0171 val acc 0.7273 (7.3s)
    epoch 20/34 loss 1.0025 val acc 0.7727 (7.3s)
    epoch 21/34 loss 0.9975 val acc 0.7273 (7.3s)
    epoch 22/34 loss 0.9940 val acc 0.8636 (7.2s)
    epoch 23/34 loss 0.9925 val acc 0.7727 (8.2s)
    epoch 24/34 loss 0.9922 val acc 0.8182 (8.2s)
    epoch 25/34 loss 0.9913 val acc 0.7273 (8.2s)
    epoch 26/34 loss 0.9910 val acc 0.7727 (8.2s)
    epoch 27/34 loss 0.9900 val acc 0.7273 (8.1s)
    epoch 28/34 loss 0.9897 val acc 0.7273 (8.2s)
    epoch 29/34 loss 0.9896 val acc 0.7273 (8.2s)
    epoch 30/34 loss 0.9893 val acc 0.7273 (8.7s)
    epoch 31/34 loss 0.9892 val acc 0.7273 (8.8s)
    epoch 32/34 loss 0.9893 val acc 0.7273 (8.7s)
    epoch 33/34 loss 0.9892 val acc 0.7273 (8.8s)
    epoch 34/34 loss 0.9890 val acc 0.7273 (8.8s)
  [security_incidents.disposition] test acc 0.7600 macro-F1 0.3778 ECE 0.206 (T=1.00, 261s, 110.33M params)
  [security_incidents.severity] blocks split=0 depth=22, 5 labels, 278 train
    epoch 1/34 loss 1.6109 val acc 0.5909 (8.8s)
    epoch 2/34 loss 1.4973 val acc 0.5909 (8.8s)
    epoch 3/34 loss 1.4787 val acc 0.5909 (8.6s)
    epoch 4/34 loss 1.4468 val acc 0.6364 (8.8s)
    epoch 5/34 loss 1.3837 val acc 0.5455 (8.8s)
    epoch 6/34 loss 1.3686 val acc 0.5909 (8.8s)
    epoch 7/34 loss 1.3189 val acc 0.7273 (8.8s)
    epoch 8/34 loss 1.2305 val acc 0.6818 (8.7s)
    epoch 9/34 loss 1.2364 val acc 0.6364 (8.8s)
    epoch 10/34 loss 1.2043 val acc 0.6818 (8.8s)
    epoch 11/34 loss 1.1801 val acc 0.9545 (8.7s)
    epoch 12/34 loss 1.1614 val acc 0.7727 (8.7s)
    epoch 13/34 loss 1.1584 val acc 0.8636 (8.6s)
    epoch 14/34 loss 1.1343 val acc 0.8636 (8.6s)
    epoch 15/34 loss 1.1280 val acc 0.9091 (8.6s)
    epoch 16/34 loss 1.1248 val acc 0.8636 (8.6s)
    epoch 17/34 loss 1.1273 val acc 0.9091 (8.5s)
    epoch 18/34 loss 1.1287 val acc 0.8182 (8.6s)
    epoch 19/34 loss 1.1507 val acc 0.9091 (8.6s)
    epoch 20/34 loss 1.1324 val acc 0.8636 (8.6s)
    epoch 21/34 loss 1.1157 val acc 0.8636 (8.3s)
    epoch 22/34 loss 1.1118 val acc 0.9091 (8.3s)
    epoch 23/34 loss 1.1105 val acc 0.8636 (8.3s)
    epoch 24/34 loss 1.1092 val acc 0.9091 (8.3s)
    epoch 25/34 loss 1.1090 val acc 0.9091 (8.3s)
    epoch 26/34 loss 1.1075 val acc 0.9091 (8.3s)
    epoch 27/34 loss 1.1071 val acc 0.9091 (8.3s)
    epoch 28/34 loss 1.1068 val acc 0.8636 (8.8s)
    epoch 29/34 loss 1.1065 val acc 0.8636 (8.9s)
    epoch 30/34 loss 1.1058 val acc 0.9091 (8.9s)
    epoch 31/34 loss 1.1063 val acc 0.9091 (8.9s)
    epoch 32/34 loss 1.1059 val acc 0.8636 (8.9s)
    epoch 33/34 loss 1.1059 val acc 0.8636 (8.8s)
    epoch 34/34 loss 1.1055 val acc 0.8636 (8.8s)
  [security_incidents.severity] test acc 0.7800 macro-F1 0.6081 ECE 0.282 (T=1.00, 294s, 110.33M params)
  [security_incidents.true_positive] blocks split=0 depth=22, 2 labels, 278 train
    epoch 1/34 loss 0.6744 val acc 0.6364 (8.9s)
    epoch 2/34 loss 0.6594 val acc 0.6364 (8.8s)
    epoch 3/34 loss 0.6390 val acc 0.5909 (8.8s)
    epoch 4/34 loss 0.7071 val acc 0.8182 (8.8s)
    epoch 5/34 loss 0.6357 val acc 0.7273 (8.9s)
    epoch 6/34 loss 0.6204 val acc 0.6818 (8.8s)
    epoch 7/34 loss 0.6382 val acc 0.7727 (8.8s)
    epoch 8/34 loss 0.6169 val acc 0.7727 (8.9s)
    epoch 9/34 loss 0.6029 val acc 0.8182 (8.8s)
    epoch 10/34 loss 0.5831 val acc 0.8182 (8.9s)
    epoch 11/34 loss 0.5746 val acc 0.7727 (8.8s)
    epoch 12/34 loss 0.5980 val acc 0.7727 (8.7s)
    epoch 13/34 loss 0.5947 val acc 0.6818 (8.7s)
    epoch 14/34 loss 0.5852 val acc 0.8182 (8.7s)
    epoch 15/34 loss 0.5882 val acc 0.7273 (8.7s)
    epoch 16/34 loss 0.5831 val acc 0.7727 (8.7s)
    epoch 17/34 loss 0.6074 val acc 0.6818 (8.7s)
    epoch 18/34 loss 0.5616 val acc 0.8182 (8.7s)
    epoch 19/34 loss 0.5605 val acc 0.8182 (8.8s)
    epoch 20/34 loss 0.5618 val acc 0.8182 (8.9s)
    epoch 21/34 loss 0.5567 val acc 0.8636 (8.9s)
    epoch 22/34 loss 0.5533 val acc 0.8636 (8.8s)
    epoch 23/34 loss 0.5514 val acc 0.8636 (8.9s)
    epoch 24/34 loss 0.5515 val acc 0.8182 (8.9s)
    epoch 25/34 loss 0.5507 val acc 0.7727 (8.9s)
    epoch 26/34 loss 0.5507 val acc 0.8636 (8.8s)
    epoch 27/34 loss 0.5500 val acc 0.8636 (8.9s)
    epoch 28/34 loss 0.5498 val acc 0.8636 (8.9s)
    epoch 29/34 loss 0.5500 val acc 0.8636 (9.5s)
    epoch 30/34 loss 0.5499 val acc 0.8636 (9.5s)
    epoch 31/34 loss 0.5500 val acc 0.8636 (9.4s)
    epoch 32/34 loss 0.5498 val acc 0.8636 (9.5s)
    epoch 33/34 loss 0.5499 val acc 0.8636 (9.5s)
    epoch 34/34 loss 0.5497 val acc 0.8636 (9.5s)
  [security_incidents.true_positive] test acc 0.8100 macro-F1 0.7669 ECE 0.127 (T=1.00, 303s, 110.33M params)
  [security_incidents.urgency] blocks split=0 depth=22, 4 labels, 278 train
    epoch 1/34 loss 1.4076 val acc 0.5909 (9.5s)
    epoch 2/34 loss 1.2830 val acc 0.5909 (9.4s)
    epoch 3/34 loss 1.2818 val acc 0.6364 (9.5s)
    epoch 4/34 loss 1.2501 val acc 0.5909 (9.5s)
    epoch 5/34 loss 1.2317 val acc 0.3182 (9.5s)
    epoch 6/34 loss 1.1952 val acc 0.5455 (9.5s)
    epoch 7/34 loss 1.1658 val acc 0.3636 (9.4s)
    epoch 8/34 loss 1.1971 val acc 0.5000 (9.5s)
    epoch 9/34 loss 1.3479 val acc 0.2727 (9.5s)
    epoch 10/34 loss 1.1360 val acc 0.5455 (9.5s)
    epoch 11/34 loss 1.1317 val acc 0.5455 (9.3s)
    epoch 12/34 loss 1.0987 val acc 0.5909 (9.5s)
    epoch 13/34 loss 1.0917 val acc 0.5455 (9.4s)
    epoch 14/34 loss 1.0580 val acc 0.6364 (9.5s)
    epoch 15/34 loss 1.0368 val acc 0.6364 (9.5s)
    epoch 16/34 loss 1.0219 val acc 0.7727 (9.4s)
    epoch 17/34 loss 1.0104 val acc 0.6818 (9.3s)
    epoch 18/34 loss 1.0174 val acc 0.5000 (9.5s)
    epoch 19/34 loss 1.0497 val acc 0.6364 (9.4s)
    epoch 20/34 loss 1.0236 val acc 0.5909 (9.3s)
    epoch 21/34 loss 1.0308 val acc 0.5000 (9.3s)
    epoch 22/34 loss 1.0122 val acc 0.6818 (9.3s)
    epoch 23/34 loss 1.0090 val acc 0.7727 (9.3s)
    epoch 24/34 loss 0.9912 val acc 0.6364 (9.3s)
    epoch 25/34 loss 0.9918 val acc 0.7727 (9.3s)
    epoch 26/34 loss 0.9875 val acc 0.7273 (9.3s)
    epoch 27/34 loss 0.9862 val acc 0.7727 (9.3s)
    epoch 28/34 loss 0.9852 val acc 0.7727 (9.3s)
    epoch 29/34 loss 0.9848 val acc 0.7273 (9.3s)
    epoch 30/34 loss 0.9841 val acc 0.7273 (9.3s)
    epoch 31/34 loss 0.9838 val acc 0.7727 (8.6s)
    epoch 32/34 loss 0.9834 val acc 0.7727 (8.6s)
    epoch 33/34 loss 0.9838 val acc 0.7727 (8.6s)
    epoch 34/34 loss 0.9834 val acc 0.7727 (8.6s)
  [security_incidents.urgency] test acc 0.5800 macro-F1 0.3857 ECE 0.106 (T=1.00, 316s, 110.33M params)
   full mean: {"acc": 0.7647, "macro_f1": 0.6412, "ece": 0.1598, "nll": 0.6302}
done
