Fetching 7 files:   0%|          | 0/7 [00:00<?, ?it/s]Warning: You are sending unauthenticated requests to the HF Hub. Please set a HF_TOKEN to enable higher rate limits and faster downloads.
Fetching 7 files:  71%|███████▏  | 5/7 [00:00<00:00, 48.20it/s]Fetching 7 files: 100%|██████████| 7/7 [00:04<00:00,  1.51it/s]
Writing model shards:   0%|          | 0/1 [00:00<?, ?it/s]Writing model shards: 100%|██████████| 1/1 [00:00<00:00,  1.95it/s]Writing model shards: 100%|██████████| 1/1 [00:00<00:00,  1.95it/s]
Loading weights:   0%|          | 0/134 [00:00<?, ?it/s]Loading weights: 100%|██████████| 134/134 [00:00<00:00, 5795.27it/s]
[   13.9s] == trunk swap: gliclass (/home/ubuntu/.cache/tarski/lit_dm/gliclass-modern-base-v3.0-encoder) on cuda, 22 layers, hidden 768
[   23.0s] == banking77: 8994/999/3076 messages (train/val/test), tasks: intent(77) | cached [4, 8, 11, 14, 18, 22] in 7.5s (1873 MB)
[   23.0s] -- banking77 probe@4
[   50.3s]       probe: 16 epochs, 4512 steps, 27.3s, val acc 0.921, T=1.10
[   50.7s]    probe@4: mean acc 0.8989
[   50.7s] -- banking77 probe@8
[   71.9s]       probe: 12 epochs, 3384 steps, 21.2s, val acc 0.905, T=1.11
[   72.3s]    probe@8: mean acc 0.8979
[   72.3s] -- banking77 probe@11
[   87.7s]       probe: 10 epochs, 2820 steps, 15.4s, val acc 0.906, T=1.07
[   88.0s]    probe@11: mean acc 0.8934
[   88.0s] -- banking77 probe@14
[  110.9s]       probe: 16 epochs, 4512 steps, 22.9s, val acc 0.903, T=1.19
[  111.2s]    probe@14: mean acc 0.8960
[  111.2s] -- banking77 probe@18
[  125.4s]       probe: 10 epochs, 2820 steps, 14.2s, val acc 0.900, T=0.98
[  125.8s]    probe@18: mean acc 0.8794
[  125.8s] -- banking77 probe@22
[  140.0s]       probe: 10 epochs, 2820 steps, 14.2s, val acc 0.903, T=1.05
[  140.3s]    probe@22: mean acc 0.8869
[  140.3s] -- banking77 blocks@14+2
[  158.1s]       blocks: 6 epochs, 1692 steps, 17.8s, val acc 0.923, T=1.35
[  158.6s]    blocks@14+2: mean acc 0.9233
[  158.6s] -- banking77 blocks@18+1
[  171.8s]       blocks: 6 epochs, 1692 steps, 13.2s, val acc 0.934, T=1.22
[  172.2s]    blocks@18+1: mean acc 0.9304
[  172.7s]    zero-shot [name] best name|mean|depth4: acc 0.2295
[  172.7s]    zero-shot [name] native pooling at the top (name|mean|depth22): acc 0.0927
[  173.2s]    zero-shot [about] best about|mean|depth8: acc 0.3306
[  173.2s]    zero-shot [about] native pooling at the top (about|mean|depth22): acc 0.0826
[  175.1s]    gliclass cached: acc 0.0133 (2.0s)
[  210.9s]    gliclass joint_chunk: acc 0.3826 (35.8s)
[  226.9s]    gliclass joint: acc 0.3820 (16.0s)
[  237.0s] == clinc150: 15250/3100/5500 messages (train/val/test), tasks: intent(151) | cached [4, 8, 11, 14, 18, 22] in 8.6s (2443 MB)
[  237.0s] -- clinc150 probe@4
[  261.5s]       probe: 10 epochs, 4770 steps, 24.4s, val acc 0.933, T=1.10
[  261.9s]    probe@4: mean acc 0.8707
[  261.9s] -- clinc150 probe@8
[  304.7s]       probe: 15 epochs, 7155 steps, 42.8s, val acc 0.944, T=1.24
[  305.2s]    probe@8: mean acc 0.8827
[  305.2s] -- clinc150 probe@11
[  348.4s]       probe: 12 epochs, 5724 steps, 43.2s, val acc 0.946, T=1.17
[  348.9s]    probe@11: mean acc 0.8775
[  348.9s] -- clinc150 probe@14
[  379.9s]       probe: 12 epochs, 5724 steps, 31.0s, val acc 0.941, T=1.17
[  380.4s]    probe@14: mean acc 0.8825
[  380.4s] -- clinc150 probe@18
[  435.6s]       probe: 12 epochs, 5724 steps, 55.2s, val acc 0.942, T=1.15
[  436.2s]    probe@18: mean acc 0.8789
[  436.2s] -- clinc150 probe@22
[  499.6s]       probe: 15 epochs, 7155 steps, 63.3s, val acc 0.937, T=1.25
[  500.0s]    probe@22: mean acc 0.8858
[  500.0s] -- clinc150 blocks@11+2
[  525.2s]       blocks: 6 epochs, 2862 steps, 25.1s, val acc 0.952, T=1.26
[  525.6s]    blocks@11+2: mean acc 0.8876
[  526.8s]    zero-shot [name] best name|mean|depth4: acc 0.2044, oos auroc 0.646
[  526.8s]    zero-shot [name] native pooling at the top (name|mean|depth22): acc 0.0536
[  527.8s]    zero-shot [about] best about|mean|depth4: acc 0.3176, oos auroc 0.637
[  527.8s]    zero-shot [about] native pooling at the top (about|mean|depth22): acc 0.0613
[  531.0s]    gliclass cached: acc 0.0044, oos auroc 0.554 (3.2s)
[  723.9s]    gliclass joint_chunk: acc 0.4289, oos auroc 0.737 (192.8s)
[  768.1s]    gliclass joint: acc 0.4764, oos auroc 0.768 (44.2s)
[  770.3s] == typed-cs: 269/31/100 messages (train/val/test), tasks: customer_service.action(5), customer_service.category(5), customer_service.churn_risk(4), customer_service.needs_human(2), customer_service.urgency(4) | cached [6, 14, 22] in 1.3s (507 MB)
[  770.3s] -- typed-cs probe@6
[  772.8s]       probe: 34 epochs, 306 steps, 2.4s, val acc 0.613, T=0.67
[  775.6s]       probe: 34 epochs, 306 steps, 2.5s, val acc 0.677, T=0.47
[  778.5s]       probe: 34 epochs, 306 steps, 2.7s, val acc 0.677, T=0.26
[  781.2s]       probe: 34 epochs, 306 steps, 2.5s, val acc 0.806, T=0.42
[  783.9s]       probe: 34 epochs, 306 steps, 2.5s, val acc 0.484, T=0.46
[  784.1s]    probe@6: mean acc 0.7060
[  784.1s] -- typed-cs probe@14
[  786.6s]       probe: 34 epochs, 306 steps, 2.5s, val acc 0.645, T=0.56
[  789.3s]       probe: 34 epochs, 306 steps, 2.4s, val acc 0.677, T=0.71
[  792.0s]       probe: 34 epochs, 306 steps, 2.5s, val acc 0.742, T=0.33
[  794.8s]       probe: 34 epochs, 306 steps, 2.6s, val acc 0.871, T=0.21
[  797.5s]       probe: 34 epochs, 306 steps, 2.5s, val acc 0.613, T=0.52
[  797.8s]    probe@14: mean acc 0.7380
[  797.8s] -- typed-cs probe@22
[  800.2s]       probe: 34 epochs, 306 steps, 2.5s, val acc 0.645, T=0.52
[  802.9s]       probe: 34 epochs, 306 steps, 2.5s, val acc 0.645, T=0.53
[  805.7s]       probe: 34 epochs, 306 steps, 2.5s, val acc 0.677, T=0.29
[  808.5s]       probe: 34 epochs, 306 steps, 2.6s, val acc 0.806, T=0.20
[  811.2s]       probe: 34 epochs, 306 steps, 2.5s, val acc 0.677, T=0.44
[  811.5s]    probe@22: mean acc 0.7240
[  811.5s] -- typed-cs blocks@14+2
[  826.6s]       blocks: 34 epochs, 306 steps, 15.1s, val acc 0.581, T=0.68
[  841.9s]       blocks: 34 epochs, 306 steps, 15.0s, val acc 0.806, T=0.83
[  857.3s]       blocks: 34 epochs, 306 steps, 15.0s, val acc 0.774, T=0.47
[  872.7s]       blocks: 34 epochs, 306 steps, 15.1s, val acc 0.774, T=0.46
[  888.1s]       blocks: 34 epochs, 306 steps, 15.1s, val acc 0.710, T=0.65
[  888.4s]    blocks@14+2: mean acc 0.7700
[  888.6s] done
