== typed-decisions: 1080/120/400 messages (train/val/test), tasks: agent_trace_observability.action(4), agent_trace_observability.needs_review(2), agent_trace_observability.outcome(4), agent_trace_observability.risk(4), agent_trace_observability.urgency(4), customer_service.action(5), customer_service.category(5), customer_service.churn_risk(4), customer_service.needs_human(2), customer_service.urgency(4), invoice_processing.discrepancy_severity(4), invoice_processing.disposition(4), invoice_processing.duplicate(2), invoice_processing.matches_order(2), invoice_processing.urgency(4), security_incidents.credential_compromise(2), security_incidents.disposition(4), security_incidents.severity(5), security_incidents.true_positive(2), security_incidents.urgency(4) | base answerdotai/ModernBERT-base on cuda | seed 0
-- full
  cached trunk depth 0 for 1600 messages in 2.5s (559 MB)
  [customer_service.action] blocks split=0 depth=22, 5 labels, 269 train
    epoch 1/34 loss 1.6079 val acc 0.5484 (5.5s)
    epoch 2/34 loss 1.3132 val acc 0.5484 (5.2s)
    epoch 3/34 loss 1.2822 val acc 0.5484 (5.3s)
    epoch 4/34 loss 1.2441 val acc 0.5806 (5.3s)
    epoch 5/34 loss 1.1791 val acc 0.5484 (5.3s)
    epoch 6/34 loss 1.1454 val acc 0.4516 (5.1s)
    epoch 7/34 loss 1.0970 val acc 0.7097 (5.0s)
    epoch 8/34 loss 1.0705 val acc 0.5806 (5.0s)
    epoch 9/34 loss 1.0245 val acc 0.6452 (5.0s)
    epoch 10/34 loss 1.0064 val acc 0.6452 (5.0s)
    epoch 11/34 loss 1.0306 val acc 0.6129 (5.0s)
    epoch 12/34 loss 1.0031 val acc 0.5161 (5.0s)
    epoch 13/34 loss 0.9813 val acc 0.6129 (5.0s)
    epoch 14/34 loss 0.9685 val acc 0.6452 (5.0s)
    epoch 15/34 loss 0.9498 val acc 0.7419 (5.0s)
    epoch 16/34 loss 0.9476 val acc 0.7097 (5.0s)
    epoch 17/34 loss 0.9453 val acc 0.6129 (5.1s)
    epoch 18/34 loss 0.9450 val acc 0.6452 (5.1s)
    epoch 19/34 loss 0.9380 val acc 0.6452 (5.1s)
    epoch 20/34 loss 0.9386 val acc 0.7097 (5.2s)
    epoch 21/34 loss 0.9311 val acc 0.7419 (5.2s)
    epoch 22/34 loss 0.9319 val acc 0.6774 (5.3s)
    epoch 23/34 loss 0.9287 val acc 0.7097 (5.3s)
    epoch 24/34 loss 0.9282 val acc 0.7419 (5.3s)
    epoch 25/34 loss 0.9261 val acc 0.7097 (5.2s)
    epoch 26/34 loss 0.9246 val acc 0.7097 (5.0s)
    epoch 27/34 loss 0.9245 val acc 0.6774 (5.0s)
    epoch 28/34 loss 0.9239 val acc 0.7097 (5.0s)
    epoch 29/34 loss 0.9230 val acc 0.7097 (5.0s)
    epoch 30/34 loss 0.9233 val acc 0.7097 (5.1s)
    epoch 31/34 loss 0.9228 val acc 0.7097 (5.0s)
    epoch 32/34 loss 0.9224 val acc 0.7097 (5.0s)
    epoch 33/34 loss 0.9229 val acc 0.7097 (5.0s)
    epoch 34/34 loss 0.9228 val acc 0.7097 (5.0s)
  [customer_service.action] test acc 0.6300 macro-F1 0.3290 ECE 0.105 (T=1.12, 174s, 110.33M params)
  [customer_service.category] blocks split=0 depth=22, 5 labels, 269 train
    epoch 1/34 loss 1.6342 val acc 0.0968 (5.0s)
    epoch 2/34 loss 1.5504 val acc 0.2903 (5.1s)
    epoch 3/34 loss 1.2832 val acc 0.5806 (5.1s)
    epoch 4/34 loss 0.6542 val acc 0.8065 (5.1s)
    epoch 5/34 loss 0.5726 val acc 0.9355 (5.1s)
    epoch 6/34 loss 0.5127 val acc 0.7742 (6.0s)
    epoch 7/34 loss 0.4720 val acc 0.8710 (7.9s)
    epoch 8/34 loss 0.4623 val acc 0.9355 (7.9s)
    epoch 9/34 loss 0.4544 val acc 0.8710 (7.9s)
    epoch 10/34 loss 0.4417 val acc 0.9032 (7.8s)
    epoch 11/34 loss 0.4349 val acc 0.8710 (7.9s)
    epoch 12/34 loss 0.4397 val acc 0.9032 (7.9s)
    epoch 13/34 loss 0.4232 val acc 0.9032 (7.9s)
    epoch 14/34 loss 0.4260 val acc 0.9355 (7.9s)
    epoch 15/34 loss 0.4157 val acc 0.9032 (8.0s)
    epoch 16/34 loss 0.4100 val acc 0.9355 (8.4s)
    epoch 17/34 loss 0.4106 val acc 0.9032 (8.4s)
    epoch 18/34 loss 0.4052 val acc 0.9032 (8.5s)
    epoch 19/34 loss 0.4056 val acc 0.9355 (8.4s)
    epoch 20/34 loss 0.4035 val acc 0.9032 (8.5s)
    epoch 21/34 loss 0.4029 val acc 0.9032 (8.4s)
    epoch 22/34 loss 0.4037 val acc 0.8710 (8.4s)
    epoch 23/34 loss 0.4003 val acc 0.9032 (8.4s)
    epoch 24/34 loss 0.4005 val acc 0.9355 (8.5s)
    epoch 25/34 loss 0.3999 val acc 0.9032 (8.5s)
    epoch 26/34 loss 0.3988 val acc 0.9355 (8.4s)
    epoch 27/34 loss 0.3983 val acc 0.9355 (8.4s)
    epoch 28/34 loss 0.3981 val acc 0.9355 (8.5s)
    epoch 29/34 loss 0.3978 val acc 0.9355 (8.5s)
    epoch 30/34 loss 0.3980 val acc 0.9355 (8.5s)
    epoch 31/34 loss 0.3975 val acc 0.9355 (8.4s)
    epoch 32/34 loss 0.3973 val acc 0.9355 (8.6s)
    epoch 33/34 loss 0.3971 val acc 0.9355 (8.5s)
    epoch 34/34 loss 0.3974 val acc 0.9355 (8.5s)
  [customer_service.category] test acc 0.9500 macro-F1 0.9532 ECE 0.109 (T=1.01, 263s, 110.33M params)
  [customer_service.churn_risk] blocks split=0 depth=22, 4 labels, 269 train
    epoch 1/34 loss 1.4187 val acc 0.5161 (8.4s)
    epoch 2/34 loss 1.3158 val acc 0.5161 (8.5s)
    epoch 3/34 loss 1.2822 val acc 0.6129 (8.5s)
    epoch 4/34 loss 1.1991 val acc 0.5484 (8.5s)
    epoch 5/34 loss 1.2220 val acc 0.4516 (8.4s)
    epoch 6/34 loss 1.1715 val acc 0.6774 (8.5s)
    epoch 7/34 loss 1.0779 val acc 0.5806 (8.5s)
    epoch 8/34 loss 0.9708 val acc 0.8387 (8.5s)
    epoch 9/34 loss 0.9561 val acc 0.5806 (8.4s)
    epoch 10/34 loss 0.9557 val acc 0.8710 (8.5s)
    epoch 11/34 loss 0.9537 val acc 0.6129 (8.5s)
    epoch 12/34 loss 0.9413 val acc 0.9032 (8.5s)
    epoch 13/34 loss 0.9121 val acc 0.7419 (8.5s)
    epoch 14/34 loss 0.9106 val acc 0.8387 (8.5s)
    epoch 15/34 loss 0.8999 val acc 0.8065 (8.5s)
    epoch 16/34 loss 0.8941 val acc 0.8710 (8.5s)
    epoch 17/34 loss 0.8871 val acc 0.8065 (8.4s)
    epoch 18/34 loss 0.8899 val acc 0.8710 (8.5s)
    epoch 19/34 loss 0.8853 val acc 0.8710 (8.6s)
    epoch 20/34 loss 0.8812 val acc 0.9032 (8.5s)
    epoch 21/34 loss 0.8823 val acc 0.8065 (8.4s)
    epoch 22/34 loss 0.8807 val acc 0.8387 (8.4s)
    epoch 23/34 loss 0.8799 val acc 0.9032 (8.5s)
    epoch 24/34 loss 0.8795 val acc 0.8387 (8.4s)
    epoch 25/34 loss 0.8789 val acc 0.8387 (8.5s)
    epoch 26/34 loss 0.8772 val acc 0.8710 (8.5s)
    epoch 27/34 loss 0.8768 val acc 0.8387 (8.4s)
    epoch 28/34 loss 0.8769 val acc 0.8710 (8.5s)
    epoch 29/34 loss 0.8760 val acc 0.8387 (8.4s)
    epoch 30/34 loss 0.8764 val acc 0.8387 (8.4s)
    epoch 31/34 loss 0.8758 val acc 0.8710 (8.4s)
    epoch 32/34 loss 0.8758 val acc 0.8387 (8.5s)
    epoch 33/34 loss 0.8757 val acc 0.8387 (8.5s)
    epoch 34/34 loss 0.8758 val acc 0.8387 (8.4s)
  [customer_service.churn_risk] test acc 0.8500 macro-F1 0.6373 ECE 0.278 (T=1.09, 288s, 110.33M params)
  [customer_service.needs_human] blocks split=0 depth=22, 2 labels, 269 train
    epoch 1/34 loss 0.7052 val acc 0.7419 (8.4s)
    epoch 2/34 loss 0.7196 val acc 0.2903 (8.4s)
    epoch 3/34 loss 0.7324 val acc 0.3871 (8.0s)
    epoch 4/34 loss 0.6544 val acc 0.7097 (8.0s)
    epoch 5/34 loss 0.6406 val acc 0.7419 (7.9s)
    epoch 6/34 loss 0.6608 val acc 0.7742 (7.9s)
    epoch 7/34 loss 0.6075 val acc 0.7097 (7.9s)
    epoch 8/34 loss 0.5814 val acc 0.6452 (8.0s)
    epoch 9/34 loss 0.5617 val acc 0.5484 (7.9s)
    epoch 10/34 loss 0.5739 val acc 0.8387 (7.9s)
    epoch 11/34 loss 0.5742 val acc 0.7742 (8.0s)
    epoch 12/34 loss 0.5615 val acc 0.8065 (8.4s)
    epoch 13/34 loss 0.5565 val acc 0.7742 (8.5s)
    epoch 14/34 loss 0.5534 val acc 0.8387 (8.5s)
    epoch 15/34 loss 0.5886 val acc 0.4194 (8.5s)
    epoch 16/34 loss 0.5584 val acc 0.7742 (8.4s)
    epoch 17/34 loss 0.5611 val acc 0.8065 (8.5s)
    epoch 18/34 loss 0.5448 val acc 0.7097 (8.5s)
    epoch 19/34 loss 0.5408 val acc 0.7742 (8.4s)
    epoch 20/34 loss 0.5424 val acc 0.8387 (8.4s)
    epoch 21/34 loss 0.5401 val acc 0.8065 (8.4s)
    epoch 22/34 loss 0.5400 val acc 0.8387 (8.5s)
    epoch 23/34 loss 0.5407 val acc 0.7742 (8.5s)
    epoch 24/34 loss 0.5420 val acc 0.7742 (8.4s)
    epoch 25/34 loss 0.5401 val acc 0.7742 (8.5s)
    epoch 26/34 loss 0.5390 val acc 0.8387 (8.4s)
    epoch 27/34 loss 0.5391 val acc 0.8065 (8.5s)
    epoch 28/34 loss 0.5389 val acc 0.8065 (8.4s)
    epoch 29/34 loss 0.5386 val acc 0.8387 (8.5s)
    epoch 30/34 loss 0.5386 val acc 0.8387 (8.5s)
    epoch 31/34 loss 0.5386 val acc 0.8065 (8.5s)
    epoch 32/34 loss 0.5386 val acc 0.8065 (8.5s)
    epoch 33/34 loss 0.5386 val acc 0.8065 (8.6s)
    epoch 34/34 loss 0.5385 val acc 0.8065 (8.6s)
  [customer_service.needs_human] test acc 0.7600 macro-F1 0.6800 ECE 0.113 (T=0.72, 283s, 110.33M params)
  [customer_service.urgency] blocks split=0 depth=22, 4 labels, 269 train
    epoch 1/34 loss 1.4425 val acc 0.5161 (8.4s)
    epoch 2/34 loss 1.2490 val acc 0.3226 (8.5s)
    epoch 3/34 loss 1.1918 val acc 0.3548 (8.6s)
    epoch 4/34 loss 1.1528 val acc 0.4516 (8.5s)
    epoch 5/34 loss 1.1405 val acc 0.3871 (8.5s)
    epoch 6/34 loss 1.0685 val acc 0.3871 (8.5s)
    epoch 7/34 loss 1.0455 val acc 0.5161 (8.6s)
    epoch 8/34 loss 1.0039 val acc 0.5484 (8.6s)
    epoch 9/34 loss 0.9345 val acc 0.6774 (8.5s)
    epoch 10/34 loss 0.9226 val acc 0.6774 (8.5s)
    epoch 11/34 loss 0.8786 val acc 0.7419 (8.5s)
    epoch 12/34 loss 0.8656 val acc 0.7097 (8.6s)
    epoch 13/34 loss 0.8512 val acc 0.6774 (8.5s)
    epoch 14/34 loss 0.8724 val acc 0.5806 (8.5s)
    epoch 15/34 loss 0.8860 val acc 0.5161 (8.5s)
    epoch 16/34 loss 0.8610 val acc 0.7097 (8.5s)
    epoch 17/34 loss 0.8517 val acc 0.7097 (8.4s)
    epoch 18/34 loss 0.8444 val acc 0.6452 (8.5s)
    epoch 19/34 loss 0.8408 val acc 0.6452 (8.4s)
    epoch 20/34 loss 0.8372 val acc 0.7097 (8.5s)
    epoch 21/34 loss 0.8350 val acc 0.7097 (8.4s)
    epoch 22/34 loss 0.8352 val acc 0.6774 (8.4s)
    epoch 23/34 loss 0.8339 val acc 0.7419 (8.4s)
    epoch 24/34 loss 0.8334 val acc 0.7097 (8.4s)
    epoch 25/34 loss 0.8324 val acc 0.6774 (8.5s)
    epoch 26/34 loss 0.8314 val acc 0.6774 (8.5s)
    epoch 27/34 loss 0.8314 val acc 0.6452 (8.4s)
    epoch 28/34 loss 0.8316 val acc 0.6774 (8.5s)
    epoch 29/34 loss 0.8314 val acc 0.6774 (8.4s)
    epoch 30/34 loss 0.8314 val acc 0.6774 (8.4s)
    epoch 31/34 loss 0.8307 val acc 0.6774 (8.4s)
    epoch 32/34 loss 0.8309 val acc 0.6774 (8.4s)
    epoch 33/34 loss 0.8308 val acc 0.6774 (7.8s)
    epoch 34/34 loss 0.8309 val acc 0.6774 (6.0s)
  [customer_service.urgency] test acc 0.7800 macro-F1 0.5670 ECE 0.206 (T=0.97, 285s, 110.33M params)
   full mean: {"acc": 0.794, "macro_f1": 0.6333, "ece": 0.1622, "nll": 0.5906}
done
