== typed-decisions: 1080/120/400 messages (train/val/test), tasks: agent_trace_observability.action(4), agent_trace_observability.needs_review(2), agent_trace_observability.outcome(4), agent_trace_observability.risk(4), agent_trace_observability.urgency(4), customer_service.action(5), customer_service.category(5), customer_service.churn_risk(4), customer_service.needs_human(2), customer_service.urgency(4), invoice_processing.discrepancy_severity(4), invoice_processing.disposition(4), invoice_processing.duplicate(2), invoice_processing.matches_order(2), invoice_processing.urgency(4), security_incidents.credential_compromise(2), security_incidents.disposition(4), security_incidents.severity(5), security_incidents.true_positive(2), security_incidents.urgency(4) | base answerdotai/ModernBERT-base on cuda | seed 1
-- full
  cached trunk depth 0 for 1600 messages in 1.8s (559 MB)
  [customer_service.action] blocks split=0 depth=22, 5 labels, 269 train
    epoch 1/34 loss 1.6158 val acc 0.5484 (6.3s)
    epoch 2/34 loss 1.2897 val acc 0.5484 (6.0s)
    epoch 3/34 loss 1.2855 val acc 0.4839 (5.9s)
    epoch 4/34 loss 1.2567 val acc 0.4516 (6.0s)
    epoch 5/34 loss 1.1937 val acc 0.5484 (6.0s)
    epoch 6/34 loss 1.1618 val acc 0.5484 (6.0s)
    epoch 7/34 loss 1.1674 val acc 0.5806 (6.3s)
    epoch 8/34 loss 1.1175 val acc 0.4194 (6.3s)
    epoch 9/34 loss 1.1278 val acc 0.6129 (6.2s)
    epoch 10/34 loss 1.0741 val acc 0.5484 (6.2s)
    epoch 11/34 loss 1.0483 val acc 0.5806 (6.2s)
    epoch 12/34 loss 1.0221 val acc 0.6452 (6.3s)
    epoch 13/34 loss 1.0022 val acc 0.5806 (6.2s)
    epoch 14/34 loss 0.9699 val acc 0.4194 (6.4s)
    epoch 15/34 loss 0.9779 val acc 0.5806 (6.4s)
    epoch 16/34 loss 0.9643 val acc 0.6129 (6.4s)
    epoch 17/34 loss 0.9646 val acc 0.6452 (6.4s)
    epoch 18/34 loss 0.9551 val acc 0.6452 (6.2s)
    epoch 19/34 loss 0.9552 val acc 0.6452 (6.0s)
    epoch 20/34 loss 0.9508 val acc 0.6129 (6.1s)
    epoch 21/34 loss 0.9380 val acc 0.6774 (6.2s)
    epoch 22/34 loss 0.9337 val acc 0.6452 (6.2s)
    epoch 23/34 loss 0.9299 val acc 0.6452 (6.4s)
    epoch 24/34 loss 0.9287 val acc 0.6774 (6.4s)
    epoch 25/34 loss 0.9274 val acc 0.6452 (6.2s)
    epoch 26/34 loss 0.9258 val acc 0.6129 (6.1s)
    epoch 27/34 loss 0.9253 val acc 0.6452 (6.0s)
    epoch 28/34 loss 0.9250 val acc 0.6129 (6.0s)
    epoch 29/34 loss 0.9241 val acc 0.6129 (6.0s)
    epoch 30/34 loss 0.9236 val acc 0.6452 (6.0s)
    epoch 31/34 loss 0.9237 val acc 0.6129 (6.1s)
    epoch 32/34 loss 0.9235 val acc 0.6129 (6.2s)
    epoch 33/34 loss 0.9239 val acc 0.6452 (6.2s)
    epoch 34/34 loss 0.9234 val acc 0.6452 (6.2s)
  [customer_service.action] test acc 0.6400 macro-F1 0.3318 ECE 0.105 (T=1.12, 210s, 110.33M params)
  [customer_service.category] blocks split=0 depth=22, 5 labels, 269 train
    epoch 1/34 loss 1.5848 val acc 0.2903 (6.1s)
    epoch 2/34 loss 1.5355 val acc 0.2258 (5.9s)
    epoch 3/34 loss 1.1424 val acc 0.6452 (6.1s)
    epoch 4/34 loss 0.6684 val acc 1.0000 (6.1s)
    epoch 5/34 loss 0.5420 val acc 0.8387 (6.1s)
    epoch 6/34 loss 0.4914 val acc 0.8065 (6.2s)
    epoch 7/34 loss 0.4639 val acc 0.7742 (6.2s)
    epoch 8/34 loss 0.4600 val acc 0.8710 (6.1s)
    epoch 9/34 loss 0.4459 val acc 0.8387 (6.1s)
    epoch 10/34 loss 0.4415 val acc 0.9677 (6.1s)
    epoch 11/34 loss 0.4264 val acc 0.8065 (6.2s)
    epoch 12/34 loss 0.4375 val acc 0.9355 (6.2s)
    epoch 13/34 loss 0.4213 val acc 1.0000 (6.1s)
    epoch 14/34 loss 0.4162 val acc 0.9032 (6.1s)
    epoch 15/34 loss 0.4152 val acc 0.8065 (6.1s)
    epoch 16/34 loss 0.4126 val acc 0.8710 (6.1s)
    epoch 17/34 loss 0.4102 val acc 0.9677 (6.3s)
    epoch 18/34 loss 0.4139 val acc 0.8710 (6.4s)
    epoch 19/34 loss 0.4095 val acc 0.8387 (6.2s)
    epoch 20/34 loss 0.4040 val acc 0.9355 (6.2s)
    epoch 21/34 loss 0.4035 val acc 0.9032 (6.2s)
    epoch 22/34 loss 0.4017 val acc 0.9032 (6.2s)
    epoch 23/34 loss 0.3998 val acc 0.9032 (6.2s)
    epoch 24/34 loss 0.3995 val acc 0.9032 (6.2s)
    epoch 25/34 loss 0.3993 val acc 0.9032 (6.4s)
    epoch 26/34 loss 0.3986 val acc 0.8710 (6.4s)
    epoch 27/34 loss 0.3980 val acc 0.9032 (6.4s)
    epoch 28/34 loss 0.3976 val acc 0.9032 (6.3s)
    epoch 29/34 loss 0.3976 val acc 0.9032 (6.2s)
    epoch 30/34 loss 0.3969 val acc 0.9032 (6.2s)
    epoch 31/34 loss 0.3972 val acc 0.9032 (6.2s)
    epoch 32/34 loss 0.3972 val acc 0.9032 (6.2s)
    epoch 33/34 loss 0.3969 val acc 0.9032 (6.2s)
    epoch 34/34 loss 0.3967 val acc 0.9032 (6.4s)
  [customer_service.category] test acc 0.9600 macro-F1 0.9634 ECE 0.108 (T=0.99, 210s, 110.33M params)
  [customer_service.churn_risk] blocks split=0 depth=22, 4 labels, 269 train
    epoch 1/34 loss 1.3613 val acc 0.5161 (6.2s)
    epoch 2/34 loss 1.3160 val acc 0.5484 (6.0s)
    epoch 3/34 loss 1.3011 val acc 0.4839 (6.0s)
    epoch 4/34 loss 1.2330 val acc 0.5484 (5.9s)
    epoch 5/34 loss 1.1308 val acc 0.6774 (6.0s)
    epoch 6/34 loss 1.0365 val acc 0.8065 (6.1s)
    epoch 7/34 loss 0.9734 val acc 0.7742 (6.0s)
    epoch 8/34 loss 0.9606 val acc 0.8065 (6.1s)
    epoch 9/34 loss 0.9700 val acc 0.7742 (6.0s)
    epoch 10/34 loss 0.9529 val acc 0.7419 (6.0s)
    epoch 11/34 loss 0.9318 val acc 0.8710 (5.9s)
    epoch 12/34 loss 0.9199 val acc 0.8065 (6.0s)
    epoch 13/34 loss 0.9360 val acc 0.8710 (6.0s)
    epoch 14/34 loss 0.9106 val acc 0.7742 (6.0s)
    epoch 15/34 loss 0.9394 val acc 0.7742 (6.1s)
    epoch 16/34 loss 0.9051 val acc 0.9032 (6.1s)
    epoch 17/34 loss 0.8968 val acc 0.8710 (6.2s)
    epoch 18/34 loss 0.8930 val acc 0.9355 (6.0s)
    epoch 19/34 loss 0.8924 val acc 0.9032 (5.9s)
    epoch 20/34 loss 0.8871 val acc 0.8387 (4.3s)
    epoch 21/34 loss 0.8848 val acc 0.8710 (4.2s)
    epoch 22/34 loss 0.8797 val acc 0.9355 (4.2s)
    epoch 23/34 loss 0.8791 val acc 0.8387 (4.2s)
    epoch 24/34 loss 0.8779 val acc 0.8710 (4.2s)
    epoch 25/34 loss 0.8776 val acc 0.9355 (4.2s)
    epoch 26/34 loss 0.8770 val acc 0.8387 (4.2s)
    epoch 27/34 loss 0.8763 val acc 0.9355 (4.2s)
    epoch 28/34 loss 0.8766 val acc 0.8710 (4.2s)
    epoch 29/34 loss 0.8765 val acc 0.8710 (4.2s)
    epoch 30/34 loss 0.8759 val acc 0.9355 (4.2s)
    epoch 31/34 loss 0.8760 val acc 0.9032 (4.2s)
    epoch 32/34 loss 0.8760 val acc 0.8710 (4.2s)
    epoch 33/34 loss 0.8759 val acc 0.8710 (4.2s)
    epoch 34/34 loss 0.8757 val acc 0.8710 (4.2s)
  [customer_service.churn_risk] test acc 0.8700 macro-F1 0.7745 ECE 0.289 (T=1.10, 178s, 110.33M params)
  [customer_service.needs_human] blocks split=0 depth=22, 2 labels, 269 train
    epoch 1/34 loss 0.6830 val acc 0.6452 (4.2s)
    epoch 2/34 loss 0.6817 val acc 0.3226 (4.2s)
    epoch 3/34 loss 0.6802 val acc 0.5161 (4.2s)
    epoch 4/34 loss 0.6579 val acc 0.7419 (4.2s)
    epoch 5/34 loss 0.6320 val acc 0.7097 (4.2s)
    epoch 6/34 loss 0.6226 val acc 0.6774 (4.2s)
    epoch 7/34 loss 0.6722 val acc 0.8065 (4.2s)
    epoch 8/34 loss 0.6402 val acc 0.7742 (4.2s)
    epoch 9/34 loss 0.5782 val acc 0.7419 (4.2s)
    epoch 10/34 loss 0.5719 val acc 0.7742 (4.2s)
    epoch 11/34 loss 0.5675 val acc 0.6129 (4.2s)
    epoch 12/34 loss 0.5715 val acc 0.6129 (4.2s)
    epoch 13/34 loss 0.5587 val acc 0.7419 (4.2s)
    epoch 14/34 loss 0.5478 val acc 0.7742 (4.2s)
    epoch 15/34 loss 0.5455 val acc 0.7097 (4.2s)
    epoch 16/34 loss 0.5420 val acc 0.8065 (4.2s)
    epoch 17/34 loss 0.5419 val acc 0.7742 (4.2s)
    epoch 18/34 loss 0.5413 val acc 0.7742 (4.2s)
    epoch 19/34 loss 0.5404 val acc 0.8065 (4.2s)
    epoch 20/34 loss 0.5408 val acc 0.7742 (4.2s)
    epoch 21/34 loss 0.5398 val acc 0.7742 (4.2s)
    epoch 22/34 loss 0.5392 val acc 0.8065 (4.2s)
    epoch 23/34 loss 0.5395 val acc 0.7742 (4.2s)
    epoch 24/34 loss 0.5390 val acc 0.7419 (4.2s)
    epoch 25/34 loss 0.5387 val acc 0.7419 (4.2s)
    epoch 26/34 loss 0.5387 val acc 0.7419 (4.2s)
    epoch 27/34 loss 0.5388 val acc 0.7419 (4.2s)
    epoch 28/34 loss 0.5385 val acc 0.7419 (4.2s)
    epoch 29/34 loss 0.5385 val acc 0.7742 (4.2s)
    epoch 30/34 loss 0.5386 val acc 0.7419 (4.2s)
    epoch 31/34 loss 0.5385 val acc 0.7419 (4.2s)
    epoch 32/34 loss 0.5386 val acc 0.7419 (4.2s)
    epoch 33/34 loss 0.5385 val acc 0.7419 (4.2s)
    epoch 34/34 loss 0.5386 val acc 0.7419 (4.2s)
  [customer_service.needs_human] test acc 0.8000 macro-F1 0.7520 ECE 0.112 (T=0.69, 143s, 110.33M params)
  [customer_service.urgency] blocks split=0 depth=22, 4 labels, 269 train
    epoch 1/34 loss 1.3412 val acc 0.5161 (4.2s)
    epoch 2/34 loss 1.2005 val acc 0.3548 (4.2s)
    epoch 3/34 loss 1.1889 val acc 0.5161 (4.2s)
    epoch 4/34 loss 1.1747 val acc 0.5161 (4.2s)
    epoch 5/34 loss 1.0858 val acc 0.3548 (4.2s)
    epoch 6/34 loss 1.0716 val acc 0.5484 (4.2s)
    epoch 7/34 loss 1.0448 val acc 0.6129 (4.2s)
    epoch 8/34 loss 0.9733 val acc 0.6774 (4.2s)
    epoch 9/34 loss 0.9908 val acc 0.6129 (4.2s)
    epoch 10/34 loss 0.9306 val acc 0.7419 (4.2s)
    epoch 11/34 loss 0.8981 val acc 0.6452 (4.2s)
    epoch 12/34 loss 0.8777 val acc 0.7097 (4.2s)
    epoch 13/34 loss 0.9247 val acc 0.6452 (4.2s)
    epoch 14/34 loss 0.8818 val acc 0.7097 (4.2s)
    epoch 15/34 loss 0.8640 val acc 0.6774 (4.2s)
    epoch 16/34 loss 0.8536 val acc 0.7097 (4.2s)
    epoch 17/34 loss 0.8537 val acc 0.7097 (4.2s)
    epoch 18/34 loss 0.8495 val acc 0.6774 (4.2s)
    epoch 19/34 loss 0.8418 val acc 0.7419 (4.2s)
    epoch 20/34 loss 0.8419 val acc 0.6774 (4.2s)
    epoch 21/34 loss 0.8366 val acc 0.6774 (4.2s)
    epoch 22/34 loss 0.8359 val acc 0.7097 (4.3s)
    epoch 23/34 loss 0.8351 val acc 0.6774 (4.3s)
    epoch 24/34 loss 0.8343 val acc 0.6774 (8.8s)
    epoch 25/34 loss 0.8347 val acc 0.7419 (9.4s)
    epoch 26/34 loss 0.8339 val acc 0.6452 (9.4s)
    epoch 27/34 loss 0.8330 val acc 0.7097 (12.0s)
    epoch 28/34 loss 0.8326 val acc 0.6774 (13.4s)
    epoch 29/34 loss 0.8327 val acc 0.6774 (13.4s)
    epoch 30/34 loss 0.8322 val acc 0.6774 (14.0s)
    epoch 31/34 loss 0.8322 val acc 0.6774 (14.8s)
    epoch 32/34 loss 0.8326 val acc 0.6774 (14.8s)
    epoch 33/34 loss 0.8322 val acc 0.6774 (14.7s)
    epoch 34/34 loss 0.8321 val acc 0.6774 (14.7s)
  [customer_service.urgency] test acc 0.7300 macro-F1 0.5142 ECE 0.213 (T=0.99, 236s, 110.33M params)
   full mean: {"acc": 0.8, "macro_f1": 0.6672, "ece": 0.1654, "nll": 0.5844}
done
