-- banking77|intent|4+2|next|seed0
  cached trunk depth 4 for 13069 messages in 2.1s (312 MB)
  [intent] blocks split=4 depth=2, 77 labels, 8994 train
    epoch 1/6 loss 2.5513 val acc 0.8358 (10.1s)
    epoch 2/6 loss 0.4273 val acc 0.8849 (9.4s)
    epoch 3/6 loss 0.1653 val acc 0.9229 (9.7s)
    epoch 4/6 loss 0.0580 val acc 0.9219 (9.3s)
    epoch 5/6 loss 0.0177 val acc 0.9239 (9.7s)
    epoch 6/6 loss 0.0099 val acc 0.9259 (10.3s)
  [intent] test acc 0.9148 macro-F1 0.9147 ECE 0.012 (T=1.30, 59s, 10.09M params)
-- banking77|intent|4+2|top|seed0
  [intent] blocks split=4 depth=2, 77 labels, 8994 train
    epoch 1/6 loss 2.2342 val acc 0.8398 (9.5s)
    epoch 2/6 loss 0.4560 val acc 0.8769 (9.4s)
    epoch 3/6 loss 0.1512 val acc 0.9079 (9.4s)
    epoch 4/6 loss 0.0445 val acc 0.8959 (9.3s)
    epoch 5/6 loss 0.0092 val acc 0.9109 (9.3s)
    epoch 6/6 loss 0.0042 val acc 0.9139 (9.3s)
  [intent] test acc 0.8986 macro-F1 0.8984 ECE 0.012 (T=1.35, 56s, 10.09M params)
-- banking77|intent|4+2|random|seed0
  [intent] blocks split=4 depth=2, 77 labels, 8994 train
    epoch 1/6 loss 2.8281 val acc 0.7177 (9.3s)
    epoch 2/6 loss 0.5544 val acc 0.8699 (9.4s)
    epoch 3/6 loss 0.2761 val acc 0.9009 (10.2s)
    epoch 4/6 loss 0.1388 val acc 0.9179 (9.4s)
    epoch 5/6 loss 0.0697 val acc 0.9159 (9.3s)
    epoch 6/6 loss 0.0406 val acc 0.9239 (9.3s)
  [intent] test acc 0.9204 macro-F1 0.9204 ECE 0.016 (T=1.35, 57s, 10.09M params)
-- banking77|intent|8+2|next|seed0
  cached trunk depth 8 for 13069 messages in 3.6s (312 MB)
  [intent] blocks split=8 depth=2, 77 labels, 8994 train
    epoch 1/6 loss 2.3773 val acc 0.8398 (9.3s)
    epoch 2/6 loss 0.4000 val acc 0.8799 (9.3s)
    epoch 3/6 loss 0.1618 val acc 0.9039 (9.3s)
    epoch 4/6 loss 0.0602 val acc 0.9109 (9.4s)
    epoch 5/6 loss 0.0190 val acc 0.9189 (9.3s)
    epoch 6/6 loss 0.0096 val acc 0.9169 (9.3s)
  [intent] test acc 0.9197 macro-F1 0.9199 ECE 0.013 (T=1.41, 56s, 10.09M params)
-- banking77|intent|8+2|top|seed0
  [intent] blocks split=8 depth=2, 77 labels, 8994 train
    epoch 1/6 loss 2.1925 val acc 0.8378 (10.4s)
    epoch 2/6 loss 0.3908 val acc 0.8779 (10.1s)
    epoch 3/6 loss 0.1195 val acc 0.8979 (10.5s)
    epoch 4/6 loss 0.0345 val acc 0.9079 (10.6s)
    epoch 5/6 loss 0.0079 val acc 0.9119 (10.5s)
    epoch 6/6 loss 0.0039 val acc 0.9099 (10.3s)
  [intent] test acc 0.9103 macro-F1 0.9103 ECE 0.012 (T=1.38, 62s, 10.09M params)
-- banking77|intent|8+2|random|seed0
  [intent] blocks split=8 depth=2, 77 labels, 8994 train
    epoch 1/6 loss 2.7991 val acc 0.7477 (9.8s)
    epoch 2/6 loss 0.5280 val acc 0.8689 (9.3s)
    epoch 3/6 loss 0.2701 val acc 0.8929 (9.3s)
    epoch 4/6 loss 0.1447 val acc 0.9149 (9.3s)
    epoch 5/6 loss 0.0757 val acc 0.9139 (9.4s)
    epoch 6/6 loss 0.0476 val acc 0.9169 (9.5s)
  [intent] test acc 0.9194 macro-F1 0.9194 ECE 0.016 (T=1.34, 56s, 10.09M params)
-- banking77|intent|8+2|next|seed1
  [intent] blocks split=8 depth=2, 77 labels, 8994 train
    epoch 1/6 loss 2.3968 val acc 0.8488 (11.6s)
    epoch 2/6 loss 0.3867 val acc 0.8799 (20.6s)
    epoch 3/6 loss 0.1598 val acc 0.9179 (20.8s)
    epoch 4/6 loss 0.0587 val acc 0.9209 (21.0s)
    epoch 5/6 loss 0.0198 val acc 0.9209 (22.0s)
    epoch 6/6 loss 0.0099 val acc 0.9249 (21.3s)
  [intent] test acc 0.9178 macro-F1 0.9178 ECE 0.014 (T=1.38, 117s, 10.09M params)
-- banking77|intent|8+2|top|seed1
  [intent] blocks split=8 depth=2, 77 labels, 8994 train
    epoch 1/6 loss 2.2124 val acc 0.8258 (20.5s)
    epoch 2/6 loss 0.3840 val acc 0.8879 (20.2s)
    epoch 3/6 loss 0.1176 val acc 0.9029 (20.2s)
    epoch 4/6 loss 0.0292 val acc 0.9099 (20.0s)
    epoch 5/6 loss 0.0063 val acc 0.9129 (20.9s)
    epoch 6/6 loss 0.0033 val acc 0.9139 (20.8s)
  [intent] test acc 0.9041 macro-F1 0.9042 ECE 0.013 (T=1.36, 123s, 10.09M params)
-- banking77|intent|8+2|random|seed1
  [intent] blocks split=8 depth=2, 77 labels, 8994 train
    epoch 1/6 loss 2.8218 val acc 0.7728 (20.6s)
    epoch 2/6 loss 0.5086 val acc 0.8779 (19.1s)
    epoch 3/6 loss 0.2632 val acc 0.8999 (19.4s)
    epoch 4/6 loss 0.1406 val acc 0.9109 (21.8s)
    epoch 5/6 loss 0.0740 val acc 0.9199 (21.1s)
    epoch 6/6 loss 0.0459 val acc 0.9229 (21.6s)
  [intent] test acc 0.9217 macro-F1 0.9216 ECE 0.012 (T=1.31, 124s, 10.09M params)
-- banking77|intent|14+2|next|seed0
  cached trunk depth 14 for 13069 messages in 12.7s (312 MB)
  [intent] blocks split=14 depth=2, 77 labels, 8994 train
    epoch 1/6 loss 2.1981 val acc 0.8819 (21.0s)
    epoch 2/6 loss 0.3167 val acc 0.8919 (21.8s)
    epoch 3/6 loss 0.1249 val acc 0.9179 (21.7s)
    epoch 4/6 loss 0.0480 val acc 0.9279 (20.5s)
    epoch 5/6 loss 0.0153 val acc 0.9279 (20.9s)
    epoch 6/6 loss 0.0080 val acc 0.9259 (21.4s)
  [intent] test acc 0.9269 macro-F1 0.9267 ECE 0.014 (T=1.37, 127s, 10.09M params)
-- banking77|intent|14+2|top|seed0
  [intent] blocks split=14 depth=2, 77 labels, 8994 train
    epoch 1/6 loss 2.0817 val acc 0.8639 (22.3s)
    epoch 2/6 loss 0.3289 val acc 0.8929 (22.6s)
    epoch 3/6 loss 0.1045 val acc 0.9039 (21.5s)
    epoch 4/6 loss 0.0275 val acc 0.9079 (21.6s)
    epoch 5/6 loss 0.0075 val acc 0.9159 (22.4s)
    epoch 6/6 loss 0.0041 val acc 0.9169 (22.4s)
  [intent] test acc 0.9194 macro-F1 0.9193 ECE 0.017 (T=1.34, 133s, 10.09M params)
-- banking77|intent|14+2|random|seed0
  [intent] blocks split=14 depth=2, 77 labels, 8994 train
    epoch 1/6 loss 2.8532 val acc 0.7938 (21.3s)
    epoch 2/6 loss 0.5151 val acc 0.8679 (22.3s)
    epoch 3/6 loss 0.2707 val acc 0.8949 (21.4s)
    epoch 4/6 loss 0.1543 val acc 0.9129 (22.2s)
    epoch 5/6 loss 0.0874 val acc 0.9249 (21.8s)
    epoch 6/6 loss 0.0609 val acc 0.9189 (21.0s)
  [intent] test acc 0.9243 macro-F1 0.9240 ECE 0.017 (T=1.24, 130s, 10.09M params)
-- clinc150|intent|4+2|next|seed0
  cached trunk depth 4 for 23850 messages in 8.1s (408 MB)
  [intent] blocks split=4 depth=2, 151 labels, 15250 train
    epoch 1/6 loss 2.2111 val acc 0.8813 (35.1s)
    epoch 2/6 loss 0.1775 val acc 0.9113 (35.4s)
    epoch 3/6 loss 0.0450 val acc 0.9248 (34.6s)
    epoch 4/6 loss 0.0092 val acc 0.9313 (34.2s)
    epoch 5/6 loss 0.0032 val acc 0.9326 (34.5s)
    epoch 6/6 loss 0.0018 val acc 0.9326 (32.3s)
  [intent] test acc 0.8544 macro-F1 0.8872 ECE 0.026 (T=1.32, 206s, 10.15M params)
-- clinc150|intent|4+2|top|seed0
  [intent] blocks split=4 depth=2, 151 labels, 15250 train
    epoch 1/6 loss 2.0222 val acc 0.8539 (31.7s)
    epoch 2/6 loss 0.2269 val acc 0.8765 (32.2s)
    epoch 3/6 loss 0.0547 val acc 0.8942 (32.0s)
    epoch 4/6 loss 0.0122 val acc 0.9152 (31.7s)
    epoch 5/6 loss 0.0027 val acc 0.9152 (31.5s)
    epoch 6/6 loss 0.0013 val acc 0.9158 (32.4s)
  [intent] test acc 0.8424 macro-F1 0.8768 ECE 0.023 (T=1.41, 192s, 10.15M params)
-- clinc150|intent|4+2|random|seed0
  [intent] blocks split=4 depth=2, 151 labels, 15250 train
    epoch 1/6 loss 2.5502 val acc 0.8668 (32.2s)
    epoch 2/6 loss 0.2403 val acc 0.9103 (31.4s)
    epoch 3/6 loss 0.0804 val acc 0.9229 (32.3s)
    epoch 4/6 loss 0.0232 val acc 0.9345 (31.9s)
    epoch 5/6 loss 0.0091 val acc 0.9355 (32.0s)
    epoch 6/6 loss 0.0045 val acc 0.9352 (33.1s)
  [intent] test acc 0.8747 macro-F1 0.9033 ECE 0.016 (T=1.34, 193s, 10.15M params)
-- clinc150|intent|8+2|next|seed0
  cached trunk depth 8 for 23850 messages in 13.8s (408 MB)
  [intent] blocks split=8 depth=2, 151 labels, 15250 train
    epoch 1/6 loss 2.1328 val acc 0.8794 (32.7s)
    epoch 2/6 loss 0.1782 val acc 0.9119 (32.0s)
    epoch 3/6 loss 0.0473 val acc 0.9242 (32.4s)
    epoch 4/6 loss 0.0115 val acc 0.9323 (32.2s)
    epoch 5/6 loss 0.0031 val acc 0.9342 (14.1s)
    epoch 6/6 loss 0.0015 val acc 0.9329 (14.2s)
  [intent] test acc 0.8622 macro-F1 0.8939 ECE 0.020 (T=1.37, 158s, 10.15M params)
-- clinc150|intent|8+2|top|seed0
  [intent] blocks split=8 depth=2, 151 labels, 15250 train
    epoch 1/6 loss 2.0466 val acc 0.8632 (14.2s)
    epoch 2/6 loss 0.1932 val acc 0.8961 (14.1s)
    epoch 3/6 loss 0.0423 val acc 0.9065 (14.1s)
    epoch 4/6 loss 0.0088 val acc 0.9171 (14.2s)
    epoch 5/6 loss 0.0018 val acc 0.9197 (14.1s)
    epoch 6/6 loss 0.0009 val acc 0.9184 (14.1s)
  [intent] test acc 0.8502 macro-F1 0.8830 ECE 0.023 (T=1.33, 85s, 10.15M params)
-- clinc150|intent|8+2|random|seed0
  [intent] blocks split=8 depth=2, 151 labels, 15250 train
    epoch 1/6 loss 2.5956 val acc 0.8603 (14.1s)
    epoch 2/6 loss 0.2413 val acc 0.9061 (14.1s)
    epoch 3/6 loss 0.0846 val acc 0.9213 (14.1s)
    epoch 4/6 loss 0.0259 val acc 0.9319 (14.1s)
    epoch 5/6 loss 0.0096 val acc 0.9342 (14.0s)
    epoch 6/6 loss 0.0052 val acc 0.9358 (14.1s)
  [intent] test acc 0.8760 macro-F1 0.9061 ECE 0.017 (T=1.31, 84s, 10.15M params)
-- clinc150|intent|8+2|next|seed1
  [intent] blocks split=8 depth=2, 151 labels, 15250 train
    epoch 1/6 loss 2.1438 val acc 0.8919 (14.1s)
    epoch 2/6 loss 0.1859 val acc 0.9081 (14.1s)
    epoch 3/6 loss 0.0490 val acc 0.9226 (14.1s)
    epoch 4/6 loss 0.0118 val acc 0.9313 (14.1s)
    epoch 5/6 loss 0.0027 val acc 0.9313 (14.1s)
    epoch 6/6 loss 0.0014 val acc 0.9319 (14.1s)
  [intent] test acc 0.8680 macro-F1 0.8983 ECE 0.021 (T=1.40, 85s, 10.15M params)
-- clinc150|intent|8+2|top|seed1
  [intent] blocks split=8 depth=2, 151 labels, 15250 train
    epoch 1/6 loss 2.0409 val acc 0.8519 (14.1s)
    epoch 2/6 loss 0.1965 val acc 0.8906 (14.1s)
    epoch 3/6 loss 0.0437 val acc 0.9048 (14.1s)
    epoch 4/6 loss 0.0091 val acc 0.9090 (14.1s)
    epoch 5/6 loss 0.0022 val acc 0.9158 (14.1s)
    epoch 6/6 loss 0.0011 val acc 0.9158 (14.1s)
  [intent] test acc 0.8538 macro-F1 0.8878 ECE 0.023 (T=1.37, 85s, 10.15M params)
-- clinc150|intent|8+2|random|seed1
  [intent] blocks split=8 depth=2, 151 labels, 15250 train
    epoch 1/6 loss 2.5883 val acc 0.8565 (14.1s)
    epoch 2/6 loss 0.2335 val acc 0.9116 (14.1s)
    epoch 3/6 loss 0.0797 val acc 0.9284 (14.1s)
    epoch 4/6 loss 0.0280 val acc 0.9326 (14.0s)
    epoch 5/6 loss 0.0095 val acc 0.9371 (14.1s)
    epoch 6/6 loss 0.0056 val acc 0.9371 (14.4s)
  [intent] test acc 0.8773 macro-F1 0.9069 ECE 0.016 (T=1.30, 85s, 10.15M params)
-- clinc150|intent|14+2|next|seed0
  cached trunk depth 14 for 23850 messages in 8.6s (408 MB)
  [intent] blocks split=14 depth=2, 151 labels, 15250 train
    epoch 1/6 loss 1.9739 val acc 0.9042 (14.1s)
    epoch 2/6 loss 0.1309 val acc 0.9297 (14.1s)
    epoch 3/6 loss 0.0344 val acc 0.9316 (14.1s)
    epoch 4/6 loss 0.0092 val acc 0.9419 (14.0s)
    epoch 5/6 loss 0.0025 val acc 0.9416 (14.0s)
    epoch 6/6 loss 0.0012 val acc 0.9416 (14.1s)
  [intent] test acc 0.8853 macro-F1 0.9107 ECE 0.018 (T=1.31, 84s, 10.15M params)
-- clinc150|intent|14+2|top|seed0
  [intent] blocks split=14 depth=2, 151 labels, 15250 train
    epoch 1/6 loss 1.9073 val acc 0.8803 (14.2s)
    epoch 2/6 loss 0.1484 val acc 0.9097 (14.1s)
    epoch 3/6 loss 0.0324 val acc 0.9223 (14.1s)
    epoch 4/6 loss 0.0084 val acc 0.9348 (14.1s)
    epoch 5/6 loss 0.0018 val acc 0.9316 (14.1s)
    epoch 6/6 loss 0.0010 val acc 0.9323 (14.1s)
  [intent] test acc 0.8676 macro-F1 0.8974 ECE 0.024 (T=1.26, 85s, 10.15M params)
-- clinc150|intent|14+2|random|seed0
  [intent] blocks split=14 depth=2, 151 labels, 15250 train
    epoch 1/6 loss 2.6258 val acc 0.8668 (14.1s)
    epoch 2/6 loss 0.2323 val acc 0.9155 (14.1s)
    epoch 3/6 loss 0.0802 val acc 0.9303 (14.1s)
    epoch 4/6 loss 0.0279 val acc 0.9452 (14.1s)
    epoch 5/6 loss 0.0112 val acc 0.9452 (14.1s)
    epoch 6/6 loss 0.0069 val acc 0.9455 (14.1s)
  [intent] test acc 0.8842 macro-F1 0.9107 ECE 0.020 (T=1.23, 85s, 10.15M params)
done
