[    3.1s] == confidence head on clinc150: 70/40/40 messages (train/val/test), tasks: intent(151), domain(11), oos(2) | base jhu-clsp/ettin-encoder-17m on cpu | main blocks@4+2, probes [2, 4, 7], folds 2
[    3.1s]    cached 150 messages at [2, 4, 7] in 0.0s (3 MB)
[    3.1s] -- intent (151 options, 70 train, 40 val)
[    5.7s]       blocks: 100 epochs, 300 steps, 2.6s, val acc 0.125, T=2.99
[    6.1s]       probe: 100 epochs, 300 steps, 0.3s, val acc 0.225, T=3.49
[    6.3s]       probe: 100 epochs, 300 steps, 0.2s, val acc 0.175, T=3.67
[    6.5s]       probe: 100 epochs, 300 steps, 0.2s, val acc 0.175, T=4.55
[    6.5s]    main test acc 0.0250
[    9.6s]       blocks: 150 epochs, 300 steps, 3.0s, val acc 0.075, T=3.79
[    9.8s]       probe: 150 epochs, 300 steps, 0.3s, val acc 0.150, T=5.60
[   10.1s]       probe: 150 epochs, 300 steps, 0.2s, val acc 0.100, T=5.78
[   10.3s]       probe: 150 epochs, 300 steps, 0.2s, val acc 0.100, T=7.50
[   13.4s]       blocks: 150 epochs, 300 steps, 3.0s, val acc 0.100, T=6.33
[   13.8s]       probe: 150 epochs, 300 steps, 0.4s, val acc 0.125, T=7.82
[   14.0s]       probe: 150 epochs, 300 steps, 0.3s, val acc 0.075, T=8.09
[   14.3s]       probe: 150 epochs, 300 steps, 0.3s, val acc 0.100, T=11.31
[   14.4s] -- domain (11 options, 70 train, 40 val)
[   17.6s]       blocks: 100 epochs, 300 steps, 3.2s, val acc 0.550, T=2.15
[   17.9s]       probe: 100 epochs, 300 steps, 0.3s, val acc 0.525, T=1.39
[   18.1s]       probe: 100 epochs, 300 steps, 0.2s, val acc 0.525, T=1.62
[   18.3s]       probe: 100 epochs, 300 steps, 0.2s, val acc 0.525, T=1.08
[   18.3s]    main test acc 0.2250
[   21.8s]       blocks: 150 epochs, 300 steps, 3.5s, val acc 0.350, T=3.08
[   22.1s]       probe: 150 epochs, 300 steps, 0.3s, val acc 0.400, T=2.36
[   22.3s]       probe: 150 epochs, 300 steps, 0.2s, val acc 0.275, T=2.90
[   22.5s]       probe: 150 epochs, 300 steps, 0.2s, val acc 0.375, T=2.31
[   25.2s]       blocks: 150 epochs, 300 steps, 2.6s, val acc 0.475, T=2.45
[   25.4s]       probe: 150 epochs, 300 steps, 0.2s, val acc 0.400, T=1.93
[   25.7s]       probe: 150 epochs, 300 steps, 0.3s, val acc 0.450, T=1.93
[   25.9s]       probe: 150 epochs, 300 steps, 0.2s, val acc 0.375, T=1.70
[   26.0s] -- oos (2 options, 70 train, 40 val)
[   29.2s]       blocks: 100 epochs, 300 steps, 3.2s, val acc 1.000, T=1.00
[   29.5s]       probe: 100 epochs, 300 steps, 0.3s, val acc 1.000, T=0.48
[   29.7s]       probe: 100 epochs, 300 steps, 0.2s, val acc 1.000, T=0.51
[   29.9s]       probe: 100 epochs, 300 steps, 0.2s, val acc 1.000, T=0.54
[   29.9s]    main test acc 0.6500
[   33.1s]       blocks: 150 epochs, 300 steps, 3.2s, val acc 1.000, T=1.00
[   33.4s]       probe: 150 epochs, 300 steps, 0.2s, val acc 1.000, T=0.46
[   33.6s]       probe: 150 epochs, 300 steps, 0.2s, val acc 1.000, T=0.50
[   33.8s]       probe: 150 epochs, 300 steps, 0.2s, val acc 1.000, T=0.50
[   36.8s]       blocks: 150 epochs, 300 steps, 3.0s, val acc 1.000, T=1.00
[   37.1s]       probe: 150 epochs, 300 steps, 0.2s, val acc 1.000, T=0.45
[   37.3s]       probe: 150 epochs, 300 steps, 0.2s, val acc 1.000, T=0.46
[   37.6s]       probe: 150 epochs, 300 steps, 0.3s, val acc 1.000, T=0.51
[   37.7s]    branches trained in 35s
[   37.8s] == val->test: 120 head-training rows -> 120 test rows (acc 0.300)
[   37.8s]    msp_T1             auroc 0.843 ece 0.391 acc@80 0.365 aurc 0.485
[   37.8s]    msp_Thard          auroc 0.856 ece 0.209 acc@80 0.375 aurc 0.482
[   37.8s]    probe_deep_maxp    auroc 0.879 ece 0.216 acc@80 0.375 aurc 0.447
[   37.8s]    lr[all]            auroc 0.867 ece 0.221 acc@80 0.375 aurc 0.472
[   37.8s]    mlp[all]           auroc 0.856 ece 0.252 acc@80 0.375 aurc 0.464
[   37.8s]    lr[msp]            auroc 0.854 ece 0.214 acc@80 0.375 aurc 0.483
[   37.8s]    mlp[msp]           auroc 0.855 ece 0.215 acc@80 0.375 aurc 0.483
[   37.8s]    lr[msp+qtype]      auroc 0.854 ece 0.220 acc@80 0.375 aurc 0.483
[   37.8s]    lr[no_bundle]      auroc 0.854 ece 0.225 acc@80 0.375 aurc 0.484
[   37.8s]    lr[no_depth]       auroc 0.861 ece 0.219 acc@80 0.375 aurc 0.456
[   38.0s] == oof->test: 210 head-training rows -> 120 test rows (acc 0.300)
[   38.0s]    msp_T1             auroc 0.843 ece 0.391 acc@80 0.365 aurc 0.485
[   38.0s]    msp_Thard          auroc 0.856 ece 0.209 acc@80 0.375 aurc 0.482
[   38.0s]    probe_deep_maxp    auroc 0.879 ece 0.216 acc@80 0.375 aurc 0.447
[   38.0s]    lr[all]            auroc 0.828 ece 0.204 acc@80 0.375 aurc 0.516
[   38.0s]    mlp[all]           auroc 0.818 ece 0.201 acc@80 0.375 aurc 0.544
[   38.0s]    lr[msp]            auroc 0.858 ece 0.208 acc@80 0.375 aurc 0.482
[   38.0s]    mlp[msp]           auroc 0.858 ece 0.199 acc@80 0.375 aurc 0.482
[   38.0s]    lr[msp+qtype]      auroc 0.856 ece 0.215 acc@80 0.375 aurc 0.483
[   38.0s]    lr[no_bundle]      auroc 0.857 ece 0.179 acc@80 0.375 aurc 0.460
[   38.0s]    lr[no_depth]       auroc 0.821 ece 0.177 acc@80 0.375 aurc 0.521
[   38.0s] done
