== syndrome decoding on clinc150: 1057/151/750 train/val/test, depths [4, 12], device cpu, smoke=True
  trunk pass over 1958 messages at 2 depths: 2.7s
-- depth 4 (0.9s)
   acc: int151 0.5893 | in-scope int150 0.7317 -> joint(lam=0.5) 0.7517 | dom10 0.8683 (implied by intent 0.8667) | oos2 binary 0.8027 (always in-scope 0.8000)
   151-way with gate: syndrome gate + joint 0.6040 vs supervised gate + argmax 0.5880
   OOS           sum_msp_int+maha: AUROC 0.8820  AUPR 0.5699  FPR@95 0.297  binary acc 0.7987 (recall 0.013)
   OOS                    ent_int: AUROC 0.8750  AUPR 0.6194  FPR@95 0.442  binary acc 0.8053 (recall 0.027)
   OOS    sum_syn_js+msp_int+maha: AUROC 0.8728  AUPR 0.5186  FPR@95 0.323  binary acc 0.7973 (recall 0.007)
   OOS                  syn_joint: AUROC 0.8624  AUPR 0.5541  FPR@95 0.410  binary acc 0.8000 (recall 0.033)
   OOS                    msp_int: AUROC 0.8555  AUPR 0.5783  FPR@95 0.500  binary acc 0.8080 (recall 0.047)
   OOS                       knn1: AUROC 0.8491  AUPR 0.6118  FPR@95 0.503  binary acc 0.8147 (recall 0.080)
   OOS         sum_syn_js+msp_int: AUROC 0.8478  AUPR 0.4939  FPR@95 0.397  binary acc 0.7973 (recall 0.013)
   OOS                  syn_agree: AUROC 0.8460  AUPR 0.4847  FPR@95 0.380  binary acc 0.7933 (recall 0.007)
   OOS            sum_syn_js+maha: AUROC 0.8296  AUPR 0.4274  FPR@95 0.448  binary acc 0.7920 (recall 0.013)
   OOS           sum_syn_js+knn10: AUROC 0.8168  AUPR 0.4653  FPR@95 0.667  binary acc 0.7960 (recall 0.020)
   OOS                     syn_js: AUROC 0.7978  AUPR 0.3796  FPR@95 0.485  binary acc 0.7893 (recall 0.007)
   OOS               ref_p_oos151: AUROC 0.7881  AUPR 0.5049  FPR@95 0.713  binary acc 0.8013 (recall 0.007)
   OOS                    msp_dom: AUROC 0.7872  AUPR 0.4468  FPR@95 0.605  binary acc 0.8040 (recall 0.067)
   OOS                       maha: AUROC 0.7714  AUPR 0.3837  FPR@95 0.552  binary acc 0.7987 (recall 0.020)
   OOS                      knn10: AUROC 0.7559  AUPR 0.4731  FPR@95 0.688  binary acc 0.8093 (recall 0.053)
   OOS                 ref_p_oos2: AUROC 0.6163  AUPR 0.3785  FPR@95 0.945  binary acc 0.8027 (recall 0.013)
-- depth 12 (0.7s)
   acc: int151 0.5573 | in-scope int150 0.6933 -> joint(lam=0.0) 0.6933 | dom10 0.8400 (implied by intent 0.8350) | oos2 binary 0.8000 (always in-scope 0.8000)
   151-way with gate: syndrome gate + joint 0.5547 vs supervised gate + argmax 0.5627
   OOS           sum_msp_int+maha: AUROC 0.8604  AUPR 0.5577  FPR@95 0.490  binary acc 0.7987 (recall 0.007)
   OOS    sum_syn_js+msp_int+maha: AUROC 0.8520  AUPR 0.5159  FPR@95 0.497  binary acc 0.7987 (recall 0.000)
   OOS                  syn_joint: AUROC 0.8441  AUPR 0.5611  FPR@95 0.603  binary acc 0.8000 (recall 0.000)
   OOS                  syn_agree: AUROC 0.8371  AUPR 0.4915  FPR@95 0.540  binary acc 0.7973 (recall 0.000)
   OOS                    ent_int: AUROC 0.8248  AUPR 0.4892  FPR@95 0.560  binary acc 0.7973 (recall 0.060)
   OOS                    msp_int: AUROC 0.8106  AUPR 0.4534  FPR@95 0.588  binary acc 0.7960 (recall 0.027)
   OOS         sum_syn_js+msp_int: AUROC 0.8095  AUPR 0.4351  FPR@95 0.595  binary acc 0.7987 (recall 0.000)
   OOS            sum_syn_js+maha: AUROC 0.8050  AUPR 0.4160  FPR@95 0.498  binary acc 0.7987 (recall 0.000)
   OOS                       maha: AUROC 0.7837  AUPR 0.3927  FPR@95 0.575  binary acc 0.7947 (recall 0.007)
   OOS               ref_p_oos151: AUROC 0.7833  AUPR 0.5345  FPR@95 0.620  binary acc 0.8000 (recall 0.007)
   OOS                    msp_dom: AUROC 0.7543  AUPR 0.4383  FPR@95 0.703  binary acc 0.7987 (recall 0.000)
   OOS                     syn_js: AUROC 0.7412  AUPR 0.3420  FPR@95 0.573  binary acc 0.7973 (recall 0.000)
   OOS                 ref_p_oos2: AUROC 0.7173  AUPR 0.4614  FPR@95 0.852  binary acc 0.8067 (recall 0.040)
   OOS           sum_syn_js+knn10: AUROC 0.6757  AUPR 0.3571  FPR@95 0.877  binary acc 0.8013 (recall 0.007)
   OOS                       knn1: AUROC 0.6218  AUPR 0.3276  FPR@95 0.858  binary acc 0.8027 (recall 0.013)
   OOS                      knn10: AUROC 0.5483  AUPR 0.2690  FPR@95 0.888  binary acc 0.8027 (recall 0.020)
-- across depths [4, 12]: OOS AUROC js_adjacent 0.7724, ensemble MI 0.7724, ensemble MSP 0.8583; depth-ensemble in-scope acc 0.7400
== done in 4.7s; wrote results/tarski/explore_syndrome_smoke.json
   best AUROC per score: sum_msp_int+maha 0.882@4, ent_int 0.875@4, sum_syn_js+msp_int+maha 0.873@4, syn_joint 0.862@4, msp_int 0.856@4, knn1 0.849@4, sum_syn_js+msp_int 0.848@4, syn_agree 0.846@4, sum_syn_js+maha 0.830@4, sum_syn_js+knn10 0.817@4, syn_js 0.798@4, ref_p_oos151 0.788@4, msp_dom 0.787@4, maha 0.784@12, knn10 0.756@4, ref_p_oos2 0.717@12
== syndrome decoding on clinc150: 1057/151/750 train/val/test, depths [4, 12], device cpu, smoke=True
  trunk pass over 1958 messages at 2 depths: 7.3s
-- depth 4 (1.9s)
   acc: int151 0.5893 | in-scope int150 0.7317 -> joint(lam=0.5) 0.7517 | dom10 0.8683 (implied by intent 0.8667) | oos2 binary 0.8027 (always in-scope 0.8000)
   151-way with gate: syndrome gate + joint 0.6040 vs supervised gate + argmax 0.5880
   OOS           sum_msp_int+maha: AUROC 0.8820  AUPR 0.5699  FPR@95 0.297  binary acc 0.7987 (recall 0.013)
   OOS                    ent_int: AUROC 0.8750  AUPR 0.6194  FPR@95 0.442  binary acc 0.8053 (recall 0.027)
   OOS    sum_syn_js+msp_int+maha: AUROC 0.8728  AUPR 0.5186  FPR@95 0.323  binary acc 0.7973 (recall 0.007)
   OOS                  syn_joint: AUROC 0.8624  AUPR 0.5541  FPR@95 0.410  binary acc 0.8000 (recall 0.033)
   OOS                    msp_int: AUROC 0.8555  AUPR 0.5783  FPR@95 0.500  binary acc 0.8080 (recall 0.047)
   OOS                       knn1: AUROC 0.8491  AUPR 0.6118  FPR@95 0.503  binary acc 0.8147 (recall 0.080)
   OOS         sum_syn_js+msp_int: AUROC 0.8478  AUPR 0.4939  FPR@95 0.397  binary acc 0.7973 (recall 0.013)
   OOS                  syn_agree: AUROC 0.8460  AUPR 0.4847  FPR@95 0.380  binary acc 0.7933 (recall 0.007)
   OOS            sum_syn_js+maha: AUROC 0.8296  AUPR 0.4274  FPR@95 0.448  binary acc 0.7920 (recall 0.013)
   OOS           sum_syn_js+knn10: AUROC 0.8168  AUPR 0.4653  FPR@95 0.667  binary acc 0.7960 (recall 0.020)
   OOS                     syn_js: AUROC 0.7978  AUPR 0.3796  FPR@95 0.485  binary acc 0.7893 (recall 0.007)
   OOS               ref_p_oos151: AUROC 0.7881  AUPR 0.5049  FPR@95 0.713  binary acc 0.8013 (recall 0.007)
   OOS                    msp_dom: AUROC 0.7872  AUPR 0.4468  FPR@95 0.605  binary acc 0.8040 (recall 0.067)
   OOS                       maha: AUROC 0.7714  AUPR 0.3837  FPR@95 0.552  binary acc 0.7987 (recall 0.020)
   OOS                      knn10: AUROC 0.7559  AUPR 0.4731  FPR@95 0.688  binary acc 0.8093 (recall 0.053)
   OOS                 ref_p_oos2: AUROC 0.6163  AUPR 0.3785  FPR@95 0.945  binary acc 0.8027 (recall 0.013)
-- depth 12 (1.9s)
   acc: int151 0.5573 | in-scope int150 0.6933 -> joint(lam=0.0) 0.6933 | dom10 0.8400 (implied by intent 0.8350) | oos2 binary 0.8000 (always in-scope 0.8000)
   151-way with gate: syndrome gate + joint 0.5547 vs supervised gate + argmax 0.5627
   OOS           sum_msp_int+maha: AUROC 0.8604  AUPR 0.5577  FPR@95 0.490  binary acc 0.7987 (recall 0.007)
   OOS    sum_syn_js+msp_int+maha: AUROC 0.8520  AUPR 0.5159  FPR@95 0.497  binary acc 0.7987 (recall 0.000)
   OOS                  syn_joint: AUROC 0.8441  AUPR 0.5611  FPR@95 0.603  binary acc 0.8000 (recall 0.000)
   OOS                  syn_agree: AUROC 0.8371  AUPR 0.4915  FPR@95 0.540  binary acc 0.7973 (recall 0.000)
   OOS                    ent_int: AUROC 0.8248  AUPR 0.4892  FPR@95 0.560  binary acc 0.7973 (recall 0.060)
   OOS                    msp_int: AUROC 0.8106  AUPR 0.4534  FPR@95 0.588  binary acc 0.7960 (recall 0.027)
   OOS         sum_syn_js+msp_int: AUROC 0.8095  AUPR 0.4351  FPR@95 0.595  binary acc 0.7987 (recall 0.000)
   OOS            sum_syn_js+maha: AUROC 0.8050  AUPR 0.4160  FPR@95 0.498  binary acc 0.7987 (recall 0.000)
   OOS                       maha: AUROC 0.7837  AUPR 0.3927  FPR@95 0.575  binary acc 0.7947 (recall 0.007)
   OOS               ref_p_oos151: AUROC 0.7833  AUPR 0.5345  FPR@95 0.620  binary acc 0.8000 (recall 0.007)
   OOS                    msp_dom: AUROC 0.7543  AUPR 0.4383  FPR@95 0.703  binary acc 0.7987 (recall 0.000)
   OOS                     syn_js: AUROC 0.7412  AUPR 0.3420  FPR@95 0.573  binary acc 0.7973 (recall 0.000)
   OOS                 ref_p_oos2: AUROC 0.7173  AUPR 0.4614  FPR@95 0.852  binary acc 0.8067 (recall 0.040)
   OOS           sum_syn_js+knn10: AUROC 0.6757  AUPR 0.3571  FPR@95 0.877  binary acc 0.8013 (recall 0.007)
   OOS                       knn1: AUROC 0.6218  AUPR 0.3276  FPR@95 0.858  binary acc 0.8027 (recall 0.013)
   OOS                      knn10: AUROC 0.5483  AUPR 0.2690  FPR@95 0.888  binary acc 0.8027 (recall 0.020)
-- across depths [4, 12]: OOS AUROC js_adjacent 0.7724, ensemble MI 0.7724, ensemble MSP 0.8583; depth-ensemble in-scope acc 0.7400
== done in 12.0s; wrote results/tarski/explore_syndrome_smoke.json
   best AUROC per score: sum_msp_int+maha 0.882@4, ent_int 0.875@4, sum_syn_js+msp_int+maha 0.873@4, syn_joint 0.862@4, msp_int 0.856@4, knn1 0.849@4, sum_syn_js+msp_int 0.848@4, syn_agree 0.846@4, sum_syn_js+maha 0.830@4, sum_syn_js+knn10 0.817@4, syn_js 0.798@4, ref_p_oos151 0.788@4, msp_dom 0.787@4, maha 0.784@12, knn10 0.756@4, ref_p_oos2 0.717@12
