[   10.7s] == trunk swap: gliclass (/Users/lookevink/.cache/tarski/lit_dm/gliclass-modern-base-v3.0-encoder) on cpu, 22 layers, hidden 768
[   16.0s] == banking77: 240/60/80 messages (train/val/test), tasks: intent(77) | cached [7, 11, 22] in 3.3s (25 MB)
[   16.0s] -- banking77 probe@7
[   16.3s]       probe: 19 epochs, 152 steps, 0.3s, val acc 0.983, T=0.20
[   16.4s]    probe@7: mean acc 0.9750
[   16.4s] -- banking77 probe@11
[   16.6s]       probe: 19 epochs, 152 steps, 0.2s, val acc 1.000, T=0.05
[   16.7s]    probe@11: mean acc 0.9875
[   16.7s] -- banking77 probe@22
[   17.0s]       probe: 19 epochs, 152 steps, 0.3s, val acc 1.000, T=0.05
[   17.1s]    probe@22: mean acc 0.9750
[   17.1s] -- banking77 blocks@11+2
[   28.0s]       blocks: 19 epochs, 152 steps, 10.8s, val acc 0.983, T=0.46
[   28.1s]    blocks@11+2: mean acc 0.9750
[   28.2s]    zero-shot [name] best name|mean|depth7: acc 0.3500
[   28.2s]    zero-shot [name] native pooling at the top (name|mean|depth22): acc 0.2000
[   28.2s]    zero-shot [about] best about|mean|depth7: acc 0.5625
[   28.2s]    zero-shot [about] native pooling at the top (about|mean|depth22): acc 0.2375
[   30.0s]    gliclass cached: acc 0.1500 (1.8s)
[   32.4s]    gliclass joint_chunk: acc 0.6875 (2.4s)
[   34.9s]    gliclass joint: acc 0.6875 (2.5s)
[   38.1s] == clinc150: 240/60/80 messages (train/val/test), tasks: intent(151), domain(11), oos(2) | cached [7, 11, 22] in 1.5s (19 MB)
[   38.1s] -- clinc150 probe@7
[   38.5s]       probe: 19 epochs, 152 steps, 0.3s, val acc 0.950, T=0.53
[   38.7s]       probe: 19 epochs, 152 steps, 0.2s, val acc 0.967, T=0.48
[   38.9s]       probe: 21 epochs, 168 steps, 0.1s, val acc 0.900, T=1.06
[   39.0s]    probe@7: mean acc 0.8667
[   39.0s] -- clinc150 probe@11
[   39.3s]       probe: 19 epochs, 152 steps, 0.3s, val acc 0.967, T=0.53
[   39.5s]       probe: 19 epochs, 152 steps, 0.2s, val acc 0.950, T=0.27
[   39.8s]       probe: 19 epochs, 152 steps, 0.3s, val acc 0.900, T=0.79
[   39.9s]    probe@11: mean acc 0.7875
[   39.9s] -- clinc150 probe@22
[   40.1s]       probe: 19 epochs, 152 steps, 0.2s, val acc 0.950, T=0.72
[   40.4s]       probe: 19 epochs, 152 steps, 0.2s, val acc 0.950, T=0.72
[   40.7s]       probe: 19 epochs, 152 steps, 0.2s, val acc 0.883, T=1.07
[   40.8s]    probe@22: mean acc 0.7875
[   40.8s] -- clinc150 blocks@11+2
[   50.5s]       blocks: 19 epochs, 152 steps, 9.7s, val acc 0.967, T=1.28
[   59.5s]       blocks: 19 epochs, 152 steps, 8.9s, val acc 0.933, T=0.99
[   69.2s]       blocks: 19 epochs, 152 steps, 9.6s, val acc 0.917, T=2.47
[   69.3s]    blocks@11+2: mean acc 0.8333
[   69.4s]    zero-shot [name] best name|mean|depth11: acc 0.3846, oos auroc 0.670
[   69.4s]    zero-shot [name] native pooling at the top (name|mean|depth22): acc 0.1538
[   69.5s]    zero-shot [about] best about|mean|depth7: acc 0.6154, oos auroc 0.589
[   69.5s]    zero-shot [about] native pooling at the top (about|mean|depth22): acc 0.1538
[   70.8s]    gliclass cached: acc 0.1538, oos auroc 0.582 (1.3s)
[   72.5s]    gliclass joint_chunk: acc 1.0000, oos auroc 0.985 (1.7s)
[   74.0s]    gliclass joint: acc 1.0000, oos auroc 0.985 (1.5s)
[   81.1s] == typed-cs: 60/31/40 messages (train/val/test), tasks: customer_service.action(5), customer_service.category(5) | cached [7, 11, 22] in 4.7s (77 MB)
[   81.1s] -- typed-cs probe@7
[   82.5s]       probe: 150 epochs, 300 steps, 1.4s, val acc 0.484, T=1.02
[   83.8s]       probe: 150 epochs, 300 steps, 1.2s, val acc 0.323, T=1.27
[   83.9s]    probe@7: mean acc 0.4625
[   83.9s] -- typed-cs probe@11
[   85.1s]       probe: 150 epochs, 300 steps, 1.2s, val acc 0.484, T=0.99
[   86.4s]       probe: 150 epochs, 300 steps, 1.2s, val acc 0.387, T=1.26
[   86.5s]    probe@11: mean acc 0.5375
[   86.5s] -- typed-cs probe@22
[   87.7s]       probe: 150 epochs, 300 steps, 1.2s, val acc 0.419, T=1.03
[   89.0s]       probe: 150 epochs, 300 steps, 1.2s, val acc 0.323, T=1.44
[   89.0s]    probe@22: mean acc 0.4750
[   89.0s] -- typed-cs blocks@11+2
[  191.9s]       blocks: 150 epochs, 300 steps, 102.8s, val acc 0.484, T=1.54
[  277.8s]       blocks: 150 epochs, 300 steps, 85.8s, val acc 0.484, T=2.87
[  278.0s]    blocks@11+2: mean acc 0.4500
[  278.1s] done
[    0.4s] == trunk swap: gliclass (/Users/lookevink/.cache/tarski/lit_dm/gliclass-modern-base-v3.0-encoder) on cpu, 22 layers, hidden 768
[    3.4s] == banking77: 240/60/80 messages (train/val/test), tasks: intent(77) | cached [7, 11, 22] in 1.2s (25 MB)
[    3.4s] -- banking77 probe@7
[    3.5s]       probe: 19 epochs, 152 steps, 0.2s, val acc 1.000, T=0.05
[    3.6s]    probe@7: mean acc 0.9875
[    3.6s] -- banking77 probe@11
[    3.7s]       probe: 19 epochs, 152 steps, 0.1s, val acc 1.000, T=0.05
[    3.8s]    probe@11: mean acc 0.9875
[    3.8s] -- banking77 probe@22
[    3.9s]       probe: 19 epochs, 152 steps, 0.1s, val acc 1.000, T=0.05
[    3.9s]    probe@22: mean acc 0.9750
[    3.9s] -- banking77 blocks@11+2
[    9.8s]       blocks: 19 epochs, 152 steps, 5.9s, val acc 0.983, T=0.46
[    9.9s]    blocks@11+2: mean acc 0.9750
[    9.9s]    zero-shot [name] best name|mean|depth7: acc 0.3500
[    9.9s]    zero-shot [name] native pooling at the top (name|mean|depth22): acc 0.2000
[   10.0s]    zero-shot [about] best about|mean|depth7: acc 0.5625
[   10.0s]    zero-shot [about] native pooling at the top (about|mean|depth22): acc 0.2375
[   10.9s]    gliclass cached: acc 0.1500 (0.9s)
[   12.2s]    gliclass joint_chunk: acc 0.6875 (1.3s)
[   13.5s]    gliclass joint: acc 0.6875 (1.3s)
[   16.1s] == clinc150: 240/60/80 messages (train/val/test), tasks: intent(151) | cached [7, 11, 22] in 0.9s (19 MB)
[   16.1s] -- clinc150 probe@7
[   16.3s]       probe: 19 epochs, 152 steps, 0.1s, val acc 0.950, T=0.53
[   16.3s]    probe@7: mean acc 0.9500
[   16.3s] -- clinc150 probe@11
[   16.5s]       probe: 19 epochs, 152 steps, 0.1s, val acc 0.950, T=0.35
[   16.5s]    probe@11: mean acc 0.8875
[   16.5s] -- clinc150 probe@22
[   16.6s]       probe: 19 epochs, 152 steps, 0.1s, val acc 0.950, T=0.72
[   16.7s]    probe@22: mean acc 0.9125
[   16.7s] -- clinc150 blocks@11+2
[   21.6s]       blocks: 19 epochs, 152 steps, 4.9s, val acc 0.967, T=1.28
[   21.6s]    blocks@11+2: mean acc 0.9250
[   21.6s]    zero-shot [name] best name|mean|depth11: acc 0.3846, oos auroc 0.670
[   21.6s]    zero-shot [name] native pooling at the top (name|mean|depth22): acc 0.1538
[   21.7s]    zero-shot [about] best about|mean|depth7: acc 0.6154, oos auroc 0.589
[   21.7s]    zero-shot [about] native pooling at the top (about|mean|depth22): acc 0.1538
[   22.2s]    gliclass cached: acc 0.1538, oos auroc 0.582 (0.5s)
[   23.1s]    gliclass joint_chunk: acc 1.0000, oos auroc 0.985 (0.9s)
[   24.0s]    gliclass joint: acc 1.0000, oos auroc 0.985 (0.9s)
[   29.4s] == typed-cs: 60/31/40 messages (train/val/test), tasks: customer_service.action(5), customer_service.category(5) | cached [7, 11, 22] in 2.8s (77 MB)
[   29.4s] -- typed-cs probe@7
[   30.2s]       probe: 150 epochs, 300 steps, 0.8s, val acc 0.484, T=1.02
[   31.0s]       probe: 150 epochs, 300 steps, 0.8s, val acc 0.323, T=1.27
[   31.1s]    probe@7: mean acc 0.4625
[   31.1s] -- typed-cs probe@11
[   31.9s]       probe: 150 epochs, 300 steps, 0.8s, val acc 0.484, T=0.99
[   32.7s]       probe: 150 epochs, 300 steps, 0.8s, val acc 0.387, T=1.26
[   32.7s]    probe@11: mean acc 0.5375
[   32.7s] -- typed-cs probe@22
[   33.5s]       probe: 150 epochs, 300 steps, 0.8s, val acc 0.419, T=1.03
[   34.4s]       probe: 150 epochs, 300 steps, 0.8s, val acc 0.323, T=1.44
[   34.4s]    probe@22: mean acc 0.4750
[   34.4s] -- typed-cs blocks@11+2
[  101.4s]       blocks: 150 epochs, 300 steps, 66.9s, val acc 0.484, T=1.54
[  169.4s]       blocks: 150 epochs, 300 steps, 68.0s, val acc 0.484, T=2.87
[  169.6s]    blocks@11+2: mean acc 0.4500
[  169.6s] done
