== negative selection on clinc150: 1359/151/750, depths [4], pca 64, 4000 candidates, device cpu, smoke=True
  trunk pass: 1.6s
-- depth 4: 500 detectors survive (100.0% of candidates), self radius 13.86, PCA explains 0.65; covered: in-scope 0.000, OOS 0.000
     nsa_max_margin: AUROC 0.3680  AUPR 0.1532  FPR@95 0.975
          nsa_count: AUROC 0.5000  AUPR 0.2000  FPR@95 1.000
           knn1_pca: AUROC 0.6597  AUPR 0.2792  FPR@95 0.723
          knn1_full: AUROC 0.8557  AUPR 0.6103  FPR@95 0.457
         knn10_full: AUROC 0.7719  AUPR 0.4884  FPR@95 0.657
   Spearman(NSA margin, 1-NN distance in PCA space) = 0.125  [prediction: NSA <= knn1 and rho > 0.9 -> fails]
== done in 2.2s; wrote results/tarski/explore_negsel_smoke.json
== negative selection on clinc150: 1359/151/750, depths [4], pca 64, 4000 candidates, device cpu, smoke=True
  trunk pass: 0.9s
-- depth 4: 500 detectors survive (88.3% of candidates), self radius 13.86, PCA explains 0.65; covered: in-scope 0.000, OOS 0.000
     nsa_max_margin: AUROC 0.4635  AUPR 0.1866  FPR@95 0.943
          nsa_count: AUROC 0.5000  AUPR 0.2000  FPR@95 1.000
           knn1_pca: AUROC 0.6597  AUPR 0.2792  FPR@95 0.723
          knn1_full: AUROC 0.8557  AUPR 0.6103  FPR@95 0.457
         knn10_full: AUROC 0.7719  AUPR 0.4884  FPR@95 0.657
   NSA margin <= 1-NN distance - self radius holds for 100.0% of test rows (median gap 17.39)
   Spearman(NSA margin, 1-NN distance in PCA space) = 0.038  [prediction: NSA <= knn1 and rho > 0.9 -> fails]
== done in 1.3s; wrote results/tarski/explore_negsel_smoke.json
== negative selection on clinc150: 1359/151/750, depths [4], pca [8, 64], 4000 candidates, device cpu, smoke=True
  trunk pass: 1.6s
-- depth 4, PCA 8: 500 detectors survive (82.8% of candidates), self radius 5.14, PCA explains 0.30; covered: in-scope 0.000, OOS 0.000
     nsa_max_margin: AUROC 0.3680  AUPR 0.1560  FPR@95 0.982
          nsa_count: AUROC 0.5000  AUPR 0.2000  FPR@95 1.000
           knn1_pca: AUROC 0.5176  AUPR 0.2118  FPR@95 0.925
          knn1_full: AUROC 0.8557  AUPR 0.6103  FPR@95 0.457
         knn10_full: AUROC 0.7719  AUPR 0.4884  FPR@95 0.657
   NSA margin <= 1-NN distance - self radius holds for 100.0% of test rows (median gap 7.00)
   Spearman(NSA margin, 1-NN distance in PCA space) = 0.330  [prediction: NSA <= knn1 and rho > 0.9 -> fails]
-- depth 4, PCA 64: 500 detectors survive (88.3% of candidates), self radius 13.86, PCA explains 0.65; covered: in-scope 0.000, OOS 0.000
     nsa_max_margin: AUROC 0.4635  AUPR 0.1866  FPR@95 0.943
          nsa_count: AUROC 0.5000  AUPR 0.2000  FPR@95 1.000
           knn1_pca: AUROC 0.6597  AUPR 0.2792  FPR@95 0.723
          knn1_full: AUROC 0.8557  AUPR 0.6103  FPR@95 0.457
         knn10_full: AUROC 0.7719  AUPR 0.4884  FPR@95 0.657
   NSA margin <= 1-NN distance - self radius holds for 100.0% of test rows (median gap 17.39)
   Spearman(NSA margin, 1-NN distance in PCA space) = 0.038  [prediction: NSA <= knn1 and rho > 0.9 -> fails]
== done in 2.3s; wrote results/tarski/explore_negsel_smoke.json
== negative selection on clinc150: 1359/151/750, depths [4], pca [8, 0], 4000 candidates, device cpu, smoke=True
  trunk pass: 0.9s
-- depth 4, PCA 8, self-radius quantile 0.1: 500 detectors survive (83.6% of candidates), self radius 0.01, PCA explains 0.30; covered: in-scope 0.215, OOS 0.200
     nsa_max_margin: AUROC 0.4599  AUPR 0.1826  FPR@95 0.948
          nsa_count: AUROC 0.4910  AUPR 0.1962  FPR@95 1.000
           knn1_pca: AUROC 0.5176  AUPR 0.2118  FPR@95 0.925
          knn1_full: AUROC 0.8557  AUPR 0.6103  FPR@95 0.457
         knn10_full: AUROC 0.7719  AUPR 0.4884  FPR@95 0.657
   NSA margin <= 1-NN distance - self radius holds for 100.0% of test rows (median gap 6.64)
   Spearman(NSA margin, 1-NN distance in PCA space) = 0.144  [prediction: NSA <= knn1 and rho > 0.9 -> fails]
-- depth 4, PCA 8, self-radius quantile 0.5: 500 detectors survive (82.8% of candidates), self radius 5.14, PCA explains 0.30; covered: in-scope 0.000, OOS 0.000
     nsa_max_margin: AUROC 0.3680  AUPR 0.1560  FPR@95 0.982
          nsa_count: AUROC 0.5000  AUPR 0.2000  FPR@95 1.000
           knn1_pca: AUROC 0.5176  AUPR 0.2118  FPR@95 0.925
          knn1_full: AUROC 0.8557  AUPR 0.6103  FPR@95 0.457
         knn10_full: AUROC 0.7719  AUPR 0.4884  FPR@95 0.657
   NSA margin <= 1-NN distance - self radius holds for 100.0% of test rows (median gap 7.00)
   Spearman(NSA margin, 1-NN distance in PCA space) = 0.330  [prediction: NSA <= knn1 and rho > 0.9 -> fails]
-- depth 4, PCA 768, self-radius quantile 0.1: 500 detectors survive (84.7% of candidates), self radius 0.02, PCA explains 1.00; covered: in-scope 0.095, OOS 0.073
     nsa_max_margin: AUROC 0.4978  AUPR 0.1981  FPR@95 0.917
          nsa_count: AUROC 0.4887  AUPR 0.1962  FPR@95 1.000
           knn1_pca: AUROC 0.7762  AUPR 0.3865  FPR@95 0.490
          knn1_full: AUROC 0.8557  AUPR 0.6103  FPR@95 0.457
         knn10_full: AUROC 0.7719  AUPR 0.4884  FPR@95 0.657
   NSA margin <= 1-NN distance - self radius holds for 100.0% of test rows (median gap 28.18)
   Spearman(NSA margin, 1-NN distance in PCA space) = -0.436  [prediction: NSA <= knn1 and rho > 0.9 -> fails]
-- depth 4, PCA 768, self-radius quantile 0.5: 500 detectors survive (88.8% of candidates), self radius 17.99, PCA explains 1.00; covered: in-scope 0.000, OOS 0.000
     nsa_max_margin: AUROC 0.4327  AUPR 0.1705  FPR@95 0.972
          nsa_count: AUROC 0.5000  AUPR 0.2000  FPR@95 1.000
           knn1_pca: AUROC 0.7762  AUPR 0.3865  FPR@95 0.490
          knn1_full: AUROC 0.8557  AUPR 0.6103  FPR@95 0.457
         knn10_full: AUROC 0.7719  AUPR 0.4884  FPR@95 0.657
   NSA margin <= 1-NN distance - self radius holds for 100.0% of test rows (median gap 29.45)
   Spearman(NSA margin, 1-NN distance in PCA space) = -0.540  [prediction: NSA <= knn1 and rho > 0.9 -> fails]
== done in 1.5s; wrote results/tarski/explore_negsel_smoke.json
