== consolidation on typed-decisions: 100/20/50 messages (train/val/test), tasks: agent_trace_observability.action(4), agent_trace_observability.needs_review(2), agent_trace_observability.outcome(4), agent_trace_observability.risk(4), agent_trace_observability.urgency(4), customer_service.action(5), customer_service.category(5), customer_service.churn_risk(4), customer_service.needs_human(2), customer_service.urgency(4), invoice_processing.discrepancy_severity(4), invoice_processing.disposition(4), invoice_processing.duplicate(2), invoice_processing.matches_order(2), invoice_processing.urgency(4), security_incidents.credential_compromise(2), security_incidents.disposition(4), security_incidents.severity(5), security_incidents.true_positive(2), security_incidents.urgency(4) | tasks ['customer_service.action', 'customer_service.category', 'customer_service.churn_risk', 'customer_service.needs_human', 'customer_service.urgency'] | blocks@14+2 | device cpu
  cached depth 14: 11.2s (72 MB)
  [teacher customer_service.action] test acc 0.5400 macro-F1 0.1403 (6.1s)
  [teacher customer_service.category] test acc 0.1800 macro-F1 0.0767 (5.3s)
  [teacher customer_service.churn_risk] test acc 0.4600 macro-F1 0.1575 (6.4s)
  [teacher customer_service.needs_human] test acc 0.5800 macro-F1 0.3671 (6.8s)
  [teacher customer_service.urgency] test acc 0.4200 macro-F1 0.1479 (6.5s)
    epoch 1/2 loss 5.6980
    epoch 2/2 loss 5.5831
  [consolidated customer_service.action] test acc 0.5400 macro-F1 0.1403
  [consolidated customer_service.category] test acc 0.1200 macro-F1 0.0697
  [consolidated customer_service.churn_risk] test acc 0.4600 macro-F1 0.1575
  [consolidated customer_service.needs_human] test acc 0.5800 macro-F1 0.3671
  [consolidated customer_service.urgency] test acc 0.4200 macro-F1 0.1479
    epoch 1/2 loss 6.2839
    epoch 2/2 loss 6.0659
  [joint customer_service.action] test acc 0.5400 macro-F1 0.1403
  [joint customer_service.category] test acc 0.2000 macro-F1 0.0984
  [joint customer_service.churn_risk] test acc 0.4600 macro-F1 0.2326
  [joint customer_service.needs_human] test acc 0.5800 macro-F1 0.3671
  [joint customer_service.urgency] test acc 0.4200 macro-F1 0.1479
    epoch 1/2 loss 4.6152
    epoch 2/2 loss 4.5406
  [stage A customer_service.action] test acc 0.5400 macro-F1 0.1403
  [stage A customer_service.category] test acc 0.1200 macro-F1 0.0696
  [stage A customer_service.churn_risk] test acc 0.4600 macro-F1 0.1575
  [stage A customer_service.needs_human] test acc 0.5800 macro-F1 0.3671
    epoch 1/2 loss 5.2620
    epoch 2/2 loss 5.2502
  [stage B customer_service.action] test acc 0.3800 macro-F1 0.1624
  [stage B customer_service.category] test acc 0.1200 macro-F1 0.0694
  [stage B customer_service.churn_risk] test acc 0.4600 macro-F1 0.1575
  [stage B customer_service.needs_human] test acc 0.5800 macro-F1 0.3671
  [stage B customer_service.urgency] test acc 0.4200 macro-F1 0.1479
  incremental: forgetting on old tasks {'customer_service.action': -0.16000000000000003, 'customer_service.category': 0.0, 'customer_service.churn_risk': 0.0, 'customer_service.needs_human': 0.0}
== done in 107.4s; wrote results/tarski/explore_consolidate_typed_cs_smoke.json
   mean acc: independent 0.4360 | consolidated (replay, no labels) 0.4240 | joint (labels) 0.4400 | weight-merge reference {"independent": 0.776, "mean@1.0+own_head": 0.604, "mean@1.0+refit_head": 0.696, "ties@1.0+own_head": 0.614, "ties@1.0+refit_head": 0.722, "ties@0.5+own_head": 0.564, "ties@0.5+refit_head": 0.692, "base_copy+own_head": 0.472, "base_copy+refit_head": 0.656, "joint": 0.54}
