[    1.3s] == k-shot curve on clinc150 | base jhu-clsp/ettin-encoder-17m on cpu | arms ['proto', 'li', 'probe', 'blocks', 'full'] | ks ['0', '1', '5', 'all']
[    3.3s]    6 classes, train pool 216, val pool 30, test 13 in-scope + 67 oos; cached depths [0, 3, 4] in 0.0s (7 MB)
[    3.3s] -- k=0|seed=0: 0 train, 0 val
[    3.3s]       proto_names: acc 0.1538, oos auroc 0.688
[    3.3s]       li_untrained: acc 0.6923 (24 bag tokens)
[    3.4s] -- k=1|seed=0: 6 train, 6 val
[    3.4s]       proto: acc 0.4615, oos auroc 0.652
[    3.4s]       proto+name: acc 0.5385, oos auroc 0.675
[    3.4s]       li_untrained: acc 0.7692 (94 bag tokens)
[    3.5s]       li: acc 0.7692, 300 steps, 0.1s
[    3.7s]       probe: 300 epochs, 300 steps, 0.1s, val acc 0.833, T=1.00
[    3.7s]       probe: acc 0.7692 macro-F1 0.6111 ECE 0.283, oos auroc 0.742
[    4.9s]       blocks: 300 epochs, 300 steps, 1.1s, val acc 0.833, T=1.00
[    4.9s]       blocks: acc 0.3077 macro-F1 0.2130 ECE 0.487, oos auroc 0.473
[    8.6s]       full: 300 epochs, 300 steps, 3.7s, val acc 1.000, T=1.00
[    8.6s]       full: acc 0.5385 macro-F1 0.3889 ECE 0.232, oos auroc 0.660
[    8.7s] -- k=5|seed=0: 30 train, 26 val
[    8.7s]       proto: acc 0.8462, oos auroc 0.754
[    8.7s]       proto+name: acc 0.8462, oos auroc 0.753
[    8.7s]       li_untrained: acc 1.0000 (333 bag tokens)
[    9.1s]       li: acc 0.8462, 300 steps, 0.4s
[    9.4s]       probe: 300 epochs, 300 steps, 0.2s, val acc 0.846, T=1.00
[    9.4s]       probe: acc 1.0000 macro-F1 1.0000 ECE 0.142, oos auroc 0.918
[   12.2s]       blocks: 300 epochs, 300 steps, 2.8s, val acc 0.654, T=1.00
[   12.2s]       blocks: acc 0.8462 macro-F1 0.8750 ECE 0.139, oos auroc 0.780
[   23.8s]       full: 300 epochs, 300 steps, 11.5s, val acc 0.769, T=1.00
[   23.8s]       full: acc 0.7692 macro-F1 0.8028 ECE 0.201, oos auroc 0.891
[   23.9s] -- k=all|seed=0: 216 train, 30 val
[   23.9s]       proto: acc 0.9231, oos auroc 0.789
[   23.9s]       proto+name: acc 0.9231, oos auroc 0.790
[   23.9s]       li_untrained: acc 1.0000 (1727 bag tokens)
[   25.6s]       li: acc 1.0000, 301 steps, 1.6s
[   25.8s]       probe: 43 epochs, 301 steps, 0.1s, val acc 0.967, T=0.61
[   25.8s]       probe: acc 1.0000 macro-F1 1.0000 ECE 0.020, oos auroc 0.976
[   27.9s]       blocks: 43 epochs, 301 steps, 2.1s, val acc 0.967, T=1.45
[   27.9s]       blocks: acc 1.0000 macro-F1 1.0000 ECE 0.034, oos auroc 0.962
[   35.0s]       full: 43 epochs, 301 steps, 7.1s, val acc 0.967, T=1.57
[   35.0s]       full: acc 1.0000 macro-F1 1.0000 ECE 0.019, oos auroc 0.994
[   35.1s] == summary (test accuracy, mean over seeds)
[   35.1s]    k            blocks         full           li     li_names li_untrained        probe   proto+name  proto_names
[   35.1s]    k=0               -            -            -       0.6923            -            -            -       0.1538
[   35.1s]    k=1          0.3077       0.5385       0.7692            -       0.7692       0.7692       0.5385            -
[   35.1s]    k=5          0.8462       0.7692       0.8462            -       1.0000       1.0000       0.8462            -
[   35.1s]    k=all        1.0000       1.0000       1.0000            -       1.0000       1.0000       0.9231            -
[   35.1s] done
[    1.3s] == k-shot curve on clinc150 | base jhu-clsp/ettin-encoder-17m on cpu | arms ['proto', 'li', 'probe', 'blocks', 'full'] | ks ['0', '1', '5', 'all']
[    3.3s]    6 classes, train pool 216, val pool 30, test 13 in-scope + 67 oos; cached depths [0, 3, 4] in 0.0s (7 MB)
[    3.3s] -- k=0|seed=0: 0 train, 0 val
[    3.3s]       proto_names: acc 0.1538, oos auroc 0.688
[    3.3s]       li_untrained: acc 0.6923 (24 bag tokens)
[    3.4s] -- k=1|seed=0: 6 train, 6 val
[    3.4s]       proto: acc 0.4615, oos auroc 0.652
[    3.4s]       proto+name: acc 0.5385, oos auroc 0.675
[    3.4s]       li_untrained: acc 0.7692 (94 bag tokens)
[    3.5s]       li: acc 0.6923, 300 steps, 0.2s
[    3.7s]       probe: 300 epochs, 300 steps, 0.1s, val acc 0.833, T=1.00
[    3.7s]       probe: acc 0.7692 macro-F1 0.6111 ECE 0.283, oos auroc 0.742
[    4.8s]       blocks: 300 epochs, 300 steps, 1.1s, val acc 0.833, T=1.00
[    4.9s]       blocks: acc 0.3077 macro-F1 0.2130 ECE 0.487, oos auroc 0.473
[    8.6s]       full: 300 epochs, 300 steps, 3.7s, val acc 1.000, T=1.00
[    8.6s]       full: acc 0.5385 macro-F1 0.3889 ECE 0.232, oos auroc 0.660
[    8.7s] -- k=5|seed=0: 30 train, 26 val
[    8.7s]       proto: acc 0.8462, oos auroc 0.754
[    8.7s]       proto+name: acc 0.8462, oos auroc 0.753
[    8.7s]       li_untrained: acc 1.0000 (333 bag tokens)
[    9.1s]       li: acc 0.8462, 300 steps, 0.4s
[    9.4s]       probe: 300 epochs, 300 steps, 0.2s, val acc 0.846, T=1.00
[    9.4s]       probe: acc 1.0000 macro-F1 1.0000 ECE 0.142, oos auroc 0.918
[   12.2s]       blocks: 300 epochs, 300 steps, 2.8s, val acc 0.654, T=1.00
[   12.2s]       blocks: acc 0.8462 macro-F1 0.8750 ECE 0.139, oos auroc 0.780
[   21.7s]       full: 300 epochs, 300 steps, 9.5s, val acc 0.769, T=1.00
[   21.8s]       full: acc 0.7692 macro-F1 0.8028 ECE 0.201, oos auroc 0.891
[   21.8s] -- k=all|seed=0: 216 train, 30 val
[   21.8s]       proto: acc 0.9231, oos auroc 0.789
[   21.8s]       proto+name: acc 0.9231, oos auroc 0.790
[   21.8s]       li_untrained: acc 1.0000 (1727 bag tokens)
[   23.4s]       li: acc 1.0000, 301 steps, 1.5s
[   23.6s]       probe: 43 epochs, 301 steps, 0.1s, val acc 0.967, T=0.61
[   23.6s]       probe: acc 1.0000 macro-F1 1.0000 ECE 0.020, oos auroc 0.976
[   25.7s]       blocks: 43 epochs, 301 steps, 2.1s, val acc 0.967, T=1.45
[   25.7s]       blocks: acc 1.0000 macro-F1 1.0000 ECE 0.034, oos auroc 0.962
[   32.7s]       full: 43 epochs, 301 steps, 6.9s, val acc 0.967, T=1.57
[   32.7s]       full: acc 1.0000 macro-F1 1.0000 ECE 0.019, oos auroc 0.994
[   32.7s] == summary (test accuracy, mean over seeds)
[   32.7s]    k            blocks         full           li     li_names li_untrained        probe   proto+name  proto_names
[   32.7s]    k=0               -            -            -       0.6923            -            -            -       0.1538
[   32.7s]    k=1          0.3077       0.5385       0.6923            -       0.7692       0.7692       0.5385            -
[   32.7s]    k=5          0.8462       0.7692       0.8462            -       1.0000       1.0000       0.8462            -
[   32.7s]    k=all        1.0000       1.0000       1.0000            -       1.0000       1.0000       0.9231            -
[   32.7s] done
