[    3.1s] == DROID-style oos on ['clinc150', 'banking77-open'] | base jhu-clsp/ettin-encoder-17m on cpu | 64 SQuAD negatives
[    4.8s] == clinc150: 6 known classes, 292 train, 41 in-scope val, test 16 in-scope + 104 out-of-scope (108 labelled oos train messages, used only by 'supervised')
[    5.0s]    probe@3|base                 in-scope acc 1.0000 | best oos auroc 0.987 fpr95 0.019 oos F1 0.684 (300 steps, 0.2s)
[    5.2s]    probe@3|mixup                in-scope acc 1.0000 | best oos auroc 0.968 fpr95 0.106 oos F1 0.871 (300 steps, 0.2s)
[    5.7s]    probe@3|squad                in-scope acc 1.0000 | best oos auroc 0.980 fpr95 0.058 oos F1 0.905 (300 steps, 0.4s)
[    6.1s]    probe@3|droid                in-scope acc 1.0000 | best oos auroc 0.962 fpr95 0.144 oos F1 0.889 (300 steps, 0.3s)
[    6.3s]    probe@3|supervised           in-scope acc 1.0000 | best oos auroc 0.962 fpr95 0.067 oos F1 0.960 (312 steps, 0.2s)
[    6.6s]    probe@7|base                 in-scope acc 1.0000 | best oos auroc 0.965 fpr95 0.192 oos F1 0.514 (300 steps, 0.2s)
[    6.9s]    probe@7|mixup                in-scope acc 1.0000 | best oos auroc 0.947 fpr95 0.231 oos F1 0.471 (300 steps, 0.2s)
[    7.2s]    probe@7|squad                in-scope acc 1.0000 | best oos auroc 0.964 fpr95 0.144 oos F1 0.762 (300 steps, 0.3s)
[    7.6s]    probe@7|droid                in-scope acc 1.0000 | best oos auroc 0.955 fpr95 0.173 oos F1 0.865 (300 steps, 0.3s)
[    7.8s]    probe@7|supervised           in-scope acc 1.0000 | best oos auroc 0.963 fpr95 0.163 oos F1 0.827 (312 steps, 0.2s)
[   10.9s]    blocks@4+2|base              in-scope acc 1.0000 | best oos auroc 0.983 fpr95 0.106 oos F1 0.811 (300 steps, 3.0s)
[   14.2s]    blocks@4+2|mixup             in-scope acc 1.0000 | best oos auroc 0.992 fpr95 0.038 oos F1 0.899 (300 steps, 3.2s)
[   18.7s]    blocks@4+2|squad             in-scope acc 1.0000 | best oos auroc 0.974 fpr95 0.154 oos F1 0.724 (300 steps, 4.4s)
[   23.3s]    blocks@4+2|droid             in-scope acc 1.0000 | best oos auroc 0.980 fpr95 0.087 oos F1 0.956 (300 steps, 4.6s)
[   26.7s]    blocks@4+2|supervised        in-scope acc 1.0000 | best oos auroc 0.960 fpr95 0.106 oos F1 0.971 (312 steps, 3.3s)
[   28.9s] == banking77-open: 6 known classes, 303 train, 60 in-scope val, test 86 in-scope + 34 out-of-scope (97 labelled oos train messages, used only by 'supervised')
[   29.1s]    probe@3|base                 in-scope acc 0.9302 | best oos auroc 0.821 fpr95 0.471 oos F1 0.618 (300 steps, 0.2s)
[   29.4s]    probe@3|mixup                in-scope acc 0.9186 | best oos auroc 0.833 fpr95 0.765 oos F1 0.408 (300 steps, 0.2s)
[   29.8s]    probe@3|squad                in-scope acc 0.9419 | best oos auroc 0.814 fpr95 0.618 oos F1 0.528 (300 steps, 0.3s)
[   30.3s]    probe@3|droid                in-scope acc 0.9186 | best oos auroc 0.843 fpr95 0.471 oos F1 0.644 (300 steps, 0.4s)
[   30.6s]    probe@3|supervised           in-scope acc 0.9419 | best oos auroc 0.990 fpr95 0.059 oos F1 0.865 (312 steps, 0.2s)
[   30.9s]    probe@7|base                 in-scope acc 0.9070 | best oos auroc 0.826 fpr95 0.559 oos F1 0.480 (300 steps, 0.2s)
[   31.2s]    probe@7|mixup                in-scope acc 0.9070 | best oos auroc 0.833 fpr95 0.735 oos F1 0.471 (300 steps, 0.2s)
[   31.6s]    probe@7|squad                in-scope acc 0.8837 | best oos auroc 0.818 fpr95 0.618 oos F1 0.500 (300 steps, 0.3s)
[   32.1s]    probe@7|droid                in-scope acc 0.8953 | best oos auroc 0.861 fpr95 0.471 oos F1 0.643 (300 steps, 0.3s)
[   32.4s]    probe@7|supervised           in-scope acc 0.9186 | best oos auroc 0.993 fpr95 0.059 oos F1 0.889 (312 steps, 0.2s)
[   36.7s]    blocks@4+2|base              in-scope acc 0.9884 | best oos auroc 0.767 fpr95 0.412 oos F1 0.702 (300 steps, 4.2s)
[   40.6s]    blocks@4+2|mixup             in-scope acc 0.9884 | best oos auroc 0.766 fpr95 0.559 oos F1 0.582 (300 steps, 3.7s)
[   45.1s]    blocks@4+2|squad             in-scope acc 0.9884 | best oos auroc 0.766 fpr95 0.647 oos F1 0.536 (300 steps, 4.4s)
[   49.6s]    blocks@4+2|droid             in-scope acc 0.9767 | best oos auroc 0.789 fpr95 0.471 oos F1 0.644 (300 steps, 4.4s)
[   53.0s]    blocks@4+2|supervised        in-scope acc 0.9767 | best oos auroc 1.000 fpr95 0.000 oos F1 0.932 (312 steps, 3.3s)
[   53.1s] done
[    3.3s] == DROID-style oos on ['clinc150', 'banking77-open'] | base jhu-clsp/ettin-encoder-17m on cpu | 64 SQuAD negatives
[    4.8s] == clinc150: 6 known classes, 292 train, 41 in-scope val, test 16 in-scope + 104 out-of-scope (108 labelled oos train messages, used only by 'supervised')
[    5.0s]    probe@3|base                 in-scope acc 1.0000 | best oos auroc 0.986 fpr95 0.038 oos F1 0.708 (300 steps, 0.1s)
[    5.1s]    probe@3|mixup                in-scope acc 1.0000 | best oos auroc 0.968 fpr95 0.106 oos F1 0.871 (300 steps, 0.1s)
[    5.4s]    probe@3|squad                in-scope acc 1.0000 | best oos auroc 0.980 fpr95 0.058 oos F1 0.905 (300 steps, 0.2s)
[    5.6s]    probe@3|droid                in-scope acc 1.0000 | best oos auroc 0.962 fpr95 0.144 oos F1 0.889 (300 steps, 0.2s)
[    5.8s]    probe@3|supervised           in-scope acc 1.0000 | best oos auroc 0.962 fpr95 0.067 oos F1 0.960 (312 steps, 0.1s)
[    6.0s]    probe@7|base                 in-scope acc 1.0000 | best oos auroc 0.965 fpr95 0.192 oos F1 0.514 (300 steps, 0.1s)
[    6.1s]    probe@7|mixup                in-scope acc 1.0000 | best oos auroc 0.947 fpr95 0.231 oos F1 0.471 (300 steps, 0.1s)
[    6.4s]    probe@7|squad                in-scope acc 1.0000 | best oos auroc 0.964 fpr95 0.144 oos F1 0.762 (300 steps, 0.2s)
[    6.6s]    probe@7|droid                in-scope acc 1.0000 | best oos auroc 0.955 fpr95 0.173 oos F1 0.865 (300 steps, 0.2s)
[    6.8s]    probe@7|supervised           in-scope acc 1.0000 | best oos auroc 0.963 fpr95 0.163 oos F1 0.827 (312 steps, 0.1s)
[    8.7s]    blocks@4+2|base              in-scope acc 1.0000 | best oos auroc 0.983 fpr95 0.106 oos F1 0.811 (300 steps, 1.8s)
[   10.6s]    blocks@4+2|mixup             in-scope acc 1.0000 | best oos auroc 0.992 fpr95 0.038 oos F1 0.899 (300 steps, 1.9s)
[   13.3s]    blocks@4+2|squad             in-scope acc 1.0000 | best oos auroc 0.974 fpr95 0.154 oos F1 0.724 (300 steps, 2.7s)
[   16.1s]    blocks@4+2|droid             in-scope acc 1.0000 | best oos auroc 0.980 fpr95 0.087 oos F1 0.956 (300 steps, 2.7s)
[   18.1s]    blocks@4+2|supervised        in-scope acc 1.0000 | best oos auroc 0.960 fpr95 0.106 oos F1 0.971 (312 steps, 2.0s)
[   19.9s] == banking77-open: 6 known classes, 303 train, 60 in-scope val, test 86 in-scope + 34 out-of-scope (97 labelled oos train messages, used only by 'supervised')
[   20.0s]    probe@3|base                 in-scope acc 0.9302 | best oos auroc 0.821 fpr95 0.471 oos F1 0.618 (300 steps, 0.1s)
[   20.2s]    probe@3|mixup                in-scope acc 0.9186 | best oos auroc 0.833 fpr95 0.765 oos F1 0.408 (300 steps, 0.2s)
[   20.4s]    probe@3|squad                in-scope acc 0.9419 | best oos auroc 0.814 fpr95 0.618 oos F1 0.528 (300 steps, 0.2s)
[   20.7s]    probe@3|droid                in-scope acc 0.9186 | best oos auroc 0.843 fpr95 0.471 oos F1 0.644 (300 steps, 0.2s)
[   20.9s]    probe@3|supervised           in-scope acc 0.9419 | best oos auroc 0.990 fpr95 0.059 oos F1 0.865 (312 steps, 0.1s)
[   21.1s]    probe@7|base                 in-scope acc 0.9070 | best oos auroc 0.826 fpr95 0.559 oos F1 0.480 (300 steps, 0.1s)
[   21.3s]    probe@7|mixup                in-scope acc 0.9070 | best oos auroc 0.833 fpr95 0.735 oos F1 0.471 (300 steps, 0.1s)
[   21.5s]    probe@7|squad                in-scope acc 0.8837 | best oos auroc 0.818 fpr95 0.618 oos F1 0.500 (300 steps, 0.2s)
[   21.8s]    probe@7|droid                in-scope acc 0.8953 | best oos auroc 0.861 fpr95 0.471 oos F1 0.643 (300 steps, 0.2s)
[   21.9s]    probe@7|supervised           in-scope acc 0.9186 | best oos auroc 0.993 fpr95 0.059 oos F1 0.889 (312 steps, 0.1s)
[   24.2s]    blocks@4+2|base              in-scope acc 0.9884 | best oos auroc 0.767 fpr95 0.412 oos F1 0.702 (300 steps, 2.2s)
[   26.5s]    blocks@4+2|mixup             in-scope acc 0.9884 | best oos auroc 0.766 fpr95 0.559 oos F1 0.582 (300 steps, 2.2s)
[   29.5s]    blocks@4+2|squad             in-scope acc 0.9884 | best oos auroc 0.766 fpr95 0.647 oos F1 0.536 (300 steps, 3.0s)
[   32.6s]    blocks@4+2|droid             in-scope acc 0.9767 | best oos auroc 0.789 fpr95 0.471 oos F1 0.644 (300 steps, 3.0s)
[   35.0s]    blocks@4+2|supervised        in-scope acc 0.9767 | best oos auroc 1.000 fpr95 0.000 oos F1 0.932 (312 steps, 2.3s)
[   35.1s] done
