== banking77: 300 messages, tasks 1, depths [4], cached in 0s
  depth 4: shadow fitted (500 tokens seen, test OOV 0.098); centred cos poolfit 0.481 tokmean 0.615
   [intent] probe_real 0.0125 | probe_on_shadow 0.0125 | logreg_real 0.3625 | same_logreg_on_poolfit 0.3250 | logreg_on_tokmean_pooled 0.3750 | logreg_retrained_on_poolfit 0.2625 | tfidf 0.3625 | blocks_real 0.0250 | blocks_on_shadow_tokens 0.0000
   cascade served=probe  tier0=same_probe_tokmean  : served 0.0125 tier0-only 0.0125 | LTT delta=0.01: exit 0.000 flips 0.0000 acc 0.0125 | tau=0.9: exit 0.000 flips 0.0000
   cascade served=probe  tier0=logreg_poolfit_rt   : served 0.0125 tier0-only 0.2625 | LTT delta=0.01: exit 0.000 flips 0.0000 acc 0.0125 | tau=0.9: exit 0.212 flips 0.2000
   cascade served=probe  tier0=tfidf               : served 0.0125 tier0-only 0.3625 | LTT delta=0.01: exit 0.000 flips 0.0000 acc 0.0125 | tau=0.9: exit 0.000 flips 0.0000
   cascade served=logreg tier0=same_logreg_poolfit : served 0.3625 tier0-only 0.3250 | LTT delta=0.01: exit 0.000 flips 0.0000 acc 0.3625 | tau=0.9: exit 0.375 flips 0.1250
   cascade served=logreg tier0=logreg_poolfit_rt   : served 0.3625 tier0-only 0.2625 | LTT delta=0.01: exit 0.000 flips 0.0000 acc 0.3625 | tau=0.9: exit 0.212 flips 0.0875
   cascade served=logreg tier0=tfidf               : served 0.3625 tier0-only 0.3625 | LTT delta=0.01: exit 0.000 flips 0.0000 acc 0.3625 | tau=0.9: exit 0.000 flips 0.0000
   cascade served=blocks tier0=same_probe_tokmean  : served 0.0250 tier0-only 0.0125 | LTT delta=0.01: exit 0.000 flips 0.0000 acc 0.0250 | tau=0.9: exit 0.000 flips 0.0000
   cascade served=blocks tier0=logreg_poolfit_rt   : served 0.0250 tier0-only 0.2625 | LTT delta=0.01: exit 0.000 flips 0.0000 acc 0.0250 | tau=0.9: exit 0.212 flips 0.1625
   cascade served=blocks tier0=tfidf               : served 0.0250 tier0-only 0.3625 | LTT delta=0.01: exit 0.000 flips 0.0000 acc 0.0250 | tau=0.9: exit 0.000 flips 0.0000
   CPU latency (batch 1, 8 threads, 13 tokens): trunk to depth 4 2.42 ms vs tier 0 0.0078 ms
== clinc150: 480 messages, tasks 3, depths [6], cached in 0s
  depth 6: shadow fitted (893 tokens seen, test OOV 0.174); centred cos poolfit 0.233 tokmean 0.409
== banking77: 300 messages, tasks 1, depths [4], cached in 0s
  depth 4: shadow fitted (500 tokens seen, test OOV 0.098); centred cos poolfit 0.481 tokmean 0.615
   [intent] probe_real 0.0250 | probe_on_shadow 0.0250 | logreg_real 0.3625 | same_logreg_on_poolfit 0.3250 | logreg_on_tokmean_pooled 0.3750 | logreg_retrained_on_poolfit 0.2625 | tfidf 0.3625 | blocks_real 0.0500 | blocks_on_shadow_tokens 0.0375
   cascade served=probe  tier0=same_probe_tokmean  : served 0.0250 tier0-only 0.0250 | LTT delta=0.01: exit 0.000 flips 0.0000 acc 0.0250 | tau=0.9: exit 0.000 flips 0.0000
   cascade served=probe  tier0=logreg_poolfit_rt   : served 0.0250 tier0-only 0.2625 | LTT delta=0.01: exit 0.000 flips 0.0000 acc 0.0250 | tau=0.9: exit 0.212 flips 0.2000
   cascade served=probe  tier0=tfidf               : served 0.0250 tier0-only 0.3625 | LTT delta=0.01: exit 0.000 flips 0.0000 acc 0.0250 | tau=0.9: exit 0.000 flips 0.0000
   cascade served=logreg tier0=same_logreg_poolfit : served 0.3625 tier0-only 0.3250 | LTT delta=0.01: exit 0.000 flips 0.0000 acc 0.3625 | tau=0.9: exit 0.375 flips 0.1250
   cascade served=logreg tier0=logreg_poolfit_rt   : served 0.3625 tier0-only 0.2625 | LTT delta=0.01: exit 0.000 flips 0.0000 acc 0.3625 | tau=0.9: exit 0.212 flips 0.0875
   cascade served=logreg tier0=tfidf               : served 0.3625 tier0-only 0.3625 | LTT delta=0.01: exit 0.000 flips 0.0000 acc 0.3625 | tau=0.9: exit 0.000 flips 0.0000
   cascade served=blocks tier0=same_probe_tokmean  : served 0.0500 tier0-only 0.0250 | LTT delta=0.01: exit 0.000 flips 0.0000 acc 0.0500 | tau=0.9: exit 0.000 flips 0.0000
   cascade served=blocks tier0=logreg_poolfit_rt   : served 0.0500 tier0-only 0.2625 | LTT delta=0.01: exit 0.000 flips 0.0000 acc 0.0500 | tau=0.9: exit 0.212 flips 0.1875
   cascade served=blocks tier0=tfidf               : served 0.0500 tier0-only 0.3625 | LTT delta=0.01: exit 0.000 flips 0.0000 acc 0.0500 | tau=0.9: exit 0.000 flips 0.0000
   CPU latency (batch 1, 8 threads, 13 tokens): trunk to depth 4 2.57 ms vs tier 0 0.0078 ms
== clinc150: 480 messages, tasks 3, depths [6], cached in 0s
  depth 6: shadow fitted (893 tokens seen, test OOV 0.174); centred cos poolfit 0.233 tokmean 0.409
   [intent] probe_real 0.2500 | probe_on_shadow 0.2500 | logreg_real 0.3125 | same_logreg_on_poolfit 0.2875 | logreg_on_tokmean_pooled 0.3250 | logreg_retrained_on_poolfit 0.2875 | tfidf 0.4000 | blocks_real 0.2625 | blocks_on_shadow_tokens 0.2375
   [domain] probe_real 0.2750 | probe_on_shadow 0.1625 | logreg_real 0.5750 | same_logreg_on_poolfit 0.4750 | logreg_on_tokmean_pooled 0.5250 | logreg_retrained_on_poolfit 0.4750 | tfidf 0.5000 | blocks_real 0.4500 | blocks_on_shadow_tokens 0.3375
   [oos] probe_real 0.7500 | probe_on_shadow 0.7500 | logreg_real 0.6375 | same_logreg_on_poolfit 0.7375 | logreg_on_tokmean_pooled 0.7500 | logreg_retrained_on_poolfit 0.7375 | tfidf 0.7500 | blocks_real 0.7500 | blocks_on_shadow_tokens 0.7500
   cascade served=probe  tier0=same_probe_tokmean  : served 0.4250 tier0-only 0.3875 | LTT delta=0.01: exit 0.000 flips 0.0000 acc 0.4250 | tau=0.9: exit 0.000 flips 0.0000
   cascade served=probe  tier0=logreg_poolfit_rt   : served 0.4250 tier0-only 0.5000 | LTT delta=0.01: exit 0.000 flips 0.0000 acc 0.4250 | tau=0.9: exit 0.087 flips 0.0875
   cascade served=probe  tier0=tfidf               : served 0.4250 tier0-only 0.5500 | LTT delta=0.01: exit 0.000 flips 0.0000 acc 0.4250 | tau=0.9: exit 0.000 flips 0.0000
   cascade served=logreg tier0=same_logreg_poolfit : served 0.5083 tier0-only 0.5000 | LTT delta=0.01: exit 0.000 flips 0.0000 acc 0.5083 | tau=0.9: exit 0.100 flips 0.0375
   cascade served=logreg tier0=logreg_poolfit_rt   : served 0.5083 tier0-only 0.5000 | LTT delta=0.01: exit 0.000 flips 0.0000 acc 0.5083 | tau=0.9: exit 0.087 flips 0.0250
   cascade served=logreg tier0=tfidf               : served 0.5083 tier0-only 0.5500 | LTT delta=0.01: exit 0.000 flips 0.0000 acc 0.5083 | tau=0.9: exit 0.000 flips 0.0000
   cascade served=blocks tier0=same_probe_tokmean  : served 0.4875 tier0-only 0.3875 | LTT delta=0.01: exit 0.000 flips 0.0000 acc 0.4875 | tau=0.9: exit 0.000 flips 0.0000
   cascade served=blocks tier0=logreg_poolfit_rt   : served 0.4875 tier0-only 0.5000 | LTT delta=0.01: exit 0.000 flips 0.0000 acc 0.4875 | tau=0.9: exit 0.087 flips 0.0875
   cascade served=blocks tier0=tfidf               : served 0.4875 tier0-only 0.5500 | LTT delta=0.01: exit 0.000 flips 0.0000 acc 0.4875 | tau=0.9: exit 0.000 flips 0.0000
   CPU latency (batch 1, 8 threads, 13 tokens): trunk to depth 6 4.00 ms vs tier 0 0.0083 ms
== typed-decisions: 300 messages, tasks 3, depths [11], cached in 3s
  depth 11: shadow fitted (1456 tokens seen, test OOV 0.029); centred cos poolfit 0.875 tokmean 0.829
   [agent_trace_observability.action] probe_real 0.3043 | probe_on_shadow 0.2609 | logreg_real 0.3913 | same_logreg_on_poolfit 0.4348 | logreg_on_tokmean_pooled 0.2609 | logreg_retrained_on_poolfit 0.4348 | tfidf 0.3478
   [agent_trace_observability.needs_review] probe_real 0.5652 | probe_on_shadow 0.6087 | logreg_real 0.7391 | same_logreg_on_poolfit 0.6957 | logreg_on_tokmean_pooled 0.7391 | logreg_retrained_on_poolfit 0.7391 | tfidf 0.7391
   [agent_trace_observability.outcome] probe_real 0.2174 | probe_on_shadow 0.1739 | logreg_real 0.5217 | same_logreg_on_poolfit 0.4783 | logreg_on_tokmean_pooled 0.0870 | logreg_retrained_on_poolfit 0.4783 | tfidf 0.4348
   cascade served=probe  tier0=same_probe_tokmean  : served 0.3623 tier0-only 0.3478 | LTT delta=0.01: exit 0.000 flips 0.0000 acc 0.3623 | tau=0.9: exit 0.000 flips 0.0000
   cascade served=probe  tier0=logreg_poolfit_rt   : served 0.3623 tier0-only 0.5507 | LTT delta=0.01: exit 0.000 flips 0.0000 acc 0.3623 | tau=0.9: exit 0.000 flips 0.0000
   cascade served=probe  tier0=tfidf               : served 0.3623 tier0-only 0.5072 | LTT delta=0.01: exit 0.000 flips 0.0000 acc 0.3623 | tau=0.9: exit 0.000 flips 0.0000
   cascade served=logreg tier0=same_logreg_poolfit : served 0.5507 tier0-only 0.5362 | LTT delta=0.01: exit 0.000 flips 0.0000 acc 0.5507 | tau=0.9: exit 0.000 flips 0.0000
   cascade served=logreg tier0=logreg_poolfit_rt   : served 0.5507 tier0-only 0.5507 | LTT delta=0.01: exit 0.000 flips 0.0000 acc 0.5507 | tau=0.9: exit 0.000 flips 0.0000
   cascade served=logreg tier0=tfidf               : served 0.5507 tier0-only 0.5072 | LTT delta=0.01: exit 0.000 flips 0.0000 acc 0.5507 | tau=0.9: exit 0.000 flips 0.0000
   CPU latency (batch 1, 8 threads, 115 tokens): trunk to depth 11 19.69 ms vs tier 0 0.0157 ms
done -> results/tarski/explore_lit_shadow_smoke.json
== banking77: 300 messages, tasks 1, depths [4], cached in 0s
  depth 4: shadow fitted (500 tokens seen, test OOV 0.098); centred cos poolfit 0.481 tokmean 0.615
   [intent] probe_real 0.0000 | probe_on_shadow 0.0000 | logreg_real 0.3625 | same_logreg_on_poolfit 0.3250 | logreg_on_tokmean_pooled 0.3750 | logreg_retrained_on_poolfit 0.2625 | tfidf 0.3625 | blocks_real 0.0500 | blocks_on_shadow_tokens 0.0375
   cascade served=probe  tier0=same_probe_tokmean  : served 0.0000 tier0-only 0.0000 | LTT delta=0.01: exit 0.000 flips 0.0000 acc 0.0000 | tau=0.9: exit 0.000 flips 0.0000
   cascade served=probe  tier0=logreg_poolfit_rt   : served 0.0000 tier0-only 0.2625 | LTT delta=0.01: exit 0.000 flips 0.0000 acc 0.0000 | tau=0.9: exit 0.212 flips 0.2125
   cascade served=probe  tier0=tfidf               : served 0.0000 tier0-only 0.3625 | LTT delta=0.01: exit 0.000 flips 0.0000 acc 0.0000 | tau=0.9: exit 0.000 flips 0.0000
   cascade served=logreg tier0=same_logreg_poolfit : served 0.3625 tier0-only 0.3250 | LTT delta=0.01: exit 0.000 flips 0.0000 acc 0.3625 | tau=0.9: exit 0.375 flips 0.1250
   cascade served=logreg tier0=logreg_poolfit_rt   : served 0.3625 tier0-only 0.2625 | LTT delta=0.01: exit 0.000 flips 0.0000 acc 0.3625 | tau=0.9: exit 0.212 flips 0.0875
   cascade served=logreg tier0=tfidf               : served 0.3625 tier0-only 0.3625 | LTT delta=0.01: exit 0.000 flips 0.0000 acc 0.3625 | tau=0.9: exit 0.000 flips 0.0000
   cascade served=blocks tier0=same_probe_tokmean  : served 0.0500 tier0-only 0.0000 | LTT delta=0.01: exit 0.000 flips 0.0000 acc 0.0500 | tau=0.9: exit 0.000 flips 0.0000
   cascade served=blocks tier0=logreg_poolfit_rt   : served 0.0500 tier0-only 0.2625 | LTT delta=0.01: exit 0.000 flips 0.0000 acc 0.0500 | tau=0.9: exit 0.212 flips 0.1875
   cascade served=blocks tier0=tfidf               : served 0.0500 tier0-only 0.3625 | LTT delta=0.01: exit 0.000 flips 0.0000 acc 0.0500 | tau=0.9: exit 0.000 flips 0.0000
   CPU latency (batch 1, 8 threads, 13 tokens): trunk to depth 4 3.25 ms vs tier 0 0.0077 ms
== clinc150: 480 messages, tasks 3, depths [6], cached in 0s
  depth 6: shadow fitted (893 tokens seen, test OOV 0.174); centred cos poolfit 0.233 tokmean 0.409
   [intent] probe_real 0.2500 | probe_on_shadow 0.2500 | logreg_real 0.3125 | same_logreg_on_poolfit 0.2875 | logreg_on_tokmean_pooled 0.3250 | logreg_retrained_on_poolfit 0.2875 | tfidf 0.4000 | blocks_real 0.2625 | blocks_on_shadow_tokens 0.2375
   [domain] probe_real 0.2750 | probe_on_shadow 0.1625 | logreg_real 0.5750 | same_logreg_on_poolfit 0.4750 | logreg_on_tokmean_pooled 0.5250 | logreg_retrained_on_poolfit 0.4750 | tfidf 0.5000 | blocks_real 0.4500 | blocks_on_shadow_tokens 0.3375
   [oos] probe_real 0.7500 | probe_on_shadow 0.7500 | logreg_real 0.6375 | same_logreg_on_poolfit 0.7375 | logreg_on_tokmean_pooled 0.7500 | logreg_retrained_on_poolfit 0.7375 | tfidf 0.7500 | blocks_real 0.7500 | blocks_on_shadow_tokens 0.7500
   cascade served=probe  tier0=same_probe_tokmean  : served 0.4250 tier0-only 0.3875 | LTT delta=0.01: exit 0.000 flips 0.0000 acc 0.4250 | tau=0.9: exit 0.000 flips 0.0000
   cascade served=probe  tier0=logreg_poolfit_rt   : served 0.4250 tier0-only 0.5000 | LTT delta=0.01: exit 0.000 flips 0.0000 acc 0.4250 | tau=0.9: exit 0.087 flips 0.0875
   cascade served=probe  tier0=tfidf               : served 0.4250 tier0-only 0.5500 | LTT delta=0.01: exit 0.000 flips 0.0000 acc 0.4250 | tau=0.9: exit 0.000 flips 0.0000
   cascade served=logreg tier0=same_logreg_poolfit : served 0.5083 tier0-only 0.5000 | LTT delta=0.01: exit 0.000 flips 0.0000 acc 0.5083 | tau=0.9: exit 0.100 flips 0.0375
   cascade served=logreg tier0=logreg_poolfit_rt   : served 0.5083 tier0-only 0.5000 | LTT delta=0.01: exit 0.000 flips 0.0000 acc 0.5083 | tau=0.9: exit 0.087 flips 0.0250
   cascade served=logreg tier0=tfidf               : served 0.5083 tier0-only 0.5500 | LTT delta=0.01: exit 0.000 flips 0.0000 acc 0.5083 | tau=0.9: exit 0.000 flips 0.0000
   cascade served=blocks tier0=same_probe_tokmean  : served 0.4875 tier0-only 0.3875 | LTT delta=0.01: exit 0.000 flips 0.0000 acc 0.4875 | tau=0.9: exit 0.000 flips 0.0000
   cascade served=blocks tier0=logreg_poolfit_rt   : served 0.4875 tier0-only 0.5000 | LTT delta=0.01: exit 0.000 flips 0.0000 acc 0.4875 | tau=0.9: exit 0.087 flips 0.0875
   cascade served=blocks tier0=tfidf               : served 0.4875 tier0-only 0.5500 | LTT delta=0.01: exit 0.000 flips 0.0000 acc 0.4875 | tau=0.9: exit 0.000 flips 0.0000
   CPU latency (batch 1, 8 threads, 13 tokens): trunk to depth 6 4.26 ms vs tier 0 0.0085 ms
== typed-decisions: 300 messages, tasks 3, depths [11], cached in 3s
  depth 11: shadow fitted (1456 tokens seen, test OOV 0.029); centred cos poolfit 0.875 tokmean 0.829
   [agent_trace_observability.action] probe_real 0.3043 | probe_on_shadow 0.2609 | logreg_real 0.3913 | same_logreg_on_poolfit 0.4348 | logreg_on_tokmean_pooled 0.2609 | logreg_retrained_on_poolfit 0.4348 | tfidf 0.3478
   [agent_trace_observability.needs_review] probe_real 0.5652 | probe_on_shadow 0.6087 | logreg_real 0.7391 | same_logreg_on_poolfit 0.6957 | logreg_on_tokmean_pooled 0.7391 | logreg_retrained_on_poolfit 0.7391 | tfidf 0.7391
   [agent_trace_observability.outcome] probe_real 0.2174 | probe_on_shadow 0.1739 | logreg_real 0.5217 | same_logreg_on_poolfit 0.4783 | logreg_on_tokmean_pooled 0.0870 | logreg_retrained_on_poolfit 0.4783 | tfidf 0.4348
   cascade served=probe  tier0=same_probe_tokmean  : served 0.3623 tier0-only 0.3478 | LTT delta=0.01: exit 0.000 flips 0.0000 acc 0.3623 | tau=0.9: exit 0.000 flips 0.0000
   cascade served=probe  tier0=logreg_poolfit_rt   : served 0.3623 tier0-only 0.5507 | LTT delta=0.01: exit 0.000 flips 0.0000 acc 0.3623 | tau=0.9: exit 0.000 flips 0.0000
   cascade served=probe  tier0=tfidf               : served 0.3623 tier0-only 0.5072 | LTT delta=0.01: exit 0.000 flips 0.0000 acc 0.3623 | tau=0.9: exit 0.000 flips 0.0000
   cascade served=logreg tier0=same_logreg_poolfit : served 0.5507 tier0-only 0.5362 | LTT delta=0.01: exit 0.000 flips 0.0000 acc 0.5507 | tau=0.9: exit 0.000 flips 0.0000
   cascade served=logreg tier0=logreg_poolfit_rt   : served 0.5507 tier0-only 0.5507 | LTT delta=0.01: exit 0.000 flips 0.0000 acc 0.5507 | tau=0.9: exit 0.000 flips 0.0000
   cascade served=logreg tier0=tfidf               : served 0.5507 tier0-only 0.5072 | LTT delta=0.01: exit 0.000 flips 0.0000 acc 0.5507 | tau=0.9: exit 0.000 flips 0.0000
   CPU latency (batch 1, 8 threads, 115 tokens): trunk to depth 11 19.85 ms vs tier 0 0.0174 ms
done -> results/tarski/explore_lit_shadow_smoke.json
