== template cancellation on typed-decisions: 160/32/80 messages (train/val/test), tasks: agent_trace_observability.action(4), agent_trace_observability.needs_review(2), agent_trace_observability.outcome(4), agent_trace_observability.risk(4), agent_trace_observability.urgency(4), customer_service.action(5), customer_service.category(5), customer_service.churn_risk(4), customer_service.needs_human(2), customer_service.urgency(4), invoice_processing.discrepancy_severity(4), invoice_processing.disposition(4), invoice_processing.duplicate(2), invoice_processing.matches_order(2), invoice_processing.urgency(4), security_incidents.credential_compromise(2), security_incidents.disposition(4), security_incidents.severity(5), security_incidents.true_positive(2), security_incidents.urgency(4) | split 14+2, kinds ['probe', 'blocks'], conditions ['none', 'global', 'field'], 2 tasks, device cpu, smoke=True
  cached depth 14: 8.5s (95 MB)
  built 'global' cache in 0.0s
  built 'field' cache in 0.1s
  [customer_service.category]  probe/none  : acc 0.150 macro-F1 0.052 NLL 1.691 Brier 0.621 (6 steps, 0.0s)
  [customer_service.category]  probe/global: acc 0.400 macro-F1 0.114 NLL 1.548 Brier 0.572 (6 steps, 0.0s)
  [customer_service.category]  probe/field : acc 0.350 macro-F1 0.154 NLL 1.563 Brier 0.578 (6 steps, 0.0s)
  [customer_service.category] blocks/none  : acc 0.400 macro-F1 0.114 NLL 1.525 Brier 0.553 (6 steps, 3.1s)
  [customer_service.category] blocks/global: acc 0.400 macro-F1 0.114 NLL 1.598 Brier 0.584 (6 steps, 3.0s)
  [customer_service.category] blocks/field : acc 0.400 macro-F1 0.114 NLL 1.602 Brier 0.598 (6 steps, 3.1s)
  [invoice_processing.duplicate]  probe/none  : acc 1.000 macro-F1 0.500 NLL 0.175 Brier 0.037 (6 steps, 0.0s)
  [invoice_processing.duplicate]  probe/global: acc 0.000 macro-F1 0.000 NLL 0.891 Brier 0.638 (6 steps, 0.0s)
  [invoice_processing.duplicate]  probe/field : acc 0.000 macro-F1 0.000 NLL 0.739 Brier 0.495 (6 steps, 0.0s)
  [invoice_processing.duplicate] blocks/none  : acc 1.000 macro-F1 0.500 NLL 0.023 Brier 0.000 (6 steps, 2.3s)
  [invoice_processing.duplicate] blocks/global: acc 1.000 macro-F1 0.500 NLL 0.033 Brier 0.000 (6 steps, 2.6s)
  [invoice_processing.duplicate] blocks/field : acc 1.000 macro-F1 0.500 NLL 0.028 Brier 0.000 (6 steps, 2.3s)
== done in 26.7s; wrote results/tarski/explore_template_smoke.json
      probe/none: mean acc 0.5750  macro-F1 0.2761  NLL 0.9330  Brier 0.3288
    probe/global: mean acc 0.2000  macro-F1 0.0571  NLL 1.2193  Brier 0.6052
     probe/field: mean acc 0.1750  macro-F1 0.0772  NLL 1.1507  Brier 0.5366
     blocks/none: mean acc 0.7000  macro-F1 0.3071  NLL 0.7743  Brier 0.2767
   blocks/global: mean acc 0.7000  macro-F1 0.3071  NLL 0.8153  Brier 0.2923
    blocks/field: mean acc 0.7000  macro-F1 0.3071  NLL 0.8147  Brier 0.2992
