[    1.3s] == enc trunk jhu-clsp/ettin-encoder-17m on cpu: 7 layers, hidden 256
[    3.3s] == [enc] banking77: 240/60/80 messages (train/val/test), tasks: intent(77) | cached [3, 4, 7] in 0.2s
[    3.6s]    [enc] banking77 probe@3|mean: mean acc 0.9125
[    3.9s]    [enc] banking77 probe@7|mean: mean acc 0.8125
[    6.5s]    [enc] banking77 blocks@4+2|mean|bidir: mean acc 0.9500
[    9.1s] == [enc] typed-cs: 60/31/40 messages (train/val/test), tasks: customer_service.action(5), customer_service.category(5) | cached [3, 4, 7] in 0.4s
[   10.7s]    [enc] typed-cs probe@3|mean: mean acc 0.4500
[   12.3s]    [enc] typed-cs probe@7|mean: mean acc 0.4375
[   52.4s]    [enc] typed-cs blocks@4+2|mean|bidir: mean acc 0.3750
[   53.4s] == dec trunk jhu-clsp/ettin-decoder-17m on cpu: 7 layers, hidden 256
[   53.5s]    causal trunk vs stock forward: max abs diff 0.00e+00
[   54.9s] == [dec_causal] banking77: 240/60/80 messages (train/val/test), tasks: intent(77) | cached [3, 4, 7] in 0.1s
[   55.0s]    [dec_causal] banking77 probe@3|mean: mean acc 0.9375
[   55.2s]    [dec_causal] banking77 probe@3|last: mean acc 0.6125
[   55.5s]    [dec_causal] banking77 probe@7|mean: mean acc 0.9250
[   55.7s]    [dec_causal] banking77 probe@7|last: mean acc 0.7875
[   57.2s]    [dec_causal] banking77 blocks@4+2|last: mean acc 0.8625
[   58.9s]    [dec_causal] banking77 blocks@4+2|mean: mean acc 0.8500
[   61.1s] == [dec_causal] typed-cs: 60/31/40 messages (train/val/test), tasks: customer_service.action(5), customer_service.category(5) | cached [3, 4, 7] in 0.2s
[   62.1s]    [dec_causal] typed-cs probe@3|mean: mean acc 0.4250
[   63.2s]    [dec_causal] typed-cs probe@3|last: mean acc 0.2625
[   64.2s]    [dec_causal] typed-cs probe@7|mean: mean acc 0.4250
[   65.1s]    [dec_causal] typed-cs probe@7|last: mean acc 0.3000
[  101.3s]    [dec_causal] typed-cs blocks@4+2|last: mean acc 0.3125
[  136.0s]    [dec_causal] typed-cs blocks@4+2|mean: mean acc 0.3750
[  137.5s] == [dec_bibranch] banking77: 240/60/80 messages (train/val/test), tasks: intent(77) | cached [3, 4, 7] in 0.1s
[  138.7s]    [dec_bibranch] banking77 blocks@4+2|mean|bidir: mean acc 0.9125
[  140.6s] == [dec_bibranch] typed-cs: 60/31/40 messages (train/val/test), tasks: customer_service.action(5), customer_service.category(5) | cached [3, 4, 7] in 0.3s
[  172.7s]    [dec_bibranch] typed-cs blocks@4+2|mean|bidir: mean acc 0.4750
[  172.7s] done
[    1.1s] == enc trunk jhu-clsp/ettin-encoder-17m on cpu: 7 layers, hidden 256
[    3.1s] == [enc] banking77: 240/60/80 messages (train/val/test), tasks: intent(77) | cached [3, 4, 7] in 0.1s
[    3.2s]    [enc] banking77 probe@3|mean: mean acc 0.9250
[    3.3s]    [enc] banking77 probe@7|mean: mean acc 0.8125
[    4.7s]    [enc] banking77 blocks@4+2|mean|bidir: mean acc 0.9500
[    7.2s] == [enc] typed-cs: 60/31/40 messages (train/val/test), tasks: customer_service.action(5), customer_service.category(5) | cached [3, 4, 7] in 0.2s
[    8.0s]    [enc] typed-cs probe@3|mean: mean acc 0.4500
[    8.8s]    [enc] typed-cs probe@7|mean: mean acc 0.4375
[   36.2s]    [enc] typed-cs blocks@4+2|mean|bidir: mean acc 0.3750
[   37.4s] == dec trunk jhu-clsp/ettin-decoder-17m on cpu: 7 layers, hidden 256
[   37.5s]    causal trunk vs stock forward: max abs diff 0.00e+00
[   38.8s] == [dec_causal] banking77: 240/60/80 messages (train/val/test), tasks: intent(77) | cached [3, 4, 7] in 0.1s
[   39.0s]    [dec_causal] banking77 probe@3|mean: mean acc 0.9375
[   39.1s]    [dec_causal] banking77 probe@3|last: mean acc 0.6125
[   39.2s]    [dec_causal] banking77 probe@7|mean: mean acc 0.9250
[   39.4s]    [dec_causal] banking77 probe@7|last: mean acc 0.7875
[   40.6s]    [dec_causal] banking77 blocks@4+2|last: mean acc 0.8625
[   41.9s]    [dec_causal] banking77 blocks@4+2|mean: mean acc 0.8500
[   44.0s] == [dec_causal] typed-cs: 60/31/40 messages (train/val/test), tasks: customer_service.action(5), customer_service.category(5) | cached [3, 4, 7] in 0.2s
[   44.8s]    [dec_causal] typed-cs probe@3|mean: mean acc 0.4250
[   45.6s]    [dec_causal] typed-cs probe@3|last: mean acc 0.2625
[   46.3s]    [dec_causal] typed-cs probe@7|mean: mean acc 0.4250
[   47.1s]    [dec_causal] typed-cs probe@7|last: mean acc 0.3000
[   74.2s]    [dec_causal] typed-cs blocks@4+2|last: mean acc 0.3125
[  101.5s]    [dec_causal] typed-cs blocks@4+2|mean: mean acc 0.3750
[  102.9s] == [dec_bibranch] banking77: 240/60/80 messages (train/val/test), tasks: intent(77) | cached [3, 4, 7] in 0.1s
[  104.2s]    [dec_bibranch] banking77 blocks@4+2|mean|bidir: mean acc 0.9125
[  106.1s] == [dec_bibranch] typed-cs: 60/31/40 messages (train/val/test), tasks: customer_service.action(5), customer_service.category(5) | cached [3, 4, 7] in 0.2s
[  133.2s]    [dec_bibranch] typed-cs blocks@4+2|mean|bidir: mean acc 0.4750
[  133.3s] done
