== Mahalanobis++ / KPCA on CLINC150 | 900 in-scope train, val 320 (20 oos), test 550 (100 oos) | depths [4, 22] | trunk cpu, fits cpu
  trunk pass: 1790 messages at depths [4, 22] in 5.7s
-- depth 4 (1.0s): maha_z 0.801 | maha_raw 0.802 | maha_l2 0.805 | maha_cl2 0.833 | maha_zl2 0.839 | rmd_cl2 0.876 | kpca_cos_0.9 0.772 | kpca_rff_c1.0_0.9 0.658 | knn1 0.759 | msp 0.799
   norm-score Spearman (in-scope test): maha_z +0.09 | maha_raw +0.09 | maha_l2 -0.07 | maha_cl2 -0.14 | maha_zl2 -0.16
-- depth 22 (1.1s): maha_z 0.744 | maha_raw 0.744 | maha_l2 0.764 | maha_cl2 0.805 | maha_zl2 0.843 | rmd_cl2 0.854 | kpca_cos_0.9 0.757 | kpca_rff_c1.0_0.9 0.666 | knn1 0.685 | msp 0.800
   norm-score Spearman (in-scope test): maha_z +0.23 | maha_raw +0.23 | maha_l2 +0.06 | maha_cl2 +0.08 | maha_zl2 +0.05
== summary (score @ val-best depth: test AUROC | best AUROC any depth | F1 val-thr / cal+EM / oracle-rate)
   rmd_cl2                @22: 0.854 | 0.876 | 0.480 / 0.359 (est rate 0.158) / 0.550
   maha_zl2               @ 4: 0.839 | 0.843 | 0.503 / 0.039 (est rate 0.080) / 0.560
   maha_cl2               @ 4: 0.833 | 0.833 | 0.386 / 0.020 (est rate 0.066) / 0.550
   msp                    @ 4: 0.799 | 0.800 | 0.341 / 0.127 (est rate 0.163) / 0.410
   kpca_cos_0.95          @ 4: 0.786 | 0.786 | 0.387 / 0.000 (est rate 0.055) / 0.470
   kpca_cos_0.9           @ 4: 0.772 | 0.772 | 0.340 / 0.020 (est rate 0.061) / 0.490
   maha_l2                @22: 0.764 | 0.805 | 0.470 / 0.000 (est rate 0.031) / 0.400
   knn1                   @ 4: 0.759 | 0.759 | 0.291 / 0.019 (est rate 0.121) / 0.440
   maha_z                 @22: 0.744 | 0.801 | 0.349 / 0.000 (est rate 0.039) / 0.350
   maha_raw               @22: 0.744 | 0.802 | 0.356 / 0.000 (est rate 0.038) / 0.360
   kpca_cos_0.7           @ 4: 0.704 | 0.704 | 0.266 / 0.020 (est rate 0.098) / 0.350
   kpca_rff_c0.5_0.95     @22: 0.700 | 0.700 | 0.392 / 0.000 (est rate 0.005) / 0.360
   kpca_rff_c1.0_0.95     @22: 0.682 | 0.682 | 0.374 / 0.000 (est rate 0.017) / 0.340
   kpca_rff_c1.0_0.9      @22: 0.666 | 0.666 | 0.336 / 0.000 (est rate 0.024) / 0.340
   kpca_rff_c0.5_0.7      @ 4: 0.661 | 0.689 | 0.287 / 0.000 (est rate 0.088) / 0.300
   kpca_rff_c1.0_0.7      @ 4: 0.657 | 0.674 | 0.363 / 0.039 (est rate 0.208) / 0.310
   kpca_rff_c0.5_0.9      @ 4: 0.648 | 0.699 | 0.295 / 0.000 (est rate 0.128) / 0.250
   kpca_rff_c1.0_0.5      @22: 0.635 | 0.635 | 0.346 / 0.000 (est rate 0.072) / 0.370
   kpca_rff_c2.0_0.9      @22: 0.630 | 0.630 | 0.264 / 0.000 (est rate 0.050) / 0.290
   kpca_rff_c2.0_0.7      @ 4: 0.628 | 0.663 | 0.328 / 0.056 (est rate 0.165) / 0.330
   kpca_cos_0.5           @ 4: 0.627 | 0.627 | 0.288 / 0.000 (est rate 0.130) / 0.270
   kpca_rff_c2.0_0.5      @ 4: 0.621 | 0.622 | 0.351 / 0.148 (est rate 0.234) / 0.310
   knn10                  @22: 0.601 | 0.654 | 0.294 / 0.000 (est rate 0.006) / 0.250
   kpca_rff_c0.5_0.5      @ 4: 0.594 | 0.635 | 0.279 / 0.000 (est rate 0.047) / 0.240
   kpca_rff_c2.0_0.95     @ 4: 0.579 | 0.601 | 0.187 / 0.000 (est rate 0.138) / 0.290
done in 8.0s -> results/tarski/explore_lit_mahapp_smoke.json
