checks: SVF(z=1) vs base linear rel err 2.7e-06; SharedSVF vs loop abs err 3.0e-08
latency on cpu (split 4, trunk 5.20 ms):
   N= 1: loop full 1.98 | FusedBlocks 2.02 | loop SVF 2.72 | SharedSVF 3.34 ms
   N= 5: loop full 8.61 | FusedBlocks 7.73 | loop SVF 13.14 | SharedSVF 6.81 ms
== banking77 split 4: 1 tasks, cached in 0s
   probe    : mean acc 0.1000 | trainable 60.7k (0.12 MB fp16) | 0s
   full     : mean acc 0.0125 | trainable 10090.1k (20.18 MB fp16) | 2s
   svf      : mean acc 0.0125 | trainable 66.1k (0.13 MB fp16) | 2s
   svf_norm : mean acc 0.0000 | trainable 69.2k (0.14 MB fp16) | 2s
   lora8    : mean acc 0.0000 | trainable 213.6k (0.43 MB fp16) | 1s
== typed-decisions split 4: 2 tasks, cached in 1s
   svf_norm : mean acc 0.4812 | trainable 13.8k (0.03 MB fp16) | 13s
done -> results/tarski/explore_lit_svf_smoke.json
checks: SVF(z=1) vs base linear rel err 2.7e-06; SharedSVF vs loop abs err 6.0e-08
latency on cpu (split 4, trunk 3.69 ms):
   N= 1: loop full 1.64 | FusedBlocks 1.65 | loop SVF 2.64 | SharedSVF 2.67 ms
   N= 5: loop full 6.03 | FusedBlocks 5.69 | loop SVF 8.40 | SharedSVF 4.32 ms
== banking77 split 4: 1 tasks, cached in 0s
   probe    : mean acc 0.1125 | trainable 60.7k (0.12 MB fp16) | 0s
   full     : mean acc 0.0125 | trainable 10090.1k (20.18 MB fp16) | 2s
   svf      : mean acc 0.0125 | trainable 66.1k (0.13 MB fp16) | 2s
   svf_norm : mean acc 0.0000 | trainable 69.2k (0.14 MB fp16) | 2s
   lora8    : mean acc 0.0000 | trainable 213.6k (0.43 MB fp16) | 1s
== typed-decisions split 4: 2 tasks, cached in 1s
   svf_norm : mean acc 0.4812 | trainable 13.8k (0.03 MB fp16) | 12s
done -> results/tarski/explore_lit_svf_smoke.json
