== passengers | base answerdotai/ModernBERT-base on cpu | smoke=True
  parity: {"message_vs_taps": 0.0, "passenger_vs_oneway_full": 1.43e-06, "twoway_full_vs_stock": 0.0}
-- typed-decisions: 24/12/12 messages (train/val/test), tasks: invoice_processing.discrepancy_severity(4), invoice_processing.disposition(4), invoice_processing.duplicate(2) | configs ['P4r0', 'P4r8', 'P1r0@4'] | epochs 2 bs 8
  baseline cache depth 22: 1.7s
  baseline probe@22 mean: {"acc": 0.7222, "macro_f1": 0.4111, "ece": 0.2061, "nll": 0.7285, "brier_soft": 0.1352}
  baseline logreg@11 mean: {"acc": 0.75, "macro_f1": 0.4366, "ece": 0.1766, "nll": 0.6403, "brier_soft": 0.1206}
  baseline logreg@22 mean: {"acc": 0.6111, "macro_f1": 0.343, "ece": 0.2071, "nll": 0.7243, "brier_soft": 0.1388}
  2 epochs x 3 steps/epoch per task (min_steps 4)
    epoch 1/2 loss 1.0760 val acc P4r0=0.583 P4r8=0.528 P1r0@4=0.583 (3.5s)
    epoch 2/2 loss 1.0084 val acc P4r0=0.583 P4r8=0.583 P1r0@4=0.583 (2.4s)
  P4r0: mean {"acc": 0.6111, "macro_f1": 0.2639, "ece": 0.1273, "nll": 0.7204, "brier_soft": 0.2156} | 7171 params/task | 88 token-layers/decision
  P4r8: mean {"acc": 0.6111, "macro_f1": 0.2639, "ece": 0.0734, "nll": 0.7532, "brier_soft": 0.2247} | 818179 params/task | 88 token-layers/decision
  P1r0@4: mean {"acc": 0.6111, "macro_f1": 0.2639, "ece": 0.1856, "nll": 0.8252, "brier_soft": 0.2425} | 4867 params/task | 4 token-layers/decision
-- clinc150: 24/12/12 messages (train/val/test), tasks: intent(151), domain(11), oos(2) | configs ['P4r0', 'P4r8', 'P1r0@4'] | epochs 2 bs 8
  baseline cache depth 22: 0.3s
  baseline probe@22 mean: {"acc": 1.0, "macro_f1": 0.1992, "ece": 0.0, "nll": 0.0}
  baseline logreg@11 mean: {"acc": 1.0, "macro_f1": 0.1992, "ece": 0.0, "nll": 0.0}
  baseline logreg@22 mean: {"acc": 1.0, "macro_f1": 0.1992, "ece": 0.0, "nll": 0.0}
  2 epochs x 3 steps/epoch per task (min_steps 4)
    epoch 1/2 loss 1.8181 val acc P4r0=0.972 P4r8=1.000 P1r0@4=1.000 (2.3s)
    epoch 2/2 loss 0.2614 val acc P4r0=0.972 P4r8=1.000 P1r0@4=1.000 (2.1s)
  P4r0: mean {"acc": 1.0, "macro_f1": 0.1992, "ece": 0.2016, "nll": 0.3606} | 46646 params/task | 88 token-layers/decision
  P4r8: mean {"acc": 1.0, "macro_f1": 0.1992, "ece": 0.1173, "nll": 0.1638} | 857654 params/task | 88 token-layers/decision
  P1r0@4: mean {"acc": 1.0, "macro_f1": 0.1992, "ece": 0.0614, "nll": 0.0663} | 44342 params/task | 4 token-layers/decision
done -> results/tarski/explore_passenger_smoke.json
