Loading weights:   0%|          | 0/134 [00:00<?, ?it/s]Loading weights: 100%|██████████| 134/134 [00:00<00:00, 38001.13it/s]
Fetching 5 files:   0%|          | 0/5 [00:00<?, ?it/s]Fetching 5 files: 100%|██████████| 5/5 [00:00<00:00, 3090.41it/s]
short N= 1 {"separate_models": 12.65, "probe@11": 6.38, "blocks@11+1": 6.93, "blocks@11+2": 7.47, "blocks@16+2": 10.35, "blocks@20+2": 12.47, "mixed@8-18+2": 5.69, "laya (question-in-input)": 55.34}
short N= 2 {"separate_models": 25.39, "probe@11": 6.41, "blocks@11+1": 7.5, "blocks@11+2": 8.53, "blocks@16+2": 11.46, "blocks@20+2": 13.77, "mixed@8-18+2": 8.65, "fused blocks@11+2": 8.47, "fused blocks@16+2": 11.33, "laya (question-in-input)": 83.76}
short N= 3 {"separate_models": 37.66, "probe@11": 6.44, "blocks@11+1": 8.05, "blocks@11+2": 9.73, "blocks@16+2": 12.65, "blocks@20+2": 14.83, "mixed@8-18+2": 11.52, "fused blocks@11+2": 9.55, "fused blocks@16+2": 12.49, "laya (question-in-input)": 113.17}
short N= 5 {"separate_models": 63.23, "probe@11": 6.44, "blocks@11+1": 9.21, "blocks@11+2": 11.85, "blocks@16+2": 14.7, "blocks@20+2": 17.06, "mixed@8-18+2": 15.84, "fused blocks@11+2": 11.39, "fused blocks@16+2": 14.22, "laya (question-in-input)": 155.92}
short N=10 {"separate_models": 126.23, "probe@11": 6.53, "blocks@11+1": 11.92, "blocks@11+2": 17.15, "blocks@16+2": 20.2, "blocks@20+2": 22.43, "mixed@8-18+2": 21.35, "fused blocks@11+2": 15.96, "fused blocks@16+2": 18.79, "laya (question-in-input)": 284.57}
short N=20 {"separate_models": 256.35, "probe@11": 6.85, "blocks@11+1": 17.78, "blocks@11+2": 28.28, "blocks@16+2": 31.58, "blocks@20+2": 33.9, "mixed@8-18+2": 33.02, "fused blocks@11+2": 25.17, "fused blocks@16+2": 28.07, "laya (question-in-input)": 529.13}
long N= 1 {"separate_models": 124.26, "probe@11": 62.42, "blocks@11+1": 68.67, "blocks@11+2": 74.07, "blocks@16+2": 102.8, "blocks@20+2": 147.73, "mixed@8-18+2": 89.79, "laya (question-in-input)": 558.69}
long N= 2 {"separate_models": 319.25, "probe@11": 80.4, "blocks@11+1": 95.39, "blocks@11+2": 108.13, "blocks@16+2": 166.49, "blocks@20+2": 227.39, "mixed@8-18+2": 143.94, "fused blocks@11+2": 147.96, "fused blocks@16+2": 246.77, "laya (question-in-input)": 1033.97}
long N= 3 {"separate_models": 585.2, "probe@11": 88.7, "blocks@11+1": 133.14, "blocks@11+2": 159.53, "blocks@16+2": 200.82, "blocks@20+2": 227.18, "mixed@8-18+2": 163.64, "fused blocks@11+2": 138.4, "fused blocks@16+2": 173.35, "laya (question-in-input)": 1410.2}
long N= 5 {"separate_models": 622.27, "probe@11": 63.02, "blocks@11+1": 92.25, "blocks@11+2": 118.05, "blocks@16+2": 149.57, "blocks@20+2": 168.85, "mixed@8-18+2": 158.35, "fused blocks@11+2": 119.75, "fused blocks@16+2": 149.83, "laya (question-in-input)": 2293.75}
long N=10 {"separate_models": 1927.54, "probe@11": 106.99, "blocks@11+1": 193.91, "blocks@11+2": 269.78, "blocks@16+2": 299.87, "blocks@20+2": 332.83, "mixed@8-18+2": 310.87, "fused blocks@11+2": 236.74, "fused blocks@16+2": 319.76, "laya (question-in-input)": 3134.82}
long N=20 {"separate_models": 2496.18, "probe@11": 64.49, "blocks@11+1": 180.71, "blocks@11+2": 285.05, "blocks@16+2": 324.51, "blocks@20+2": 336.34, "mixed@8-18+2": 328.01, "fused blocks@11+2": 291.48, "fused blocks@16+2": 329.01, "laya (question-in-input)": 6394.54}
Loading weights:   0%|          | 0/134 [00:00<?, ?it/s]Loading weights: 100%|██████████| 134/134 [00:00<00:00, 13249.02it/s]
Writing model shards:   0%|          | 0/1 [00:00<?, ?it/s]Writing model shards: 100%|██████████| 1/1 [00:00<00:00, 12.75it/s]
Loading weights:   0%|          | 0/134 [00:00<?, ?it/s]Loading weights: 100%|██████████| 134/134 [00:00<00:00, 11655.19it/s]
Loading weights:   0%|          | 0/134 [00:00<?, ?it/s]Loading weights: 100%|██████████| 134/134 [00:00<00:00, 25670.81it/s]
Loading weights:   0%|          | 0/134 [00:00<?, ?it/s]Loading weights: 100%|██████████| 134/134 [00:00<00:00, 31841.64it/s]
switch ms {'probe': 3.01, 'blocks+1': 4.55, 'blocks+2': 6.33, 'full_copy': 14.33} bytes {'probe': 34188, 'blocks+1': 10063244, 'blocks+2': 20093892, 'full_copy': 596072034}
