== typed-decisions: 1080/120/400 messages (train/val/test), tasks: agent_trace_observability.action(4), agent_trace_observability.needs_review(2), agent_trace_observability.outcome(4), agent_trace_observability.risk(4), agent_trace_observability.urgency(4), customer_service.action(5), customer_service.category(5), customer_service.churn_risk(4), customer_service.needs_human(2), customer_service.urgency(4), invoice_processing.discrepancy_severity(4), invoice_processing.disposition(4), invoice_processing.duplicate(2), invoice_processing.matches_order(2), invoice_processing.urgency(4), security_incidents.credential_compromise(2), security_incidents.disposition(4), security_incidents.severity(5), security_incidents.true_positive(2), security_incidents.urgency(4) | base answerdotai/ModernBERT-base on mps | seed 0
-- probe@6
  cached trunk depth 6 for 1600 messages in 12.7s (559 MB)
  [agent_trace_observability.action] probe split=6, 4 labels, 274 train
    epoch 1/20 loss 1.2883 val acc 0.5385 (1.3s)
    epoch 2/20 loss 1.2696 val acc 0.5385 (0.2s)
    epoch 3/20 loss 1.2620 val acc 0.5385 (0.1s)
    epoch 4/20 loss 1.2508 val acc 0.3077 (0.1s)
  [agent_trace_observability.action] test acc 0.3600 macro-F1 0.1324 ECE 0.082 (T=1.00, 2s, 0.00M params)
  [agent_trace_observability.needs_review] probe split=6, 2 labels, 274 train
    epoch 1/20 loss 0.6960 val acc 0.5000 (0.3s)
    epoch 2/20 loss 0.7087 val acc 0.5000 (0.1s)
    epoch 3/20 loss 0.6916 val acc 0.5000 (0.1s)
    epoch 4/20 loss 0.6899 val acc 0.5000 (0.1s)
  [agent_trace_observability.needs_review] test acc 0.5500 macro-F1 0.3548 ECE 0.006 (T=1.00, 1s, 0.00M params)
  [agent_trace_observability.outcome] probe split=6, 4 labels, 274 train
    epoch 1/20 loss 1.3930 val acc 0.2308 (0.2s)
    epoch 2/20 loss 1.3811 val acc 0.5769 (0.1s)
    epoch 3/20 loss 1.3796 val acc 0.5769 (0.1s)
    epoch 4/20 loss 1.3459 val acc 0.5769 (0.1s)
    epoch 5/20 loss 1.3517 val acc 0.5385 (0.1s)
  [agent_trace_observability.outcome] test acc 0.3500 macro-F1 0.1922 ECE 0.005 (T=1.00, 1s, 0.00M params)
  [agent_trace_observability.risk] probe split=6, 4 labels, 274 train
    epoch 1/20 loss 1.4193 val acc 0.2692 (0.1s)
    epoch 2/20 loss 1.4072 val acc 0.2692 (0.1s)
    epoch 3/20 loss 1.3840 val acc 0.3077 (0.1s)
    epoch 4/20 loss 1.3512 val acc 0.2692 (0.1s)
    epoch 5/20 loss 1.3486 val acc 0.5385 (0.1s)
    epoch 6/20 loss 1.3706 val acc 0.3077 (0.1s)
    epoch 7/20 loss 1.3224 val acc 0.3462 (0.1s)
    epoch 8/20 loss 1.3394 val acc 0.2692 (0.1s)
  [agent_trace_observability.risk] test acc 0.4400 macro-F1 0.3649 ECE 0.162 (T=1.00, 1s, 0.00M params)
  [agent_trace_observability.urgency] probe split=6, 4 labels, 274 train
    epoch 1/20 loss 1.4153 val acc 0.6154 (0.1s)
    epoch 2/20 loss 1.3757 val acc 0.6154 (0.1s)
    epoch 3/20 loss 1.3633 val acc 0.6154 (0.1s)
    epoch 4/20 loss 1.3294 val acc 0.6154 (0.1s)
  [agent_trace_observability.urgency] test acc 0.3600 macro-F1 0.1324 ECE 0.110 (T=1.00, 1s, 0.00M params)
  [customer_service.action] probe split=6, 5 labels, 269 train
    epoch 1/20 loss 1.4317 val acc 0.5484 (0.4s)
    epoch 2/20 loss 1.2893 val acc 0.5484 (0.2s)
    epoch 3/20 loss 1.2901 val acc 0.5484 (0.2s)
    epoch 4/20 loss 1.2636 val acc 0.4194 (0.2s)
  [customer_service.action] test acc 0.5200 macro-F1 0.1368 ECE 0.045 (T=1.11, 1s, 0.01M params)
  [customer_service.category] probe split=6, 5 labels, 269 train
    epoch 1/20 loss 1.6477 val acc 0.1290 (0.2s)
    epoch 2/20 loss 1.6029 val acc 0.2258 (0.2s)
    epoch 3/20 loss 1.5464 val acc 0.2258 (0.2s)
    epoch 4/20 loss 1.5298 val acc 0.1290 (0.2s)
    epoch 5/20 loss 1.4851 val acc 0.4194 (0.2s)
    epoch 6/20 loss 1.4841 val acc 0.3871 (0.2s)
    epoch 7/20 loss 1.4155 val acc 0.1935 (0.2s)
    epoch 8/20 loss 1.3954 val acc 0.5161 (0.2s)
    epoch 9/20 loss 1.3662 val acc 0.4516 (0.2s)
    epoch 10/20 loss 1.3559 val acc 0.4516 (0.2s)
    epoch 11/20 loss 1.3305 val acc 0.3226 (0.2s)
  [customer_service.category] test acc 0.5100 macro-F1 0.4135 ECE 0.169 (T=0.62, 2s, 0.01M params)
  [customer_service.churn_risk] probe split=6, 4 labels, 269 train
    epoch 1/20 loss 1.3935 val acc 0.5161 (0.3s)
    epoch 2/20 loss 1.3080 val acc 0.5161 (0.2s)
    epoch 3/20 loss 1.2982 val acc 0.5484 (0.2s)
    epoch 4/20 loss 1.2795 val acc 0.4839 (0.2s)
    epoch 5/20 loss 1.2768 val acc 0.4839 (0.2s)
    epoch 6/20 loss 1.2923 val acc 0.4839 (0.2s)
  [customer_service.churn_risk] test acc 0.5300 macro-F1 0.3391 ECE 0.189 (T=0.95, 1s, 0.00M params)
  [customer_service.needs_human] probe split=6, 2 labels, 269 train
    epoch 1/20 loss 0.7041 val acc 0.7419 (0.2s)
    epoch 2/20 loss 0.7392 val acc 0.2903 (0.2s)
    epoch 3/20 loss 0.7316 val acc 0.2903 (0.2s)
    epoch 4/20 loss 0.7058 val acc 0.2903 (0.2s)
  [customer_service.needs_human] test acc 0.6700 macro-F1 0.4012 ECE 0.099 (T=4.04, 1s, 0.00M params)
  [customer_service.urgency] probe split=6, 4 labels, 269 train
    epoch 1/20 loss 1.4010 val acc 0.5161 (0.2s)
    epoch 2/20 loss 1.2431 val acc 0.1935 (0.2s)
    epoch 3/20 loss 1.2587 val acc 0.5161 (0.3s)
    epoch 4/20 loss 1.2145 val acc 0.5161 (0.2s)
  [customer_service.urgency] test acc 0.4200 macro-F1 0.1479 ECE 0.024 (T=0.86, 1s, 0.00M params)
  [invoice_processing.discrepancy_severity] probe split=6, 4 labels, 259 train
    epoch 1/20 loss 1.4165 val acc 0.2927 (0.4s)
    epoch 2/20 loss 1.2681 val acc 0.2927 (0.3s)
    epoch 3/20 loss 1.2877 val acc 0.2927 (0.2s)
    epoch 4/20 loss 1.3234 val acc 0.2927 (0.2s)
  [invoice_processing.discrepancy_severity] test acc 0.4700 macro-F1 0.1599 ECE 0.077 (T=1.23, 1s, 0.00M params)
  [invoice_processing.disposition] probe split=6, 4 labels, 259 train
    epoch 1/20 loss 1.3283 val acc 0.2439 (0.2s)
    epoch 2/20 loss 1.2777 val acc 0.2439 (0.3s)
    epoch 3/20 loss 1.2899 val acc 0.5366 (0.2s)
    epoch 4/20 loss 1.3017 val acc 0.2439 (0.2s)
    epoch 5/20 loss 1.3390 val acc 0.2439 (0.2s)
    epoch 6/20 loss 1.2901 val acc 0.4634 (0.3s)
  [invoice_processing.disposition] test acc 0.4300 macro-F1 0.1989 ECE 0.086 (T=1.73, 1s, 0.00M params)
  [invoice_processing.duplicate] probe split=6, 2 labels, 259 train
    epoch 1/20 loss 0.5546 val acc 0.8780 (0.2s)
    epoch 2/20 loss 0.3982 val acc 0.8780 (0.2s)
    epoch 3/20 loss 0.3296 val acc 0.8780 (0.2s)
    epoch 4/20 loss 0.3297 val acc 0.8780 (0.3s)
  [invoice_processing.duplicate] test acc 0.8900 macro-F1 0.4709 ECE 0.003 (T=1.21, 1s, 0.00M params)
  [invoice_processing.matches_order] probe split=6, 2 labels, 259 train
    epoch 1/20 loss 0.7038 val acc 0.6341 (0.2s)
    epoch 2/20 loss 0.6887 val acc 0.6341 (0.3s)
    epoch 3/20 loss 0.7046 val acc 0.3659 (0.2s)
    epoch 4/20 loss 0.7825 val acc 0.3659 (0.2s)
  [invoice_processing.matches_order] test acc 0.4600 macro-F1 0.3151 ECE 0.097 (T=0.74, 1s, 0.00M params)
  [invoice_processing.urgency] probe split=6, 4 labels, 259 train
    epoch 1/20 loss 1.2855 val acc 0.4634 (0.2s)
    epoch 2/20 loss 1.2121 val acc 0.4634 (0.3s)
    epoch 3/20 loss 1.2129 val acc 0.4634 (0.3s)
    epoch 4/20 loss 1.1993 val acc 0.4634 (0.2s)
  [invoice_processing.urgency] test acc 0.3200 macro-F1 0.1212 ECE 0.132 (T=1.11, 1s, 0.00M params)
  [security_incidents.credential_compromise] probe split=6, 2 labels, 278 train
    epoch 1/20 loss 0.6996 val acc 0.5909 (0.2s)
    epoch 2/20 loss 0.6962 val acc 0.5909 (0.2s)
    epoch 3/20 loss 0.7410 val acc 0.5909 (0.2s)
    epoch 4/20 loss 0.7298 val acc 0.5909 (0.2s)
  [security_incidents.credential_compromise] test acc 0.5500 macro-F1 0.3548 ECE 0.005 (T=1.00, 1s, 0.00M params)
  [security_incidents.disposition] probe split=6, 4 labels, 278 train
    epoch 1/20 loss 1.2685 val acc 0.7273 (0.2s)
    epoch 2/20 loss 1.2460 val acc 0.7273 (0.2s)
    epoch 3/20 loss 1.2480 val acc 0.7273 (0.2s)
    epoch 4/20 loss 1.2281 val acc 0.7273 (0.2s)
  [security_incidents.disposition] test acc 0.7400 macro-F1 0.2126 ECE 0.238 (T=1.00, 1s, 0.00M params)
  [security_incidents.severity] probe split=6, 5 labels, 278 train
    epoch 1/20 loss 1.6162 val acc 0.5909 (0.2s)
    epoch 2/20 loss 1.4914 val acc 0.5909 (0.2s)
    epoch 3/20 loss 1.4730 val acc 0.5909 (0.2s)
    epoch 4/20 loss 1.4814 val acc 0.5909 (0.2s)
  [security_incidents.severity] test acc 0.4900 macro-F1 0.1315 ECE 0.063 (T=1.00, 1s, 0.01M params)
  [security_incidents.true_positive] probe split=6, 2 labels, 278 train
    epoch 1/20 loss 0.6853 val acc 0.6364 (0.2s)
    epoch 2/20 loss 0.6773 val acc 0.6364 (0.2s)
    epoch 3/20 loss 0.7025 val acc 0.6364 (0.2s)
    epoch 4/20 loss 0.6743 val acc 0.6364 (0.2s)
  [security_incidents.true_positive] test acc 0.7300 macro-F1 0.4220 ECE 0.070 (T=1.00, 1s, 0.00M params)
  [security_incidents.urgency] probe split=6, 4 labels, 278 train
    epoch 1/20 loss 1.4281 val acc 0.5909 (0.2s)
    epoch 2/20 loss 1.2816 val acc 0.5909 (0.2s)
    epoch 3/20 loss 1.2611 val acc 0.5909 (0.2s)
    epoch 4/20 loss 1.2573 val acc 0.5909 (0.2s)
  [security_incidents.urgency] test acc 0.5000 macro-F1 0.1667 ECE 0.046 (T=1.00, 1s, 0.00M params)
   probe@6 mean: {"acc": 0.5145, "macro_f1": 0.2584, "ece": 0.0854, "nll": 1.0242}
-- probe@11
  cached trunk depth 11 for 1600 messages in 20.3s (559 MB)
  [agent_trace_observability.action] probe split=11, 4 labels, 274 train
    epoch 1/20 loss 1.2856 val acc 0.5385 (0.2s)
    epoch 2/20 loss 1.2769 val acc 0.5385 (0.2s)
    epoch 3/20 loss 1.2692 val acc 0.5385 (0.1s)
    epoch 4/20 loss 1.2494 val acc 0.3846 (0.1s)
  [agent_trace_observability.action] test acc 0.3600 macro-F1 0.1324 ECE 0.129 (T=1.00, 1s, 0.00M params)
  [agent_trace_observability.needs_review] probe split=11, 2 labels, 274 train
    epoch 1/20 loss 0.6928 val acc 0.5385 (0.2s)
    epoch 2/20 loss 0.6961 val acc 0.5000 (0.2s)
    epoch 3/20 loss 0.6901 val acc 0.5000 (0.1s)
    epoch 4/20 loss 0.6829 val acc 0.7308 (0.1s)
    epoch 5/20 loss 0.6691 val acc 0.5000 (0.1s)
    epoch 6/20 loss 0.6815 val acc 0.6154 (0.2s)
    epoch 7/20 loss 0.6593 val acc 0.6538 (0.2s)
  [agent_trace_observability.needs_review] test acc 0.7300 macro-F1 0.7300 ECE 0.199 (T=1.00, 1s, 0.00M params)
  [agent_trace_observability.outcome] probe split=11, 4 labels, 274 train
    epoch 1/20 loss 1.4212 val acc 0.5769 (0.1s)
    epoch 2/20 loss 1.3670 val acc 0.5769 (0.1s)
    epoch 3/20 loss 1.3540 val acc 0.6154 (0.1s)
    epoch 4/20 loss 1.3356 val acc 0.6154 (0.2s)
    epoch 5/20 loss 1.3246 val acc 0.5385 (0.1s)
    epoch 6/20 loss 1.3341 val acc 0.3462 (0.2s)
  [agent_trace_observability.outcome] test acc 0.2800 macro-F1 0.1241 ECE 0.034 (T=1.00, 1s, 0.00M params)
  [agent_trace_observability.risk] probe split=11, 4 labels, 274 train
    epoch 1/20 loss 1.3940 val acc 0.2692 (0.1s)
    epoch 2/20 loss 1.3886 val acc 0.2692 (0.2s)
    epoch 3/20 loss 1.3642 val acc 0.4615 (0.1s)
    epoch 4/20 loss 1.3387 val acc 0.2692 (0.2s)
    epoch 5/20 loss 1.3378 val acc 0.4231 (0.1s)
    epoch 6/20 loss 1.3557 val acc 0.4615 (0.1s)
  [agent_trace_observability.risk] test acc 0.3500 macro-F1 0.2005 ECE 0.034 (T=1.00, 1s, 0.00M params)
  [agent_trace_observability.urgency] probe split=11, 4 labels, 274 train
    epoch 1/20 loss 1.3762 val acc 0.6154 (0.1s)
    epoch 2/20 loss 1.3556 val acc 0.6154 (0.2s)
    epoch 3/20 loss 1.3531 val acc 0.5769 (0.1s)
    epoch 4/20 loss 1.3324 val acc 0.6154 (0.2s)
  [agent_trace_observability.urgency] test acc 0.3600 macro-F1 0.1324 ECE 0.075 (T=1.00, 1s, 0.00M params)
  [customer_service.action] probe split=11, 5 labels, 269 train
    epoch 1/20 loss 1.4249 val acc 0.5484 (0.3s)
    epoch 2/20 loss 1.2820 val acc 0.5484 (0.3s)
    epoch 3/20 loss 1.2764 val acc 0.5161 (0.2s)
    epoch 4/20 loss 1.2454 val acc 0.4839 (0.2s)
  [customer_service.action] test acc 0.5200 macro-F1 0.1368 ECE 0.105 (T=1.01, 1s, 0.01M params)
  [customer_service.category] probe split=11, 5 labels, 269 train
    epoch 1/20 loss 1.6168 val acc 0.1290 (0.2s)
    epoch 2/20 loss 1.5788 val acc 0.2258 (0.2s)
    epoch 3/20 loss 1.5451 val acc 0.2581 (0.2s)
    epoch 4/20 loss 1.5231 val acc 0.1290 (0.3s)
    epoch 5/20 loss 1.4763 val acc 0.4839 (0.2s)
    epoch 6/20 loss 1.4702 val acc 0.3226 (0.2s)
    epoch 7/20 loss 1.4183 val acc 0.2581 (0.2s)
    epoch 8/20 loss 1.3672 val acc 0.4194 (0.2s)
  [customer_service.category] test acc 0.3200 macro-F1 0.2042 ECE 0.036 (T=1.17, 2s, 0.01M params)
  [customer_service.churn_risk] probe split=11, 4 labels, 269 train
    epoch 1/20 loss 1.4431 val acc 0.5161 (0.2s)
    epoch 2/20 loss 1.3132 val acc 0.5161 (0.2s)
    epoch 3/20 loss 1.2840 val acc 0.5161 (0.3s)
    epoch 4/20 loss 1.2763 val acc 0.5161 (0.2s)
  [customer_service.churn_risk] test acc 0.4700 macro-F1 0.1599 ECE 0.101 (T=1.02, 1s, 0.00M params)
  [customer_service.needs_human] probe split=11, 2 labels, 269 train
    epoch 1/20 loss 0.7005 val acc 0.7419 (0.3s)
    epoch 2/20 loss 0.7250 val acc 0.2581 (0.2s)
    epoch 3/20 loss 0.7080 val acc 0.4839 (0.2s)
    epoch 4/20 loss 0.6751 val acc 0.5806 (0.2s)
  [customer_service.needs_human] test acc 0.6700 macro-F1 0.4012 ECE 0.097 (T=3.76, 1s, 0.00M params)
  [customer_service.urgency] probe split=11, 4 labels, 269 train
    epoch 1/20 loss 1.5116 val acc 0.2581 (0.2s)
    epoch 2/20 loss 1.2340 val acc 0.3226 (0.2s)
    epoch 3/20 loss 1.1989 val acc 0.5484 (0.2s)
    epoch 4/20 loss 1.1852 val acc 0.5161 (0.2s)
    epoch 5/20 loss 1.1704 val acc 0.5161 (0.2s)
    epoch 6/20 loss 1.1495 val acc 0.4516 (0.3s)
  [customer_service.urgency] test acc 0.4200 macro-F1 0.1742 ECE 0.084 (T=1.27, 1s, 0.00M params)
  [invoice_processing.discrepancy_severity] probe split=11, 4 labels, 259 train
    epoch 1/20 loss 1.4238 val acc 0.2927 (0.2s)
    epoch 2/20 loss 1.2626 val acc 0.2927 (0.2s)
    epoch 3/20 loss 1.2991 val acc 0.2927 (0.2s)
    epoch 4/20 loss 1.2978 val acc 0.2927 (0.2s)
  [invoice_processing.discrepancy_severity] test acc 0.4700 macro-F1 0.1599 ECE 0.080 (T=1.13, 1s, 0.00M params)
  [invoice_processing.disposition] probe split=11, 4 labels, 259 train
    epoch 1/20 loss 1.2867 val acc 0.2439 (0.2s)
    epoch 2/20 loss 1.2547 val acc 0.2439 (0.2s)
    epoch 3/20 loss 1.2818 val acc 0.2439 (0.2s)
    epoch 4/20 loss 1.2577 val acc 0.2439 (0.2s)
  [invoice_processing.disposition] test acc 0.4500 macro-F1 0.1552 ECE 0.112 (T=1.45, 1s, 0.00M params)
  [invoice_processing.duplicate] probe split=11, 2 labels, 259 train
    epoch 1/20 loss 0.5523 val acc 0.8780 (0.3s)
    epoch 2/20 loss 0.3492 val acc 0.8780 (0.2s)
    epoch 3/20 loss 0.3267 val acc 0.8780 (0.2s)
    epoch 4/20 loss 0.3242 val acc 0.8780 (0.2s)
  [invoice_processing.duplicate] test acc 0.8900 macro-F1 0.4709 ECE 0.004 (T=0.95, 1s, 0.00M params)
  [invoice_processing.matches_order] probe split=11, 2 labels, 259 train
    epoch 1/20 loss 0.6960 val acc 0.4634 (0.2s)
    epoch 2/20 loss 0.6873 val acc 0.6098 (0.2s)
    epoch 3/20 loss 0.6996 val acc 0.3659 (0.2s)
    epoch 4/20 loss 0.7717 val acc 0.7073 (0.2s)
    epoch 5/20 loss 0.7576 val acc 0.6341 (0.3s)
    epoch 6/20 loss 0.7545 val acc 0.3659 (0.2s)
    epoch 7/20 loss 0.6834 val acc 0.6341 (0.2s)
  [invoice_processing.matches_order] test acc 0.7400 macro-F1 0.7399 ECE 0.216 (T=0.75, 2s, 0.00M params)
  [invoice_processing.urgency] probe split=11, 4 labels, 259 train
    epoch 1/20 loss 1.3200 val acc 0.4634 (0.3s)
    epoch 2/20 loss 1.2082 val acc 0.4634 (0.2s)
    epoch 3/20 loss 1.2108 val acc 0.4634 (0.2s)
    epoch 4/20 loss 1.1945 val acc 0.4634 (0.2s)
  [invoice_processing.urgency] test acc 0.3200 macro-F1 0.1212 ECE 0.118 (T=0.85, 1s, 0.00M params)
  [security_incidents.credential_compromise] probe split=11, 2 labels, 278 train
    epoch 1/20 loss 0.6972 val acc 0.5909 (0.2s)
    epoch 2/20 loss 0.6920 val acc 0.5909 (0.2s)
    epoch 3/20 loss 0.7124 val acc 0.5909 (0.2s)
    epoch 4/20 loss 0.7000 val acc 0.5909 (0.2s)
  [security_incidents.credential_compromise] test acc 0.5500 macro-F1 0.3548 ECE 0.050 (T=1.00, 1s, 0.00M params)
  [security_incidents.disposition] probe split=11, 4 labels, 278 train
    epoch 1/20 loss 1.3003 val acc 0.7273 (0.2s)
    epoch 2/20 loss 1.2439 val acc 0.7273 (0.2s)
    epoch 3/20 loss 1.2432 val acc 0.7273 (0.2s)
    epoch 4/20 loss 1.2224 val acc 0.7273 (0.2s)
  [security_incidents.disposition] test acc 0.7400 macro-F1 0.2126 ECE 0.194 (T=1.00, 1s, 0.00M params)
  [security_incidents.severity] probe split=11, 5 labels, 278 train
    epoch 1/20 loss 1.6850 val acc 0.5909 (0.2s)
    epoch 2/20 loss 1.4784 val acc 0.5909 (0.2s)
    epoch 3/20 loss 1.4707 val acc 0.5909 (0.2s)
    epoch 4/20 loss 1.4549 val acc 0.5909 (0.2s)
  [security_incidents.severity] test acc 0.4900 macro-F1 0.1315 ECE 0.167 (T=1.00, 1s, 0.01M params)
  [security_incidents.true_positive] probe split=11, 2 labels, 278 train
    epoch 1/20 loss 0.6862 val acc 0.6364 (0.2s)
    epoch 2/20 loss 0.6758 val acc 0.6364 (0.2s)
    epoch 3/20 loss 0.6992 val acc 0.6364 (0.2s)
    epoch 4/20 loss 0.6759 val acc 0.6364 (0.2s)
  [security_incidents.true_positive] test acc 0.7300 macro-F1 0.4220 ECE 0.058 (T=1.00, 1s, 0.00M params)
  [security_incidents.urgency] probe split=11, 4 labels, 278 train
    epoch 1/20 loss 1.5129 val acc 0.5909 (0.2s)
    epoch 2/20 loss 1.2749 val acc 0.5909 (0.2s)
    epoch 3/20 loss 1.2363 val acc 0.5909 (0.2s)
    epoch 4/20 loss 1.2253 val acc 0.5909 (0.2s)
  [security_incidents.urgency] test acc 0.5000 macro-F1 0.1667 ECE 0.107 (T=1.00, 1s, 0.00M params)
   probe@11 mean: {"acc": 0.518, "macro_f1": 0.2665, "ece": 0.1, "nll": 1.0472}
-- probe@16
  cached trunk depth 16 for 1600 messages in 29.3s (559 MB)
  [agent_trace_observability.action] probe split=16, 4 labels, 274 train
    epoch 1/20 loss 1.2831 val acc 0.5385 (0.2s)
    epoch 2/20 loss 1.2746 val acc 0.5385 (0.2s)
    epoch 3/20 loss 1.2726 val acc 0.5385 (0.1s)
    epoch 4/20 loss 1.2489 val acc 0.4231 (0.1s)
  [agent_trace_observability.action] test acc 0.3600 macro-F1 0.1324 ECE 0.128 (T=1.00, 1s, 0.00M params)
  [agent_trace_observability.needs_review] probe split=16, 2 labels, 274 train
    epoch 1/20 loss 0.6949 val acc 0.5000 (0.1s)
    epoch 2/20 loss 0.7004 val acc 0.5385 (0.2s)
    epoch 3/20 loss 0.6960 val acc 0.5000 (0.1s)
    epoch 4/20 loss 0.6854 val acc 0.5385 (0.1s)
    epoch 5/20 loss 0.6741 val acc 0.5385 (0.1s)
  [agent_trace_observability.needs_review] test acc 0.4700 macro-F1 0.3498 ECE 0.103 (T=1.00, 1s, 0.00M params)
  [agent_trace_observability.outcome] probe split=16, 4 labels, 274 train
    epoch 1/20 loss 1.4132 val acc 0.3846 (0.2s)
    epoch 2/20 loss 1.3685 val acc 0.5769 (0.1s)
    epoch 3/20 loss 1.3640 val acc 0.5769 (0.2s)
    epoch 4/20 loss 1.3405 val acc 0.5769 (0.1s)
    epoch 5/20 loss 1.3370 val acc 0.5000 (0.2s)
  [agent_trace_observability.outcome] test acc 0.2600 macro-F1 0.1032 ECE 0.086 (T=1.00, 1s, 0.00M params)
  [agent_trace_observability.risk] probe split=16, 4 labels, 274 train
    epoch 1/20 loss 1.3950 val acc 0.2692 (0.2s)
    epoch 2/20 loss 1.3927 val acc 0.3462 (0.2s)
    epoch 3/20 loss 1.3633 val acc 0.4615 (0.1s)
    epoch 4/20 loss 1.3401 val acc 0.2692 (0.1s)
    epoch 5/20 loss 1.3432 val acc 0.5000 (0.1s)
    epoch 6/20 loss 1.3437 val acc 0.4231 (0.2s)
    epoch 7/20 loss 1.3081 val acc 0.5385 (0.2s)
    epoch 8/20 loss 1.3089 val acc 0.3846 (0.1s)
    epoch 9/20 loss 1.2908 val acc 0.2692 (0.1s)
    epoch 10/20 loss 1.2955 val acc 0.3846 (0.2s)
  [agent_trace_observability.risk] test acc 0.4000 macro-F1 0.3417 ECE 0.105 (T=1.00, 2s, 0.00M params)
  [agent_trace_observability.urgency] probe split=16, 4 labels, 274 train
    epoch 1/20 loss 1.3797 val acc 0.6154 (0.1s)
    epoch 2/20 loss 1.3582 val acc 0.6154 (0.1s)
    epoch 3/20 loss 1.3556 val acc 0.2308 (0.1s)
    epoch 4/20 loss 1.3380 val acc 0.5769 (0.1s)
  [agent_trace_observability.urgency] test acc 0.3600 macro-F1 0.1324 ECE 0.073 (T=1.00, 1s, 0.00M params)
  [customer_service.action] probe split=16, 5 labels, 269 train
    epoch 1/20 loss 1.4175 val acc 0.5484 (0.3s)
    epoch 2/20 loss 1.2768 val acc 0.5484 (0.2s)
    epoch 3/20 loss 1.2735 val acc 0.5484 (0.2s)
    epoch 4/20 loss 1.2519 val acc 0.4194 (0.2s)
  [customer_service.action] test acc 0.5200 macro-F1 0.1368 ECE 0.080 (T=1.05, 1s, 0.01M params)
  [customer_service.category] probe split=16, 5 labels, 269 train
    epoch 1/20 loss 1.6314 val acc 0.1290 (0.2s)
    epoch 2/20 loss 1.5864 val acc 0.2581 (0.2s)
    epoch 3/20 loss 1.5466 val acc 0.2903 (0.3s)
    epoch 4/20 loss 1.5255 val acc 0.1290 (0.2s)
    epoch 5/20 loss 1.4831 val acc 0.4839 (0.2s)
    epoch 6/20 loss 1.4698 val acc 0.4516 (0.2s)
    epoch 7/20 loss 1.4222 val acc 0.2903 (0.2s)
    epoch 8/20 loss 1.3713 val acc 0.4194 (0.2s)
  [customer_service.category] test acc 0.3100 macro-F1 0.2197 ECE 0.033 (T=1.18, 2s, 0.01M params)
  [customer_service.churn_risk] probe split=16, 4 labels, 269 train
    epoch 1/20 loss 1.4200 val acc 0.5161 (0.2s)
    epoch 2/20 loss 1.3120 val acc 0.5161 (0.2s)
    epoch 3/20 loss 1.2818 val acc 0.6129 (0.2s)
    epoch 4/20 loss 1.2703 val acc 0.4839 (0.2s)
    epoch 5/20 loss 1.2671 val acc 0.1935 (0.2s)
    epoch 6/20 loss 1.2587 val acc 0.2581 (0.3s)
  [customer_service.churn_risk] test acc 0.5000 macro-F1 0.2771 ECE 0.123 (T=0.91, 1s, 0.00M params)
  [customer_service.needs_human] probe split=16, 2 labels, 269 train
    epoch 1/20 loss 0.7008 val acc 0.7419 (0.2s)
    epoch 2/20 loss 0.7305 val acc 0.2581 (0.3s)
    epoch 3/20 loss 0.7221 val acc 0.4194 (0.2s)
    epoch 4/20 loss 0.7047 val acc 0.7419 (0.2s)
  [customer_service.needs_human] test acc 0.6700 macro-F1 0.4012 ECE 0.097 (T=3.84, 1s, 0.00M params)
  [customer_service.urgency] probe split=16, 4 labels, 269 train
    epoch 1/20 loss 1.4738 val acc 0.3548 (0.2s)
    epoch 2/20 loss 1.2294 val acc 0.3226 (0.2s)
    epoch 3/20 loss 1.2084 val acc 0.5161 (0.2s)
    epoch 4/20 loss 1.1938 val acc 0.5161 (0.2s)
    epoch 5/20 loss 1.1739 val acc 0.5161 (0.2s)
    epoch 6/20 loss 1.1563 val acc 0.3226 (0.2s)
  [customer_service.urgency] test acc 0.4200 macro-F1 0.2097 ECE 0.070 (T=1.37, 1s, 0.00M params)
  [invoice_processing.discrepancy_severity] probe split=16, 4 labels, 259 train
    epoch 1/20 loss 1.4627 val acc 0.2927 (0.2s)
    epoch 2/20 loss 1.2637 val acc 0.2927 (0.2s)
    epoch 3/20 loss 1.2872 val acc 0.2927 (0.2s)
    epoch 4/20 loss 1.2998 val acc 0.2927 (0.2s)
  [invoice_processing.discrepancy_severity] test acc 0.4700 macro-F1 0.1599 ECE 0.083 (T=1.14, 1s, 0.00M params)
  [invoice_processing.disposition] probe split=16, 4 labels, 259 train
    epoch 1/20 loss 1.3181 val acc 0.2439 (0.3s)
    epoch 2/20 loss 1.2554 val acc 0.2439 (0.2s)
    epoch 3/20 loss 1.2772 val acc 0.2683 (0.2s)
    epoch 4/20 loss 1.2706 val acc 0.2439 (0.3s)
    epoch 5/20 loss 1.2976 val acc 0.2683 (0.3s)
    epoch 6/20 loss 1.2741 val acc 0.4634 (0.2s)
    epoch 7/20 loss 1.2751 val acc 0.3415 (0.3s)
    epoch 8/20 loss 1.2400 val acc 0.2683 (0.2s)
    epoch 9/20 loss 1.2652 val acc 0.2683 (0.2s)
  [invoice_processing.disposition] test acc 0.3800 macro-F1 0.1377 ECE 0.121 (T=1.93, 2s, 0.00M params)
  [invoice_processing.duplicate] probe split=16, 2 labels, 259 train
    epoch 1/20 loss 0.5797 val acc 0.8780 (0.2s)
    epoch 2/20 loss 0.3518 val acc 0.8780 (0.2s)
    epoch 3/20 loss 0.3273 val acc 0.8780 (0.2s)
    epoch 4/20 loss 0.3224 val acc 0.8780 (0.2s)
  [invoice_processing.duplicate] test acc 0.8900 macro-F1 0.4709 ECE 0.003 (T=0.94, 1s, 0.00M params)
  [invoice_processing.matches_order] probe split=16, 2 labels, 259 train
    epoch 1/20 loss 0.7009 val acc 0.6341 (0.2s)
    epoch 2/20 loss 0.6882 val acc 0.3659 (0.2s)
    epoch 3/20 loss 0.6984 val acc 0.3659 (0.2s)
    epoch 4/20 loss 0.7762 val acc 0.7561 (0.2s)
    epoch 5/20 loss 0.7516 val acc 0.6341 (0.2s)
    epoch 6/20 loss 0.7547 val acc 0.3659 (0.2s)
    epoch 7/20 loss 0.6847 val acc 0.6341 (0.2s)
  [invoice_processing.matches_order] test acc 0.7300 macro-F1 0.7267 ECE 0.196 (T=0.62, 2s, 0.00M params)
  [invoice_processing.urgency] probe split=16, 4 labels, 259 train
    epoch 1/20 loss 1.3115 val acc 0.4634 (0.2s)
    epoch 2/20 loss 1.2091 val acc 0.4634 (0.2s)
    epoch 3/20 loss 1.2127 val acc 0.4634 (0.2s)
    epoch 4/20 loss 1.1898 val acc 0.4634 (0.2s)
  [invoice_processing.urgency] test acc 0.3200 macro-F1 0.1212 ECE 0.148 (T=0.92, 1s, 0.00M params)
  [security_incidents.credential_compromise] probe split=16, 2 labels, 278 train
    epoch 1/20 loss 0.6954 val acc 0.5909 (0.2s)
    epoch 2/20 loss 0.6928 val acc 0.6364 (0.2s)
    epoch 3/20 loss 0.7070 val acc 0.5909 (0.2s)
    epoch 4/20 loss 0.7177 val acc 0.5909 (0.2s)
    epoch 5/20 loss 0.6988 val acc 0.5909 (0.2s)
  [security_incidents.credential_compromise] test acc 0.5500 macro-F1 0.3548 ECE 0.086 (T=1.00, 1s, 0.00M params)
  [security_incidents.disposition] probe split=16, 4 labels, 278 train
    epoch 1/20 loss 1.2771 val acc 0.7273 (0.2s)
    epoch 2/20 loss 1.2443 val acc 0.7273 (0.2s)
    epoch 3/20 loss 1.2418 val acc 0.7273 (0.2s)
    epoch 4/20 loss 1.2237 val acc 0.7273 (0.2s)
  [security_incidents.disposition] test acc 0.7400 macro-F1 0.2126 ECE 0.210 (T=1.00, 1s, 0.00M params)
  [security_incidents.severity] probe split=16, 5 labels, 278 train
    epoch 1/20 loss 1.6540 val acc 0.5909 (0.2s)
    epoch 2/20 loss 1.4774 val acc 0.5909 (0.2s)
    epoch 3/20 loss 1.4682 val acc 0.5909 (0.2s)
    epoch 4/20 loss 1.4558 val acc 0.5909 (0.2s)
  [security_incidents.severity] test acc 0.4900 macro-F1 0.1315 ECE 0.154 (T=1.00, 1s, 0.01M params)
  [security_incidents.true_positive] probe split=16, 2 labels, 278 train
    epoch 1/20 loss 0.6787 val acc 0.6364 (0.2s)
    epoch 2/20 loss 0.6702 val acc 0.6364 (0.2s)
    epoch 3/20 loss 0.6888 val acc 0.6364 (0.2s)
    epoch 4/20 loss 0.6743 val acc 0.6364 (0.2s)
  [security_incidents.true_positive] test acc 0.7300 macro-F1 0.4220 ECE 0.091 (T=1.00, 1s, 0.00M params)
  [security_incidents.urgency] probe split=16, 4 labels, 278 train
    epoch 1/20 loss 1.4737 val acc 0.5909 (0.2s)
    epoch 2/20 loss 1.2856 val acc 0.5909 (0.2s)
    epoch 3/20 loss 1.2366 val acc 0.5909 (0.2s)
    epoch 4/20 loss 1.2268 val acc 0.5909 (0.2s)
  [security_incidents.urgency] test acc 0.5000 macro-F1 0.1667 ECE 0.084 (T=1.00, 1s, 0.00M params)
   probe@16 mean: {"acc": 0.5035, "macro_f1": 0.2604, "ece": 0.1037, "nll": 1.0397}
-- probe@22
  cached trunk depth 22 for 1600 messages in 41.5s (559 MB)
  [agent_trace_observability.action] probe split=22, 4 labels, 274 train
    epoch 1/20 loss 1.2865 val acc 0.5385 (0.2s)
    epoch 2/20 loss 1.2762 val acc 0.5385 (0.1s)
    epoch 3/20 loss 1.2770 val acc 0.5385 (0.1s)
    epoch 4/20 loss 1.2427 val acc 0.3846 (0.2s)
  [agent_trace_observability.action] test acc 0.3600 macro-F1 0.1324 ECE 0.135 (T=1.00, 1s, 0.00M params)
  [agent_trace_observability.needs_review] probe split=22, 2 labels, 274 train
    epoch 1/20 loss 0.6987 val acc 0.5000 (0.2s)
    epoch 2/20 loss 0.7088 val acc 0.5000 (0.1s)
    epoch 3/20 loss 0.6845 val acc 0.5000 (0.1s)
    epoch 4/20 loss 0.6719 val acc 0.7308 (0.2s)
    epoch 5/20 loss 0.6580 val acc 0.5000 (0.2s)
    epoch 6/20 loss 0.6763 val acc 0.6154 (0.2s)
    epoch 7/20 loss 0.6439 val acc 0.5000 (0.2s)
  [agent_trace_observability.needs_review] test acc 0.7000 macro-F1 0.6900 ECE 0.151 (T=1.00, 1s, 0.00M params)
  [agent_trace_observability.outcome] probe split=22, 4 labels, 274 train
    epoch 1/20 loss 1.3941 val acc 0.3846 (0.2s)
    epoch 2/20 loss 1.3662 val acc 0.2308 (0.2s)
    epoch 3/20 loss 1.3731 val acc 0.4615 (0.1s)
    epoch 4/20 loss 1.3376 val acc 0.5769 (0.1s)
    epoch 5/20 loss 1.3262 val acc 0.6154 (0.1s)
    epoch 6/20 loss 1.3226 val acc 0.5769 (0.1s)
    epoch 7/20 loss 1.3065 val acc 0.2308 (0.2s)
    epoch 8/20 loss 1.3004 val acc 0.4231 (0.2s)
  [agent_trace_observability.outcome] test acc 0.2800 macro-F1 0.1525 ECE 0.088 (T=1.00, 1s, 0.00M params)
  [agent_trace_observability.risk] probe split=22, 4 labels, 274 train
    epoch 1/20 loss 1.3767 val acc 0.2692 (0.1s)
    epoch 2/20 loss 1.3846 val acc 0.2692 (0.1s)
    epoch 3/20 loss 1.3764 val acc 0.3077 (0.2s)
    epoch 4/20 loss 1.3338 val acc 0.2692 (0.1s)
    epoch 5/20 loss 1.3261 val acc 0.5385 (0.1s)
    epoch 6/20 loss 1.3417 val acc 0.3077 (0.1s)
    epoch 7/20 loss 1.2951 val acc 0.4231 (0.2s)
    epoch 8/20 loss 1.2867 val acc 0.3462 (0.2s)
  [agent_trace_observability.risk] test acc 0.4000 macro-F1 0.3611 ECE 0.092 (T=1.00, 1s, 0.00M params)
  [agent_trace_observability.urgency] probe split=22, 4 labels, 274 train
    epoch 1/20 loss 1.3595 val acc 0.6154 (0.2s)
    epoch 2/20 loss 1.3511 val acc 0.5769 (0.2s)
    epoch 3/20 loss 1.3611 val acc 0.3462 (0.2s)
    epoch 4/20 loss 1.3293 val acc 0.6154 (0.2s)
  [agent_trace_observability.urgency] test acc 0.3600 macro-F1 0.1324 ECE 0.064 (T=1.00, 1s, 0.00M params)
  [customer_service.action] probe split=22, 5 labels, 269 train
    epoch 1/20 loss 1.4219 val acc 0.5484 (0.3s)
    epoch 2/20 loss 1.2854 val acc 0.5484 (0.2s)
    epoch 3/20 loss 1.2668 val acc 0.5484 (0.3s)
    epoch 4/20 loss 1.2320 val acc 0.5484 (0.2s)
  [customer_service.action] test acc 0.5200 macro-F1 0.1368 ECE 0.064 (T=1.15, 1s, 0.01M params)
  [customer_service.category] probe split=22, 5 labels, 269 train
    epoch 1/20 loss 1.6090 val acc 0.1290 (0.3s)
    epoch 2/20 loss 1.5779 val acc 0.3548 (0.2s)
    epoch 3/20 loss 1.4779 val acc 0.4194 (0.2s)
    epoch 4/20 loss 1.4026 val acc 0.2581 (0.2s)
    epoch 5/20 loss 1.3209 val acc 0.5161 (0.2s)
    epoch 6/20 loss 1.2657 val acc 0.5161 (0.2s)
    epoch 7/20 loss 1.1955 val acc 0.4194 (0.3s)
    epoch 8/20 loss 1.1408 val acc 0.5806 (0.3s)
    epoch 9/20 loss 1.1029 val acc 0.5806 (0.3s)
    epoch 10/20 loss 1.0754 val acc 0.6129 (0.3s)
    epoch 11/20 loss 1.0301 val acc 0.6129 (0.2s)
    epoch 12/20 loss 1.0178 val acc 0.6129 (0.3s)
    epoch 13/20 loss 0.9899 val acc 0.6774 (0.2s)
    epoch 14/20 loss 0.9720 val acc 0.6129 (0.2s)
    epoch 15/20 loss 0.9589 val acc 0.6129 (0.2s)
    epoch 16/20 loss 0.9455 val acc 0.6129 (0.2s)
  [customer_service.category] test acc 0.7300 macro-F1 0.5491 ECE 0.098 (T=0.45, 4s, 0.01M params)
  [customer_service.churn_risk] probe split=22, 4 labels, 269 train
    epoch 1/20 loss 1.3901 val acc 0.5161 (0.3s)
    epoch 2/20 loss 1.3049 val acc 0.5161 (0.3s)
    epoch 3/20 loss 1.2778 val acc 0.5161 (0.3s)
    epoch 4/20 loss 1.2589 val acc 0.5161 (0.3s)
  [customer_service.churn_risk] test acc 0.4700 macro-F1 0.1599 ECE 0.078 (T=1.22, 1s, 0.00M params)
  [customer_service.needs_human] probe split=22, 2 labels, 269 train
    epoch 1/20 loss 0.7100 val acc 0.7419 (0.3s)
    epoch 2/20 loss 0.7553 val acc 0.2903 (0.3s)
    epoch 3/20 loss 0.7751 val acc 0.3548 (0.3s)
    epoch 4/20 loss 0.7254 val acc 0.7419 (0.3s)
  [customer_service.needs_human] test acc 0.6700 macro-F1 0.4012 ECE 0.098 (T=4.43, 1s, 0.00M params)
  [customer_service.urgency] probe split=22, 4 labels, 269 train
    epoch 1/20 loss 1.4149 val acc 0.5161 (0.3s)
    epoch 2/20 loss 1.2237 val acc 0.2581 (0.3s)
    epoch 3/20 loss 1.2398 val acc 0.5484 (0.3s)
    epoch 4/20 loss 1.1975 val acc 0.5484 (0.3s)
    epoch 5/20 loss 1.1698 val acc 0.5806 (0.2s)
    epoch 6/20 loss 1.1439 val acc 0.2581 (0.3s)
    epoch 7/20 loss 1.1349 val acc 0.2258 (0.2s)
    epoch 8/20 loss 1.1202 val acc 0.6452 (0.3s)
    epoch 9/20 loss 1.1083 val acc 0.5484 (0.3s)
    epoch 10/20 loss 1.1011 val acc 0.3548 (0.3s)
    epoch 11/20 loss 1.1152 val acc 0.6129 (0.3s)
  [customer_service.urgency] test acc 0.5100 macro-F1 0.3019 ECE 0.072 (T=1.00, 3s, 0.00M params)
  [invoice_processing.discrepancy_severity] probe split=22, 4 labels, 259 train
    epoch 1/20 loss 1.3703 val acc 0.2927 (0.4s)
    epoch 2/20 loss 1.2713 val acc 0.2927 (0.3s)
    epoch 3/20 loss 1.2863 val acc 0.2927 (0.4s)
    epoch 4/20 loss 1.3022 val acc 0.2927 (0.3s)
  [invoice_processing.discrepancy_severity] test acc 0.4700 macro-F1 0.1599 ECE 0.074 (T=1.29, 1s, 0.00M params)
  [invoice_processing.disposition] probe split=22, 4 labels, 259 train
    epoch 1/20 loss 1.2854 val acc 0.2439 (0.3s)
    epoch 2/20 loss 1.2633 val acc 0.2439 (0.2s)
    epoch 3/20 loss 1.2892 val acc 0.4146 (0.3s)
    epoch 4/20 loss 1.3016 val acc 0.2439 (0.3s)
    epoch 5/20 loss 1.3253 val acc 0.2439 (0.4s)
    epoch 6/20 loss 1.2788 val acc 0.4634 (0.3s)
    epoch 7/20 loss 1.3603 val acc 0.2439 (0.3s)
    epoch 8/20 loss 1.2395 val acc 0.2927 (0.3s)
    epoch 9/20 loss 1.2640 val acc 0.2439 (0.4s)
  [invoice_processing.disposition] test acc 0.3800 macro-F1 0.1377 ECE 0.031 (T=1.82, 3s, 0.00M params)
  [invoice_processing.duplicate] probe split=22, 2 labels, 259 train
    epoch 1/20 loss 0.5148 val acc 0.8780 (0.3s)
    epoch 2/20 loss 0.4003 val acc 0.8780 (0.3s)
    epoch 3/20 loss 0.3290 val acc 0.8780 (0.3s)
    epoch 4/20 loss 0.3293 val acc 0.8780 (0.3s)
  [invoice_processing.duplicate] test acc 0.8900 macro-F1 0.4709 ECE 0.003 (T=1.34, 1s, 0.00M params)
  [invoice_processing.matches_order] probe split=22, 2 labels, 259 train
    epoch 1/20 loss 0.7007 val acc 0.4878 (0.3s)
    epoch 2/20 loss 0.6931 val acc 0.7561 (0.3s)
    epoch 3/20 loss 0.6950 val acc 0.6098 (0.3s)
    epoch 4/20 loss 0.6991 val acc 0.3659 (0.4s)
    epoch 5/20 loss 0.7607 val acc 0.3659 (0.3s)
  [invoice_processing.matches_order] test acc 0.6100 macro-F1 0.5742 ECE 0.094 (T=0.80, 2s, 0.00M params)
  [invoice_processing.urgency] probe split=22, 4 labels, 259 train
    epoch 1/20 loss 1.2924 val acc 0.4634 (0.3s)
    epoch 2/20 loss 1.2139 val acc 0.5854 (0.4s)
    epoch 3/20 loss 1.2125 val acc 0.4634 (0.4s)
    epoch 4/20 loss 1.1998 val acc 0.5854 (0.4s)
    epoch 5/20 loss 1.1871 val acc 0.4634 (0.3s)
  [invoice_processing.urgency] test acc 0.5900 macro-F1 0.3134 ECE 0.190 (T=1.26, 2s, 0.00M params)
  [security_incidents.credential_compromise] probe split=22, 2 labels, 278 train
    epoch 1/20 loss 0.6970 val acc 0.6364 (0.3s)
    epoch 2/20 loss 0.6944 val acc 0.5455 (0.3s)
    epoch 3/20 loss 0.6855 val acc 0.4091 (0.3s)
    epoch 4/20 loss 0.6891 val acc 0.5909 (0.3s)
  [security_incidents.credential_compromise] test acc 0.5500 macro-F1 0.3548 ECE 0.018 (T=1.00, 1s, 0.00M params)
  [security_incidents.disposition] probe split=22, 4 labels, 278 train
    epoch 1/20 loss 1.2774 val acc 0.7273 (0.2s)
    epoch 2/20 loss 1.2385 val acc 0.7273 (0.1s)
    epoch 3/20 loss 1.2494 val acc 0.7273 (0.1s)
    epoch 4/20 loss 1.2274 val acc 0.7273 (0.1s)
  [security_incidents.disposition] test acc 0.7400 macro-F1 0.2126 ECE 0.162 (T=1.00, 0s, 0.00M params)
  [security_incidents.severity] probe split=22, 5 labels, 278 train
    epoch 1/20 loss 1.5894 val acc 0.5909 (0.1s)
    epoch 2/20 loss 1.4853 val acc 0.5909 (0.1s)
    epoch 3/20 loss 1.4723 val acc 0.5909 (0.1s)
    epoch 4/20 loss 1.4590 val acc 0.5000 (0.1s)
  [security_incidents.severity] test acc 0.4900 macro-F1 0.1315 ECE 0.067 (T=1.00, 0s, 0.01M params)
  [security_incidents.true_positive] probe split=22, 2 labels, 278 train
    epoch 1/20 loss 0.6816 val acc 0.6364 (0.1s)
    epoch 2/20 loss 0.6701 val acc 0.6364 (0.1s)
    epoch 3/20 loss 0.6699 val acc 0.6364 (0.1s)
    epoch 4/20 loss 0.6495 val acc 0.6818 (0.1s)
    epoch 5/20 loss 0.6443 val acc 0.6818 (0.1s)
    epoch 6/20 loss 0.6513 val acc 0.6364 (0.1s)
    epoch 7/20 loss 0.6464 val acc 0.6818 (0.1s)
  [security_incidents.true_positive] test acc 0.7700 macro-F1 0.6337 ECE 0.190 (T=1.00, 1s, 0.00M params)
  [security_incidents.urgency] probe split=22, 4 labels, 278 train
    epoch 1/20 loss 1.3930 val acc 0.5909 (0.1s)
    epoch 2/20 loss 1.2773 val acc 0.5909 (0.1s)
    epoch 3/20 loss 1.2722 val acc 0.5909 (0.1s)
    epoch 4/20 loss 1.2350 val acc 0.6364 (0.1s)
    epoch 5/20 loss 1.2273 val acc 0.5000 (0.1s)
    epoch 6/20 loss 1.2067 val acc 0.5909 (0.1s)
    epoch 7/20 loss 1.2131 val acc 0.5909 (0.1s)
  [security_incidents.urgency] test acc 0.5100 macro-F1 0.1832 ECE 0.141 (T=1.00, 1s, 0.00M params)
   probe@22 mean: {"acc": 0.55, "macro_f1": 0.3095, "ece": 0.0955, "nll": 0.9803}
done
