== typed-decisions: 1080/120/400 messages (train/val/test), tasks: agent_trace_observability.action(4), agent_trace_observability.needs_review(2), agent_trace_observability.outcome(4), agent_trace_observability.risk(4), agent_trace_observability.urgency(4), customer_service.action(5), customer_service.category(5), customer_service.churn_risk(4), customer_service.needs_human(2), customer_service.urgency(4), invoice_processing.discrepancy_severity(4), invoice_processing.disposition(4), invoice_processing.duplicate(2), invoice_processing.matches_order(2), invoice_processing.urgency(4), security_incidents.credential_compromise(2), security_incidents.disposition(4), security_incidents.severity(5), security_incidents.true_positive(2), security_incidents.urgency(4) | base answerdotai/ModernBERT-base on mps | seed 0
-- probe@6
  cached trunk depth 6 for 1600 messages in 4.5s (559 MB)
  [agent_trace_observability.action] probe split=6, 4 labels, 274 train
    epoch 1/20 loss 1.3593 val acc 0.5385 (0.1s)
    epoch 2/20 loss 1.2967 val acc 0.5385 (0.1s)
    epoch 3/20 loss 1.2775 val acc 0.5385 (0.0s)
    epoch 4/20 loss 1.2536 val acc 0.3077 (0.0s)
    epoch 5/20 loss 1.2606 val acc 0.3077 (0.0s)
    epoch 6/20 loss 1.2517 val acc 0.6538 (0.0s)
    epoch 7/20 loss 1.2379 val acc 0.5385 (0.0s)
    epoch 8/20 loss 1.2404 val acc 0.5385 (0.0s)
    epoch 9/20 loss 1.2285 val acc 0.5769 (0.0s)
    epoch 10/20 loss 1.2297 val acc 0.6538 (0.0s)
    epoch 11/20 loss 1.2210 val acc 0.6538 (0.0s)
    epoch 12/20 loss 1.2142 val acc 0.6923 (0.0s)
    epoch 13/20 loss 1.2082 val acc 0.5385 (0.0s)
    epoch 14/20 loss 1.2095 val acc 0.5769 (0.0s)
    epoch 15/20 loss 1.2085 val acc 0.5769 (0.0s)
    epoch 16/20 loss 1.2043 val acc 0.6154 (0.0s)
    epoch 17/20 loss 1.2019 val acc 0.6538 (0.0s)
    epoch 18/20 loss 1.2021 val acc 0.6154 (0.0s)
    epoch 19/20 loss 1.2031 val acc 0.5769 (0.0s)
    epoch 20/20 loss 1.2025 val acc 0.5769 (0.0s)
  [agent_trace_observability.action] test acc 0.4700 macro-F1 0.2666 ECE 0.131 (T=1.00, 1s, 0.00M params)
  [agent_trace_observability.needs_review] probe split=6, 2 labels, 274 train
    epoch 1/20 loss 0.6960 val acc 0.5000 (0.1s)
    epoch 2/20 loss 0.7087 val acc 0.5000 (0.1s)
    epoch 3/20 loss 0.6916 val acc 0.5000 (0.0s)
    epoch 4/20 loss 0.6899 val acc 0.5000 (0.0s)
    epoch 5/20 loss 0.6940 val acc 0.5000 (0.0s)
    epoch 6/20 loss 0.6856 val acc 0.7308 (0.0s)
    epoch 7/20 loss 0.6692 val acc 0.6154 (0.0s)
    epoch 8/20 loss 0.6710 val acc 0.5000 (0.0s)
    epoch 9/20 loss 0.6654 val acc 0.5000 (0.0s)
    epoch 10/20 loss 0.6767 val acc 0.5000 (0.0s)
    epoch 11/20 loss 0.6686 val acc 0.7308 (0.0s)
    epoch 12/20 loss 0.6553 val acc 0.7692 (0.0s)
    epoch 13/20 loss 0.6517 val acc 0.8077 (0.0s)
    epoch 14/20 loss 0.6497 val acc 0.7308 (0.0s)
    epoch 15/20 loss 0.6510 val acc 0.7692 (0.0s)
    epoch 16/20 loss 0.6479 val acc 0.7692 (0.0s)
    epoch 17/20 loss 0.6449 val acc 0.7692 (0.0s)
    epoch 18/20 loss 0.6419 val acc 0.7308 (0.0s)
    epoch 19/20 loss 0.6442 val acc 0.7308 (0.0s)
    epoch 20/20 loss 0.6394 val acc 0.7308 (0.0s)
  [agent_trace_observability.needs_review] test acc 0.8100 macro-F1 0.8095 ECE 0.243 (T=1.00, 1s, 0.00M params)
  [agent_trace_observability.outcome] probe split=6, 4 labels, 274 train
    epoch 1/20 loss 1.3930 val acc 0.2308 (0.0s)
    epoch 2/20 loss 1.3811 val acc 0.5769 (0.0s)
    epoch 3/20 loss 1.3796 val acc 0.5769 (0.0s)
    epoch 4/20 loss 1.3459 val acc 0.5769 (0.0s)
    epoch 5/20 loss 1.3517 val acc 0.5385 (0.0s)
    epoch 6/20 loss 1.3546 val acc 0.5769 (0.0s)
    epoch 7/20 loss 1.3159 val acc 0.2308 (0.0s)
    epoch 8/20 loss 1.3235 val acc 0.3077 (0.0s)
    epoch 9/20 loss 1.3016 val acc 0.5385 (0.0s)
    epoch 10/20 loss 1.2980 val acc 0.3846 (0.0s)
    epoch 11/20 loss 1.2889 val acc 0.5385 (0.0s)
    epoch 12/20 loss 1.2880 val acc 0.3462 (0.0s)
    epoch 13/20 loss 1.2809 val acc 0.6154 (0.0s)
    epoch 14/20 loss 1.2800 val acc 0.5385 (0.0s)
    epoch 15/20 loss 1.2763 val acc 0.3462 (0.0s)
    epoch 16/20 loss 1.2708 val acc 0.5385 (0.0s)
    epoch 17/20 loss 1.2731 val acc 0.5385 (0.0s)
    epoch 18/20 loss 1.2704 val acc 0.5385 (0.0s)
    epoch 19/20 loss 1.2723 val acc 0.5769 (0.0s)
    epoch 20/20 loss 1.2691 val acc 0.5769 (0.0s)
  [agent_trace_observability.outcome] test acc 0.3100 macro-F1 0.1529 ECE 0.066 (T=1.00, 1s, 0.00M params)
  [agent_trace_observability.risk] probe split=6, 4 labels, 274 train
    epoch 1/20 loss 1.4193 val acc 0.2692 (0.0s)
    epoch 2/20 loss 1.4072 val acc 0.2692 (0.0s)
    epoch 3/20 loss 1.3840 val acc 0.3077 (0.0s)
    epoch 4/20 loss 1.3512 val acc 0.2692 (0.0s)
    epoch 5/20 loss 1.3486 val acc 0.5385 (0.0s)
    epoch 6/20 loss 1.3706 val acc 0.3077 (0.0s)
    epoch 7/20 loss 1.3224 val acc 0.3462 (0.0s)
    epoch 8/20 loss 1.3394 val acc 0.2692 (0.0s)
    epoch 9/20 loss 1.3215 val acc 0.2692 (0.0s)
    epoch 10/20 loss 1.3245 val acc 0.3077 (0.0s)
    epoch 11/20 loss 1.2951 val acc 0.3077 (0.0s)
    epoch 12/20 loss 1.2886 val acc 0.4231 (0.0s)
    epoch 13/20 loss 1.2820 val acc 0.4231 (0.0s)
    epoch 14/20 loss 1.2757 val acc 0.3846 (0.0s)
    epoch 15/20 loss 1.2733 val acc 0.4231 (0.0s)
    epoch 16/20 loss 1.2738 val acc 0.3077 (0.0s)
    epoch 17/20 loss 1.2726 val acc 0.3846 (0.0s)
    epoch 18/20 loss 1.2669 val acc 0.4231 (0.0s)
    epoch 19/20 loss 1.2699 val acc 0.4231 (0.0s)
    epoch 20/20 loss 1.2653 val acc 0.4231 (0.0s)
  [agent_trace_observability.risk] test acc 0.3500 macro-F1 0.2264 ECE 0.064 (T=1.00, 1s, 0.00M params)
  [agent_trace_observability.urgency] probe split=6, 4 labels, 274 train
    epoch 1/20 loss 1.4153 val acc 0.6154 (0.0s)
    epoch 2/20 loss 1.3757 val acc 0.6154 (0.0s)
    epoch 3/20 loss 1.3633 val acc 0.6154 (0.0s)
    epoch 4/20 loss 1.3294 val acc 0.6154 (0.0s)
    epoch 5/20 loss 1.3284 val acc 0.6154 (0.0s)
    epoch 6/20 loss 1.3353 val acc 0.4615 (0.0s)
    epoch 7/20 loss 1.3168 val acc 0.3462 (0.0s)
    epoch 8/20 loss 1.3045 val acc 0.6538 (0.0s)
    epoch 9/20 loss 1.2958 val acc 0.5769 (0.0s)
    epoch 10/20 loss 1.3033 val acc 0.1923 (0.0s)
    epoch 11/20 loss 1.2995 val acc 0.6154 (0.0s)
    epoch 12/20 loss 1.2888 val acc 0.6154 (0.0s)
    epoch 13/20 loss 1.2782 val acc 0.6154 (0.0s)
    epoch 14/20 loss 1.2696 val acc 0.6154 (0.0s)
    epoch 15/20 loss 1.2725 val acc 0.6538 (0.0s)
    epoch 16/20 loss 1.2693 val acc 0.6154 (0.0s)
    epoch 17/20 loss 1.2676 val acc 0.6154 (0.0s)
    epoch 18/20 loss 1.2643 val acc 0.6538 (0.0s)
    epoch 19/20 loss 1.2683 val acc 0.6538 (0.0s)
    epoch 20/20 loss 1.2618 val acc 0.6538 (0.0s)
  [agent_trace_observability.urgency] test acc 0.3600 macro-F1 0.1333 ECE 0.082 (T=1.00, 1s, 0.00M params)
  [customer_service.action] probe split=6, 5 labels, 269 train
    epoch 1/20 loss 1.4317 val acc 0.5484 (0.1s)
    epoch 2/20 loss 1.2893 val acc 0.5484 (0.1s)
    epoch 3/20 loss 1.2901 val acc 0.5484 (0.1s)
    epoch 4/20 loss 1.2636 val acc 0.4194 (0.1s)
    epoch 5/20 loss 1.2421 val acc 0.5161 (0.1s)
    epoch 6/20 loss 1.2368 val acc 0.5161 (0.1s)
    epoch 7/20 loss 1.2285 val acc 0.3548 (0.1s)
    epoch 8/20 loss 1.2405 val acc 0.5484 (0.1s)
    epoch 9/20 loss 1.2285 val acc 0.5161 (0.1s)
    epoch 10/20 loss 1.2082 val acc 0.5484 (0.1s)
    epoch 11/20 loss 1.2127 val acc 0.5484 (0.1s)
    epoch 12/20 loss 1.2127 val acc 0.5161 (0.1s)
    epoch 13/20 loss 1.2005 val acc 0.5484 (0.1s)
    epoch 14/20 loss 1.1968 val acc 0.5161 (0.1s)
    epoch 15/20 loss 1.1937 val acc 0.4839 (0.1s)
    epoch 16/20 loss 1.1872 val acc 0.4839 (0.1s)
    epoch 17/20 loss 1.1899 val acc 0.5161 (0.1s)
    epoch 18/20 loss 1.1844 val acc 0.4839 (0.1s)
    epoch 19/20 loss 1.1835 val acc 0.5161 (0.1s)
    epoch 20/20 loss 1.1856 val acc 0.5161 (0.1s)
  [customer_service.action] test acc 0.5700 macro-F1 0.2401 ECE 0.112 (T=0.96, 2s, 0.01M params)
  [customer_service.category] probe split=6, 5 labels, 269 train
    epoch 1/20 loss 1.6477 val acc 0.1290 (0.1s)
    epoch 2/20 loss 1.6029 val acc 0.2258 (0.1s)
    epoch 3/20 loss 1.5464 val acc 0.2258 (0.1s)
    epoch 4/20 loss 1.5298 val acc 0.1290 (0.1s)
    epoch 5/20 loss 1.4851 val acc 0.4194 (0.1s)
    epoch 6/20 loss 1.4841 val acc 0.3871 (0.1s)
    epoch 7/20 loss 1.4155 val acc 0.1935 (0.1s)
    epoch 8/20 loss 1.3954 val acc 0.5161 (0.1s)
    epoch 9/20 loss 1.3662 val acc 0.4516 (0.1s)
    epoch 10/20 loss 1.3559 val acc 0.4516 (0.1s)
    epoch 11/20 loss 1.3305 val acc 0.3226 (0.1s)
    epoch 12/20 loss 1.3293 val acc 0.5484 (0.1s)
    epoch 13/20 loss 1.3045 val acc 0.2903 (0.1s)
    epoch 14/20 loss 1.2903 val acc 0.4839 (0.1s)
    epoch 15/20 loss 1.2761 val acc 0.5161 (0.1s)
    epoch 16/20 loss 1.2575 val acc 0.4194 (0.1s)
    epoch 17/20 loss 1.2629 val acc 0.4516 (0.1s)
    epoch 18/20 loss 1.2586 val acc 0.4839 (0.1s)
    epoch 19/20 loss 1.2568 val acc 0.4839 (0.1s)
    epoch 20/20 loss 1.2515 val acc 0.4839 (0.1s)
  [customer_service.category] test acc 0.6200 macro-F1 0.4833 ECE 0.143 (T=0.43, 1s, 0.01M params)
  [customer_service.churn_risk] probe split=6, 4 labels, 269 train
    epoch 1/20 loss 1.3935 val acc 0.5161 (0.1s)
    epoch 2/20 loss 1.3080 val acc 0.5161 (0.1s)
    epoch 3/20 loss 1.2982 val acc 0.5484 (0.1s)
    epoch 4/20 loss 1.2795 val acc 0.4839 (0.1s)
    epoch 5/20 loss 1.2768 val acc 0.4839 (0.1s)
    epoch 6/20 loss 1.2923 val acc 0.4839 (0.1s)
    epoch 7/20 loss 1.2562 val acc 0.1613 (0.1s)
    epoch 8/20 loss 1.2493 val acc 0.6129 (0.1s)
    epoch 9/20 loss 1.2587 val acc 0.5161 (0.1s)
    epoch 10/20 loss 1.2555 val acc 0.5484 (0.1s)
    epoch 11/20 loss 1.2388 val acc 0.6774 (0.1s)
    epoch 12/20 loss 1.2284 val acc 0.4839 (0.1s)
    epoch 13/20 loss 1.2184 val acc 0.5484 (0.1s)
    epoch 14/20 loss 1.2060 val acc 0.5484 (0.1s)
    epoch 15/20 loss 1.2135 val acc 0.5484 (0.1s)
    epoch 16/20 loss 1.2030 val acc 0.5484 (0.1s)
    epoch 17/20 loss 1.2092 val acc 0.5484 (0.1s)
    epoch 18/20 loss 1.2034 val acc 0.5161 (0.1s)
    epoch 19/20 loss 1.2012 val acc 0.5161 (0.1s)
    epoch 20/20 loss 1.2023 val acc 0.5161 (0.1s)
  [customer_service.churn_risk] test acc 0.5300 macro-F1 0.2831 ECE 0.145 (T=0.82, 1s, 0.00M params)
  [customer_service.needs_human] probe split=6, 2 labels, 269 train
    epoch 1/20 loss 0.7041 val acc 0.7419 (0.1s)
    epoch 2/20 loss 0.7392 val acc 0.2903 (0.1s)
    epoch 3/20 loss 0.7316 val acc 0.2903 (0.1s)
    epoch 4/20 loss 0.7058 val acc 0.2903 (0.1s)
    epoch 5/20 loss 0.7664 val acc 0.7419 (0.1s)
    epoch 6/20 loss 0.7234 val acc 0.7742 (0.1s)
    epoch 7/20 loss 0.6695 val acc 0.2903 (0.1s)
    epoch 8/20 loss 0.7181 val acc 0.7419 (0.1s)
    epoch 9/20 loss 0.7138 val acc 0.7419 (0.1s)
    epoch 10/20 loss 0.6648 val acc 0.4516 (0.1s)
    epoch 11/20 loss 0.6572 val acc 0.6129 (0.1s)
    epoch 12/20 loss 0.6497 val acc 0.7097 (0.1s)
    epoch 13/20 loss 0.6426 val acc 0.7419 (0.1s)
    epoch 14/20 loss 0.6428 val acc 0.7419 (0.1s)
    epoch 15/20 loss 0.6429 val acc 0.7419 (0.1s)
    epoch 16/20 loss 0.6400 val acc 0.6452 (0.1s)
    epoch 17/20 loss 0.6417 val acc 0.6452 (0.1s)
    epoch 18/20 loss 0.6399 val acc 0.7419 (0.1s)
    epoch 19/20 loss 0.6389 val acc 0.7419 (0.1s)
    epoch 20/20 loss 0.6403 val acc 0.7419 (0.1s)
  [customer_service.needs_human] test acc 0.7100 macro-F1 0.5551 ECE 0.104 (T=0.89, 1s, 0.00M params)
  [customer_service.urgency] probe split=6, 4 labels, 269 train
    epoch 1/20 loss 1.4010 val acc 0.5161 (0.1s)
    epoch 2/20 loss 1.2431 val acc 0.1935 (0.1s)
    epoch 3/20 loss 1.2587 val acc 0.5161 (0.1s)
    epoch 4/20 loss 1.2145 val acc 0.5161 (0.1s)
    epoch 5/20 loss 1.2016 val acc 0.5161 (0.1s)
    epoch 6/20 loss 1.1745 val acc 0.4194 (0.1s)
    epoch 7/20 loss 1.1530 val acc 0.4516 (0.1s)
    epoch 8/20 loss 1.1447 val acc 0.5484 (0.1s)
    epoch 9/20 loss 1.1461 val acc 0.4516 (0.1s)
    epoch 10/20 loss 1.1398 val acc 0.2581 (0.1s)
    epoch 11/20 loss 1.1545 val acc 0.5484 (0.1s)
    epoch 12/20 loss 1.1318 val acc 0.3871 (0.1s)
    epoch 13/20 loss 1.1321 val acc 0.5161 (0.1s)
    epoch 14/20 loss 1.1246 val acc 0.4194 (0.1s)
    epoch 15/20 loss 1.1213 val acc 0.5161 (0.1s)
    epoch 16/20 loss 1.1141 val acc 0.5161 (0.1s)
    epoch 17/20 loss 1.1152 val acc 0.5161 (0.1s)
    epoch 18/20 loss 1.1107 val acc 0.4516 (0.1s)
    epoch 19/20 loss 1.1101 val acc 0.4516 (0.1s)
    epoch 20/20 loss 1.1071 val acc 0.4516 (0.1s)
  [customer_service.urgency] test acc 0.5300 macro-F1 0.2900 ECE 0.125 (T=0.99, 1s, 0.00M params)
  [invoice_processing.discrepancy_severity] probe split=6, 4 labels, 259 train
    epoch 1/20 loss 1.4165 val acc 0.2927 (0.1s)
    epoch 2/20 loss 1.2681 val acc 0.2927 (0.1s)
    epoch 3/20 loss 1.2877 val acc 0.2927 (0.1s)
    epoch 4/20 loss 1.3234 val acc 0.2927 (0.1s)
    epoch 5/20 loss 1.3793 val acc 0.4390 (0.1s)
    epoch 6/20 loss 1.3528 val acc 0.2927 (0.1s)
    epoch 7/20 loss 1.2629 val acc 0.2927 (0.1s)
    epoch 8/20 loss 1.2639 val acc 0.2927 (0.1s)
    epoch 9/20 loss 1.2998 val acc 0.2927 (0.1s)
    epoch 10/20 loss 1.2738 val acc 0.2927 (0.1s)
    epoch 11/20 loss 1.2254 val acc 0.2927 (0.1s)
    epoch 12/20 loss 1.2326 val acc 0.2927 (0.1s)
    epoch 13/20 loss 1.2378 val acc 0.3659 (0.1s)
    epoch 14/20 loss 1.2132 val acc 0.2927 (0.1s)
    epoch 15/20 loss 1.2166 val acc 0.2927 (0.1s)
    epoch 16/20 loss 1.2158 val acc 0.2927 (0.1s)
    epoch 17/20 loss 1.2089 val acc 0.2927 (0.1s)
    epoch 18/20 loss 1.2006 val acc 0.2927 (0.2s)
    epoch 19/20 loss 1.2091 val acc 0.2927 (0.1s)
    epoch 20/20 loss 1.2009 val acc 0.2927 (0.1s)
  [invoice_processing.discrepancy_severity] test acc 0.4700 macro-F1 0.1599 ECE 0.163 (T=1.21, 2s, 0.00M params)
  [invoice_processing.disposition] probe split=6, 4 labels, 259 train
    epoch 1/20 loss 1.3283 val acc 0.2439 (0.1s)
    epoch 2/20 loss 1.2777 val acc 0.2439 (0.1s)
    epoch 3/20 loss 1.2899 val acc 0.5366 (0.1s)
    epoch 4/20 loss 1.3017 val acc 0.2439 (0.1s)
    epoch 5/20 loss 1.3390 val acc 0.2439 (0.1s)
    epoch 6/20 loss 1.2901 val acc 0.4634 (0.1s)
    epoch 7/20 loss 1.3572 val acc 0.2439 (0.1s)
    epoch 8/20 loss 1.2580 val acc 0.3171 (0.1s)
    epoch 9/20 loss 1.2627 val acc 0.2439 (0.1s)
    epoch 10/20 loss 1.2747 val acc 0.3171 (0.1s)
    epoch 11/20 loss 1.2276 val acc 0.2683 (0.1s)
    epoch 12/20 loss 1.2224 val acc 0.3415 (0.1s)
    epoch 13/20 loss 1.2306 val acc 0.2439 (0.1s)
    epoch 14/20 loss 1.2219 val acc 0.2683 (0.1s)
    epoch 15/20 loss 1.2237 val acc 0.4878 (0.1s)
    epoch 16/20 loss 1.2210 val acc 0.4390 (0.1s)
    epoch 17/20 loss 1.2149 val acc 0.2683 (0.1s)
    epoch 18/20 loss 1.2086 val acc 0.2439 (0.1s)
    epoch 19/20 loss 1.2119 val acc 0.2683 (0.1s)
    epoch 20/20 loss 1.2089 val acc 0.2683 (0.1s)
  [invoice_processing.disposition] test acc 0.4500 macro-F1 0.1552 ECE 0.095 (T=1.41, 1s, 0.00M params)
  [invoice_processing.duplicate] probe split=6, 2 labels, 259 train
    epoch 1/20 loss 0.5546 val acc 0.8780 (0.1s)
    epoch 2/20 loss 0.3982 val acc 0.8780 (0.1s)
    epoch 3/20 loss 0.3296 val acc 0.8780 (0.1s)
    epoch 4/20 loss 0.3297 val acc 0.8780 (0.1s)
    epoch 5/20 loss 0.3386 val acc 0.8780 (0.1s)
    epoch 6/20 loss 0.3761 val acc 0.8780 (0.1s)
    epoch 7/20 loss 0.3511 val acc 0.8780 (0.1s)
    epoch 8/20 loss 0.3476 val acc 0.8780 (0.1s)
    epoch 9/20 loss 0.3313 val acc 0.8780 (0.1s)
    epoch 10/20 loss 0.3289 val acc 0.8780 (0.1s)
    epoch 11/20 loss 0.3231 val acc 0.8780 (0.1s)
    epoch 12/20 loss 0.3203 val acc 0.8780 (0.1s)
    epoch 13/20 loss 0.3260 val acc 0.8780 (0.1s)
    epoch 14/20 loss 0.3272 val acc 0.8780 (0.1s)
    epoch 15/20 loss 0.3238 val acc 0.8780 (0.1s)
    epoch 16/20 loss 0.3164 val acc 0.8780 (0.1s)
    epoch 17/20 loss 0.3137 val acc 0.8780 (0.1s)
    epoch 18/20 loss 0.3145 val acc 0.8780 (0.1s)
    epoch 19/20 loss 0.3112 val acc 0.8780 (0.1s)
    epoch 20/20 loss 0.3132 val acc 0.8780 (0.1s)
  [invoice_processing.duplicate] test acc 0.8900 macro-F1 0.4709 ECE 0.006 (T=1.04, 2s, 0.00M params)
  [invoice_processing.matches_order] probe split=6, 2 labels, 259 train
    epoch 1/20 loss 0.7038 val acc 0.6341 (0.1s)
    epoch 2/20 loss 0.6887 val acc 0.6341 (0.1s)
    epoch 3/20 loss 0.7046 val acc 0.3659 (0.1s)
    epoch 4/20 loss 0.7825 val acc 0.3659 (0.1s)
    epoch 5/20 loss 0.8634 val acc 0.6585 (0.1s)
    epoch 6/20 loss 0.7119 val acc 0.6341 (0.1s)
    epoch 7/20 loss 0.7402 val acc 0.6585 (0.1s)
    epoch 8/20 loss 0.6876 val acc 0.7317 (0.1s)
    epoch 9/20 loss 0.8580 val acc 0.6829 (0.1s)
    epoch 10/20 loss 0.6606 val acc 0.3659 (0.1s)
    epoch 11/20 loss 0.6764 val acc 0.4390 (0.1s)
    epoch 12/20 loss 0.6694 val acc 0.5122 (0.1s)
    epoch 13/20 loss 0.6680 val acc 0.6829 (0.1s)
    epoch 14/20 loss 0.6577 val acc 0.4146 (0.1s)
    epoch 15/20 loss 0.6522 val acc 0.4146 (0.1s)
    epoch 16/20 loss 0.6602 val acc 0.5854 (0.1s)
    epoch 17/20 loss 0.6532 val acc 0.4390 (0.1s)
    epoch 18/20 loss 0.6435 val acc 0.4634 (0.1s)
    epoch 19/20 loss 0.6424 val acc 0.4634 (0.1s)
    epoch 20/20 loss 0.6495 val acc 0.4634 (0.1s)
  [invoice_processing.matches_order] test acc 0.6600 macro-F1 0.6311 ECE 0.123 (T=1.34, 1s, 0.00M params)
  [invoice_processing.urgency] probe split=6, 4 labels, 259 train
    epoch 1/20 loss 1.2855 val acc 0.4634 (0.1s)
    epoch 2/20 loss 1.2121 val acc 0.4634 (0.1s)
    epoch 3/20 loss 1.2129 val acc 0.4634 (0.1s)
    epoch 4/20 loss 1.1993 val acc 0.4634 (0.1s)
    epoch 5/20 loss 1.1860 val acc 0.4878 (0.1s)
    epoch 6/20 loss 1.1966 val acc 0.4634 (0.1s)
    epoch 7/20 loss 1.1888 val acc 0.5610 (0.1s)
    epoch 8/20 loss 1.1704 val acc 0.4634 (0.1s)
    epoch 9/20 loss 1.1811 val acc 0.6585 (0.1s)
    epoch 10/20 loss 1.1758 val acc 0.5610 (0.1s)
    epoch 11/20 loss 1.1774 val acc 0.4878 (0.1s)
    epoch 12/20 loss 1.1783 val acc 0.6341 (0.1s)
    epoch 13/20 loss 1.1624 val acc 0.6585 (0.1s)
    epoch 14/20 loss 1.1581 val acc 0.6098 (0.1s)
    epoch 15/20 loss 1.1537 val acc 0.6829 (0.1s)
    epoch 16/20 loss 1.1516 val acc 0.6585 (0.1s)
    epoch 17/20 loss 1.1535 val acc 0.6341 (0.1s)
    epoch 18/20 loss 1.1490 val acc 0.6585 (0.1s)
    epoch 19/20 loss 1.1464 val acc 0.6829 (0.1s)
    epoch 20/20 loss 1.1504 val acc 0.6829 (0.1s)
  [invoice_processing.urgency] test acc 0.5500 macro-F1 0.2984 ECE 0.155 (T=0.87, 1s, 0.00M params)
  [security_incidents.credential_compromise] probe split=6, 2 labels, 278 train
    epoch 1/20 loss 0.6996 val acc 0.5909 (0.1s)
    epoch 2/20 loss 0.6962 val acc 0.5909 (0.1s)
    epoch 3/20 loss 0.7410 val acc 0.5909 (0.1s)
    epoch 4/20 loss 0.7298 val acc 0.5909 (0.1s)
    epoch 5/20 loss 0.6902 val acc 0.4091 (0.1s)
    epoch 6/20 loss 0.6912 val acc 0.5909 (0.1s)
    epoch 7/20 loss 0.7282 val acc 0.5909 (0.1s)
    epoch 8/20 loss 0.6852 val acc 0.4091 (0.1s)
    epoch 9/20 loss 0.6834 val acc 0.5455 (0.1s)
    epoch 10/20 loss 0.6775 val acc 0.4545 (0.1s)
    epoch 11/20 loss 0.6873 val acc 0.5455 (0.1s)
    epoch 12/20 loss 0.6747 val acc 0.5455 (0.1s)
    epoch 13/20 loss 0.6730 val acc 0.6364 (0.1s)
    epoch 14/20 loss 0.6725 val acc 0.5000 (0.1s)
    epoch 15/20 loss 0.6713 val acc 0.6364 (0.1s)
    epoch 16/20 loss 0.6704 val acc 0.5909 (0.1s)
    epoch 17/20 loss 0.6654 val acc 0.5000 (0.1s)
    epoch 18/20 loss 0.6670 val acc 0.5000 (0.1s)
    epoch 19/20 loss 0.6659 val acc 0.5909 (0.1s)
    epoch 20/20 loss 0.6666 val acc 0.5455 (0.1s)
  [security_incidents.credential_compromise] test acc 0.6300 macro-F1 0.6297 ECE 0.105 (T=1.00, 1s, 0.00M params)
  [security_incidents.disposition] probe split=6, 4 labels, 278 train
    epoch 1/20 loss 1.2685 val acc 0.7273 (0.1s)
    epoch 2/20 loss 1.2460 val acc 0.7273 (0.1s)
    epoch 3/20 loss 1.2480 val acc 0.7273 (0.1s)
    epoch 4/20 loss 1.2281 val acc 0.7273 (0.1s)
    epoch 5/20 loss 1.2281 val acc 0.7273 (0.1s)
    epoch 6/20 loss 1.2211 val acc 0.7273 (0.1s)
    epoch 7/20 loss 1.2202 val acc 0.7273 (0.1s)
    epoch 8/20 loss 1.2007 val acc 0.7273 (0.1s)
    epoch 9/20 loss 1.2090 val acc 0.7273 (0.1s)
    epoch 10/20 loss 1.1948 val acc 0.7273 (0.1s)
    epoch 11/20 loss 1.1975 val acc 0.7273 (0.1s)
    epoch 12/20 loss 1.1947 val acc 0.7273 (0.1s)
    epoch 13/20 loss 1.1876 val acc 0.7273 (0.1s)
    epoch 14/20 loss 1.1864 val acc 0.7273 (0.1s)
    epoch 15/20 loss 1.1868 val acc 0.7273 (0.1s)
    epoch 16/20 loss 1.1813 val acc 0.7273 (0.1s)
    epoch 17/20 loss 1.1778 val acc 0.7273 (0.1s)
    epoch 18/20 loss 1.1799 val acc 0.7273 (0.1s)
    epoch 19/20 loss 1.1787 val acc 0.7273 (0.1s)
    epoch 20/20 loss 1.1796 val acc 0.7273 (0.1s)
  [security_incidents.disposition] test acc 0.7400 macro-F1 0.2126 ECE 0.228 (T=1.00, 1s, 0.00M params)
  [security_incidents.severity] probe split=6, 5 labels, 278 train
    epoch 1/20 loss 1.6162 val acc 0.5909 (0.1s)
    epoch 2/20 loss 1.4914 val acc 0.5909 (0.1s)
    epoch 3/20 loss 1.4730 val acc 0.5909 (0.1s)
    epoch 4/20 loss 1.4814 val acc 0.5909 (0.1s)
    epoch 5/20 loss 1.4490 val acc 0.5909 (0.1s)
    epoch 6/20 loss 1.4542 val acc 0.5909 (0.1s)
    epoch 7/20 loss 1.4356 val acc 0.5909 (0.1s)
    epoch 8/20 loss 1.4276 val acc 0.5909 (0.1s)
    epoch 9/20 loss 1.4169 val acc 0.5909 (0.1s)
    epoch 10/20 loss 1.4120 val acc 0.6364 (0.1s)
    epoch 11/20 loss 1.4125 val acc 0.6364 (0.1s)
    epoch 12/20 loss 1.4117 val acc 0.6364 (0.1s)
    epoch 13/20 loss 1.4008 val acc 0.5909 (0.1s)
    epoch 14/20 loss 1.4079 val acc 0.5909 (0.1s)
    epoch 15/20 loss 1.4005 val acc 0.5909 (0.1s)
    epoch 16/20 loss 1.4077 val acc 0.5909 (0.1s)
    epoch 17/20 loss 1.3953 val acc 0.5909 (0.1s)
    epoch 18/20 loss 1.3913 val acc 0.6364 (0.1s)
    epoch 19/20 loss 1.3921 val acc 0.6364 (0.1s)
    epoch 20/20 loss 1.3933 val acc 0.6364 (0.1s)
  [security_incidents.severity] test acc 0.5300 macro-F1 0.1985 ECE 0.168 (T=1.00, 1s, 0.01M params)
  [security_incidents.true_positive] probe split=6, 2 labels, 278 train
    epoch 1/20 loss 0.6853 val acc 0.6364 (0.1s)
    epoch 2/20 loss 0.6773 val acc 0.6364 (0.1s)
    epoch 3/20 loss 0.7025 val acc 0.6364 (0.1s)
    epoch 4/20 loss 0.6743 val acc 0.6364 (0.1s)
    epoch 5/20 loss 0.6702 val acc 0.6364 (0.1s)
    epoch 6/20 loss 0.6740 val acc 0.6364 (0.1s)
    epoch 7/20 loss 0.6777 val acc 0.6364 (0.1s)
    epoch 8/20 loss 0.6545 val acc 0.6818 (0.1s)
    epoch 9/20 loss 0.6465 val acc 0.6818 (0.1s)
    epoch 10/20 loss 0.6502 val acc 0.6364 (0.1s)
    epoch 11/20 loss 0.6468 val acc 0.6364 (0.1s)
    epoch 12/20 loss 0.6450 val acc 0.6818 (0.1s)
    epoch 13/20 loss 0.6445 val acc 0.6364 (0.1s)
    epoch 14/20 loss 0.6456 val acc 0.6818 (0.1s)
    epoch 15/20 loss 0.6397 val acc 0.7273 (0.1s)
    epoch 16/20 loss 0.6351 val acc 0.6818 (0.1s)
    epoch 17/20 loss 0.6338 val acc 0.6818 (0.1s)
    epoch 18/20 loss 0.6331 val acc 0.7273 (0.1s)
    epoch 19/20 loss 0.6331 val acc 0.7273 (0.1s)
    epoch 20/20 loss 0.6332 val acc 0.7273 (0.1s)
  [security_incidents.true_positive] test acc 0.7800 macro-F1 0.6102 ECE 0.159 (T=1.00, 1s, 0.00M params)
  [security_incidents.urgency] probe split=6, 4 labels, 278 train
    epoch 1/20 loss 1.4281 val acc 0.5909 (0.1s)
    epoch 2/20 loss 1.2816 val acc 0.5909 (0.1s)
    epoch 3/20 loss 1.2611 val acc 0.5909 (0.1s)
    epoch 4/20 loss 1.2573 val acc 0.5909 (0.1s)
    epoch 5/20 loss 1.2516 val acc 0.5909 (0.1s)
    epoch 6/20 loss 1.2347 val acc 0.5909 (0.1s)
    epoch 7/20 loss 1.2319 val acc 0.5909 (0.1s)
    epoch 8/20 loss 1.2164 val acc 0.5909 (0.1s)
    epoch 9/20 loss 1.2069 val acc 0.5909 (0.1s)
    epoch 10/20 loss 1.2100 val acc 0.5909 (0.1s)
    epoch 11/20 loss 1.2003 val acc 0.6364 (0.1s)
    epoch 12/20 loss 1.1995 val acc 0.5909 (0.1s)
    epoch 13/20 loss 1.1949 val acc 0.5909 (0.1s)
    epoch 14/20 loss 1.1930 val acc 0.6818 (0.1s)
    epoch 15/20 loss 1.1915 val acc 0.6364 (0.1s)
    epoch 16/20 loss 1.1927 val acc 0.5909 (0.1s)
    epoch 17/20 loss 1.1833 val acc 0.6364 (0.1s)
    epoch 18/20 loss 1.1846 val acc 0.6364 (0.1s)
    epoch 19/20 loss 1.1842 val acc 0.6364 (0.1s)
    epoch 20/20 loss 1.1854 val acc 0.6364 (0.1s)
  [security_incidents.urgency] test acc 0.5600 macro-F1 0.2515 ECE 0.157 (T=1.00, 1s, 0.00M params)
   probe@6 mean: {"acc": 0.576, "macro_f1": 0.3529, "ece": 0.1287, "nll": 0.9473}
-- probe@11
  cached trunk depth 11 for 1600 messages in 7.8s (559 MB)
  [agent_trace_observability.action] probe split=11, 4 labels, 274 train
    epoch 1/20 loss 1.2856 val acc 0.5385 (0.0s)
    epoch 2/20 loss 1.2769 val acc 0.5385 (0.0s)
    epoch 3/20 loss 1.2692 val acc 0.5385 (0.0s)
    epoch 4/20 loss 1.2494 val acc 0.3846 (0.0s)
    epoch 5/20 loss 1.2457 val acc 0.3846 (0.0s)
    epoch 6/20 loss 1.2413 val acc 0.5385 (0.0s)
    epoch 7/20 loss 1.2264 val acc 0.5385 (0.0s)
    epoch 8/20 loss 1.2241 val acc 0.5385 (0.0s)
    epoch 9/20 loss 1.2138 val acc 0.6154 (0.0s)
    epoch 10/20 loss 1.2141 val acc 0.7308 (0.0s)
    epoch 11/20 loss 1.2070 val acc 0.6154 (0.0s)
    epoch 12/20 loss 1.2017 val acc 0.6154 (0.0s)
    epoch 13/20 loss 1.1989 val acc 0.6154 (0.0s)
    epoch 14/20 loss 1.1967 val acc 0.6538 (0.0s)
    epoch 15/20 loss 1.1932 val acc 0.6154 (0.0s)
    epoch 16/20 loss 1.1924 val acc 0.6538 (0.0s)
    epoch 17/20 loss 1.1900 val acc 0.6538 (0.0s)
    epoch 18/20 loss 1.1873 val acc 0.6538 (0.0s)
    epoch 19/20 loss 1.1914 val acc 0.6154 (0.0s)
    epoch 20/20 loss 1.1900 val acc 0.6154 (0.0s)
  [agent_trace_observability.action] test acc 0.4800 macro-F1 0.2783 ECE 0.138 (T=1.00, 1s, 0.00M params)
  [agent_trace_observability.needs_review] probe split=11, 2 labels, 274 train
    epoch 1/20 loss 0.6928 val acc 0.5385 (0.0s)
    epoch 2/20 loss 0.6961 val acc 0.5000 (0.0s)
    epoch 3/20 loss 0.6901 val acc 0.5000 (0.0s)
    epoch 4/20 loss 0.6829 val acc 0.7308 (0.0s)
    epoch 5/20 loss 0.6691 val acc 0.5000 (0.0s)
    epoch 6/20 loss 0.6815 val acc 0.6154 (0.0s)
    epoch 7/20 loss 0.6593 val acc 0.6538 (0.0s)
    epoch 8/20 loss 0.6579 val acc 0.6154 (0.0s)
    epoch 9/20 loss 0.6479 val acc 0.6538 (0.0s)
    epoch 10/20 loss 0.6474 val acc 0.7692 (0.0s)
    epoch 11/20 loss 0.6440 val acc 0.7308 (0.0s)
    epoch 12/20 loss 0.6383 val acc 0.7308 (0.0s)
    epoch 13/20 loss 0.6355 val acc 0.7308 (0.0s)
    epoch 14/20 loss 0.6375 val acc 0.6923 (0.0s)
    epoch 15/20 loss 0.6314 val acc 0.8077 (0.0s)
    epoch 16/20 loss 0.6303 val acc 0.7308 (0.0s)
    epoch 17/20 loss 0.6298 val acc 0.6923 (0.0s)
    epoch 18/20 loss 0.6275 val acc 0.6923 (0.0s)
    epoch 19/20 loss 0.6302 val acc 0.7308 (0.0s)
    epoch 20/20 loss 0.6292 val acc 0.7308 (0.0s)
  [agent_trace_observability.needs_review] test acc 0.8100 macro-F1 0.8095 ECE 0.223 (T=1.00, 1s, 0.00M params)
  [agent_trace_observability.outcome] probe split=11, 4 labels, 274 train
    epoch 1/20 loss 1.4212 val acc 0.5769 (0.0s)
    epoch 2/20 loss 1.3670 val acc 0.5769 (0.0s)
    epoch 3/20 loss 1.3540 val acc 0.6154 (0.0s)
    epoch 4/20 loss 1.3356 val acc 0.6154 (0.0s)
    epoch 5/20 loss 1.3246 val acc 0.5385 (0.0s)
    epoch 6/20 loss 1.3341 val acc 0.3462 (0.0s)
    epoch 7/20 loss 1.3072 val acc 0.2308 (0.0s)
    epoch 8/20 loss 1.3337 val acc 0.5769 (0.0s)
    epoch 9/20 loss 1.2959 val acc 0.5769 (0.0s)
    epoch 10/20 loss 1.2922 val acc 0.3462 (0.0s)
    epoch 11/20 loss 1.2867 val acc 0.5769 (0.0s)
    epoch 12/20 loss 1.2804 val acc 0.3462 (0.0s)
    epoch 13/20 loss 1.2747 val acc 0.5769 (0.0s)
    epoch 14/20 loss 1.2713 val acc 0.5769 (0.0s)
    epoch 15/20 loss 1.2698 val acc 0.5769 (0.0s)
    epoch 16/20 loss 1.2626 val acc 0.5769 (0.0s)
    epoch 17/20 loss 1.2627 val acc 0.5769 (0.0s)
    epoch 18/20 loss 1.2625 val acc 0.5769 (0.0s)
    epoch 19/20 loss 1.2626 val acc 0.5769 (0.0s)
    epoch 20/20 loss 1.2636 val acc 0.5769 (0.0s)
  [agent_trace_observability.outcome] test acc 0.2900 macro-F1 0.1499 ECE 0.088 (T=1.00, 1s, 0.00M params)
  [agent_trace_observability.risk] probe split=11, 4 labels, 274 train
    epoch 1/20 loss 1.3940 val acc 0.2692 (0.0s)
    epoch 2/20 loss 1.3886 val acc 0.2692 (0.0s)
    epoch 3/20 loss 1.3642 val acc 0.4615 (0.0s)
    epoch 4/20 loss 1.3387 val acc 0.2692 (0.0s)
    epoch 5/20 loss 1.3378 val acc 0.4231 (0.0s)
    epoch 6/20 loss 1.3557 val acc 0.4615 (0.0s)
    epoch 7/20 loss 1.3092 val acc 0.4615 (0.0s)
    epoch 8/20 loss 1.3223 val acc 0.2692 (0.0s)
    epoch 9/20 loss 1.2989 val acc 0.2692 (0.0s)
    epoch 10/20 loss 1.3077 val acc 0.3846 (0.0s)
    epoch 11/20 loss 1.2811 val acc 0.3077 (0.0s)
    epoch 12/20 loss 1.2753 val acc 0.4615 (0.0s)
    epoch 13/20 loss 1.2700 val acc 0.4231 (0.0s)
    epoch 14/20 loss 1.2630 val acc 0.4615 (0.0s)
    epoch 15/20 loss 1.2590 val acc 0.4231 (0.0s)
    epoch 16/20 loss 1.2577 val acc 0.4231 (0.0s)
    epoch 17/20 loss 1.2577 val acc 0.4231 (0.0s)
    epoch 18/20 loss 1.2526 val acc 0.4231 (0.0s)
    epoch 19/20 loss 1.2570 val acc 0.4231 (0.0s)
    epoch 20/20 loss 1.2513 val acc 0.4231 (0.0s)
  [agent_trace_observability.risk] test acc 0.3900 macro-F1 0.2913 ECE 0.068 (T=1.00, 1s, 0.00M params)
  [agent_trace_observability.urgency] probe split=11, 4 labels, 274 train
    epoch 1/20 loss 1.3762 val acc 0.6154 (0.0s)
    epoch 2/20 loss 1.3556 val acc 0.6154 (0.0s)
    epoch 3/20 loss 1.3531 val acc 0.5769 (0.0s)
    epoch 4/20 loss 1.3324 val acc 0.6154 (0.0s)
    epoch 5/20 loss 1.3350 val acc 0.3462 (0.0s)
    epoch 6/20 loss 1.3322 val acc 0.6154 (0.0s)
    epoch 7/20 loss 1.3038 val acc 0.5385 (0.0s)
    epoch 8/20 loss 1.3065 val acc 0.5385 (0.0s)
    epoch 9/20 loss 1.2849 val acc 0.6154 (0.0s)
    epoch 10/20 loss 1.2865 val acc 0.5000 (0.0s)
    epoch 11/20 loss 1.2770 val acc 0.5769 (0.0s)
    epoch 12/20 loss 1.2757 val acc 0.6538 (0.0s)
    epoch 13/20 loss 1.2676 val acc 0.6538 (0.0s)
    epoch 14/20 loss 1.2647 val acc 0.6154 (0.0s)
    epoch 15/20 loss 1.2618 val acc 0.6154 (0.0s)
    epoch 16/20 loss 1.2594 val acc 0.6538 (0.0s)
    epoch 17/20 loss 1.2574 val acc 0.6154 (0.0s)
    epoch 18/20 loss 1.2557 val acc 0.6154 (0.0s)
    epoch 19/20 loss 1.2587 val acc 0.6154 (0.0s)
    epoch 20/20 loss 1.2523 val acc 0.6154 (0.0s)
  [agent_trace_observability.urgency] test acc 0.3600 macro-F1 0.1585 ECE 0.097 (T=1.00, 1s, 0.00M params)
  [customer_service.action] probe split=11, 5 labels, 269 train
    epoch 1/20 loss 1.4249 val acc 0.5484 (0.1s)
    epoch 2/20 loss 1.2820 val acc 0.5484 (0.1s)
    epoch 3/20 loss 1.2764 val acc 0.5161 (0.1s)
    epoch 4/20 loss 1.2454 val acc 0.4839 (0.1s)
    epoch 5/20 loss 1.2324 val acc 0.5161 (0.1s)
    epoch 6/20 loss 1.2257 val acc 0.5161 (0.1s)
    epoch 7/20 loss 1.2104 val acc 0.3871 (0.1s)
    epoch 8/20 loss 1.2119 val acc 0.5484 (0.1s)
    epoch 9/20 loss 1.2022 val acc 0.5484 (0.1s)
    epoch 10/20 loss 1.1965 val acc 0.5161 (0.1s)
    epoch 11/20 loss 1.1902 val acc 0.4516 (0.1s)
    epoch 12/20 loss 1.1815 val acc 0.5484 (0.1s)
    epoch 13/20 loss 1.1770 val acc 0.5161 (0.1s)
    epoch 14/20 loss 1.1736 val acc 0.5161 (0.1s)
    epoch 15/20 loss 1.1732 val acc 0.5161 (0.1s)
    epoch 16/20 loss 1.1699 val acc 0.5161 (0.1s)
    epoch 17/20 loss 1.1727 val acc 0.5161 (0.1s)
    epoch 18/20 loss 1.1681 val acc 0.4839 (0.1s)
    epoch 19/20 loss 1.1687 val acc 0.5161 (0.1s)
    epoch 20/20 loss 1.1661 val acc 0.5161 (0.1s)
  [customer_service.action] test acc 0.5600 macro-F1 0.2307 ECE 0.155 (T=0.93, 2s, 0.01M params)
  [customer_service.category] probe split=11, 5 labels, 269 train
    epoch 1/20 loss 1.6168 val acc 0.1290 (0.1s)
    epoch 2/20 loss 1.5788 val acc 0.2258 (0.1s)
    epoch 3/20 loss 1.5451 val acc 0.2581 (0.1s)
    epoch 4/20 loss 1.5231 val acc 0.1290 (0.1s)
    epoch 5/20 loss 1.4763 val acc 0.4839 (0.1s)
    epoch 6/20 loss 1.4702 val acc 0.3226 (0.1s)
    epoch 7/20 loss 1.4183 val acc 0.2581 (0.1s)
    epoch 8/20 loss 1.3672 val acc 0.4194 (0.1s)
    epoch 9/20 loss 1.3439 val acc 0.3871 (0.1s)
    epoch 10/20 loss 1.3264 val acc 0.4516 (0.1s)
    epoch 11/20 loss 1.3006 val acc 0.3548 (0.1s)
    epoch 12/20 loss 1.2835 val acc 0.4516 (0.1s)
    epoch 13/20 loss 1.2620 val acc 0.3871 (0.1s)
    epoch 14/20 loss 1.2420 val acc 0.4516 (0.1s)
    epoch 15/20 loss 1.2366 val acc 0.4516 (0.1s)
    epoch 16/20 loss 1.2266 val acc 0.4516 (0.1s)
    epoch 17/20 loss 1.2188 val acc 0.4194 (0.1s)
    epoch 18/20 loss 1.2187 val acc 0.3871 (0.1s)
    epoch 19/20 loss 1.2203 val acc 0.3871 (0.1s)
    epoch 20/20 loss 1.2135 val acc 0.3871 (0.1s)
  [customer_service.category] test acc 0.6400 macro-F1 0.5015 ECE 0.160 (T=0.42, 1s, 0.01M params)
  [customer_service.churn_risk] probe split=11, 4 labels, 269 train
    epoch 1/20 loss 1.4431 val acc 0.5161 (0.1s)
    epoch 2/20 loss 1.3132 val acc 0.5161 (0.1s)
    epoch 3/20 loss 1.2840 val acc 0.5161 (0.1s)
    epoch 4/20 loss 1.2763 val acc 0.5161 (0.1s)
    epoch 5/20 loss 1.2629 val acc 0.1613 (0.1s)
    epoch 6/20 loss 1.2595 val acc 0.3548 (0.1s)
    epoch 7/20 loss 1.2432 val acc 0.4839 (0.1s)
    epoch 8/20 loss 1.2337 val acc 0.5484 (0.1s)
    epoch 9/20 loss 1.2193 val acc 0.4839 (0.1s)
    epoch 10/20 loss 1.2238 val acc 0.5161 (0.1s)
    epoch 11/20 loss 1.2087 val acc 0.5484 (0.1s)
    epoch 12/20 loss 1.1986 val acc 0.4839 (0.1s)
    epoch 13/20 loss 1.1936 val acc 0.5484 (0.1s)
    epoch 14/20 loss 1.1821 val acc 0.5161 (0.1s)
    epoch 15/20 loss 1.1865 val acc 0.4839 (0.1s)
    epoch 16/20 loss 1.1781 val acc 0.5806 (0.1s)
    epoch 17/20 loss 1.1849 val acc 0.5484 (0.1s)
    epoch 18/20 loss 1.1804 val acc 0.5484 (0.1s)
    epoch 19/20 loss 1.1772 val acc 0.5484 (0.1s)
    epoch 20/20 loss 1.1778 val acc 0.5484 (0.1s)
  [customer_service.churn_risk] test acc 0.5800 macro-F1 0.3677 ECE 0.146 (T=0.85, 2s, 0.00M params)
  [customer_service.needs_human] probe split=11, 2 labels, 269 train
    epoch 1/20 loss 0.7005 val acc 0.7419 (0.1s)
    epoch 2/20 loss 0.7250 val acc 0.2581 (0.1s)
    epoch 3/20 loss 0.7080 val acc 0.4839 (0.1s)
    epoch 4/20 loss 0.6751 val acc 0.5806 (0.1s)
    epoch 5/20 loss 0.6762 val acc 0.7419 (0.1s)
    epoch 6/20 loss 0.6676 val acc 0.7419 (0.1s)
    epoch 7/20 loss 0.6571 val acc 0.6452 (0.1s)
    epoch 8/20 loss 0.6580 val acc 0.7742 (0.1s)
    epoch 9/20 loss 0.6582 val acc 0.7419 (0.1s)
    epoch 10/20 loss 0.6524 val acc 0.7097 (0.1s)
    epoch 11/20 loss 0.6492 val acc 0.5806 (0.1s)
    epoch 12/20 loss 0.6397 val acc 0.7742 (0.1s)
    epoch 13/20 loss 0.6369 val acc 0.6452 (0.1s)
    epoch 14/20 loss 0.6331 val acc 0.7742 (0.1s)
    epoch 15/20 loss 0.6339 val acc 0.6774 (0.1s)
    epoch 16/20 loss 0.6343 val acc 0.5806 (0.1s)
    epoch 17/20 loss 0.6354 val acc 0.6452 (0.1s)
    epoch 18/20 loss 0.6322 val acc 0.7097 (0.1s)
    epoch 19/20 loss 0.6306 val acc 0.7097 (0.1s)
    epoch 20/20 loss 0.6323 val acc 0.7097 (0.1s)
  [customer_service.needs_human] test acc 0.7100 macro-F1 0.5842 ECE 0.116 (T=0.75, 2s, 0.00M params)
  [customer_service.urgency] probe split=11, 4 labels, 269 train
    epoch 1/20 loss 1.5116 val acc 0.2581 (0.1s)
    epoch 2/20 loss 1.2340 val acc 0.3226 (0.1s)
    epoch 3/20 loss 1.1989 val acc 0.5484 (0.1s)
    epoch 4/20 loss 1.1852 val acc 0.5161 (0.1s)
    epoch 5/20 loss 1.1704 val acc 0.5161 (0.1s)
    epoch 6/20 loss 1.1495 val acc 0.4516 (0.1s)
    epoch 7/20 loss 1.1401 val acc 0.3871 (0.1s)
    epoch 8/20 loss 1.1270 val acc 0.5806 (0.1s)
    epoch 9/20 loss 1.1230 val acc 0.5806 (0.1s)
    epoch 10/20 loss 1.1281 val acc 0.4194 (0.1s)
    epoch 11/20 loss 1.1255 val acc 0.5484 (0.1s)
    epoch 12/20 loss 1.1124 val acc 0.4516 (0.1s)
    epoch 13/20 loss 1.1109 val acc 0.5806 (0.1s)
    epoch 14/20 loss 1.0998 val acc 0.4516 (0.1s)
    epoch 15/20 loss 1.0991 val acc 0.4516 (0.1s)
    epoch 16/20 loss 1.0970 val acc 0.4839 (0.1s)
    epoch 17/20 loss 1.1005 val acc 0.4516 (0.1s)
    epoch 18/20 loss 1.0922 val acc 0.4839 (0.1s)
    epoch 19/20 loss 1.0929 val acc 0.4839 (0.1s)
    epoch 20/20 loss 1.0913 val acc 0.4839 (0.1s)
  [customer_service.urgency] test acc 0.5500 macro-F1 0.3244 ECE 0.150 (T=0.93, 1s, 0.00M params)
  [invoice_processing.discrepancy_severity] probe split=11, 4 labels, 259 train
    epoch 1/20 loss 1.4238 val acc 0.2927 (0.1s)
    epoch 2/20 loss 1.2626 val acc 0.2927 (0.1s)
    epoch 3/20 loss 1.2991 val acc 0.2927 (0.1s)
    epoch 4/20 loss 1.2978 val acc 0.2927 (0.1s)
    epoch 5/20 loss 1.3207 val acc 0.5366 (0.1s)
    epoch 6/20 loss 1.2897 val acc 0.2927 (0.1s)
    epoch 7/20 loss 1.2404 val acc 0.3659 (0.1s)
    epoch 8/20 loss 1.2469 val acc 0.2927 (0.1s)
    epoch 9/20 loss 1.2823 val acc 0.2927 (0.1s)
    epoch 10/20 loss 1.2180 val acc 0.2927 (0.1s)
    epoch 11/20 loss 1.2146 val acc 0.2927 (0.1s)
    epoch 12/20 loss 1.2119 val acc 0.2927 (0.1s)
    epoch 13/20 loss 1.2109 val acc 0.4634 (0.1s)
    epoch 14/20 loss 1.2033 val acc 0.2927 (0.1s)
    epoch 15/20 loss 1.2004 val acc 0.2927 (0.1s)
    epoch 16/20 loss 1.1998 val acc 0.3171 (0.1s)
    epoch 17/20 loss 1.1926 val acc 0.2927 (0.1s)
    epoch 18/20 loss 1.1824 val acc 0.2927 (0.1s)
    epoch 19/20 loss 1.1879 val acc 0.2927 (0.1s)
    epoch 20/20 loss 1.1859 val acc 0.2927 (0.1s)
  [invoice_processing.discrepancy_severity] test acc 0.4700 macro-F1 0.1599 ECE 0.156 (T=1.17, 1s, 0.00M params)
  [invoice_processing.disposition] probe split=11, 4 labels, 259 train
    epoch 1/20 loss 1.2867 val acc 0.2439 (0.1s)
    epoch 2/20 loss 1.2547 val acc 0.2439 (0.1s)
    epoch 3/20 loss 1.2818 val acc 0.2439 (0.1s)
    epoch 4/20 loss 1.2577 val acc 0.2439 (0.1s)
    epoch 5/20 loss 1.2938 val acc 0.2439 (0.1s)
    epoch 6/20 loss 1.2639 val acc 0.4634 (0.1s)
    epoch 7/20 loss 1.2890 val acc 0.2439 (0.1s)
    epoch 8/20 loss 1.2498 val acc 0.2439 (0.1s)
    epoch 9/20 loss 1.2505 val acc 0.2439 (0.1s)
    epoch 10/20 loss 1.2527 val acc 0.3415 (0.1s)
    epoch 11/20 loss 1.2204 val acc 0.2439 (0.1s)
    epoch 12/20 loss 1.2083 val acc 0.3659 (0.1s)
    epoch 13/20 loss 1.2185 val acc 0.3171 (0.1s)
    epoch 14/20 loss 1.2083 val acc 0.2439 (0.1s)
    epoch 15/20 loss 1.2077 val acc 0.4146 (0.1s)
    epoch 16/20 loss 1.2088 val acc 0.4390 (0.1s)
    epoch 17/20 loss 1.2010 val acc 0.2927 (0.1s)
    epoch 18/20 loss 1.1910 val acc 0.2683 (0.1s)
    epoch 19/20 loss 1.1942 val acc 0.2683 (0.1s)
    epoch 20/20 loss 1.1971 val acc 0.2683 (0.1s)
  [invoice_processing.disposition] test acc 0.5000 macro-F1 0.2189 ECE 0.127 (T=1.34, 1s, 0.00M params)
  [invoice_processing.duplicate] probe split=11, 2 labels, 259 train
    epoch 1/20 loss 0.5523 val acc 0.8780 (0.1s)
    epoch 2/20 loss 0.3492 val acc 0.8780 (0.1s)
    epoch 3/20 loss 0.3267 val acc 0.8780 (0.1s)
    epoch 4/20 loss 0.3242 val acc 0.8780 (0.1s)
    epoch 5/20 loss 0.3381 val acc 0.8780 (0.1s)
    epoch 6/20 loss 0.3325 val acc 0.8780 (0.1s)
    epoch 7/20 loss 0.3374 val acc 0.8780 (0.1s)
    epoch 8/20 loss 0.3413 val acc 0.8780 (0.1s)
    epoch 9/20 loss 0.3384 val acc 0.8780 (0.1s)
    epoch 10/20 loss 0.3213 val acc 0.8780 (0.1s)
    epoch 11/20 loss 0.3125 val acc 0.8780 (0.1s)
    epoch 12/20 loss 0.3157 val acc 0.8780 (0.1s)
    epoch 13/20 loss 0.3198 val acc 0.8780 (0.1s)
    epoch 14/20 loss 0.3149 val acc 0.8780 (0.1s)
    epoch 15/20 loss 0.3158 val acc 0.8780 (0.1s)
    epoch 16/20 loss 0.3135 val acc 0.8780 (0.1s)
    epoch 17/20 loss 0.3107 val acc 0.8780 (0.1s)
    epoch 18/20 loss 0.3117 val acc 0.8780 (0.1s)
    epoch 19/20 loss 0.3074 val acc 0.8780 (0.1s)
    epoch 20/20 loss 0.3097 val acc 0.8780 (0.1s)
  [invoice_processing.duplicate] test acc 0.8900 macro-F1 0.4709 ECE 0.013 (T=1.05, 1s, 0.00M params)
  [invoice_processing.matches_order] probe split=11, 2 labels, 259 train
    epoch 1/20 loss 0.6960 val acc 0.4634 (0.1s)
    epoch 2/20 loss 0.6873 val acc 0.6098 (0.1s)
    epoch 3/20 loss 0.6996 val acc 0.3659 (0.1s)
    epoch 4/20 loss 0.7717 val acc 0.7073 (0.1s)
    epoch 5/20 loss 0.7576 val acc 0.6341 (0.1s)
    epoch 6/20 loss 0.7545 val acc 0.3659 (0.1s)
    epoch 7/20 loss 0.6834 val acc 0.6341 (0.1s)
    epoch 8/20 loss 0.7074 val acc 0.3659 (0.1s)
    epoch 9/20 loss 0.7052 val acc 0.3659 (0.1s)
    epoch 10/20 loss 0.7040 val acc 0.6829 (0.1s)
    epoch 11/20 loss 0.6555 val acc 0.3659 (0.1s)
    epoch 12/20 loss 0.6640 val acc 0.7561 (0.1s)
    epoch 13/20 loss 0.6513 val acc 0.5854 (0.1s)
    epoch 14/20 loss 0.6463 val acc 0.4146 (0.1s)
    epoch 15/20 loss 0.6459 val acc 0.7073 (0.1s)
    epoch 16/20 loss 0.6464 val acc 0.6829 (0.1s)
    epoch 17/20 loss 0.6474 val acc 0.4634 (0.1s)
    epoch 18/20 loss 0.6430 val acc 0.4634 (0.1s)
    epoch 19/20 loss 0.6425 val acc 0.4634 (0.1s)
    epoch 20/20 loss 0.6410 val acc 0.4634 (0.1s)
  [invoice_processing.matches_order] test acc 0.6700 macro-F1 0.6239 ECE 0.132 (T=1.68, 1s, 0.00M params)
  [invoice_processing.urgency] probe split=11, 4 labels, 259 train
    epoch 1/20 loss 1.3200 val acc 0.4634 (0.1s)
    epoch 2/20 loss 1.2082 val acc 0.4634 (0.1s)
    epoch 3/20 loss 1.2108 val acc 0.4634 (0.1s)
    epoch 4/20 loss 1.1945 val acc 0.4634 (0.1s)
    epoch 5/20 loss 1.1882 val acc 0.4634 (0.1s)
    epoch 6/20 loss 1.1875 val acc 0.5366 (0.1s)
    epoch 7/20 loss 1.1787 val acc 0.6098 (0.1s)
    epoch 8/20 loss 1.1774 val acc 0.4634 (0.1s)
    epoch 9/20 loss 1.1929 val acc 0.4878 (0.1s)
    epoch 10/20 loss 1.1939 val acc 0.4634 (0.1s)
    epoch 11/20 loss 1.2045 val acc 0.4878 (0.1s)
    epoch 12/20 loss 1.1969 val acc 0.6829 (0.1s)
    epoch 13/20 loss 1.1665 val acc 0.6341 (0.1s)
    epoch 14/20 loss 1.1596 val acc 0.6341 (0.1s)
    epoch 15/20 loss 1.1584 val acc 0.6341 (0.1s)
    epoch 16/20 loss 1.1528 val acc 0.6341 (0.1s)
    epoch 17/20 loss 1.1559 val acc 0.6341 (0.1s)
    epoch 18/20 loss 1.1538 val acc 0.6585 (0.1s)
    epoch 19/20 loss 1.1506 val acc 0.6341 (0.1s)
    epoch 20/20 loss 1.1513 val acc 0.6585 (0.1s)
  [invoice_processing.urgency] test acc 0.5700 macro-F1 0.3107 ECE 0.151 (T=0.92, 1s, 0.00M params)
  [security_incidents.credential_compromise] probe split=11, 2 labels, 278 train
    epoch 1/20 loss 0.6972 val acc 0.5909 (0.1s)
    epoch 2/20 loss 0.6920 val acc 0.5909 (0.1s)
    epoch 3/20 loss 0.7124 val acc 0.5909 (0.1s)
    epoch 4/20 loss 0.7000 val acc 0.5909 (0.1s)
    epoch 5/20 loss 0.7028 val acc 0.5909 (0.1s)
    epoch 6/20 loss 0.7148 val acc 0.4091 (0.1s)
    epoch 7/20 loss 0.6775 val acc 0.5455 (0.1s)
    epoch 8/20 loss 0.6747 val acc 0.4091 (0.1s)
    epoch 9/20 loss 0.6716 val acc 0.6364 (0.1s)
    epoch 10/20 loss 0.6684 val acc 0.5455 (0.1s)
    epoch 11/20 loss 0.6745 val acc 0.5000 (0.1s)
    epoch 12/20 loss 0.6743 val acc 0.6364 (0.1s)
    epoch 13/20 loss 0.6671 val acc 0.5909 (0.1s)
    epoch 14/20 loss 0.6648 val acc 0.5909 (0.1s)
    epoch 15/20 loss 0.6644 val acc 0.6364 (0.1s)
    epoch 16/20 loss 0.6623 val acc 0.5000 (0.1s)
    epoch 17/20 loss 0.6600 val acc 0.5000 (0.1s)
    epoch 18/20 loss 0.6595 val acc 0.5000 (0.1s)
    epoch 19/20 loss 0.6605 val acc 0.5000 (0.1s)
    epoch 20/20 loss 0.6606 val acc 0.5455 (0.1s)
  [security_incidents.credential_compromise] test acc 0.6600 macro-F1 0.6599 ECE 0.098 (T=1.00, 1s, 0.00M params)
  [security_incidents.disposition] probe split=11, 4 labels, 278 train
    epoch 1/20 loss 1.3003 val acc 0.7273 (0.1s)
    epoch 2/20 loss 1.2439 val acc 0.7273 (0.1s)
    epoch 3/20 loss 1.2432 val acc 0.7273 (0.1s)
    epoch 4/20 loss 1.2224 val acc 0.7273 (0.1s)
    epoch 5/20 loss 1.2112 val acc 0.7273 (0.1s)
    epoch 6/20 loss 1.2056 val acc 0.7273 (0.1s)
    epoch 7/20 loss 1.2024 val acc 0.7273 (0.1s)
    epoch 8/20 loss 1.1911 val acc 0.7273 (0.1s)
    epoch 9/20 loss 1.1892 val acc 0.7273 (0.1s)
    epoch 10/20 loss 1.1814 val acc 0.7273 (0.1s)
    epoch 11/20 loss 1.1821 val acc 0.7273 (0.1s)
    epoch 12/20 loss 1.1742 val acc 0.7273 (0.1s)
    epoch 13/20 loss 1.1745 val acc 0.7273 (0.1s)
    epoch 14/20 loss 1.1716 val acc 0.7273 (0.1s)
    epoch 15/20 loss 1.1713 val acc 0.7273 (0.1s)
    epoch 16/20 loss 1.1671 val acc 0.7273 (0.1s)
    epoch 17/20 loss 1.1637 val acc 0.7273 (0.1s)
    epoch 18/20 loss 1.1656 val acc 0.7273 (0.1s)
    epoch 19/20 loss 1.1641 val acc 0.7273 (0.1s)
    epoch 20/20 loss 1.1656 val acc 0.7273 (0.1s)
  [security_incidents.disposition] test acc 0.7400 macro-F1 0.2126 ECE 0.249 (T=1.00, 1s, 0.00M params)
  [security_incidents.severity] probe split=11, 5 labels, 278 train
    epoch 1/20 loss 1.6850 val acc 0.5909 (0.1s)
    epoch 2/20 loss 1.4784 val acc 0.5909 (0.1s)
    epoch 3/20 loss 1.4707 val acc 0.5909 (0.1s)
    epoch 4/20 loss 1.4549 val acc 0.5909 (0.1s)
    epoch 5/20 loss 1.4374 val acc 0.6364 (0.1s)
    epoch 6/20 loss 1.4232 val acc 0.6364 (0.1s)
    epoch 7/20 loss 1.4158 val acc 0.5909 (0.1s)
    epoch 8/20 loss 1.4061 val acc 0.5909 (0.1s)
    epoch 9/20 loss 1.3944 val acc 0.5909 (0.1s)
    epoch 10/20 loss 1.3919 val acc 0.7727 (0.1s)
    epoch 11/20 loss 1.3919 val acc 0.7273 (0.1s)
    epoch 12/20 loss 1.3872 val acc 0.6364 (0.1s)
    epoch 13/20 loss 1.3821 val acc 0.5909 (0.1s)
    epoch 14/20 loss 1.3822 val acc 0.7273 (0.1s)
    epoch 15/20 loss 1.3771 val acc 0.5909 (0.1s)
    epoch 16/20 loss 1.3785 val acc 0.5909 (0.1s)
    epoch 17/20 loss 1.3718 val acc 0.6364 (0.1s)
    epoch 18/20 loss 1.3672 val acc 0.6364 (0.1s)
    epoch 19/20 loss 1.3710 val acc 0.6364 (0.1s)
    epoch 20/20 loss 1.3707 val acc 0.6364 (0.1s)
  [security_incidents.severity] test acc 0.5300 macro-F1 0.2286 ECE 0.195 (T=1.00, 1s, 0.01M params)
  [security_incidents.true_positive] probe split=11, 2 labels, 278 train
    epoch 1/20 loss 0.6862 val acc 0.6364 (0.1s)
    epoch 2/20 loss 0.6758 val acc 0.6364 (0.1s)
    epoch 3/20 loss 0.6992 val acc 0.6364 (0.1s)
    epoch 4/20 loss 0.6759 val acc 0.6364 (0.1s)
    epoch 5/20 loss 0.6648 val acc 0.6364 (0.1s)
    epoch 6/20 loss 0.6546 val acc 0.6364 (0.1s)
    epoch 7/20 loss 0.6573 val acc 0.6364 (0.1s)
    epoch 8/20 loss 0.6441 val acc 0.6818 (0.1s)
    epoch 9/20 loss 0.6359 val acc 0.6364 (0.1s)
    epoch 10/20 loss 0.6358 val acc 0.7273 (0.1s)
    epoch 11/20 loss 0.6378 val acc 0.7273 (0.1s)
    epoch 12/20 loss 0.6312 val acc 0.6818 (0.1s)
    epoch 13/20 loss 0.6347 val acc 0.6818 (0.1s)
    epoch 14/20 loss 0.6337 val acc 0.6818 (0.1s)
    epoch 15/20 loss 0.6311 val acc 0.6818 (0.1s)
    epoch 16/20 loss 0.6269 val acc 0.6818 (0.1s)
    epoch 17/20 loss 0.6268 val acc 0.6818 (0.1s)
    epoch 18/20 loss 0.6258 val acc 0.7273 (0.1s)
    epoch 19/20 loss 0.6257 val acc 0.7273 (0.1s)
    epoch 20/20 loss 0.6265 val acc 0.7273 (0.1s)
  [security_incidents.true_positive] test acc 0.7300 macro-F1 0.6129 ECE 0.190 (T=1.00, 1s, 0.00M params)
  [security_incidents.urgency] probe split=11, 4 labels, 278 train
    epoch 1/20 loss 1.5129 val acc 0.5909 (0.1s)
    epoch 2/20 loss 1.2749 val acc 0.5909 (0.1s)
    epoch 3/20 loss 1.2363 val acc 0.5909 (0.1s)
    epoch 4/20 loss 1.2253 val acc 0.5909 (0.1s)
    epoch 5/20 loss 1.2218 val acc 0.5455 (0.1s)
    epoch 6/20 loss 1.2124 val acc 0.5909 (0.1s)
    epoch 7/20 loss 1.2071 val acc 0.5909 (0.1s)
    epoch 8/20 loss 1.1955 val acc 0.5455 (0.1s)
    epoch 9/20 loss 1.1908 val acc 0.5455 (0.1s)
    epoch 10/20 loss 1.1871 val acc 0.5909 (0.1s)
    epoch 11/20 loss 1.1841 val acc 0.5000 (0.1s)
    epoch 12/20 loss 1.1864 val acc 0.5455 (0.1s)
    epoch 13/20 loss 1.1793 val acc 0.5455 (0.1s)
    epoch 14/20 loss 1.1786 val acc 0.5000 (0.1s)
    epoch 15/20 loss 1.1768 val acc 0.5455 (0.1s)
    epoch 16/20 loss 1.1748 val acc 0.5455 (0.1s)
    epoch 17/20 loss 1.1712 val acc 0.5455 (0.1s)
    epoch 18/20 loss 1.1695 val acc 0.5000 (0.1s)
    epoch 19/20 loss 1.1717 val acc 0.5000 (0.1s)
    epoch 20/20 loss 1.1713 val acc 0.5000 (0.1s)
  [security_incidents.urgency] test acc 0.5700 macro-F1 0.3075 ECE 0.162 (T=1.00, 1s, 0.00M params)
   probe@11 mean: {"acc": 0.585, "macro_f1": 0.3751, "ece": 0.1407, "nll": 0.9299}
-- probe@16
  cached trunk depth 16 for 1600 messages in 11.2s (559 MB)
  [agent_trace_observability.action] probe split=16, 4 labels, 274 train
    epoch 1/20 loss 1.2831 val acc 0.5385 (0.0s)
    epoch 2/20 loss 1.2746 val acc 0.5385 (0.0s)
    epoch 3/20 loss 1.2726 val acc 0.5385 (0.0s)
    epoch 4/20 loss 1.2489 val acc 0.4231 (0.0s)
    epoch 5/20 loss 1.2433 val acc 0.4615 (0.0s)
    epoch 6/20 loss 1.2410 val acc 0.5769 (0.0s)
    epoch 7/20 loss 1.2281 val acc 0.5769 (0.0s)
    epoch 8/20 loss 1.2226 val acc 0.5769 (0.0s)
    epoch 9/20 loss 1.2108 val acc 0.6538 (0.0s)
    epoch 10/20 loss 1.2118 val acc 0.6538 (0.0s)
    epoch 11/20 loss 1.2025 val acc 0.6923 (0.0s)
    epoch 12/20 loss 1.1982 val acc 0.6923 (0.0s)
    epoch 13/20 loss 1.1949 val acc 0.6154 (0.0s)
    epoch 14/20 loss 1.1924 val acc 0.6538 (0.0s)
    epoch 15/20 loss 1.1922 val acc 0.6923 (0.0s)
    epoch 16/20 loss 1.1885 val acc 0.6538 (0.0s)
    epoch 17/20 loss 1.1857 val acc 0.6923 (0.0s)
    epoch 18/20 loss 1.1863 val acc 0.6923 (0.0s)
    epoch 19/20 loss 1.1880 val acc 0.6923 (0.0s)
    epoch 20/20 loss 1.1876 val acc 0.6923 (0.0s)
  [agent_trace_observability.action] test acc 0.5000 macro-F1 0.2909 ECE 0.118 (T=1.00, 1s, 0.00M params)
  [agent_trace_observability.needs_review] probe split=16, 2 labels, 274 train
    epoch 1/20 loss 0.6949 val acc 0.5000 (0.0s)
    epoch 2/20 loss 0.7004 val acc 0.5385 (0.0s)
    epoch 3/20 loss 0.6960 val acc 0.5000 (0.0s)
    epoch 4/20 loss 0.6854 val acc 0.5385 (0.0s)
    epoch 5/20 loss 0.6741 val acc 0.5385 (0.0s)
    epoch 6/20 loss 0.6668 val acc 0.5000 (0.0s)
    epoch 7/20 loss 0.6646 val acc 0.5000 (0.0s)
    epoch 8/20 loss 0.6808 val acc 0.8077 (0.0s)
    epoch 9/20 loss 0.6564 val acc 0.7692 (0.0s)
    epoch 10/20 loss 0.6522 val acc 0.7692 (0.0s)
    epoch 11/20 loss 0.6431 val acc 0.8077 (0.0s)
    epoch 12/20 loss 0.6379 val acc 0.8077 (0.0s)
    epoch 13/20 loss 0.6363 val acc 0.8077 (0.0s)
    epoch 14/20 loss 0.6334 val acc 0.8077 (0.0s)
    epoch 15/20 loss 0.6359 val acc 0.8462 (0.0s)
    epoch 16/20 loss 0.6314 val acc 0.8077 (0.0s)
    epoch 17/20 loss 0.6290 val acc 0.8077 (0.0s)
    epoch 18/20 loss 0.6309 val acc 0.7692 (0.0s)
    epoch 19/20 loss 0.6333 val acc 0.7692 (0.0s)
    epoch 20/20 loss 0.6307 val acc 0.7692 (0.0s)
  [agent_trace_observability.needs_review] test acc 0.7800 macro-F1 0.7799 ECE 0.204 (T=1.00, 1s, 0.00M params)
  [agent_trace_observability.outcome] probe split=16, 4 labels, 274 train
    epoch 1/20 loss 1.4132 val acc 0.3846 (0.0s)
    epoch 2/20 loss 1.3685 val acc 0.5769 (0.0s)
    epoch 3/20 loss 1.3640 val acc 0.5769 (0.0s)
    epoch 4/20 loss 1.3405 val acc 0.5769 (0.0s)
    epoch 5/20 loss 1.3370 val acc 0.5000 (0.0s)
    epoch 6/20 loss 1.3366 val acc 0.2308 (0.0s)
    epoch 7/20 loss 1.3100 val acc 0.2308 (0.0s)
    epoch 8/20 loss 1.3350 val acc 0.5769 (0.0s)
    epoch 9/20 loss 1.3012 val acc 0.5769 (0.0s)
    epoch 10/20 loss 1.2963 val acc 0.2308 (0.0s)
    epoch 11/20 loss 1.2893 val acc 0.5769 (0.0s)
    epoch 12/20 loss 1.2836 val acc 0.1923 (0.0s)
    epoch 13/20 loss 1.2755 val acc 0.5769 (0.0s)
    epoch 14/20 loss 1.2728 val acc 0.5769 (0.0s)
    epoch 15/20 loss 1.2696 val acc 0.5385 (0.0s)
    epoch 16/20 loss 1.2638 val acc 0.6154 (0.0s)
    epoch 17/20 loss 1.2616 val acc 0.5769 (0.0s)
    epoch 18/20 loss 1.2632 val acc 0.5769 (0.0s)
    epoch 19/20 loss 1.2645 val acc 0.5769 (0.0s)
    epoch 20/20 loss 1.2632 val acc 0.5769 (0.0s)
  [agent_trace_observability.outcome] test acc 0.2900 macro-F1 0.1499 ECE 0.093 (T=1.00, 1s, 0.00M params)
  [agent_trace_observability.risk] probe split=16, 4 labels, 274 train
    epoch 1/20 loss 1.3950 val acc 0.2692 (0.0s)
    epoch 2/20 loss 1.3927 val acc 0.3462 (0.0s)
    epoch 3/20 loss 1.3633 val acc 0.4615 (0.0s)
    epoch 4/20 loss 1.3401 val acc 0.2692 (0.0s)
    epoch 5/20 loss 1.3432 val acc 0.5000 (0.0s)
    epoch 6/20 loss 1.3437 val acc 0.4231 (0.0s)
    epoch 7/20 loss 1.3081 val acc 0.5385 (0.0s)
    epoch 8/20 loss 1.3089 val acc 0.3846 (0.0s)
    epoch 9/20 loss 1.2908 val acc 0.2692 (0.0s)
    epoch 10/20 loss 1.2955 val acc 0.3846 (0.0s)
    epoch 11/20 loss 1.2728 val acc 0.4615 (0.0s)
    epoch 12/20 loss 1.2658 val acc 0.4231 (0.0s)
    epoch 13/20 loss 1.2612 val acc 0.4615 (0.0s)
    epoch 14/20 loss 1.2521 val acc 0.4231 (0.0s)
    epoch 15/20 loss 1.2562 val acc 0.4231 (0.0s)
    epoch 16/20 loss 1.2518 val acc 0.5000 (0.0s)
    epoch 17/20 loss 1.2475 val acc 0.5000 (0.0s)
    epoch 18/20 loss 1.2462 val acc 0.4231 (0.0s)
    epoch 19/20 loss 1.2509 val acc 0.4231 (0.0s)
    epoch 20/20 loss 1.2471 val acc 0.4231 (0.0s)
  [agent_trace_observability.risk] test acc 0.4000 macro-F1 0.3019 ECE 0.097 (T=1.00, 1s, 0.00M params)
  [agent_trace_observability.urgency] probe split=16, 4 labels, 274 train
    epoch 1/20 loss 1.3797 val acc 0.6154 (0.0s)
    epoch 2/20 loss 1.3582 val acc 0.6154 (0.0s)
    epoch 3/20 loss 1.3556 val acc 0.2308 (0.0s)
    epoch 4/20 loss 1.3380 val acc 0.5769 (0.0s)
    epoch 5/20 loss 1.3343 val acc 0.3077 (0.0s)
    epoch 6/20 loss 1.3325 val acc 0.5385 (0.0s)
    epoch 7/20 loss 1.3051 val acc 0.5385 (0.0s)
    epoch 8/20 loss 1.3018 val acc 0.5769 (0.0s)
    epoch 9/20 loss 1.2819 val acc 0.5769 (0.0s)
    epoch 10/20 loss 1.2862 val acc 0.5000 (0.0s)
    epoch 11/20 loss 1.2728 val acc 0.6154 (0.0s)
    epoch 12/20 loss 1.2704 val acc 0.6154 (0.0s)
    epoch 13/20 loss 1.2654 val acc 0.6154 (0.0s)
    epoch 14/20 loss 1.2578 val acc 0.6154 (0.0s)
    epoch 15/20 loss 1.2603 val acc 0.6154 (0.0s)
    epoch 16/20 loss 1.2554 val acc 0.5769 (0.0s)
    epoch 17/20 loss 1.2523 val acc 0.5385 (0.0s)
    epoch 18/20 loss 1.2522 val acc 0.5385 (0.0s)
    epoch 19/20 loss 1.2574 val acc 0.5385 (0.0s)
    epoch 20/20 loss 1.2510 val acc 0.5385 (0.0s)
  [agent_trace_observability.urgency] test acc 0.3900 macro-F1 0.1877 ECE 0.098 (T=1.00, 1s, 0.00M params)
  [customer_service.action] probe split=16, 5 labels, 269 train
    epoch 1/20 loss 1.4175 val acc 0.5484 (0.1s)
    epoch 2/20 loss 1.2768 val acc 0.5484 (0.1s)
    epoch 3/20 loss 1.2735 val acc 0.5484 (0.1s)
    epoch 4/20 loss 1.2519 val acc 0.4194 (0.1s)
    epoch 5/20 loss 1.2336 val acc 0.5161 (0.1s)
    epoch 6/20 loss 1.2278 val acc 0.5484 (0.1s)
    epoch 7/20 loss 1.2135 val acc 0.4839 (0.1s)
    epoch 8/20 loss 1.2161 val acc 0.5484 (0.1s)
    epoch 9/20 loss 1.2071 val acc 0.5484 (0.1s)
    epoch 10/20 loss 1.1986 val acc 0.5484 (0.1s)
    epoch 11/20 loss 1.1972 val acc 0.4839 (0.1s)
    epoch 12/20 loss 1.1915 val acc 0.4839 (0.1s)
    epoch 13/20 loss 1.1803 val acc 0.5161 (0.1s)
    epoch 14/20 loss 1.1775 val acc 0.4516 (0.1s)
    epoch 15/20 loss 1.1757 val acc 0.5161 (0.1s)
    epoch 16/20 loss 1.1752 val acc 0.5161 (0.1s)
    epoch 17/20 loss 1.1725 val acc 0.5484 (0.1s)
    epoch 18/20 loss 1.1717 val acc 0.5161 (0.1s)
    epoch 19/20 loss 1.1726 val acc 0.5161 (0.1s)
    epoch 20/20 loss 1.1695 val acc 0.5161 (0.1s)
  [customer_service.action] test acc 0.5600 macro-F1 0.2227 ECE 0.127 (T=0.95, 1s, 0.01M params)
  [customer_service.category] probe split=16, 5 labels, 269 train
    epoch 1/20 loss 1.6314 val acc 0.1290 (0.1s)
    epoch 2/20 loss 1.5864 val acc 0.2581 (0.1s)
    epoch 3/20 loss 1.5466 val acc 0.2903 (0.1s)
    epoch 4/20 loss 1.5255 val acc 0.1290 (0.1s)
    epoch 5/20 loss 1.4831 val acc 0.4839 (0.1s)
    epoch 6/20 loss 1.4698 val acc 0.4516 (0.1s)
    epoch 7/20 loss 1.4222 val acc 0.2903 (0.1s)
    epoch 8/20 loss 1.3713 val acc 0.4194 (0.1s)
    epoch 9/20 loss 1.3491 val acc 0.4194 (0.1s)
    epoch 10/20 loss 1.3352 val acc 0.6129 (0.1s)
    epoch 11/20 loss 1.3068 val acc 0.3871 (0.1s)
    epoch 12/20 loss 1.2983 val acc 0.6129 (0.1s)
    epoch 13/20 loss 1.2699 val acc 0.3548 (0.1s)
    epoch 14/20 loss 1.2581 val acc 0.5806 (0.1s)
    epoch 15/20 loss 1.2427 val acc 0.6129 (0.1s)
    epoch 16/20 loss 1.2453 val acc 0.5484 (0.1s)
    epoch 17/20 loss 1.2381 val acc 0.4839 (0.1s)
    epoch 18/20 loss 1.2354 val acc 0.5806 (0.1s)
    epoch 19/20 loss 1.2322 val acc 0.5806 (0.1s)
    epoch 20/20 loss 1.2275 val acc 0.5806 (0.1s)
  [customer_service.category] test acc 0.5900 macro-F1 0.4466 ECE 0.115 (T=0.44, 2s, 0.01M params)
  [customer_service.churn_risk] probe split=16, 4 labels, 269 train
    epoch 1/20 loss 1.4200 val acc 0.5161 (0.1s)
    epoch 2/20 loss 1.3120 val acc 0.5161 (0.1s)
    epoch 3/20 loss 1.2818 val acc 0.6129 (0.1s)
    epoch 4/20 loss 1.2703 val acc 0.4839 (0.1s)
    epoch 5/20 loss 1.2671 val acc 0.1935 (0.1s)
    epoch 6/20 loss 1.2587 val acc 0.2581 (0.1s)
    epoch 7/20 loss 1.2481 val acc 0.4839 (0.1s)
    epoch 8/20 loss 1.2351 val acc 0.5806 (0.1s)
    epoch 9/20 loss 1.2200 val acc 0.4516 (0.1s)
    epoch 10/20 loss 1.2228 val acc 0.4839 (0.1s)
    epoch 11/20 loss 1.2134 val acc 0.5806 (0.1s)
    epoch 12/20 loss 1.1950 val acc 0.4516 (0.1s)
    epoch 13/20 loss 1.1970 val acc 0.5161 (0.1s)
    epoch 14/20 loss 1.1842 val acc 0.5484 (0.1s)
    epoch 15/20 loss 1.1869 val acc 0.5484 (0.1s)
    epoch 16/20 loss 1.1800 val acc 0.5161 (0.1s)
    epoch 17/20 loss 1.1833 val acc 0.5161 (0.1s)
    epoch 18/20 loss 1.1820 val acc 0.5161 (0.1s)
    epoch 19/20 loss 1.1782 val acc 0.5161 (0.1s)
    epoch 20/20 loss 1.1787 val acc 0.5161 (0.1s)
  [customer_service.churn_risk] test acc 0.5900 macro-F1 0.3939 ECE 0.174 (T=0.96, 1s, 0.00M params)
  [customer_service.needs_human] probe split=16, 2 labels, 269 train
    epoch 1/20 loss 0.7008 val acc 0.7419 (0.1s)
    epoch 2/20 loss 0.7305 val acc 0.2581 (0.1s)
    epoch 3/20 loss 0.7221 val acc 0.4194 (0.1s)
    epoch 4/20 loss 0.7047 val acc 0.7419 (0.1s)
    epoch 5/20 loss 0.6847 val acc 0.7742 (0.1s)
    epoch 6/20 loss 0.6787 val acc 0.7742 (0.1s)
    epoch 7/20 loss 0.6527 val acc 0.5806 (0.1s)
    epoch 8/20 loss 0.6612 val acc 0.7742 (0.1s)
    epoch 9/20 loss 0.6549 val acc 0.7742 (0.1s)
    epoch 10/20 loss 0.6500 val acc 0.7742 (0.1s)
    epoch 11/20 loss 0.6642 val acc 0.5806 (0.1s)
    epoch 12/20 loss 0.6430 val acc 0.7419 (0.1s)
    epoch 13/20 loss 0.6401 val acc 0.6129 (0.1s)
    epoch 14/20 loss 0.6321 val acc 0.7097 (0.1s)
    epoch 15/20 loss 0.6355 val acc 0.7097 (0.1s)
    epoch 16/20 loss 0.6330 val acc 0.6129 (0.1s)
    epoch 17/20 loss 0.6316 val acc 0.6129 (0.1s)
    epoch 18/20 loss 0.6333 val acc 0.7097 (0.1s)
    epoch 19/20 loss 0.6304 val acc 0.7097 (0.1s)
    epoch 20/20 loss 0.6311 val acc 0.7097 (0.1s)
  [customer_service.needs_human] test acc 0.7400 macro-F1 0.6082 ECE 0.118 (T=0.81, 1s, 0.00M params)
  [customer_service.urgency] probe split=16, 4 labels, 269 train
    epoch 1/20 loss 1.4738 val acc 0.3548 (0.1s)
    epoch 2/20 loss 1.2294 val acc 0.3226 (0.1s)
    epoch 3/20 loss 1.2084 val acc 0.5161 (0.1s)
    epoch 4/20 loss 1.1938 val acc 0.5161 (0.1s)
    epoch 5/20 loss 1.1739 val acc 0.5161 (0.1s)
    epoch 6/20 loss 1.1563 val acc 0.3226 (0.1s)
    epoch 7/20 loss 1.1483 val acc 0.2903 (0.1s)
    epoch 8/20 loss 1.1381 val acc 0.5484 (0.1s)
    epoch 9/20 loss 1.1322 val acc 0.5806 (0.1s)
    epoch 10/20 loss 1.1354 val acc 0.3871 (0.1s)
    epoch 11/20 loss 1.1325 val acc 0.5484 (0.1s)
    epoch 12/20 loss 1.1220 val acc 0.3871 (0.1s)
    epoch 13/20 loss 1.1167 val acc 0.5484 (0.1s)
    epoch 14/20 loss 1.1091 val acc 0.4194 (0.1s)
    epoch 15/20 loss 1.1036 val acc 0.5161 (0.1s)
    epoch 16/20 loss 1.1046 val acc 0.5806 (0.1s)
    epoch 17/20 loss 1.1040 val acc 0.5806 (0.1s)
    epoch 18/20 loss 1.1027 val acc 0.5484 (0.1s)
    epoch 19/20 loss 1.0988 val acc 0.5484 (0.1s)
    epoch 20/20 loss 1.0978 val acc 0.5484 (0.1s)
  [customer_service.urgency] test acc 0.5800 macro-F1 0.3404 ECE 0.153 (T=0.95, 1s, 0.00M params)
  [invoice_processing.discrepancy_severity] probe split=16, 4 labels, 259 train
    epoch 1/20 loss 1.4627 val acc 0.2927 (0.1s)
    epoch 2/20 loss 1.2637 val acc 0.2927 (0.1s)
    epoch 3/20 loss 1.2872 val acc 0.2927 (0.1s)
    epoch 4/20 loss 1.2998 val acc 0.2927 (0.1s)
    epoch 5/20 loss 1.3231 val acc 0.4146 (0.1s)
    epoch 6/20 loss 1.2754 val acc 0.2927 (0.1s)
    epoch 7/20 loss 1.2339 val acc 0.4634 (0.1s)
    epoch 8/20 loss 1.2390 val acc 0.2927 (0.1s)
    epoch 9/20 loss 1.2601 val acc 0.2927 (0.1s)
    epoch 10/20 loss 1.2198 val acc 0.2927 (0.1s)
    epoch 11/20 loss 1.2030 val acc 0.2927 (0.1s)
    epoch 12/20 loss 1.1950 val acc 0.3171 (0.1s)
    epoch 13/20 loss 1.1957 val acc 0.3659 (0.1s)
    epoch 14/20 loss 1.1844 val acc 0.2927 (0.1s)
    epoch 15/20 loss 1.1834 val acc 0.3171 (0.1s)
    epoch 16/20 loss 1.1860 val acc 0.3415 (0.1s)
    epoch 17/20 loss 1.1794 val acc 0.3171 (0.1s)
    epoch 18/20 loss 1.1708 val acc 0.2927 (0.1s)
    epoch 19/20 loss 1.1774 val acc 0.2927 (0.1s)
    epoch 20/20 loss 1.1732 val acc 0.2927 (0.1s)
  [invoice_processing.discrepancy_severity] test acc 0.5100 macro-F1 0.2143 ECE 0.165 (T=1.13, 1s, 0.00M params)
  [invoice_processing.disposition] probe split=16, 4 labels, 259 train
    epoch 1/20 loss 1.3181 val acc 0.2439 (0.1s)
    epoch 2/20 loss 1.2554 val acc 0.2439 (0.1s)
    epoch 3/20 loss 1.2772 val acc 0.2683 (0.1s)
    epoch 4/20 loss 1.2706 val acc 0.2439 (0.1s)
    epoch 5/20 loss 1.2976 val acc 0.2683 (0.1s)
    epoch 6/20 loss 1.2741 val acc 0.4634 (0.1s)
    epoch 7/20 loss 1.2751 val acc 0.3415 (0.1s)
    epoch 8/20 loss 1.2400 val acc 0.2683 (0.1s)
    epoch 9/20 loss 1.2652 val acc 0.2683 (0.1s)
    epoch 10/20 loss 1.2308 val acc 0.3171 (0.1s)
    epoch 11/20 loss 1.2083 val acc 0.2927 (0.1s)
    epoch 12/20 loss 1.1966 val acc 0.4634 (0.1s)
    epoch 13/20 loss 1.2039 val acc 0.3902 (0.1s)
    epoch 14/20 loss 1.1901 val acc 0.2927 (0.1s)
    epoch 15/20 loss 1.1879 val acc 0.4878 (0.1s)
    epoch 16/20 loss 1.1950 val acc 0.4878 (0.1s)
    epoch 17/20 loss 1.1872 val acc 0.3659 (0.1s)
    epoch 18/20 loss 1.1778 val acc 0.2927 (0.1s)
    epoch 19/20 loss 1.1817 val acc 0.3171 (0.1s)
    epoch 20/20 loss 1.1805 val acc 0.3659 (0.1s)
  [invoice_processing.disposition] test acc 0.5200 macro-F1 0.2399 ECE 0.139 (T=1.27, 1s, 0.00M params)
  [invoice_processing.duplicate] probe split=16, 2 labels, 259 train
    epoch 1/20 loss 0.5797 val acc 0.8780 (0.1s)
    epoch 2/20 loss 0.3518 val acc 0.8780 (0.1s)
    epoch 3/20 loss 0.3273 val acc 0.8780 (0.1s)
    epoch 4/20 loss 0.3224 val acc 0.8780 (0.1s)
    epoch 5/20 loss 0.3364 val acc 0.8780 (0.1s)
    epoch 6/20 loss 0.3367 val acc 0.8780 (0.1s)
    epoch 7/20 loss 0.3358 val acc 0.8780 (0.1s)
    epoch 8/20 loss 0.3414 val acc 0.8780 (0.1s)
    epoch 9/20 loss 0.3265 val acc 0.8780 (0.1s)
    epoch 10/20 loss 0.3198 val acc 0.8780 (0.1s)
    epoch 11/20 loss 0.3121 val acc 0.8780 (0.1s)
    epoch 12/20 loss 0.3124 val acc 0.8780 (0.1s)
    epoch 13/20 loss 0.3145 val acc 0.8780 (0.1s)
    epoch 14/20 loss 0.3097 val acc 0.8780 (0.1s)
    epoch 15/20 loss 0.3109 val acc 0.8780 (0.1s)
    epoch 16/20 loss 0.3070 val acc 0.8780 (0.1s)
    epoch 17/20 loss 0.3058 val acc 0.8780 (0.1s)
    epoch 18/20 loss 0.3077 val acc 0.8780 (0.1s)
    epoch 19/20 loss 0.3026 val acc 0.8780 (0.1s)
    epoch 20/20 loss 0.3042 val acc 0.8780 (0.1s)
  [invoice_processing.duplicate] test acc 0.8900 macro-F1 0.4709 ECE 0.021 (T=1.03, 1s, 0.00M params)
  [invoice_processing.matches_order] probe split=16, 2 labels, 259 train
    epoch 1/20 loss 0.7009 val acc 0.6341 (0.1s)
    epoch 2/20 loss 0.6882 val acc 0.3659 (0.1s)
    epoch 3/20 loss 0.6984 val acc 0.3659 (0.1s)
    epoch 4/20 loss 0.7762 val acc 0.7561 (0.1s)
    epoch 5/20 loss 0.7516 val acc 0.6341 (0.1s)
    epoch 6/20 loss 0.7547 val acc 0.3659 (0.1s)
    epoch 7/20 loss 0.6847 val acc 0.6341 (0.1s)
    epoch 8/20 loss 0.7028 val acc 0.3659 (0.1s)
    epoch 9/20 loss 0.6942 val acc 0.3659 (0.1s)
    epoch 10/20 loss 0.6942 val acc 0.7561 (0.1s)
    epoch 11/20 loss 0.6434 val acc 0.3659 (0.1s)
    epoch 12/20 loss 0.6533 val acc 0.5854 (0.1s)
    epoch 13/20 loss 0.6442 val acc 0.7805 (0.1s)
    epoch 14/20 loss 0.6318 val acc 0.5366 (0.1s)
    epoch 15/20 loss 0.6283 val acc 0.4634 (0.1s)
    epoch 16/20 loss 0.6295 val acc 0.5610 (0.1s)
    epoch 17/20 loss 0.6248 val acc 0.5122 (0.1s)
    epoch 18/20 loss 0.6244 val acc 0.5610 (0.1s)
    epoch 19/20 loss 0.6262 val acc 0.5854 (0.1s)
    epoch 20/20 loss 0.6185 val acc 0.5854 (0.1s)
  [invoice_processing.matches_order] test acc 0.7600 macro-F1 0.7453 ECE 0.160 (T=0.66, 1s, 0.00M params)
  [invoice_processing.urgency] probe split=16, 4 labels, 259 train
    epoch 1/20 loss 1.3115 val acc 0.4634 (0.1s)
    epoch 2/20 loss 1.2091 val acc 0.4634 (0.1s)
    epoch 3/20 loss 1.2127 val acc 0.4634 (0.1s)
    epoch 4/20 loss 1.1898 val acc 0.4634 (0.1s)
    epoch 5/20 loss 1.1895 val acc 0.4634 (0.1s)
    epoch 6/20 loss 1.1892 val acc 0.4634 (0.1s)
    epoch 7/20 loss 1.1793 val acc 0.5122 (0.1s)
    epoch 8/20 loss 1.1791 val acc 0.4634 (0.1s)
    epoch 9/20 loss 1.2041 val acc 0.4878 (0.1s)
    epoch 10/20 loss 1.2166 val acc 0.4634 (0.1s)
    epoch 11/20 loss 1.1819 val acc 0.5122 (0.1s)
    epoch 12/20 loss 1.1797 val acc 0.6585 (0.1s)
    epoch 13/20 loss 1.1697 val acc 0.6585 (0.1s)
    epoch 14/20 loss 1.1552 val acc 0.6585 (0.1s)
    epoch 15/20 loss 1.1527 val acc 0.6585 (0.1s)
    epoch 16/20 loss 1.1529 val acc 0.6585 (0.1s)
    epoch 17/20 loss 1.1537 val acc 0.6585 (0.1s)
    epoch 18/20 loss 1.1502 val acc 0.6585 (0.1s)
    epoch 19/20 loss 1.1497 val acc 0.7317 (0.1s)
    epoch 20/20 loss 1.1510 val acc 0.7317 (0.1s)
  [invoice_processing.urgency] test acc 0.6200 macro-F1 0.3394 ECE 0.189 (T=0.90, 1s, 0.00M params)
  [security_incidents.credential_compromise] probe split=16, 2 labels, 278 train
    epoch 1/20 loss 0.6954 val acc 0.5909 (0.1s)
    epoch 2/20 loss 0.6928 val acc 0.6364 (0.1s)
    epoch 3/20 loss 0.7070 val acc 0.5909 (0.1s)
    epoch 4/20 loss 0.7177 val acc 0.5909 (0.1s)
    epoch 5/20 loss 0.6988 val acc 0.5909 (0.1s)
    epoch 6/20 loss 0.7288 val acc 0.5000 (0.1s)
    epoch 7/20 loss 0.6773 val acc 0.5455 (0.1s)
    epoch 8/20 loss 0.6764 val acc 0.4091 (0.1s)
    epoch 9/20 loss 0.6938 val acc 0.6364 (0.1s)
    epoch 10/20 loss 0.6779 val acc 0.6818 (0.1s)
    epoch 11/20 loss 0.6812 val acc 0.4545 (0.1s)
    epoch 12/20 loss 0.6751 val acc 0.6364 (0.1s)
    epoch 13/20 loss 0.6709 val acc 0.5000 (0.1s)
    epoch 14/20 loss 0.6667 val acc 0.5000 (0.1s)
    epoch 15/20 loss 0.6659 val acc 0.6364 (0.1s)
    epoch 16/20 loss 0.6648 val acc 0.5455 (0.1s)
    epoch 17/20 loss 0.6616 val acc 0.5000 (0.1s)
    epoch 18/20 loss 0.6640 val acc 0.5000 (0.1s)
    epoch 19/20 loss 0.6610 val acc 0.5000 (0.1s)
    epoch 20/20 loss 0.6632 val acc 0.5000 (0.1s)
  [security_incidents.credential_compromise] test acc 0.6400 macro-F1 0.6399 ECE 0.083 (T=1.00, 1s, 0.00M params)
  [security_incidents.disposition] probe split=16, 4 labels, 278 train
    epoch 1/20 loss 1.2771 val acc 0.7273 (0.1s)
    epoch 2/20 loss 1.2443 val acc 0.7273 (0.1s)
    epoch 3/20 loss 1.2418 val acc 0.7273 (0.1s)
    epoch 4/20 loss 1.2237 val acc 0.7273 (0.1s)
    epoch 5/20 loss 1.2154 val acc 0.7273 (0.1s)
    epoch 6/20 loss 1.2092 val acc 0.7273 (0.1s)
    epoch 7/20 loss 1.2055 val acc 0.7273 (0.1s)
    epoch 8/20 loss 1.1931 val acc 0.7273 (0.1s)
    epoch 9/20 loss 1.1960 val acc 0.7273 (0.1s)
    epoch 10/20 loss 1.1911 val acc 0.7273 (0.1s)
    epoch 11/20 loss 1.1864 val acc 0.7273 (0.1s)
    epoch 12/20 loss 1.1778 val acc 0.7273 (0.1s)
    epoch 13/20 loss 1.1779 val acc 0.7273 (0.1s)
    epoch 14/20 loss 1.1749 val acc 0.7273 (0.1s)
    epoch 15/20 loss 1.1724 val acc 0.7273 (0.1s)
    epoch 16/20 loss 1.1682 val acc 0.7273 (0.1s)
    epoch 17/20 loss 1.1670 val acc 0.7273 (0.1s)
    epoch 18/20 loss 1.1682 val acc 0.7273 (0.1s)
    epoch 19/20 loss 1.1673 val acc 0.7273 (0.1s)
    epoch 20/20 loss 1.1690 val acc 0.7273 (0.1s)
  [security_incidents.disposition] test acc 0.7400 macro-F1 0.2126 ECE 0.220 (T=1.00, 1s, 0.00M params)
  [security_incidents.severity] probe split=16, 5 labels, 278 train
    epoch 1/20 loss 1.6540 val acc 0.5909 (0.1s)
    epoch 2/20 loss 1.4774 val acc 0.5909 (0.1s)
    epoch 3/20 loss 1.4682 val acc 0.5909 (0.1s)
    epoch 4/20 loss 1.4558 val acc 0.5909 (0.1s)
    epoch 5/20 loss 1.4377 val acc 0.5909 (0.1s)
    epoch 6/20 loss 1.4338 val acc 0.5455 (0.1s)
    epoch 7/20 loss 1.4147 val acc 0.5909 (0.1s)
    epoch 8/20 loss 1.4084 val acc 0.6818 (0.1s)
    epoch 9/20 loss 1.3966 val acc 0.6818 (0.1s)
    epoch 10/20 loss 1.3935 val acc 0.6818 (0.1s)
    epoch 11/20 loss 1.3941 val acc 0.7273 (0.1s)
    epoch 12/20 loss 1.3881 val acc 0.7727 (0.1s)
    epoch 13/20 loss 1.3845 val acc 0.5455 (0.1s)
    epoch 14/20 loss 1.3872 val acc 0.7273 (0.1s)
    epoch 15/20 loss 1.3786 val acc 0.5909 (0.1s)
    epoch 16/20 loss 1.3779 val acc 0.5909 (0.1s)
    epoch 17/20 loss 1.3749 val acc 0.7273 (0.1s)
    epoch 18/20 loss 1.3696 val acc 0.7727 (0.1s)
    epoch 19/20 loss 1.3738 val acc 0.7273 (0.1s)
    epoch 20/20 loss 1.3740 val acc 0.7273 (0.1s)
  [security_incidents.severity] test acc 0.5600 macro-F1 0.2420 ECE 0.188 (T=1.00, 1s, 0.01M params)
  [security_incidents.true_positive] probe split=16, 2 labels, 278 train
    epoch 1/20 loss 0.6787 val acc 0.6364 (0.1s)
    epoch 2/20 loss 0.6702 val acc 0.6364 (0.1s)
    epoch 3/20 loss 0.6888 val acc 0.6364 (0.1s)
    epoch 4/20 loss 0.6743 val acc 0.6364 (0.1s)
    epoch 5/20 loss 0.6551 val acc 0.6818 (0.1s)
    epoch 6/20 loss 0.6581 val acc 0.6364 (0.1s)
    epoch 7/20 loss 0.6629 val acc 0.6364 (0.1s)
    epoch 8/20 loss 0.6397 val acc 0.6364 (0.1s)
    epoch 9/20 loss 0.6386 val acc 0.6818 (0.1s)
    epoch 10/20 loss 0.6357 val acc 0.7273 (0.1s)
    epoch 11/20 loss 0.6408 val acc 0.6818 (0.1s)
    epoch 12/20 loss 0.6349 val acc 0.8182 (0.1s)
    epoch 13/20 loss 0.6357 val acc 0.6818 (0.1s)
    epoch 14/20 loss 0.6372 val acc 0.6818 (0.1s)
    epoch 15/20 loss 0.6311 val acc 0.6818 (0.1s)
    epoch 16/20 loss 0.6293 val acc 0.7727 (0.1s)
    epoch 17/20 loss 0.6278 val acc 0.7273 (0.1s)
    epoch 18/20 loss 0.6291 val acc 0.7727 (0.1s)
    epoch 19/20 loss 0.6254 val acc 0.8182 (0.1s)
    epoch 20/20 loss 0.6278 val acc 0.8182 (0.1s)
  [security_incidents.true_positive] test acc 0.7500 macro-F1 0.6297 ECE 0.132 (T=1.00, 1s, 0.00M params)
  [security_incidents.urgency] probe split=16, 4 labels, 278 train
    epoch 1/20 loss 1.4737 val acc 0.5909 (0.1s)
    epoch 2/20 loss 1.2856 val acc 0.5909 (0.1s)
    epoch 3/20 loss 1.2366 val acc 0.5909 (0.1s)
    epoch 4/20 loss 1.2268 val acc 0.5909 (0.1s)
    epoch 5/20 loss 1.2201 val acc 0.3636 (0.1s)
    epoch 6/20 loss 1.2116 val acc 0.5909 (0.1s)
    epoch 7/20 loss 1.2098 val acc 0.5909 (0.1s)
    epoch 8/20 loss 1.1995 val acc 0.5909 (0.1s)
    epoch 9/20 loss 1.1927 val acc 0.6364 (0.1s)
    epoch 10/20 loss 1.1920 val acc 0.6364 (0.1s)
    epoch 11/20 loss 1.1887 val acc 0.6364 (0.1s)
    epoch 12/20 loss 1.1878 val acc 0.5909 (0.1s)
    epoch 13/20 loss 1.1831 val acc 0.5909 (0.1s)
    epoch 14/20 loss 1.1831 val acc 0.5909 (0.1s)
    epoch 15/20 loss 1.1785 val acc 0.5909 (0.1s)
    epoch 16/20 loss 1.1761 val acc 0.5909 (0.1s)
    epoch 17/20 loss 1.1743 val acc 0.5455 (0.1s)
    epoch 18/20 loss 1.1713 val acc 0.6364 (0.1s)
    epoch 19/20 loss 1.1740 val acc 0.5909 (0.1s)
    epoch 20/20 loss 1.1719 val acc 0.5909 (0.1s)
  [security_incidents.urgency] test acc 0.5600 macro-F1 0.2674 ECE 0.181 (T=1.00, 1s, 0.00M params)
   probe@16 mean: {"acc": 0.5985, "macro_f1": 0.3862, "ece": 0.1387, "nll": 0.9306}
-- probe@22
  cached trunk depth 22 for 1600 messages in 15.4s (559 MB)
  [agent_trace_observability.action] probe split=22, 4 labels, 274 train
    epoch 1/20 loss 1.2865 val acc 0.5385 (0.0s)
    epoch 2/20 loss 1.2762 val acc 0.5385 (0.0s)
    epoch 3/20 loss 1.2770 val acc 0.5385 (0.0s)
    epoch 4/20 loss 1.2427 val acc 0.3846 (0.0s)
    epoch 5/20 loss 1.2312 val acc 0.5385 (0.0s)
    epoch 6/20 loss 1.2496 val acc 0.5385 (0.0s)
    epoch 7/20 loss 1.2274 val acc 0.5769 (0.0s)
    epoch 8/20 loss 1.2127 val acc 0.5385 (0.0s)
    epoch 9/20 loss 1.2014 val acc 0.5769 (0.0s)
    epoch 10/20 loss 1.2116 val acc 0.6923 (0.0s)
    epoch 11/20 loss 1.2007 val acc 0.7308 (0.0s)
    epoch 12/20 loss 1.1882 val acc 0.6154 (0.0s)
    epoch 13/20 loss 1.1824 val acc 0.5385 (0.0s)
    epoch 14/20 loss 1.1797 val acc 0.6154 (0.0s)
    epoch 15/20 loss 1.1768 val acc 0.6538 (0.0s)
    epoch 16/20 loss 1.1777 val acc 0.6154 (0.0s)
    epoch 17/20 loss 1.1697 val acc 0.6538 (0.0s)
    epoch 18/20 loss 1.1709 val acc 0.6154 (0.0s)
    epoch 19/20 loss 1.1725 val acc 0.6154 (0.0s)
    epoch 20/20 loss 1.1715 val acc 0.6154 (0.0s)
  [agent_trace_observability.action] test acc 0.4500 macro-F1 0.2618 ECE 0.105 (T=1.00, 1s, 0.00M params)
  [agent_trace_observability.needs_review] probe split=22, 2 labels, 274 train
    epoch 1/20 loss 0.6987 val acc 0.5000 (0.0s)
    epoch 2/20 loss 0.7088 val acc 0.5000 (0.0s)
    epoch 3/20 loss 0.6845 val acc 0.5000 (0.0s)
    epoch 4/20 loss 0.6719 val acc 0.7308 (0.0s)
    epoch 5/20 loss 0.6580 val acc 0.5000 (0.0s)
    epoch 6/20 loss 0.6763 val acc 0.6154 (0.0s)
    epoch 7/20 loss 0.6439 val acc 0.5000 (0.0s)
    epoch 8/20 loss 0.6562 val acc 0.5385 (0.0s)
    epoch 9/20 loss 0.6449 val acc 0.7308 (0.0s)
    epoch 10/20 loss 0.6417 val acc 0.6538 (0.0s)
    epoch 11/20 loss 0.6542 val acc 0.6538 (0.0s)
    epoch 12/20 loss 0.6280 val acc 0.6923 (0.0s)
    epoch 13/20 loss 0.6233 val acc 0.7308 (0.0s)
    epoch 14/20 loss 0.6214 val acc 0.7692 (0.0s)
    epoch 15/20 loss 0.6211 val acc 0.7308 (0.0s)
    epoch 16/20 loss 0.6212 val acc 0.6923 (0.0s)
    epoch 17/20 loss 0.6131 val acc 0.7692 (0.0s)
    epoch 18/20 loss 0.6156 val acc 0.7692 (0.0s)
    epoch 19/20 loss 0.6166 val acc 0.7692 (0.0s)
    epoch 20/20 loss 0.6155 val acc 0.7692 (0.0s)
  [agent_trace_observability.needs_review] test acc 0.7900 macro-F1 0.7898 ECE 0.193 (T=1.00, 1s, 0.00M params)
  [agent_trace_observability.outcome] probe split=22, 4 labels, 274 train
    epoch 1/20 loss 1.3941 val acc 0.3846 (0.0s)
    epoch 2/20 loss 1.3662 val acc 0.2308 (0.0s)
    epoch 3/20 loss 1.3731 val acc 0.4615 (0.0s)
    epoch 4/20 loss 1.3376 val acc 0.5769 (0.0s)
    epoch 5/20 loss 1.3262 val acc 0.6154 (0.0s)
    epoch 6/20 loss 1.3226 val acc 0.5769 (0.0s)
    epoch 7/20 loss 1.3065 val acc 0.2308 (0.0s)
    epoch 8/20 loss 1.3004 val acc 0.4231 (0.0s)
    epoch 9/20 loss 1.2888 val acc 0.6538 (0.0s)
    epoch 10/20 loss 1.2835 val acc 0.5769 (0.0s)
    epoch 11/20 loss 1.2630 val acc 0.5769 (0.0s)
    epoch 12/20 loss 1.2639 val acc 0.4231 (0.0s)
    epoch 13/20 loss 1.2493 val acc 0.6538 (0.0s)
    epoch 14/20 loss 1.2464 val acc 0.6538 (0.0s)
    epoch 15/20 loss 1.2372 val acc 0.5385 (0.0s)
    epoch 16/20 loss 1.2361 val acc 0.6154 (0.0s)
    epoch 17/20 loss 1.2344 val acc 0.6154 (0.0s)
    epoch 18/20 loss 1.2361 val acc 0.6538 (0.0s)
    epoch 19/20 loss 1.2347 val acc 0.6154 (0.0s)
    epoch 20/20 loss 1.2338 val acc 0.6154 (0.0s)
  [agent_trace_observability.outcome] test acc 0.3600 macro-F1 0.2456 ECE 0.028 (T=1.00, 1s, 0.00M params)
  [agent_trace_observability.risk] probe split=22, 4 labels, 274 train
    epoch 1/20 loss 1.3767 val acc 0.2692 (0.0s)
    epoch 2/20 loss 1.3846 val acc 0.2692 (0.0s)
    epoch 3/20 loss 1.3764 val acc 0.3077 (0.0s)
    epoch 4/20 loss 1.3338 val acc 0.2692 (0.0s)
    epoch 5/20 loss 1.3261 val acc 0.5385 (0.0s)
    epoch 6/20 loss 1.3417 val acc 0.3077 (0.0s)
    epoch 7/20 loss 1.2951 val acc 0.4231 (0.0s)
    epoch 8/20 loss 1.2867 val acc 0.3462 (0.0s)
    epoch 9/20 loss 1.2701 val acc 0.3077 (0.0s)
    epoch 10/20 loss 1.2711 val acc 0.4615 (0.0s)
    epoch 11/20 loss 1.2526 val acc 0.4231 (0.0s)
    epoch 12/20 loss 1.2377 val acc 0.5000 (0.0s)
    epoch 13/20 loss 1.2302 val acc 0.5000 (0.0s)
    epoch 14/20 loss 1.2200 val acc 0.4615 (0.0s)
    epoch 15/20 loss 1.2204 val acc 0.5385 (0.0s)
    epoch 16/20 loss 1.2147 val acc 0.5385 (0.0s)
    epoch 17/20 loss 1.2082 val acc 0.5385 (0.0s)
    epoch 18/20 loss 1.2097 val acc 0.5000 (0.0s)
    epoch 19/20 loss 1.2123 val acc 0.5000 (0.0s)
    epoch 20/20 loss 1.2096 val acc 0.5000 (0.0s)
  [agent_trace_observability.risk] test acc 0.4500 macro-F1 0.4016 ECE 0.117 (T=1.00, 1s, 0.00M params)
  [agent_trace_observability.urgency] probe split=22, 4 labels, 274 train
    epoch 1/20 loss 1.3595 val acc 0.6154 (0.0s)
    epoch 2/20 loss 1.3511 val acc 0.5769 (0.0s)
    epoch 3/20 loss 1.3611 val acc 0.3462 (0.0s)
    epoch 4/20 loss 1.3293 val acc 0.6154 (0.0s)
    epoch 5/20 loss 1.3436 val acc 0.2692 (0.0s)
    epoch 6/20 loss 1.3315 val acc 0.5769 (0.0s)
    epoch 7/20 loss 1.2852 val acc 0.4615 (0.0s)
    epoch 8/20 loss 1.2768 val acc 0.5000 (0.0s)
    epoch 9/20 loss 1.2599 val acc 0.5769 (0.0s)
    epoch 10/20 loss 1.2643 val acc 0.2308 (0.0s)
    epoch 11/20 loss 1.2596 val acc 0.5385 (0.0s)
    epoch 12/20 loss 1.2459 val acc 0.6154 (0.0s)
    epoch 13/20 loss 1.2396 val acc 0.5000 (0.0s)
    epoch 14/20 loss 1.2321 val acc 0.5385 (0.0s)
    epoch 15/20 loss 1.2333 val acc 0.5769 (0.0s)
    epoch 16/20 loss 1.2271 val acc 0.5000 (0.0s)
    epoch 17/20 loss 1.2240 val acc 0.5000 (0.0s)
    epoch 18/20 loss 1.2238 val acc 0.5000 (0.0s)
    epoch 19/20 loss 1.2270 val acc 0.5385 (0.0s)
    epoch 20/20 loss 1.2219 val acc 0.5385 (0.0s)
  [agent_trace_observability.urgency] test acc 0.4000 macro-F1 0.2174 ECE 0.047 (T=1.00, 1s, 0.00M params)
  [customer_service.action] probe split=22, 5 labels, 269 train
    epoch 1/20 loss 1.4219 val acc 0.5484 (0.1s)
    epoch 2/20 loss 1.2854 val acc 0.5484 (0.1s)
    epoch 3/20 loss 1.2668 val acc 0.5484 (0.1s)
    epoch 4/20 loss 1.2320 val acc 0.5484 (0.1s)
    epoch 5/20 loss 1.2182 val acc 0.5806 (0.1s)
    epoch 6/20 loss 1.2070 val acc 0.5161 (0.1s)
    epoch 7/20 loss 1.1847 val acc 0.4516 (0.1s)
    epoch 8/20 loss 1.1891 val acc 0.5484 (0.1s)
    epoch 9/20 loss 1.1891 val acc 0.5484 (0.1s)
    epoch 10/20 loss 1.1656 val acc 0.5484 (0.1s)
    epoch 11/20 loss 1.1611 val acc 0.6452 (0.1s)
    epoch 12/20 loss 1.1562 val acc 0.5484 (0.1s)
    epoch 13/20 loss 1.1458 val acc 0.5806 (0.1s)
    epoch 14/20 loss 1.1447 val acc 0.5806 (0.1s)
    epoch 15/20 loss 1.1397 val acc 0.5806 (0.1s)
    epoch 16/20 loss 1.1421 val acc 0.5806 (0.1s)
    epoch 17/20 loss 1.1358 val acc 0.5806 (0.1s)
    epoch 18/20 loss 1.1319 val acc 0.5806 (0.1s)
    epoch 19/20 loss 1.1371 val acc 0.5806 (0.1s)
    epoch 20/20 loss 1.1348 val acc 0.5806 (0.1s)
  [customer_service.action] test acc 0.6100 macro-F1 0.2783 ECE 0.124 (T=0.93, 1s, 0.01M params)
  [customer_service.category] probe split=22, 5 labels, 269 train
    epoch 1/20 loss 1.6090 val acc 0.1290 (0.1s)
    epoch 2/20 loss 1.5779 val acc 0.3548 (0.1s)
    epoch 3/20 loss 1.4779 val acc 0.4194 (0.1s)
    epoch 4/20 loss 1.4026 val acc 0.2581 (0.1s)
    epoch 5/20 loss 1.3209 val acc 0.5161 (0.1s)
    epoch 6/20 loss 1.2657 val acc 0.5161 (0.1s)
    epoch 7/20 loss 1.1955 val acc 0.4194 (0.1s)
    epoch 8/20 loss 1.1408 val acc 0.5806 (0.1s)
    epoch 9/20 loss 1.1029 val acc 0.5806 (0.1s)
    epoch 10/20 loss 1.0754 val acc 0.6129 (0.1s)
    epoch 11/20 loss 1.0301 val acc 0.6129 (0.1s)
    epoch 12/20 loss 1.0178 val acc 0.6129 (0.1s)
    epoch 13/20 loss 0.9899 val acc 0.6774 (0.1s)
    epoch 14/20 loss 0.9720 val acc 0.6129 (0.1s)
    epoch 15/20 loss 0.9589 val acc 0.6129 (0.1s)
    epoch 16/20 loss 0.9455 val acc 0.6129 (0.1s)
    epoch 17/20 loss 0.9489 val acc 0.5806 (0.1s)
    epoch 18/20 loss 0.9370 val acc 0.6129 (0.1s)
    epoch 19/20 loss 0.9364 val acc 0.6129 (0.1s)
    epoch 20/20 loss 0.9311 val acc 0.6129 (0.1s)
  [customer_service.category] test acc 0.7500 macro-F1 0.5968 ECE 0.118 (T=0.52, 2s, 0.01M params)
  [customer_service.churn_risk] probe split=22, 4 labels, 269 train
    epoch 1/20 loss 1.3901 val acc 0.5161 (0.1s)
    epoch 2/20 loss 1.3049 val acc 0.5161 (0.1s)
    epoch 3/20 loss 1.2778 val acc 0.5161 (0.1s)
    epoch 4/20 loss 1.2589 val acc 0.5161 (0.1s)
    epoch 5/20 loss 1.2471 val acc 0.5484 (0.1s)
    epoch 6/20 loss 1.2421 val acc 0.3548 (0.1s)
    epoch 7/20 loss 1.2222 val acc 0.3226 (0.1s)
    epoch 8/20 loss 1.2060 val acc 0.3871 (0.1s)
    epoch 9/20 loss 1.2058 val acc 0.5161 (0.1s)
    epoch 10/20 loss 1.1996 val acc 0.5161 (0.1s)
    epoch 11/20 loss 1.1839 val acc 0.7097 (0.1s)
    epoch 12/20 loss 1.1765 val acc 0.5806 (0.1s)
    epoch 13/20 loss 1.1604 val acc 0.6129 (0.1s)
    epoch 14/20 loss 1.1523 val acc 0.7097 (0.1s)
    epoch 15/20 loss 1.1481 val acc 0.6129 (0.1s)
    epoch 16/20 loss 1.1455 val acc 0.6774 (0.1s)
    epoch 17/20 loss 1.1399 val acc 0.6452 (0.1s)
    epoch 18/20 loss 1.1418 val acc 0.5806 (0.1s)
    epoch 19/20 loss 1.1436 val acc 0.5806 (0.1s)
    epoch 20/20 loss 1.1417 val acc 0.5806 (0.1s)
  [customer_service.churn_risk] test acc 0.6400 macro-F1 0.4396 ECE 0.201 (T=0.86, 1s, 0.00M params)
  [customer_service.needs_human] probe split=22, 2 labels, 269 train
    epoch 1/20 loss 0.7100 val acc 0.7419 (0.1s)
    epoch 2/20 loss 0.7553 val acc 0.2903 (0.1s)
    epoch 3/20 loss 0.7751 val acc 0.3548 (0.1s)
    epoch 4/20 loss 0.7254 val acc 0.7419 (0.1s)
    epoch 5/20 loss 0.7055 val acc 0.7419 (0.1s)
    epoch 6/20 loss 0.6938 val acc 0.6129 (0.1s)
    epoch 7/20 loss 0.6428 val acc 0.5484 (0.1s)
    epoch 8/20 loss 0.6472 val acc 0.8065 (0.1s)
    epoch 9/20 loss 0.6768 val acc 0.7419 (0.1s)
    epoch 10/20 loss 0.6413 val acc 0.6452 (0.1s)
    epoch 11/20 loss 0.6307 val acc 0.6129 (0.1s)
    epoch 12/20 loss 0.6269 val acc 0.7097 (0.1s)
    epoch 13/20 loss 0.6220 val acc 0.7097 (0.1s)
    epoch 14/20 loss 0.6205 val acc 0.7097 (0.1s)
    epoch 15/20 loss 0.6185 val acc 0.7419 (0.1s)
    epoch 16/20 loss 0.6206 val acc 0.7419 (0.1s)
    epoch 17/20 loss 0.6171 val acc 0.7419 (0.1s)
    epoch 18/20 loss 0.6179 val acc 0.7419 (0.1s)
    epoch 19/20 loss 0.6176 val acc 0.7097 (0.1s)
    epoch 20/20 loss 0.6168 val acc 0.7419 (0.1s)
  [customer_service.needs_human] test acc 0.7600 macro-F1 0.6612 ECE 0.088 (T=0.73, 2s, 0.00M params)
  [customer_service.urgency] probe split=22, 4 labels, 269 train
    epoch 1/20 loss 1.4149 val acc 0.5161 (0.1s)
    epoch 2/20 loss 1.2237 val acc 0.2581 (0.1s)
    epoch 3/20 loss 1.2398 val acc 0.5484 (0.1s)
    epoch 4/20 loss 1.1975 val acc 0.5484 (0.1s)
    epoch 5/20 loss 1.1698 val acc 0.5806 (0.1s)
    epoch 6/20 loss 1.1439 val acc 0.2581 (0.1s)
    epoch 7/20 loss 1.1349 val acc 0.2258 (0.1s)
    epoch 8/20 loss 1.1202 val acc 0.6452 (0.1s)
    epoch 9/20 loss 1.1083 val acc 0.5484 (0.1s)
    epoch 10/20 loss 1.1011 val acc 0.3548 (0.1s)
    epoch 11/20 loss 1.1152 val acc 0.6129 (0.1s)
    epoch 12/20 loss 1.1013 val acc 0.4839 (0.1s)
    epoch 13/20 loss 1.0888 val acc 0.6129 (0.1s)
    epoch 14/20 loss 1.0825 val acc 0.4516 (0.1s)
    epoch 15/20 loss 1.0719 val acc 0.6774 (0.1s)
    epoch 16/20 loss 1.0753 val acc 0.4839 (0.1s)
    epoch 17/20 loss 1.0699 val acc 0.4839 (0.1s)
    epoch 18/20 loss 1.0607 val acc 0.4839 (0.1s)
    epoch 19/20 loss 1.0639 val acc 0.4839 (0.1s)
    epoch 20/20 loss 1.0679 val acc 0.4839 (0.1s)
  [customer_service.urgency] test acc 0.6300 macro-F1 0.4247 ECE 0.166 (T=0.85, 1s, 0.00M params)
  [invoice_processing.discrepancy_severity] probe split=22, 4 labels, 259 train
    epoch 1/20 loss 1.3703 val acc 0.2927 (0.1s)
    epoch 2/20 loss 1.2713 val acc 0.2927 (0.1s)
    epoch 3/20 loss 1.2863 val acc 0.2927 (0.1s)
    epoch 4/20 loss 1.3022 val acc 0.2927 (0.1s)
    epoch 5/20 loss 1.3023 val acc 0.2927 (0.1s)
    epoch 6/20 loss 1.2690 val acc 0.2683 (0.1s)
    epoch 7/20 loss 1.4367 val acc 0.2927 (0.1s)
    epoch 8/20 loss 1.2391 val acc 0.5610 (0.1s)
    epoch 9/20 loss 1.3396 val acc 0.2927 (0.1s)
    epoch 10/20 loss 1.2346 val acc 0.2927 (0.1s)
    epoch 11/20 loss 1.2104 val acc 0.2927 (0.1s)
    epoch 12/20 loss 1.2005 val acc 0.2927 (0.1s)
    epoch 13/20 loss 1.1957 val acc 0.3171 (0.1s)
    epoch 14/20 loss 1.1875 val acc 0.2927 (0.1s)
    epoch 15/20 loss 1.1909 val acc 0.2927 (0.1s)
    epoch 16/20 loss 1.1916 val acc 0.2927 (0.1s)
    epoch 17/20 loss 1.1846 val acc 0.2927 (0.1s)
    epoch 18/20 loss 1.1739 val acc 0.2927 (0.1s)
    epoch 19/20 loss 1.1786 val acc 0.2927 (0.1s)
    epoch 20/20 loss 1.1796 val acc 0.2927 (0.1s)
  [invoice_processing.discrepancy_severity] test acc 0.4700 macro-F1 0.1599 ECE 0.196 (T=1.15, 1s, 0.00M params)
  [invoice_processing.disposition] probe split=22, 4 labels, 259 train
    epoch 1/20 loss 1.2854 val acc 0.2439 (0.1s)
    epoch 2/20 loss 1.2633 val acc 0.2439 (0.1s)
    epoch 3/20 loss 1.2892 val acc 0.4146 (0.1s)
    epoch 4/20 loss 1.3016 val acc 0.2439 (0.1s)
    epoch 5/20 loss 1.3253 val acc 0.2439 (0.1s)
    epoch 6/20 loss 1.2788 val acc 0.4634 (0.1s)
    epoch 7/20 loss 1.3603 val acc 0.2439 (0.1s)
    epoch 8/20 loss 1.2395 val acc 0.2927 (0.1s)
    epoch 9/20 loss 1.2640 val acc 0.2439 (0.1s)
    epoch 10/20 loss 1.2747 val acc 0.4878 (0.1s)
    epoch 11/20 loss 1.2127 val acc 0.2683 (0.1s)
    epoch 12/20 loss 1.2079 val acc 0.4634 (0.1s)
    epoch 13/20 loss 1.2123 val acc 0.2683 (0.1s)
    epoch 14/20 loss 1.2000 val acc 0.2683 (0.1s)
    epoch 15/20 loss 1.2020 val acc 0.5610 (0.1s)
    epoch 16/20 loss 1.2064 val acc 0.5122 (0.1s)
    epoch 17/20 loss 1.1959 val acc 0.2683 (0.1s)
    epoch 18/20 loss 1.1877 val acc 0.2683 (0.1s)
    epoch 19/20 loss 1.1876 val acc 0.2683 (0.1s)
    epoch 20/20 loss 1.1913 val acc 0.2683 (0.1s)
  [invoice_processing.disposition] test acc 0.4700 macro-F1 0.1828 ECE 0.109 (T=1.37, 1s, 0.00M params)
  [invoice_processing.duplicate] probe split=22, 2 labels, 259 train
    epoch 1/20 loss 0.5148 val acc 0.8780 (0.1s)
    epoch 2/20 loss 0.4003 val acc 0.8780 (0.1s)
    epoch 3/20 loss 0.3290 val acc 0.8780 (0.1s)
    epoch 4/20 loss 0.3293 val acc 0.8780 (0.1s)
    epoch 5/20 loss 0.3347 val acc 0.8780 (0.1s)
    epoch 6/20 loss 0.3718 val acc 0.8780 (0.1s)
    epoch 7/20 loss 0.3523 val acc 0.8780 (0.1s)
    epoch 8/20 loss 0.3480 val acc 0.8780 (0.1s)
    epoch 9/20 loss 0.3234 val acc 0.8780 (0.1s)
    epoch 10/20 loss 0.3198 val acc 0.8780 (0.1s)
    epoch 11/20 loss 0.3182 val acc 0.8780 (0.1s)
    epoch 12/20 loss 0.3232 val acc 0.8780 (0.1s)
    epoch 13/20 loss 0.3283 val acc 0.8780 (0.1s)
    epoch 14/20 loss 0.3227 val acc 0.8780 (0.1s)
    epoch 15/20 loss 0.3218 val acc 0.8780 (0.1s)
    epoch 16/20 loss 0.3078 val acc 0.8780 (0.1s)
    epoch 17/20 loss 0.3100 val acc 0.8780 (0.1s)
    epoch 18/20 loss 0.3084 val acc 0.8780 (0.1s)
    epoch 19/20 loss 0.3053 val acc 0.8780 (0.1s)
    epoch 20/20 loss 0.3071 val acc 0.8780 (0.1s)
  [invoice_processing.duplicate] test acc 0.8900 macro-F1 0.4709 ECE 0.025 (T=1.05, 1s, 0.00M params)
  [invoice_processing.matches_order] probe split=22, 2 labels, 259 train
    epoch 1/20 loss 0.7007 val acc 0.4878 (0.1s)
    epoch 2/20 loss 0.6931 val acc 0.7561 (0.1s)
    epoch 3/20 loss 0.6950 val acc 0.6098 (0.1s)
    epoch 4/20 loss 0.6991 val acc 0.3659 (0.1s)
    epoch 5/20 loss 0.7607 val acc 0.3659 (0.1s)
    epoch 6/20 loss 0.7097 val acc 0.6341 (0.1s)
    epoch 7/20 loss 0.8089 val acc 0.3659 (0.1s)
    epoch 8/20 loss 0.6888 val acc 0.4390 (0.1s)
    epoch 9/20 loss 0.6564 val acc 0.3659 (0.1s)
    epoch 10/20 loss 0.6764 val acc 0.3659 (0.1s)
    epoch 11/20 loss 0.6704 val acc 0.7561 (0.1s)
    epoch 12/20 loss 0.6504 val acc 0.5122 (0.1s)
    epoch 13/20 loss 0.6369 val acc 0.3902 (0.1s)
    epoch 14/20 loss 0.6346 val acc 0.5122 (0.1s)
    epoch 15/20 loss 0.6254 val acc 0.6585 (0.1s)
    epoch 16/20 loss 0.6317 val acc 0.5366 (0.1s)
    epoch 17/20 loss 0.6349 val acc 0.3902 (0.1s)
    epoch 18/20 loss 0.6331 val acc 0.4146 (0.1s)
    epoch 19/20 loss 0.6248 val acc 0.4634 (0.1s)
    epoch 20/20 loss 0.6227 val acc 0.5122 (0.1s)
  [invoice_processing.matches_order] test acc 0.7200 macro-F1 0.6881 ECE 0.142 (T=0.92, 1s, 0.00M params)
  [invoice_processing.urgency] probe split=22, 4 labels, 259 train
    epoch 1/20 loss 1.2924 val acc 0.4634 (0.1s)
    epoch 2/20 loss 1.2139 val acc 0.5854 (0.1s)
    epoch 3/20 loss 1.2125 val acc 0.4634 (0.1s)
    epoch 4/20 loss 1.1998 val acc 0.5854 (0.1s)
    epoch 5/20 loss 1.1871 val acc 0.4634 (0.1s)
    epoch 6/20 loss 1.1975 val acc 0.4634 (0.1s)
    epoch 7/20 loss 1.1802 val acc 0.4878 (0.1s)
    epoch 8/20 loss 1.1692 val acc 0.4634 (0.1s)
    epoch 9/20 loss 1.1687 val acc 0.5366 (0.1s)
    epoch 10/20 loss 1.1610 val acc 0.4634 (0.1s)
    epoch 11/20 loss 1.1738 val acc 0.4878 (0.1s)
    epoch 12/20 loss 1.1710 val acc 0.6829 (0.1s)
    epoch 13/20 loss 1.1483 val acc 0.7561 (0.1s)
    epoch 14/20 loss 1.1434 val acc 0.7561 (0.1s)
    epoch 15/20 loss 1.1394 val acc 0.7805 (0.1s)
    epoch 16/20 loss 1.1369 val acc 0.7561 (0.1s)
    epoch 17/20 loss 1.1417 val acc 0.6829 (0.1s)
    epoch 18/20 loss 1.1383 val acc 0.8049 (0.1s)
    epoch 19/20 loss 1.1379 val acc 0.7561 (0.1s)
    epoch 20/20 loss 1.1364 val acc 0.7805 (0.1s)
  [invoice_processing.urgency] test acc 0.6000 macro-F1 0.3272 ECE 0.148 (T=0.83, 1s, 0.00M params)
  [security_incidents.credential_compromise] probe split=22, 2 labels, 278 train
    epoch 1/20 loss 0.6970 val acc 0.6364 (0.1s)
    epoch 2/20 loss 0.6944 val acc 0.5455 (0.1s)
    epoch 3/20 loss 0.6855 val acc 0.4091 (0.1s)
    epoch 4/20 loss 0.6891 val acc 0.5909 (0.1s)
    epoch 5/20 loss 0.6901 val acc 0.6364 (0.1s)
    epoch 6/20 loss 0.7063 val acc 0.5909 (0.1s)
    epoch 7/20 loss 0.7022 val acc 0.6364 (0.1s)
    epoch 8/20 loss 0.6663 val acc 0.4545 (0.1s)
    epoch 9/20 loss 0.6739 val acc 0.4545 (0.1s)
    epoch 10/20 loss 0.6632 val acc 0.4545 (0.1s)
    epoch 11/20 loss 0.6645 val acc 0.5000 (0.1s)
    epoch 12/20 loss 0.6620 val acc 0.5455 (0.1s)
    epoch 13/20 loss 0.6644 val acc 0.8182 (0.1s)
    epoch 14/20 loss 0.6637 val acc 0.5455 (0.1s)
    epoch 15/20 loss 0.6623 val acc 0.8182 (0.1s)
    epoch 16/20 loss 0.6570 val acc 0.5455 (0.1s)
    epoch 17/20 loss 0.6567 val acc 0.5455 (0.1s)
    epoch 18/20 loss 0.6547 val acc 0.5909 (0.1s)
    epoch 19/20 loss 0.6524 val acc 0.6364 (0.1s)
    epoch 20/20 loss 0.6557 val acc 0.6364 (0.1s)
  [security_incidents.credential_compromise] test acc 0.6800 macro-F1 0.6779 ECE 0.126 (T=1.00, 1s, 0.00M params)
  [security_incidents.disposition] probe split=22, 4 labels, 278 train
    epoch 1/20 loss 1.2774 val acc 0.7273 (0.1s)
    epoch 2/20 loss 1.2385 val acc 0.7273 (0.1s)
    epoch 3/20 loss 1.2494 val acc 0.7273 (0.1s)
    epoch 4/20 loss 1.2274 val acc 0.7273 (0.1s)
    epoch 5/20 loss 1.2117 val acc 0.7273 (0.1s)
    epoch 6/20 loss 1.2011 val acc 0.7273 (0.1s)
    epoch 7/20 loss 1.1980 val acc 0.7273 (0.1s)
    epoch 8/20 loss 1.1792 val acc 0.7273 (0.1s)
    epoch 9/20 loss 1.1833 val acc 0.7273 (0.1s)
    epoch 10/20 loss 1.1761 val acc 0.7273 (0.1s)
    epoch 11/20 loss 1.1824 val acc 0.7273 (0.1s)
    epoch 12/20 loss 1.1720 val acc 0.7273 (0.1s)
    epoch 13/20 loss 1.1668 val acc 0.7273 (0.1s)
    epoch 14/20 loss 1.1665 val acc 0.7273 (0.1s)
    epoch 15/20 loss 1.1636 val acc 0.7273 (0.1s)
    epoch 16/20 loss 1.1561 val acc 0.7273 (0.1s)
    epoch 17/20 loss 1.1565 val acc 0.7273 (0.1s)
    epoch 18/20 loss 1.1560 val acc 0.7273 (0.1s)
    epoch 19/20 loss 1.1505 val acc 0.7273 (0.1s)
    epoch 20/20 loss 1.1557 val acc 0.7273 (0.1s)
  [security_incidents.disposition] test acc 0.7700 macro-F1 0.2997 ECE 0.266 (T=1.00, 1s, 0.00M params)
  [security_incidents.severity] probe split=22, 5 labels, 278 train
    epoch 1/20 loss 1.5894 val acc 0.5909 (0.1s)
    epoch 2/20 loss 1.4853 val acc 0.5909 (0.1s)
    epoch 3/20 loss 1.4723 val acc 0.5909 (0.1s)
    epoch 4/20 loss 1.4590 val acc 0.5000 (0.1s)
    epoch 5/20 loss 1.4354 val acc 0.6364 (0.1s)
    epoch 6/20 loss 1.4191 val acc 0.5455 (0.1s)
    epoch 7/20 loss 1.4127 val acc 0.5909 (0.1s)
    epoch 8/20 loss 1.4007 val acc 0.7273 (0.1s)
    epoch 9/20 loss 1.3816 val acc 0.5455 (0.1s)
    epoch 10/20 loss 1.3838 val acc 0.5909 (0.1s)
    epoch 11/20 loss 1.3749 val acc 0.6818 (0.1s)
    epoch 12/20 loss 1.3683 val acc 0.7727 (0.1s)
    epoch 13/20 loss 1.3673 val acc 0.5455 (0.1s)
    epoch 14/20 loss 1.3625 val acc 0.7273 (0.1s)
    epoch 15/20 loss 1.3606 val acc 0.5909 (0.1s)
    epoch 16/20 loss 1.3532 val acc 0.7273 (0.1s)
    epoch 17/20 loss 1.3575 val acc 0.7273 (0.1s)
    epoch 18/20 loss 1.3505 val acc 0.6818 (0.1s)
    epoch 19/20 loss 1.3508 val acc 0.7273 (0.1s)
    epoch 20/20 loss 1.3521 val acc 0.7273 (0.1s)
  [security_incidents.severity] test acc 0.5500 macro-F1 0.2389 ECE 0.165 (T=1.00, 1s, 0.01M params)
  [security_incidents.true_positive] probe split=22, 2 labels, 278 train
    epoch 1/20 loss 0.6816 val acc 0.6364 (0.1s)
    epoch 2/20 loss 0.6701 val acc 0.6364 (0.1s)
    epoch 3/20 loss 0.6699 val acc 0.6364 (0.1s)
    epoch 4/20 loss 0.6495 val acc 0.6818 (0.1s)
    epoch 5/20 loss 0.6443 val acc 0.6818 (0.1s)
    epoch 6/20 loss 0.6513 val acc 0.6364 (0.1s)
    epoch 7/20 loss 0.6464 val acc 0.6818 (0.1s)
    epoch 8/20 loss 0.6319 val acc 0.4545 (0.1s)
    epoch 9/20 loss 0.6298 val acc 0.6818 (0.1s)
    epoch 10/20 loss 0.6288 val acc 0.6818 (0.1s)
    epoch 11/20 loss 0.6260 val acc 0.6364 (0.1s)
    epoch 12/20 loss 0.6275 val acc 0.6364 (0.1s)
    epoch 13/20 loss 0.6249 val acc 0.6364 (0.1s)
    epoch 14/20 loss 0.6312 val acc 0.7273 (0.1s)
    epoch 15/20 loss 0.6316 val acc 0.7727 (0.1s)
    epoch 16/20 loss 0.6219 val acc 0.6818 (0.1s)
    epoch 17/20 loss 0.6224 val acc 0.8182 (0.1s)
    epoch 18/20 loss 0.6190 val acc 0.8182 (0.1s)
    epoch 19/20 loss 0.6162 val acc 0.8182 (0.1s)
    epoch 20/20 loss 0.6208 val acc 0.8182 (0.1s)
  [security_incidents.true_positive] test acc 0.7700 macro-F1 0.6802 ECE 0.145 (T=1.00, 1s, 0.00M params)
  [security_incidents.urgency] probe split=22, 4 labels, 278 train
    epoch 1/20 loss 1.3930 val acc 0.5909 (0.1s)
    epoch 2/20 loss 1.2773 val acc 0.5909 (0.1s)
    epoch 3/20 loss 1.2722 val acc 0.5909 (0.1s)
    epoch 4/20 loss 1.2350 val acc 0.6364 (0.1s)
    epoch 5/20 loss 1.2273 val acc 0.5000 (0.1s)
    epoch 6/20 loss 1.2067 val acc 0.5909 (0.1s)
    epoch 7/20 loss 1.2131 val acc 0.5909 (0.1s)
    epoch 8/20 loss 1.2021 val acc 0.5909 (0.1s)
    epoch 9/20 loss 1.1935 val acc 0.5909 (0.1s)
    epoch 10/20 loss 1.1921 val acc 0.5455 (0.1s)
    epoch 11/20 loss 1.1787 val acc 0.5455 (0.1s)
    epoch 12/20 loss 1.1744 val acc 0.5909 (0.1s)
    epoch 13/20 loss 1.1712 val acc 0.5455 (0.1s)
    epoch 14/20 loss 1.1684 val acc 0.5455 (0.1s)
    epoch 15/20 loss 1.1665 val acc 0.5909 (0.1s)
    epoch 16/20 loss 1.1636 val acc 0.5909 (0.1s)
    epoch 17/20 loss 1.1631 val acc 0.5909 (0.1s)
    epoch 18/20 loss 1.1585 val acc 0.5455 (0.1s)
    epoch 19/20 loss 1.1580 val acc 0.5455 (0.1s)
    epoch 20/20 loss 1.1605 val acc 0.5455 (0.1s)
  [security_incidents.urgency] test acc 0.5600 macro-F1 0.2786 ECE 0.141 (T=1.00, 1s, 0.00M params)
   probe@22 mean: {"acc": 0.616, "macro_f1": 0.416, "ece": 0.1325, "nll": 0.8891}
done
