== typed-decisions: 1080/120/400 messages (train/val/test), tasks: agent_trace_observability.action(4), agent_trace_observability.needs_review(2), agent_trace_observability.outcome(4), agent_trace_observability.risk(4), agent_trace_observability.urgency(4), customer_service.action(5), customer_service.category(5), customer_service.churn_risk(4), customer_service.needs_human(2), customer_service.urgency(4), invoice_processing.discrepancy_severity(4), invoice_processing.disposition(4), invoice_processing.duplicate(2), invoice_processing.matches_order(2), invoice_processing.urgency(4), security_incidents.credential_compromise(2), security_incidents.disposition(4), security_incidents.severity(5), security_incidents.true_positive(2), security_incidents.urgency(4) | base answerdotai/ModernBERT-base on mps | seed 0
-- blocks@8+2
  cached trunk depth 8 for 1600 messages in 5.8s (559 MB)
  [customer_service.action] blocks split=8 depth=2, 5 labels, 269 train
    epoch 1/5 loss 1.5418 val acc 0.5484 (2.6s)
    epoch 2/5 loss 1.3075 val acc 0.5484 (2.4s)
    epoch 3/5 loss 1.2736 val acc 0.5484 (2.4s)
    epoch 4/5 loss 1.2642 val acc 0.5161 (2.4s)
    epoch 5/5 loss 1.2542 val acc 0.5161 (2.4s)
  [customer_service.action] test acc 0.5500 macro-F1 0.2093 ECE 0.149 (T=1.08, 12s, 10.03M params)
  [customer_service.category] blocks split=8 depth=2, 5 labels, 269 train
    epoch 1/5 loss 1.6058 val acc 0.1290 (2.4s)
    epoch 2/5 loss 1.5628 val acc 0.4194 (2.4s)
    epoch 3/5 loss 1.5055 val acc 0.2258 (2.4s)
    epoch 4/5 loss 1.4899 val acc 0.3871 (2.4s)
    epoch 5/5 loss 1.4566 val acc 0.3871 (2.4s)
  [customer_service.category] test acc 0.4300 macro-F1 0.2781 ECE 0.123 (T=0.76, 12s, 10.03M params)
  [customer_service.churn_risk] blocks split=8 depth=2, 4 labels, 269 train
    epoch 1/5 loss 1.4203 val acc 0.5161 (2.4s)
    epoch 2/5 loss 1.3322 val acc 0.5161 (2.4s)
    epoch 3/5 loss 1.2783 val acc 0.4839 (2.4s)
    epoch 4/5 loss 1.2759 val acc 0.4839 (2.4s)
    epoch 5/5 loss 1.2680 val acc 0.4839 (2.4s)
  [customer_service.churn_risk] test acc 0.4600 macro-F1 0.1741 ECE 0.092 (T=1.07, 12s, 10.03M params)
  [customer_service.needs_human] blocks split=8 depth=2, 2 labels, 269 train
    epoch 1/5 loss 0.6973 val acc 0.7419 (2.4s)
    epoch 2/5 loss 0.6678 val acc 0.6452 (2.4s)
    epoch 3/5 loss 0.6744 val acc 0.4194 (2.4s)
    epoch 4/5 loss 0.6593 val acc 0.7097 (2.4s)
    epoch 5/5 loss 0.6553 val acc 0.7419 (2.4s)
  [customer_service.needs_human] test acc 0.7100 macro-F1 0.5192 ECE 0.096 (T=1.35, 12s, 10.03M params)
  [customer_service.urgency] blocks split=8 depth=2, 4 labels, 269 train
    epoch 1/5 loss 1.4031 val acc 0.3548 (2.4s)
    epoch 2/5 loss 1.2108 val acc 0.4194 (2.4s)
    epoch 3/5 loss 1.1686 val acc 0.5484 (2.4s)
    epoch 4/5 loss 1.1666 val acc 0.5806 (2.4s)
    epoch 5/5 loss 1.1646 val acc 0.5161 (2.4s)
  [customer_service.urgency] test acc 0.5200 macro-F1 0.2812 ECE 0.172 (T=0.90, 12s, 10.03M params)
   blocks@8+2 mean: {"acc": 0.534, "macro_f1": 0.2924, "ece": 0.1263, "nll": 1.0734}
-- blocks@14+2
  cached trunk depth 14 for 1600 messages in 9.9s (559 MB)
  [customer_service.action] blocks split=14 depth=2, 5 labels, 269 train
    epoch 1/5 loss 1.3782 val acc 0.5484 (2.4s)
    epoch 2/5 loss 1.2706 val acc 0.5484 (2.4s)
    epoch 3/5 loss 1.2621 val acc 0.5484 (2.4s)
    epoch 4/5 loss 1.2382 val acc 0.5161 (2.4s)
    epoch 5/5 loss 1.2416 val acc 0.5161 (2.4s)
  [customer_service.action] test acc 0.5500 macro-F1 0.2074 ECE 0.128 (T=1.00, 12s, 10.03M params)
  [customer_service.category] blocks split=14 depth=2, 5 labels, 269 train
    epoch 1/5 loss 1.6191 val acc 0.1290 (2.4s)
    epoch 2/5 loss 1.5682 val acc 0.3871 (2.4s)
    epoch 3/5 loss 1.4958 val acc 0.2581 (2.4s)
    epoch 4/5 loss 1.4655 val acc 0.3226 (2.4s)
    epoch 5/5 loss 1.4287 val acc 0.3548 (2.4s)
  [customer_service.category] test acc 0.5200 macro-F1 0.3278 ECE 0.170 (T=0.59, 12s, 10.03M params)
  [customer_service.churn_risk] blocks split=14 depth=2, 4 labels, 269 train
    epoch 1/5 loss 1.4197 val acc 0.5161 (2.4s)
    epoch 2/5 loss 1.3183 val acc 0.5161 (2.4s)
    epoch 3/5 loss 1.2780 val acc 0.4839 (2.4s)
    epoch 4/5 loss 1.2718 val acc 0.4839 (2.4s)
    epoch 5/5 loss 1.2675 val acc 0.4839 (2.4s)
  [customer_service.churn_risk] test acc 0.4800 macro-F1 0.2073 ECE 0.096 (T=1.02, 12s, 10.03M params)
  [customer_service.needs_human] blocks split=14 depth=2, 2 labels, 269 train
    epoch 1/5 loss 0.6964 val acc 0.5484 (2.4s)
    epoch 2/5 loss 0.6669 val acc 0.7419 (2.4s)
    epoch 3/5 loss 0.6639 val acc 0.5161 (2.4s)
    epoch 4/5 loss 0.6513 val acc 0.7742 (2.4s)
    epoch 5/5 loss 0.6514 val acc 0.7742 (2.4s)
  [customer_service.needs_human] test acc 0.7000 macro-F1 0.5127 ECE 0.171 (T=1.27, 12s, 10.03M params)
  [customer_service.urgency] blocks split=14 depth=2, 4 labels, 269 train
    epoch 1/5 loss 1.4145 val acc 0.4839 (2.4s)
    epoch 2/5 loss 1.1957 val acc 0.3871 (2.4s)
    epoch 3/5 loss 1.1701 val acc 0.4839 (2.4s)
    epoch 4/5 loss 1.1632 val acc 0.4839 (2.4s)
    epoch 5/5 loss 1.1611 val acc 0.4839 (2.4s)
  [customer_service.urgency] test acc 0.4900 macro-F1 0.2552 ECE 0.092 (T=0.94, 12s, 10.03M params)
   blocks@14+2 mean: {"acc": 0.548, "macro_f1": 0.3021, "ece": 0.1312, "nll": 1.0469}
-- blocks@20+2
  cached trunk depth 20 for 1600 messages in 13.9s (559 MB)
  [customer_service.action] blocks split=20 depth=2, 5 labels, 269 train
    epoch 1/5 loss 1.3925 val acc 0.5484 (2.4s)
    epoch 2/5 loss 1.2673 val acc 0.5484 (2.4s)
    epoch 3/5 loss 1.2532 val acc 0.5161 (2.4s)
    epoch 4/5 loss 1.2269 val acc 0.5161 (2.4s)
    epoch 5/5 loss 1.2313 val acc 0.5161 (2.4s)
  [customer_service.action] test acc 0.5600 macro-F1 0.2196 ECE 0.183 (T=1.00, 12s, 10.03M params)
  [customer_service.category] blocks split=20 depth=2, 5 labels, 269 train
    epoch 1/5 loss 1.6220 val acc 0.1290 (2.4s)
    epoch 2/5 loss 1.5276 val acc 0.4516 (2.4s)
    epoch 3/5 loss 1.4071 val acc 0.4839 (2.4s)
    epoch 4/5 loss 1.3291 val acc 0.5484 (2.4s)
    epoch 5/5 loss 1.2792 val acc 0.5484 (2.4s)
  [customer_service.category] test acc 0.7000 macro-F1 0.5223 ECE 0.222 (T=0.50, 12s, 10.03M params)
  [customer_service.churn_risk] blocks split=20 depth=2, 4 labels, 269 train
    epoch 1/5 loss 1.4003 val acc 0.5161 (2.4s)
    epoch 2/5 loss 1.3218 val acc 0.5161 (2.4s)
    epoch 3/5 loss 1.2736 val acc 0.5484 (2.4s)
    epoch 4/5 loss 1.2657 val acc 0.5161 (2.4s)
    epoch 5/5 loss 1.2633 val acc 0.5161 (2.4s)
  [customer_service.churn_risk] test acc 0.4700 macro-F1 0.2088 ECE 0.088 (T=1.00, 12s, 10.03M params)
  [customer_service.needs_human] blocks split=20 depth=2, 2 labels, 269 train
    epoch 1/5 loss 0.6999 val acc 0.7097 (2.4s)
    epoch 2/5 loss 0.6654 val acc 0.7097 (2.4s)
    epoch 3/5 loss 0.6623 val acc 0.6774 (2.4s)
    epoch 4/5 loss 0.6479 val acc 0.6774 (2.4s)
    epoch 5/5 loss 0.6437 val acc 0.6774 (2.4s)
  [customer_service.needs_human] test acc 0.7100 macro-F1 0.5704 ECE 0.149 (T=0.94, 12s, 10.03M params)
  [customer_service.urgency] blocks split=20 depth=2, 4 labels, 269 train
    epoch 1/5 loss 1.3888 val acc 0.5161 (2.4s)
    epoch 2/5 loss 1.1839 val acc 0.3548 (2.4s)
    epoch 3/5 loss 1.1724 val acc 0.5161 (2.4s)
    epoch 4/5 loss 1.1582 val acc 0.5161 (2.4s)
    epoch 5/5 loss 1.1520 val acc 0.5484 (2.4s)
  [customer_service.urgency] test acc 0.5000 macro-F1 0.2492 ECE 0.090 (T=0.97, 12s, 10.03M params)
   blocks@20+2 mean: {"acc": 0.588, "macro_f1": 0.3541, "ece": 0.1463, "nll": 0.9725}
-- full
  cached trunk depth 0 for 1600 messages in 0.2s (559 MB)
  [customer_service.action] blocks split=0 depth=22, 5 labels, 269 train
    epoch 1/5 loss 1.3874 val acc 0.1935 (31.7s)
    epoch 2/5 loss 1.2824 val acc 0.5484 (31.9s)
    epoch 3/5 loss 1.2577 val acc 0.5161 (30.8s)
    epoch 4/5 loss 1.2117 val acc 0.5484 (39.2s)
    epoch 5/5 loss 1.2045 val acc 0.5806 (63.7s)
  [customer_service.action] test acc 0.5800 macro-F1 0.2447 ECE 0.122 (T=1.00, 197s, 110.33M params)
  [customer_service.category] blocks split=0 depth=22, 5 labels, 269 train
    epoch 1/5 loss 1.6170 val acc 0.1935 (339.3s)
    epoch 2/5 loss 1.2631 val acc 0.6129 (688.3s)
    epoch 3/5 loss 0.7109 val acc 0.7742 (870.0s)
    epoch 4/5 loss 0.5407 val acc 0.9032 (249.8s)
    epoch 5/5 loss 0.5044 val acc 0.9032 (549.2s)
  [customer_service.category] test acc 0.9400 macro-F1 0.9443 ECE 0.142 (T=1.09, 2697s, 110.33M params)
  [customer_service.churn_risk] blocks split=0 depth=22, 4 labels, 269 train
    epoch 1/5 loss 1.3688 val acc 0.5484 (630.6s)
    epoch 2/5 loss 1.2973 val acc 0.5161 (696.5s)
