== clinc150: 15250/3100/5500 messages (train/val/test), tasks: intent(151), domain(11), oos(2) | base answerdotai/ModernBERT-base on mps | seed 0
-- probe@6
  cached trunk depth 6 for 23850 messages in 10.1s (408 MB)
  [intent] probe split=6, 151 labels, 15250 train
    epoch 1/20 loss 4.1942 val acc 0.6561 (3.4s)
    epoch 2/20 loss 0.7606 val acc 0.8871 (3.5s)
    epoch 3/20 loss 0.1689 val acc 0.8984 (3.7s)
    epoch 4/20 loss 0.0796 val acc 0.9155 (3.6s)
    epoch 5/20 loss 0.0442 val acc 0.9177 (3.4s)
    epoch 6/20 loss 0.0314 val acc 0.9197 (3.7s)
    epoch 7/20 loss 0.0219 val acc 0.9187 (3.8s)
    epoch 8/20 loss 0.0173 val acc 0.9216 (3.8s)
    epoch 9/20 loss 0.0135 val acc 0.9219 (3.8s)
    epoch 10/20 loss 0.0105 val acc 0.9219 (3.4s)
    epoch 11/20 loss 0.0106 val acc 0.9194 (3.7s)
    epoch 12/20 loss 0.0076 val acc 0.9219 (3.9s)
  [intent] test acc 0.8624 macro-F1 0.8878 ECE 0.019 (T=1.12, 44s, 0.12M params)
  [domain] probe split=6, 11 labels, 15250 train
    epoch 1/20 loss 1.8104 val acc 0.7506 (3.5s)
    epoch 2/20 loss 0.6110 val acc 0.8623 (3.5s)
    epoch 3/20 loss 0.3441 val acc 0.8968 (3.4s)
    epoch 4/20 loss 0.2642 val acc 0.9129 (3.4s)
    epoch 5/20 loss 0.2223 val acc 0.9129 (3.4s)
    epoch 6/20 loss 0.1998 val acc 0.9155 (3.5s)
    epoch 7/20 loss 0.1857 val acc 0.9135 (3.6s)
    epoch 8/20 loss 0.1729 val acc 0.9223 (3.4s)
    epoch 9/20 loss 0.1597 val acc 0.9200 (3.6s)
    epoch 10/20 loss 0.1549 val acc 0.9197 (3.5s)
    epoch 11/20 loss 0.1438 val acc 0.9213 (3.6s)
  [domain] test acc 0.8256 macro-F1 0.8390 ECE 0.055 (T=0.96, 38s, 0.01M params)
  [oos] probe split=6, 2 labels, 15250 train
    epoch 1/20 loss 0.1075 val acc 0.9677 (3.5s)
    epoch 2/20 loss 0.0620 val acc 0.9710 (3.5s)
    epoch 3/20 loss 0.0515 val acc 0.9716 (3.5s)
    epoch 4/20 loss 0.0477 val acc 0.9755 (3.5s)
    epoch 5/20 loss 0.0439 val acc 0.9768 (3.3s)
    epoch 6/20 loss 0.0450 val acc 0.9755 (3.5s)
    epoch 7/20 loss 0.0410 val acc 0.9706 (3.6s)
    epoch 8/20 loss 0.0396 val acc 0.9790 (3.5s)
    epoch 9/20 loss 0.0384 val acc 0.9784 (3.5s)
    epoch 10/20 loss 0.0379 val acc 0.9768 (3.5s)
    epoch 11/20 loss 0.0369 val acc 0.9777 (3.6s)
  [oos] test acc 0.8578 macro-F1 0.6524 ECE 0.101 (T=1.00, 38s, 0.00M params)
   probe@6 mean: {"acc": 0.8486, "macro_f1": 0.7931, "ece": 0.0583, "nll": 0.5724}
-- probe@11
  cached trunk depth 11 for 23850 messages in 16.8s (408 MB)
  [intent] probe split=11, 151 labels, 15250 train
    epoch 1/20 loss 4.1053 val acc 0.6613 (3.8s)
    epoch 2/20 loss 0.7290 val acc 0.8748 (4.0s)
    epoch 3/20 loss 0.1779 val acc 0.8894 (3.7s)
    epoch 4/20 loss 0.0858 val acc 0.9065 (3.6s)
    epoch 5/20 loss 0.0511 val acc 0.9100 (3.6s)
    epoch 6/20 loss 0.0398 val acc 0.9116 (3.8s)
    epoch 7/20 loss 0.0273 val acc 0.9048 (3.8s)
    epoch 8/20 loss 0.0212 val acc 0.9184 (3.9s)
    epoch 9/20 loss 0.0166 val acc 0.9132 (3.7s)
    epoch 10/20 loss 0.0125 val acc 0.9113 (3.7s)
    epoch 11/20 loss 0.0100 val acc 0.9126 (3.8s)
  [intent] test acc 0.8611 macro-F1 0.8859 ECE 0.019 (T=1.11, 41s, 0.12M params)
  [domain] probe split=11, 11 labels, 15250 train
    epoch 1/20 loss 1.7949 val acc 0.7335 (3.4s)
    epoch 2/20 loss 0.6245 val acc 0.8561 (3.6s)
    epoch 3/20 loss 0.3606 val acc 0.8877 (3.5s)
    epoch 4/20 loss 0.2857 val acc 0.9061 (3.6s)
    epoch 5/20 loss 0.2483 val acc 0.8997 (3.5s)
    epoch 6/20 loss 0.2262 val acc 0.9065 (3.5s)
    epoch 7/20 loss 0.2111 val acc 0.9068 (3.5s)
    epoch 8/20 loss 0.1944 val acc 0.9071 (5.6s)
    epoch 9/20 loss 0.1868 val acc 0.9126 (6.6s)
    epoch 10/20 loss 0.1782 val acc 0.9119 (2.9s)
    epoch 11/20 loss 0.1742 val acc 0.9126 (7.2s)
    epoch 12/20 loss 0.1638 val acc 0.9126 (7.5s)
  [domain] test acc 0.8200 macro-F1 0.8339 ECE 0.055 (T=0.98, 54s, 0.01M params)
  [oos] probe split=11, 2 labels, 15250 train
    epoch 1/20 loss 0.1082 val acc 0.9677 (6.4s)
    epoch 2/20 loss 0.0602 val acc 0.9716 (7.6s)
    epoch 3/20 loss 0.0508 val acc 0.9745 (8.5s)
    epoch 4/20 loss 0.0496 val acc 0.9739 (8.6s)
    epoch 5/20 loss 0.0439 val acc 0.9771 (8.9s)
    epoch 6/20 loss 0.0452 val acc 0.9726 (8.9s)
    epoch 7/20 loss 0.0436 val acc 0.9723 (9.5s)
    epoch 8/20 loss 0.0399 val acc 0.9787 (8.5s)
    epoch 9/20 loss 0.0388 val acc 0.9794 (8.8s)
    epoch 10/20 loss 0.0381 val acc 0.9748 (6.9s)
    epoch 11/20 loss 0.0377 val acc 0.9797 (6.1s)
    epoch 12/20 loss 0.0364 val acc 0.9777 (7.2s)
    epoch 13/20 loss 0.0350 val acc 0.9794 (9.1s)
    epoch 14/20 loss 0.0350 val acc 0.9745 (8.9s)
  [oos] test acc 0.8511 macro-F1 0.6189 ECE 0.109 (T=1.16, 114s, 0.00M params)
   probe@11 mean: {"acc": 0.8441, "macro_f1": 0.7796, "ece": 0.0612, "nll": 0.5691}
-- probe@16
  cached trunk depth 16 for 23850 messages in 40.1s (408 MB)
  [intent] probe split=16, 151 labels, 15250 train
    epoch 1/20 loss 4.0167 val acc 0.6890 (9.8s)
    epoch 2/20 loss 0.6586 val acc 0.8803 (10.3s)
    epoch 3/20 loss 0.1618 val acc 0.8948 (10.0s)
    epoch 4/20 loss 0.0713 val acc 0.9139 (6.0s)
    epoch 5/20 loss 0.0449 val acc 0.9152 (7.9s)
    epoch 6/20 loss 0.0273 val acc 0.9132 (8.8s)
    epoch 7/20 loss 0.0223 val acc 0.9148 (10.2s)
    epoch 8/20 loss 0.0164 val acc 0.9142 (9.8s)
  [intent] test acc 0.8482 macro-F1 0.8782 ECE 0.025 (T=1.02, 73s, 0.12M params)
  [domain] probe split=16, 11 labels, 15250 train
    epoch 1/20 loss 1.7596 val acc 0.7342 (9.8s)
    epoch 2/20 loss 0.5825 val acc 0.8674 (10.6s)
    epoch 3/20 loss 0.3324 val acc 0.8894 (8.8s)
    epoch 4/20 loss 0.2674 val acc 0.8948 (9.9s)
    epoch 5/20 loss 0.2250 val acc 0.9003 (9.1s)
    epoch 6/20 loss 0.2067 val acc 0.9065 (8.7s)
    epoch 7/20 loss 0.1931 val acc 0.9058 (4.3s)
    epoch 8/20 loss 0.1774 val acc 0.9068 (6.6s)
    epoch 9/20 loss 0.1683 val acc 0.9077 (8.7s)
    epoch 10/20 loss 0.1608 val acc 0.9135 (10.6s)
    epoch 11/20 loss 0.1538 val acc 0.9110 (11.5s)
    epoch 12/20 loss 0.1444 val acc 0.9139 (12.3s)
    epoch 13/20 loss 0.1420 val acc 0.9142 (12.0s)
    epoch 14/20 loss 0.1355 val acc 0.9174 (10.5s)
    epoch 15/20 loss 0.1335 val acc 0.9161 (11.8s)
    epoch 16/20 loss 0.1272 val acc 0.9181 (9.1s)
    epoch 17/20 loss 0.1254 val acc 0.9184 (6.4s)
    epoch 18/20 loss 0.1216 val acc 0.9190 (7.2s)
    epoch 19/20 loss 0.1222 val acc 0.9200 (9.2s)
    epoch 20/20 loss 0.1219 val acc 0.9206 (10.8s)
  [domain] test acc 0.8291 macro-F1 0.8420 ECE 0.059 (T=1.04, 188s, 0.01M params)
  [oos] probe split=16, 2 labels, 15250 train
    epoch 1/20 loss 0.1021 val acc 0.9677 (9.8s)
    epoch 2/20 loss 0.0571 val acc 0.9752 (12.2s)
    epoch 3/20 loss 0.0492 val acc 0.9739 (11.9s)
    epoch 4/20 loss 0.0471 val acc 0.9729 (10.6s)
    epoch 5/20 loss 0.0422 val acc 0.9771 (10.4s)
    epoch 6/20 loss 0.0422 val acc 0.9758 (11.1s)
    epoch 7/20 loss 0.0399 val acc 0.9732 (6.5s)
    epoch 8/20 loss 0.0381 val acc 0.9774 (9.2s)
    epoch 9/20 loss 0.0375 val acc 0.9758 (10.5s)
    epoch 10/20 loss 0.0362 val acc 0.9768 (10.5s)
    epoch 11/20 loss 0.0347 val acc 0.9774 (13.5s)
  [oos] test acc 0.8633 macro-F1 0.6711 ECE 0.095 (T=1.06, 116s, 0.00M params)
   probe@16 mean: {"acc": 0.8468, "macro_f1": 0.7971, "ece": 0.0601, "nll": 0.5783}
-- probe@22
  cached trunk depth 22 for 23850 messages in 60.0s (408 MB)
  [intent] probe split=22, 151 labels, 15250 train
    epoch 1/20 loss 3.7503 val acc 0.7574 (7.0s)
    epoch 2/20 loss 0.5399 val acc 0.8748 (3.2s)
    epoch 3/20 loss 0.1605 val acc 0.8919 (3.2s)
    epoch 4/20 loss 0.0748 val acc 0.9055 (3.4s)
    epoch 5/20 loss 0.0433 val acc 0.9103 (3.6s)
    epoch 6/20 loss 0.0332 val acc 0.9071 (3.6s)
    epoch 7/20 loss 0.0230 val acc 0.9090 (3.5s)
    epoch 8/20 loss 0.0195 val acc 0.9129 (3.3s)
    epoch 9/20 loss 0.0137 val acc 0.9135 (3.0s)
    epoch 10/20 loss 0.0104 val acc 0.9187 (3.5s)
    epoch 11/20 loss 0.0083 val acc 0.9135 (3.7s)
    epoch 12/20 loss 0.0090 val acc 0.9152 (3.8s)
    epoch 13/20 loss 0.0056 val acc 0.9165 (3.7s)
  [intent] test acc 0.8565 macro-F1 0.8825 ECE 0.017 (T=1.26, 49s, 0.12M params)
  [domain] probe split=22, 11 labels, 15250 train
    epoch 1/20 loss 1.5876 val acc 0.8042 (3.4s)
    epoch 2/20 loss 0.4517 val acc 0.8848 (3.4s)
    epoch 3/20 loss 0.2780 val acc 0.8942 (3.1s)
    epoch 4/20 loss 0.2233 val acc 0.8958 (2.1s)
    epoch 5/20 loss 0.1901 val acc 0.9003 (1.1s)
    epoch 6/20 loss 0.1670 val acc 0.9074 (1.1s)
    epoch 7/20 loss 0.1551 val acc 0.9003 (1.1s)
    epoch 8/20 loss 0.1447 val acc 0.9103 (1.1s)
    epoch 9/20 loss 0.1342 val acc 0.9126 (1.1s)
    epoch 10/20 loss 0.1250 val acc 0.9110 (1.1s)
    epoch 11/20 loss 0.1233 val acc 0.9142 (1.1s)
    epoch 12/20 loss 0.1105 val acc 0.9110 (1.1s)
    epoch 13/20 loss 0.1085 val acc 0.9106 (1.1s)
    epoch 14/20 loss 0.1027 val acc 0.9132 (1.1s)
  [domain] test acc 0.8380 macro-F1 0.8514 ECE 0.041 (T=1.17, 23s, 0.01M params)
  [oos] probe split=22, 2 labels, 15250 train
    epoch 1/20 loss 0.0961 val acc 0.9677 (1.1s)
    epoch 2/20 loss 0.0553 val acc 0.9755 (1.1s)
    epoch 3/20 loss 0.0452 val acc 0.9735 (1.1s)
    epoch 4/20 loss 0.0416 val acc 0.9726 (1.1s)
    epoch 5/20 loss 0.0367 val acc 0.9790 (1.1s)
    epoch 6/20 loss 0.0363 val acc 0.9768 (1.1s)
    epoch 7/20 loss 0.0348 val acc 0.9729 (1.1s)
    epoch 8/20 loss 0.0327 val acc 0.9803 (1.1s)
    epoch 9/20 loss 0.0323 val acc 0.9787 (1.1s)
    epoch 10/20 loss 0.0302 val acc 0.9758 (1.2s)
    epoch 11/20 loss 0.0285 val acc 0.9771 (1.6s)
  [oos] test acc 0.8700 macro-F1 0.6948 ECE 0.089 (T=1.14, 13s, 0.00M params)
   probe@22 mean: {"acc": 0.8548, "macro_f1": 0.8096, "ece": 0.049, "nll": 0.5386}
-- blocks@6+1
  cached trunk depth 6 for 23850 messages in 4.6s (408 MB)
  [intent] blocks split=6 depth=1, 151 labels, 15250 train
    epoch 1/6 loss 2.3719 val acc 0.8558 (9.8s)
    epoch 2/6 loss 0.2207 val acc 0.9029 (9.1s)
    epoch 3/6 loss 0.0756 val acc 0.9261 (12.9s)
    epoch 4/6 loss 0.0265 val acc 0.9248 (16.3s)
    epoch 5/6 loss 0.0104 val acc 0.9274 (16.4s)
    epoch 6/6 loss 0.0069 val acc 0.9287 (17.7s)
  [intent] test acc 0.8553 macro-F1 0.8872 ECE 0.029 (T=1.19, 82s, 5.13M params)
  [domain] blocks split=6 depth=1, 11 labels, 15250 train
    epoch 1/6 loss 1.0775 val acc 0.9019 (17.7s)
    epoch 2/6 loss 0.1598 val acc 0.9361 (17.2s)
    epoch 3/6 loss 0.0635 val acc 0.9474 (17.4s)
    epoch 4/6 loss 0.0234 val acc 0.9529 (17.2s)
    epoch 5/6 loss 0.0091 val acc 0.9545 (16.9s)
    epoch 6/6 loss 0.0052 val acc 0.9535 (17.3s)
  [domain] test acc 0.8680 macro-F1 0.8812 ECE 0.042 (T=1.54, 104s, 5.02M params)
  [oos] blocks split=6 depth=1, 2 labels, 15250 train
    epoch 1/6 loss 0.1205 val acc 0.9706 (17.9s)
    epoch 2/6 loss 0.0433 val acc 0.9810 (17.0s)
    epoch 3/6 loss 0.0232 val acc 0.9800 (17.1s)
    epoch 4/6 loss 0.0107 val acc 0.9803 (16.4s)
    epoch 5/6 loss 0.0042 val acc 0.9810 (17.6s)
  [oos] test acc 0.8575 macro-F1 0.6457 ECE 0.107 (T=1.47, 86s, 5.02M params)
   blocks@6+1 mean: {"acc": 0.8602, "macro_f1": 0.8047, "ece": 0.0592, "nll": 0.5267}
-- blocks@6+2
  [intent] blocks split=6 depth=2, 151 labels, 15250 train
    epoch 1/6 loss 2.1680 val acc 0.8803 (30.5s)
    epoch 2/6 loss 0.1834 val acc 0.9126 (45.7s)
    epoch 3/6 loss 0.0458 val acc 0.9268 (56.2s)
    epoch 4/6 loss 0.0130 val acc 0.9297 (54.6s)
    epoch 5/6 loss 0.0034 val acc 0.9319 (56.1s)
    epoch 6/6 loss 0.0020 val acc 0.9335 (54.5s)
  [intent] test acc 0.8633 macro-F1 0.8933 ECE 0.025 (T=1.33, 298s, 10.15M params)
  [domain] blocks split=6 depth=2, 11 labels, 15250 train
    epoch 1/6 loss 0.9543 val acc 0.9281 (57.3s)
    epoch 2/6 loss 0.1129 val acc 0.9465 (55.6s)
    epoch 3/6 loss 0.0263 val acc 0.9577 (54.6s)
    epoch 4/6 loss 0.0050 val acc 0.9568 (57.2s)
    epoch 5/6 loss 0.0013 val acc 0.9594 (55.7s)
    epoch 6/6 loss 0.0006 val acc 0.9587 (29.8s)
  [domain] test acc 0.8793 macro-F1 0.8926 ECE 0.043 (T=1.84, 310s, 10.04M params)
  [oos] blocks split=6 depth=2, 2 labels, 15250 train
    epoch 1/6 loss 0.1038 val acc 0.9713 (14.1s)
    epoch 2/6 loss 0.0385 val acc 0.9794 (13.9s)
    epoch 3/6 loss 0.0120 val acc 0.9813 (14.1s)
    epoch 4/6 loss 0.0017 val acc 0.9810 (14.0s)
    epoch 5/6 loss 0.0003 val acc 0.9813 (14.1s)
    epoch 6/6 loss 0.0001 val acc 0.9806 (14.1s)
  [oos] test acc 0.8611 macro-F1 0.6557 ECE 0.103 (T=2.52, 84s, 10.03M params)
   blocks@6+2 mean: {"acc": 0.8679, "macro_f1": 0.8139, "ece": 0.057, "nll": 0.4921}
-- blocks@11+1
  cached trunk depth 11 for 23850 messages in 6.8s (408 MB)
  [intent] blocks split=11 depth=1, 151 labels, 15250 train
    epoch 1/6 loss 2.4004 val acc 0.8835 (8.6s)
    epoch 2/6 loss 0.2026 val acc 0.9119 (8.5s)
    epoch 3/6 loss 0.0696 val acc 0.9245 (8.4s)
    epoch 4/6 loss 0.0263 val acc 0.9329 (8.3s)
    epoch 5/6 loss 0.0115 val acc 0.9368 (8.5s)
    epoch 6/6 loss 0.0077 val acc 0.9355 (8.3s)
  [intent] test acc 0.8698 macro-F1 0.8963 ECE 0.020 (T=1.17, 51s, 5.13M params)
  [domain] blocks split=11 depth=1, 11 labels, 15250 train
    epoch 1/6 loss 1.0932 val acc 0.9126 (8.6s)
    epoch 2/6 loss 0.1580 val acc 0.9406 (8.8s)
    epoch 3/6 loss 0.0655 val acc 0.9510 (8.3s)
    epoch 4/6 loss 0.0283 val acc 0.9532 (8.3s)
    epoch 5/6 loss 0.0131 val acc 0.9548 (8.3s)
    epoch 6/6 loss 0.0084 val acc 0.9548 (8.3s)
  [domain] test acc 0.8678 macro-F1 0.8815 ECE 0.042 (T=1.58, 51s, 5.02M params)
  [oos] blocks split=11 depth=1, 2 labels, 15250 train
    epoch 1/6 loss 0.1006 val acc 0.9710 (8.3s)
    epoch 2/6 loss 0.0428 val acc 0.9761 (10.4s)
    epoch 3/6 loss 0.0254 val acc 0.9787 (10.5s)
    epoch 4/6 loss 0.0116 val acc 0.9806 (9.7s)
    epoch 5/6 loss 0.0059 val acc 0.9816 (12.6s)
    epoch 6/6 loss 0.0036 val acc 0.9813 (12.8s)
  [oos] test acc 0.8620 macro-F1 0.6582 ECE 0.100 (T=2.15, 64s, 5.02M params)
   blocks@11+1 mean: {"acc": 0.8665, "macro_f1": 0.812, "ece": 0.054, "nll": 0.4708}
-- blocks@11+2
  [intent] blocks split=11 depth=2, 151 labels, 15250 train
    epoch 1/6 loss 2.2124 val acc 0.8745 (15.4s)
    epoch 2/6 loss 0.1862 val acc 0.9165 (14.2s)
    epoch 3/6 loss 0.0514 val acc 0.9342 (14.5s)
    epoch 4/6 loss 0.0135 val acc 0.9387 (14.3s)
    epoch 5/6 loss 0.0037 val acc 0.9365 (36.7s)
    epoch 6/6 loss 0.0022 val acc 0.9390 (14.1s)
  [intent] test acc 0.8711 macro-F1 0.8995 ECE 0.024 (T=1.33, 109s, 10.15M params)
  [domain] blocks split=11 depth=2, 11 labels, 15250 train
    epoch 1/6 loss 0.9714 val acc 0.9248 (14.1s)
    epoch 2/6 loss 0.1156 val acc 0.9426 (14.0s)
    epoch 3/6 loss 0.0324 val acc 0.9535 (14.0s)
    epoch 4/6 loss 0.0052 val acc 0.9555 (14.0s)
    epoch 5/6 loss 0.0010 val acc 0.9574 (14.0s)
    epoch 6/6 loss 0.0004 val acc 0.9571 (14.0s)
  [domain] test acc 0.8758 macro-F1 0.8888 ECE 0.042 (T=1.95, 84s, 10.04M params)
  [oos] blocks split=11 depth=2, 2 labels, 15250 train
    epoch 1/6 loss 0.0963 val acc 0.9723 (14.1s)
    epoch 2/6 loss 0.0399 val acc 0.9719 (14.0s)
    epoch 3/6 loss 0.0166 val acc 0.9794 (14.1s)
    epoch 4/6 loss 0.0040 val acc 0.9787 (14.0s)
    epoch 5/6 loss 0.0006 val acc 0.9803 (14.0s)
    epoch 6/6 loss 0.0001 val acc 0.9803 (14.0s)
  [oos] test acc 0.8618 macro-F1 0.6575 ECE 0.105 (T=2.74, 84s, 10.03M params)
   blocks@11+2 mean: {"acc": 0.8696, "macro_f1": 0.8153, "ece": 0.057, "nll": 0.4826}
-- blocks@16+1
  cached trunk depth 16 for 23850 messages in 9.8s (408 MB)
  [intent] blocks split=16 depth=1, 151 labels, 15250 train
    epoch 1/6 loss 2.2443 val acc 0.8897 (8.4s)
    epoch 2/6 loss 0.1757 val acc 0.9187 (8.3s)
    epoch 3/6 loss 0.0536 val acc 0.9313 (8.3s)
    epoch 4/6 loss 0.0195 val acc 0.9387 (8.3s)
    epoch 5/6 loss 0.0092 val acc 0.9394 (8.3s)
    epoch 6/6 loss 0.0064 val acc 0.9390 (8.4s)
  [intent] test acc 0.8762 macro-F1 0.9025 ECE 0.022 (T=1.19, 50s, 5.13M params)
  [domain] blocks split=16 depth=1, 11 labels, 15250 train
    epoch 1/6 loss 1.0194 val acc 0.9206 (8.3s)
    epoch 2/6 loss 0.1282 val acc 0.9439 (8.3s)
    epoch 3/6 loss 0.0478 val acc 0.9516 (8.4s)
    epoch 4/6 loss 0.0169 val acc 0.9594 (8.3s)
    epoch 5/6 loss 0.0064 val acc 0.9577 (8.4s)
    epoch 6/6 loss 0.0043 val acc 0.9581 (8.2s)
  [domain] test acc 0.8753 macro-F1 0.8882 ECE 0.045 (T=1.47, 50s, 5.02M params)
  [oos] blocks split=16 depth=1, 2 labels, 15250 train
    epoch 1/6 loss 0.0969 val acc 0.9742 (8.4s)
    epoch 2/6 loss 0.0353 val acc 0.9797 (8.4s)
    epoch 3/6 loss 0.0170 val acc 0.9797 (8.5s)
    epoch 4/6 loss 0.0066 val acc 0.9800 (8.5s)
    epoch 5/6 loss 0.0029 val acc 0.9816 (8.4s)
    epoch 6/6 loss 0.0016 val acc 0.9816 (8.5s)
  [oos] test acc 0.8711 macro-F1 0.6926 ECE 0.091 (T=2.17, 51s, 5.02M params)
   blocks@16+1 mean: {"acc": 0.8742, "macro_f1": 0.8278, "ece": 0.0529, "nll": 0.4661}
-- blocks@16+2
  [intent] blocks split=16 depth=2, 151 labels, 15250 train
    epoch 1/6 loss 1.9715 val acc 0.9052 (14.3s)
    epoch 2/6 loss 0.1363 val acc 0.9290 (14.3s)
    epoch 3/6 loss 0.0336 val acc 0.9394 (14.4s)
    epoch 4/6 loss 0.0092 val acc 0.9442 (14.4s)
    epoch 5/6 loss 0.0027 val acc 0.9432 (14.5s)
    epoch 6/6 loss 0.0016 val acc 0.9445 (14.8s)
  [intent] test acc 0.8791 macro-F1 0.9070 ECE 0.024 (T=1.27, 87s, 10.15M params)
  [domain] blocks split=16 depth=2, 11 labels, 15250 train
    epoch 1/6 loss 0.8856 val acc 0.9339 (14.4s)
    epoch 2/6 loss 0.0845 val acc 0.9552 (14.2s)
    epoch 3/6 loss 0.0174 val acc 0.9648 (14.2s)
    epoch 4/6 loss 0.0033 val acc 0.9652 (14.2s)
    epoch 5/6 loss 0.0008 val acc 0.9655 (14.2s)
    epoch 6/6 loss 0.0005 val acc 0.9658 (14.3s)
  [domain] test acc 0.8864 macro-F1 0.8996 ECE 0.038 (T=1.79, 85s, 10.04M params)
  [oos] blocks split=16 depth=2, 2 labels, 15250 train
    epoch 1/6 loss 0.0891 val acc 0.9768 (14.3s)
    epoch 2/6 loss 0.0303 val acc 0.9816 (14.2s)
    epoch 3/6 loss 0.0099 val acc 0.9794 (14.4s)
    epoch 4/6 loss 0.0018 val acc 0.9803 (14.2s)
    epoch 5/6 loss 0.0003 val acc 0.9803 (14.3s)
  [oos] test acc 0.8689 macro-F1 0.6832 ECE 0.095 (T=1.65, 71s, 10.03M params)
   blocks@16+2 mean: {"acc": 0.8781, "macro_f1": 0.83, "ece": 0.0524, "nll": 0.4508}
-- blocks@20+1
  cached trunk depth 20 for 23850 messages in 12.0s (408 MB)
  [intent] blocks split=20 depth=1, 151 labels, 15250 train
    epoch 1/6 loss 2.2261 val acc 0.8974 (8.5s)
    epoch 2/6 loss 0.1604 val acc 0.9200 (8.5s)
    epoch 3/6 loss 0.0519 val acc 0.9358 (8.5s)
    epoch 4/6 loss 0.0191 val acc 0.9426 (8.5s)
    epoch 5/6 loss 0.0099 val acc 0.9416 (8.5s)
    epoch 6/6 loss 0.0070 val acc 0.9432 (9.0s)
  [intent] test acc 0.8729 macro-F1 0.9022 ECE 0.026 (T=1.14, 52s, 5.13M params)
  [domain] blocks split=20 depth=1, 11 labels, 15250 train
    epoch 1/6 loss 0.9917 val acc 0.9206 (9.5s)
    epoch 2/6 loss 0.1371 val acc 0.9439 (8.5s)
    epoch 3/6 loss 0.0606 val acc 0.9477 (9.4s)
    epoch 4/6 loss 0.0276 val acc 0.9497 (9.7s)
    epoch 5/6 loss 0.0137 val acc 0.9532 (8.4s)
    epoch 6/6 loss 0.0094 val acc 0.9532 (8.5s)
  [domain] test acc 0.8755 macro-F1 0.8888 ECE 0.040 (T=1.46, 54s, 5.02M params)
  [oos] blocks split=20 depth=1, 2 labels, 15250 train
    epoch 1/6 loss 0.0971 val acc 0.9729 (9.6s)
    epoch 2/6 loss 0.0343 val acc 0.9797 (8.5s)
    epoch 3/6 loss 0.0169 val acc 0.9803 (8.7s)
    epoch 4/6 loss 0.0083 val acc 0.9813 (9.5s)
    epoch 5/6 loss 0.0045 val acc 0.9813 (8.6s)
    epoch 6/6 loss 0.0031 val acc 0.9816 (8.5s)
  [oos] test acc 0.8760 macro-F1 0.7121 ECE 0.083 (T=2.14, 53s, 5.02M params)
   blocks@20+1 mean: {"acc": 0.8748, "macro_f1": 0.8344, "ece": 0.0499, "nll": 0.4612}
-- blocks@20+2
  [intent] blocks split=20 depth=2, 151 labels, 15250 train
    epoch 1/6 loss 1.9979 val acc 0.9019 (14.4s)
    epoch 2/6 loss 0.1337 val acc 0.9194 (14.4s)
    epoch 3/6 loss 0.0320 val acc 0.9284 (14.4s)
    epoch 4/6 loss 0.0096 val acc 0.9352 (14.4s)
    epoch 5/6 loss 0.0036 val acc 0.9339 (14.6s)
    epoch 6/6 loss 0.0024 val acc 0.9355 (14.3s)
  [intent] test acc 0.8718 macro-F1 0.9025 ECE 0.025 (T=1.22, 87s, 10.15M params)
  [domain] blocks split=20 depth=2, 11 labels, 15250 train
    epoch 1/6 loss 0.8621 val acc 0.9223 (14.3s)
    epoch 2/6 loss 0.0901 val acc 0.9458 (14.3s)
    epoch 3/6 loss 0.0211 val acc 0.9523 (14.3s)
    epoch 4/6 loss 0.0046 val acc 0.9542 (14.3s)
    epoch 5/6 loss 0.0013 val acc 0.9555 (14.4s)
    epoch 6/6 loss 0.0008 val acc 0.9555 (14.5s)
  [domain] test acc 0.8805 macro-F1 0.8936 ECE 0.037 (T=1.77, 86s, 10.04M params)
  [oos] blocks split=20 depth=2, 2 labels, 15250 train
    epoch 1/6 loss 0.0866 val acc 0.9735 (14.3s)
    epoch 2/6 loss 0.0295 val acc 0.9797 (14.3s)
    epoch 3/6 loss 0.0095 val acc 0.9803 (14.3s)
    epoch 4/6 loss 0.0028 val acc 0.9813 (14.2s)
    epoch 5/6 loss 0.0006 val acc 0.9813 (14.2s)
    epoch 6/6 loss 0.0003 val acc 0.9813 (14.4s)
  [oos] test acc 0.8775 macro-F1 0.7158 ECE 0.084 (T=2.65, 86s, 10.03M params)
   blocks@20+2 mean: {"acc": 0.8766, "macro_f1": 0.8373, "ece": 0.0485, "nll": 0.464}
-- full
  cached trunk depth 0 for 23850 messages in 0.5s (408 MB)
  [intent] blocks split=0 depth=22, 151 labels, 15250 train
    epoch 1/5 loss 1.4763 val acc 0.9439 (130.5s)
    epoch 2/5 loss 0.1039 val acc 0.9545 (129.9s)
    epoch 3/5 loss 0.0289 val acc 0.9603 (133.6s)
    epoch 4/5 loss 0.0077 val acc 0.9684 (132.9s)
    epoch 5/5 loss 0.0014 val acc 0.9671 (136.4s)
  [intent] test acc 0.9111 macro-F1 0.9357 ECE 0.023 (T=1.44, 663s, 110.45M params)
   full mean: {"acc": 0.9111, "macro_f1": 0.9357, "ece": 0.0229, "nll": 0.3783}
done
